MON,0035815060,7E0,8,072E12345A86F2F2
MON,0035819136,7E8,8,037F2E3100000000
MON,0035838912,7E0,8,042E1234A8000000
MON,0035843001,7E8,8,037F2E3100000000
MON,0035863387,7E0,8,042E123440000000
MON,0035867478,7E8,8,037F2E3100000000
MON,0035887757,7E0,8,072E1234E69EAFDF
MON,0035891833,7E8,8,037F2E3100000000
MON,0035912117,7E0,8,052E1234C7D30000
MON,0035916204,7E8,8,037F2E3100000000
MON,0035936587,7E0,8,062E12349FD47400
MON,0035940670,7E8,8,037F2E3100000000
MON,0035961048,7E0,8,052E123485420000
MON,0035965132,7E8,8,037F2E3100000000
MON,0035985296,7E0,8,052E1234ED5E0000
MON,0035989383,7E8,8,037F2E3100000000
MON,0036009837,7E0,8,062E1234CEE76500
MON,0036013917,7E8,8,037F2E3100000000
MON,0036034174,7E0,8,042E1234A7000000
MON,0036038265,7E8,8,037F2E3100000000
MON,0036058541,7E0,8,042E1234EA000000
MON,0036062631,7E8,8,037F2E3100000000
MON,0036082922,7E0,8,062E123442DC7300
MON,0036087002,7E8,8,037F2E3100000000
MON,0036107406,7E0,8,042E12342F000000
MON,0036111496,7E8,8,037F2E3100000000
MON,0036131700,7E0,8,072E123467D46FDE
MON,0036135779,7E8,8,037F2E3100000000
MON,0036156080,7E0,8,032E123400000000
MON,0036160175,7E8,8,037F2E3100000000
MON,0036180598,7E0,8,052E123472030000
MON,0036184689,7E8,8,037F2E3100000000
MON,0036205349,7E0,8,032E123400000000
MON,0036209443,7E8,8,037F2E3100000000
MON,0036229202,7E0,8,062E1234B12E3400
MON,0036233285,7E8,8,037F2E3100000000
MON,0036253590,7E0,8,072E12347569F44D
MON,0036257669,7E8,8,037F2E3100000000
MON,0036278053,7E0,8,062E1234CF255800
MON,0036282133,7E8,8,037F2E3100000000
MON,0036302624,7E0,8,062E123425926C00
MON,0036306706,7E8,8,037F2E3100000000
MON,0036326792,7E0,8,072E1234926C98AD
MON,0036330868,7E8,8,037F2E3100000000
MON,0036351243,7E0,8,062E333364B3EA00
MON,0036355326,7E8,8,037F2E3100000000
MON,0036375614,7E0,8,042E1234E3000000
MON,0036379704,7E8,8,037F2E3100000000
MON,0036400049,7E0,8,052E1234C9520000
MON,0036404133,7E8,8,037F2E3100000000
MON,0036424404,7E0,8,052E123485EF0000
MON,0036428491,7E8,8,037F2E3100000000
MON,0036448793,7E0,8,072E12341B6CA233
MON,0036452869,7E8,8,037F2E3100000000
MON,0036473340,7E0,8,042E1234D3000000
MON,0036477430,7E8,8,037F2E3100000000
MON,0036497572,7E0,8,042E12349C000000
MON,0036501662,7E8,8,037F2E3100000000
MON,0036522037,7E0,8,062E123434FB5000
MON,0036526117,7E8,8,037F2E3100000000
MON,0036546349,7E0,8,072E12340834D02B
MON,0036550431,7E8,8,037F2E3100000000
MON,0036570789,7E0,8,072E1234915FDBE7
MON,0036574866,7E8,8,037F2E3100000000
MON,0036595117,7E0,8,042E100176000000
MON,0036599212,7E8,8,037F2E3100000000
MON,0036619517,7E0,8,042E100175000000
MON,0036623612,7E8,8,037F2E3100000000
MON,0036643919,7E0,8,062E1234E7C2AC00
MON,0036648000,7E8,8,037F2E3100000000
MON,0036668353,7E0,8,072E123404FF9FF8
MON,0036672435,7E8,8,037F2E3100000000
MON,0036692656,7E0,8,072E123441F1CED2
MON,0036696737,7E8,8,037F2E3100000000
MON,0036717286,7E0,8,062E1234D68BD000
MON,0036721368,7E8,8,037F2E3100000000
MON,0036741516,7E0,8,052E123470B20000
MON,0036745602,7E8,8,037F2E3100000000
MON,0036765825,7E0,8,072E12344228B4D6
MON,0036769901,7E8,8,037F2E3100000000
MON,0036790254,7E0,8,072E123440FF64D7
MON,0036794332,7E8,8,037F2E3100000000
MON,0036814716,7E0,8,072E1234398727C3
MON,0036818795,7E8,8,037F2E3100000000
MON,0036839007,7E0,8,072E12349D081440
MON,0036843088,7E8,8,037F2E3100000000
MON,0036863414,7E0,8,052EF18745F60000
MON,0036867501,7E8,8,037F2E3100000000
MON,0036887814,7E0,8,042E123474000000
MON,0036891903,7E8,8,037F2E3100000000
MON,0036912160,7E0,8,072E3333E42F847B
MON,0036916238,7E8,8,037F2E3100000000
MON,0036936604,7E0,8,062E1234FCF15500
MON,0036940687,7E8,8,037F2E3100000000
MON,0036960941,7E0,8,052E12345C460000
MON,0036965026,7E8,8,037F2E3100000000
MON,0036985475,7E0,8,032E123400000000
MON,0036989569,7E8,8,037F2E3100000000
MON,0037009949,7E0,8,042E12349E000000
MON,0037014037,7E8,8,037F2E3100000000
MON,0037034250,7E0,8,042E12344D000000
MON,0037038340,7E8,8,037F2E3100000000
MON,0037058611,7E0,8,042E12344B000000
MON,0037062702,7E8,8,037F2E3100000000
MON,0037082950,7E0,8,042E123431000000
MON,0037087038,7E8,8,037F2E3100000000
MON,0037107386,7E0,8,072E12349C1E8DCE
MON,0037111464,7E8,8,037F2E3100000000
MON,0037132267,7E0,8,052E123445830000
MON,0037136353,7E8,8,037F2E3100000000
MON,0037156124,7E0,8,072E123494AB6608
MON,0037160206,7E8,8,037F2E3100000000
MON,0037180511,7E0,8,032E123400000000
MON,0037184605,7E8,8,037F2E3100000000
MON,0037204958,7E0,8,032E123400000000
MON,0037209050,7E8,8,037F2E3100000000
MON,0037229358,7E0,8,052E123411C30000
MON,0037233445,7E8,8,037F2E3100000000
MON,0037253792,7E0,8,052EF187A5DF0000
MON,0037257876,7E8,8,037F2E3100000000
MON,0037278094,7E0,8,062E12349D9BC700
MON,0037282176,7E8,8,037F2E3100000000
MON,0037302621,7E0,8,062E1234BB4D1500
MON,0037306704,7E8,8,037F2E3100000000
MON,0037326890,7E0,8,052E1234604E0000
MON,0037330974,7E8,8,037F2E3100000000
MON,0037351265,7E0,8,072E1234E9160903
MON,0037355352,7E8,8,037F2E3100000000
MON,0037375590,7E0,8,062E1234B5924D00
MON,0037379672,7E8,8,037F2E3100000000
MON,0037400011,7E0,8,042E1234D6000000
MON,0037404099,7E8,8,037F2E3100000000
MON,0037424415,7E0,8,052E1234D8F30000
MON,0037428502,7E8,8,037F2E3100000000
MON,0037448770,7E0,8,052E123494540000
MON,0037452854,7E8,8,037F2E3100000000
MON,0037473213,7E0,8,052E1234FF9F0000
MON,0037477300,7E8,8,037F2E3100000000
MON,0037497700,7E0,8,062E123446149500
MON,0037501783,7E8,8,037F2E3100000000
MON,0037522090,7E0,8,042EF187F9000000
MON,0037526180,7E8,8,037F2E3100000000
MON,0037546333,7E0,8,062E1234D3EBA900
MON,0037550416,7E8,8,037F2E3100000000
MON,0037570785,7E0,8,052E12345CF00000
MON,0037574870,7E8,8,037F2E3100000000
MON,0037595026,7E0,8,052E123444EF0000
MON,0037599111,7E8,8,037F2E3100000000
MON,0037618774,7E0,8,052E22222C8B0000
MON,0037622859,7E8,8,037F2E3100000000
MON,0037643054,7E0,8,072E12346AEC34F0
MON,0037647131,7E8,8,037F2E3100000000
MON,0037667660,7E0,8,052E1234D1EB0000
MON,0037671750,7E8,8,037F2E3100000000
MON,0037691827,7E0,8,052E12347DBA0000
MON,0037695911,7E8,8,037F2E3100000000
MON,0037716326,7E0,8,062E123479FAF100
MON,0037720408,7E8,8,037F2E3100000000
MON,0037740572,7E0,8,042E12343D000000
MON,0037744662,7E8,8,037F2E3100000000
MON,0037765032,7E0,8,052E123419DA0000
MON,0037769116,7E8,8,037F2E3100000000
MON,0037789264,7E0,8,042E12347B000000
MON,0037793354,7E8,8,037F2E3100000000
MON,0037813932,7E0,8,042E123426000000
MON,0037818019,7E8,8,037F2E3100000000
MON,0037838034,7E0,8,072E123447A6EAF6
MON,0037842111,7E8,8,037F2E3100000000
MON,0037862483,7E0,8,062EF187B49F5B00
MON,0037866565,7E8,8,037F2E3100000000
MON,0037886867,7E0,8,032E123400000000
MON,0037890960,7E8,8,037F2E3100000000
MON,0037911217,7E0,8,062E1001090D9B00
MON,0037915312,7E8,8,037F2E3100000000
MON,0037935645,7E0,8,072E12343DCD8232
MON,0037939724,7E8,8,037F2E3100000000
MON,0037960005,7E0,8,072E1234C68D1A44
MON,0037964082,7E8,8,037F2E3100000000
MON,0037984403,7E0,8,042E1234A4000000
MON,0037988494,7E8,8,037F2E3100000000
MON,0038008919,7E0,8,062E12344BB79100
MON,0038013000,7E8,8,037F2E3100000000
MON,0038033184,7E0,8,042E1234A2000000
MON,0038037274,7E8,8,037F2E3100000000
MON,0038057602,7E0,8,042E1234D8000000
MON,0038061692,7E8,8,037F2E3100000000
MON,0038082009,7E0,8,042E12343D000000
MON,0038086097,7E8,8,037F2E3100000000
MON,0038106351,7E0,8,072E12345543669A
MON,0038110430,7E8,8,037F2E3100000000
MON,0038130731,7E0,8,062E123427D19200
MON,0038134812,7E8,8,037F2E3100000000
MON,0038155125,7E0,8,052E12344DE50000
MON,0038159212,7E8,8,037F2E3100000000
MON,0038179550,7E0,8,052E12342F500000
MON,0038183637,7E8,8,037F2E3100000000
MON,0038203939,7E0,8,042E1234D2000000
MON,0038208027,7E8,8,037F2E3100000000
MON,0038228341,7E0,8,072E1234238302BF
MON,0038232423,7E8,8,037F2E3100000000
MON,0038252694,7E0,8,062E123493CCCA00
MON,0038256776,7E8,8,037F2E3100000000
MON,0038277207,7E0,8,042E1234B5000000
MON,0038281298,7E8,8,037F2E3100000000
MON,0038301636,7E0,8,042E12349A000000
MON,0038305730,7E8,8,037F2E3100000000
MON,0038325847,7E0,8,062E12341927EC00
MON,0038329927,7E8,8,037F2E3100000000
MON,0038350342,7E0,8,052E100151A50000
MON,0038354433,7E8,8,037F2E3100000000
MON,0038374597,7E0,8,052E123401570000
MON,0038378688,7E8,8,037F2E3100000000
MON,0038399054,7E0,8,062E123445AFC500
MON,0038403135,7E8,8,037F2E3100000000
MON,0038423423,7E0,8,062E22220D1B3B00
MON,0038427510,7E8,8,037F2E3100000000
MON,0038447850,7E0,8,042E123433000000
MON,0038451939,7E8,8,037F2E3100000000
MON,0038472657,7E0,8,072E1234C49C1DC6
MON,0038476739,7E8,8,037F2E3100000000
MON,0038496627,7E0,8,072E1234C5C6513C
MON,0038500706,7E8,8,037F2E3100000000
MON,0038521017,7E0,8,062E123490690F00
MON,0038525101,7E8,8,037F2E3100000000
MON,0038545405,7E0,8,052E1234F9FA0000
MON,0038549491,7E8,8,037F2E3100000000
MON,0038569776,7E0,8,062E1234CCF17500
MON,0038573857,7E8,8,037F2E3100000000
MON,0038594159,7E0,8,052E123472690000
MON,0038598245,7E8,8,037F2E3100000000
MON,0038618533,7E0,8,072E12344B9A7A7D
MON,0038622612,7E8,8,037F2E3100000000
MON,0038642964,7E0,8,072E12344B20DC49
MON,0038647041,7E8,8,037F2E3100000000
MON,0038667382,7E0,8,052E123427BA0000
MON,0038671469,7E8,8,037F2E3100000000
MON,0038691776,7E0,8,052E12348CAD0000
MON,0038695860,7E8,8,037F2E3100000000
MON,0038716230,7E0,8,062E12341512C600
MON,0038720312,7E8,8,037F2E3100000000
MON,0038740538,7E0,8,062E1234CC0B8E00
MON,0038744625,7E8,8,037F2E3100000000
MON,0038764932,7E0,8,052E1234B49F0000
MON,0038769017,7E8,8,037F2E3100000000
MON,0038789279,7E0,8,052E123464880000
MON,0038793366,7E8,8,037F2E3100000000
MON,0038813764,7E0,8,072E1234720796AB
MON,0038817844,7E8,8,037F2E3100000000
MON,0038838040,7E0,8,042EF187F2000000
MON,0038842128,7E8,8,037F2E3100000000
MON,0038862512,7E0,8,052E123412E30000
MON,0038866598,7E8,8,037F2E3100000000
MON,0038886849,7E0,8,072E22228D95C5D7
MON,0038890925,7E8,8,037F2E3100000000
MON,0038911250,7E0,8,052E12341D9E0000
MON,0038915336,7E8,8,037F2E3100000000
MON,0038935517,7E0,8,042E1234AC000000
MON,0038939608,7E8,8,037F2E3100000000
MON,0038959893,7E0,8,072E12340C0D69EE
MON,0038963978,7E8,8,037F2E3100000000
MON,0038984382,7E0,8,052E1234B2A00000
MON,0038988468,7E8,8,037F2E3100000000
MON,0039008911,7E0,8,042E1234F0000000
MON,0039012999,7E8,8,037F2E3100000000
MON,0039033087,7E0,8,042E100113000000
MON,0039037182,7E8,8,037F2E3100000000
MON,0039057515,7E0,8,062E12342BC9B200
MON,0039061597,7E8,8,037F2E3100000000
MON,0039081922,7E0,8,052E1234440A0000
MON,0039086011,7E8,8,037F2E3100000000
MON,0039106369,7E0,8,052E12342B9C0000
MON,0039110455,7E8,8,037F2E3100000000
MON,0039130680,7E0,8,072E1234857BF49E
MON,0039134762,7E8,8,037F2E3100000000
MON,0039155081,7E0,8,072E1234E207C650
MON,0039159164,7E8,8,037F2E3100000000
MON,0039179525,7E0,8,042E123476000000
MON,0039183615,7E8,8,037F2E3100000000
MON,0039203900,7E0,8,072E1234943A5263
MON,0039207977,7E8,8,037F2E3100000000
MON,0039228301,7E0,8,052E123402210000
MON,0039232392,7E8,8,037F2E3100000000
MON,0039252663,7E0,8,032E123400000000
MON,0039256761,7E8,8,037F2E3100000000
MON,0039277157,7E0,8,052E1234574B0000
MON,0039281244,7E8,8,037F2E3100000000
MON,0039301414,7E0,8,042E123409000000
MON,0039305508,7E8,8,037F2E3100000000
MON,0039326030,7E0,8,042E123424000000
MON,0039330118,7E8,8,037F2E3100000000
MON,0039350366,7E0,8,042E12346C000000
MON,0039354457,7E8,8,037F2E3100000000
MON,0039374770,7E0,8,052E123492040000
MON,0039378859,7E8,8,037F2E3100000000
MON,0039399038,7E0,8,062E123454D00600
MON,0039403122,7E8,8,037F2E3100000000
MON,0039423460,7E0,8,072E12340CEEE366
MON,0039427543,7E8,8,037F2E3100000000
MON,0039447800,7E0,8,042EF187B8000000
MON,0039451888,7E8,8,037F2E3100000000
MON,0039472145,7E0,8,042E222244000000
MON,0039476236,7E8,8,037F2E3100000000
MON,0039496473,7E0,8,062E1234B93DF300
MON,0039500556,7E8,8,037F2E3100000000
MON,0039520987,7E0,8,062E12349D774800
MON,0039525067,7E8,8,037F2E3100000000
MON,0039545327,7E0,8,062E1234E5D43400
MON,0039549410,7E8,8,037F2E3100000000
MON,0039569703,7E0,8,042E123487000000
MON,0039573794,7E8,8,037F2E3100000000
MON,0039594074,7E0,8,062E12341E070A00
MON,0039598165,7E8,8,037F2E3100000000
MON,0039618272,7E0,8,062E1234353C2F00
MON,0039622355,7E8,8,037F2E3100000000
MON,0039641872,7E0,8,062E1234665FF100
MON,0039645952,7E8,8,037F2E3100000000
MON,0039666643,7E0,8,062E1001AEF9C000
MON,0039670732,7E8,8,037F2E3100000000
MON,0039690639,7E0,8,042E12349C000000
MON,0039694732,7E8,8,037F2E3100000000
MON,0039715169,7E0,8,062E1001519E9F00
MON,0039719256,7E8,8,037F2E3100000000
MON,0039739471,7E0,8,062E1234FF2A1000
MON,0039743553,7E8,8,037F2E3100000000
MON,0039763838,7E0,8,052E1234C7400000
MON,0039767923,7E8,8,037F2E3100000000
MON,0039788202,7E0,8,042E123469000000
MON,0039792293,7E8,8,037F2E3100000000
MON,0039812648,7E0,8,042E123406000000
MON,0039816745,7E8,8,037F2E3100000000
MON,0039837014,7E0,8,072E1234F1C238B6
MON,0039841091,7E8,8,037F2E3100000000
MON,0039861378,7E0,8,032E123400000000
MON,0039865473,7E8,8,037F2E3100000000
MON,0039885865,7E0,8,052E1001FC800000
MON,0039889954,7E8,8,037F2E3100000000
MON,0039910217,7E0,8,062E1234D1BC7200
MON,0039914299,7E8,8,037F2E3100000000
MON,0039934748,7E0,8,042E1234DA000000
MON,0039938836,7E8,8,037F2E3100000000
MON,0039958935,7E0,8,072E12341D1AB53D
MON,0039963011,7E8,8,037F2E3100000000
MON,0039983410,7E0,8,052E1234462F0000
MON,0039987496,7E8,8,037F2E3100000000
MON,0040007748,7E0,8,062E123419576900
MON,0040011828,7E8,8,037F2E3100000000
MON,0040032203,7E0,8,042E1234F3000000
MON,0040036294,7E8,8,037F2E3100000000
MON,0040056503,7E0,8,072E1234EC4A8F4C
MON,0040060581,7E8,8,037F2E3100000000
MON,0040080911,7E0,8,052E1234F5050000
MON,0040085000,7E8,8,037F2E3100000000
MON,0040105342,7E0,8,052E1234A1550000
MON,0040109429,7E8,8,037F2E3100000000
MON,0040129764,7E0,8,062E10016CC65400
MON,0040133849,7E8,8,037F2E3100000000
MON,0040154095,7E0,8,062E12342EBECD00
MON,0040158178,7E8,8,037F2E3100000000
MON,0040178522,7E0,8,042E123496000000
MON,0040182613,7E8,8,037F2E3100000000
MON,0040202842,7E0,8,042E1234E4000000
MON,0040206930,7E8,8,037F2E3100000000
MON,0040227356,7E0,8,062E1234E117CC00
MON,0040231438,7E8,8,037F2E3100000000
MON,0040251774,7E0,8,042E1234AA000000
MON,0040255863,7E8,8,037F2E3100000000
MON,0040276008,7E0,8,072E123425D5FDF8
MON,0040280084,7E8,8,037F2E3100000000
MON,0040300541,7E0,8,062E12345B9AFE00
MON,0040304623,7E8,8,037F2E3100000000
MON,0040324818,7E0,8,062E1234FD933500
MON,0040328898,7E8,8,037F2E3100000000
MON,0040349222,7E0,8,062E123461325D00
MON,0040353305,7E8,8,037F2E3100000000
MON,0040373554,7E0,8,062E1234C2E2C500
MON,0040377636,7E8,8,037F2E3100000000
MON,0040398039,7E0,8,052E1234CEDA0000
MON,0040402124,7E8,8,037F2E3100000000
MON,0040422361,7E0,8,042E123460000000
MON,0040426451,7E8,8,037F2E3100000000
MON,0040446770,7E0,8,072E123481DC75B6
MON,0040450846,7E8,8,037F2E3100000000
MON,0040471284,7E0,8,072E333348F68CF3
MON,0040475362,7E8,8,037F2E3100000000
MON,0040495656,7E0,8,072E1234312B9B5C
MON,0040499737,7E8,8,037F2E3100000000
MON,0040519982,7E0,8,052E12342CC90000
MON,0040524067,7E8,8,037F2E3100000000
MON,0040544275,7E0,8,072E1234721357B2
MON,0040548354,7E8,8,037F2E3100000000
MON,0040568740,7E0,8,052E100114090000
MON,0040572833,7E8,8,037F2E3100000000
MON,0040593068,7E0,8,042E3333D3000000
MON,0040597159,7E8,8,037F2E3100000000
MON,0040617469,7E0,8,032E123400000000
MON,0040621564,7E8,8,037F2E3100000000
MON,0040641826,7E0,8,052E2222EE460000
MON,0040645911,7E8,8,037F2E3100000000
MON,0040666163,7E0,8,052E123426560000
MON,0040670249,7E8,8,037F2E3100000000
MON,0040690559,7E0,8,062E123458C98000
MON,0040694642,7E8,8,037F2E3100000000
MON,0040715022,7E0,8,062E1234E88FE100
MON,0040719102,7E8,8,037F2E3100000000
MON,0040739435,7E0,8,062E1234AEA79E00
MON,0040743517,7E8,8,037F2E3100000000
MON,0040763752,7E0,8,062E1234CF053700
MON,0040767836,7E8,8,037F2E3100000000
MON,0040788111,7E0,8,062EF1874EBEBF00
MON,0040792193,7E8,8,037F2E3100000000
MON,0040812610,7E0,8,062EF18755222900
MON,0040816693,7E8,8,037F2E3100000000
MON,0040836936,7E0,8,042EF18752000000
MON,0040841025,7E8,8,037F2E3100000000
MON,0040861271,7E0,8,072E1234A377D46B
MON,0040865349,7E8,8,037F2E3100000000
MON,0040885735,7E0,8,062E3333321FDE00
MON,0040889816,7E8,8,037F2E3100000000
MON,0040910134,7E0,8,052E3333A4BD0000
MON,0040914221,7E8,8,037F2E3100000000
MON,0040934452,7E0,8,062E1234869A8700
MON,0040938535,7E8,8,037F2E3100000000
MON,0040958814,7E0,8,062E123467AED600
MON,0040962895,7E8,8,037F2E3100000000
MON,0040983225,7E0,8,062E123427EA7100
MON,0040987307,7E8,8,037F2E3100000000
MON,0041007697,7E0,8,052E1234DDF70000
MON,0041011783,7E8,8,037F2E3100000000
MON,0041031949,7E0,8,062E123407C39C00
MON,0041036034,7E8,8,037F2E3100000000
MON,0041056444,7E0,8,042E123420000000
MON,0041060534,7E8,8,037F2E3100000000
MON,0041080757,7E0,8,072E1234AAD75A80
MON,0041084833,7E8,8,037F2E3100000000
MON,0041105219,7E0,8,042EF18783000000
MON,0041109310,7E8,8,037F2E3100000000
MON,0041129525,7E0,8,072E1234D23C819A
MON,0041133603,7E8,8,037F2E3100000000
MON,0041153933,7E0,8,042E12344A000000
MON,0041158022,7E8,8,037F2E3100000000
MON,0041178346,7E0,8,062E100154445B00
MON,0041182433,7E8,8,037F2E3100000000
MON,0041202774,7E0,8,032E123400000000
MON,0041206867,7E8,8,037F2E3100000000
MON,0041227068,7E0,8,052E1234A8BB0000
MON,0041231155,7E8,8,037F2E3100000000
MON,0041251527,7E0,8,032E123400000000
MON,0041255621,7E8,8,037F2E3100000000
MON,0041275839,7E0,8,032E123400000000
MON,0041279931,7E8,8,037F2E3100000000
MON,0041300278,7E0,8,062E1234719ADC00
MON,0041304361,7E8,8,037F2E3100000000
MON,0041324620,7E0,8,062E123437C05D00
MON,0041328703,7E8,8,037F2E3100000000
MON,0041349042,7E0,8,042E100188000000
MON,0041353134,7E8,8,037F2E3100000000
MON,0041373434,7E0,8,052E12345FC00000
MON,0041377520,7E8,8,037F2E3100000000
MON,0041397800,7E0,8,062E123496126100
MON,0041401880,7E8,8,037F2E3100000000
MON,0041422198,7E0,8,072E1234B9D98EA5
MON,0041426277,7E8,8,037F2E3100000000
MON,0041446649,7E0,8,062E12346C338900
MON,0041450735,7E8,8,037F2E3100000000
MON,0041470947,7E0,8,042EF1874E000000
MON,0041475035,7E8,8,037F2E3100000000
MON,0041495377,7E0,8,062E1234C6E39000
MON,0041499459,7E8,8,037F2E3100000000
MON,0041519691,7E0,8,062E12345282ED00
MON,0041523774,7E8,8,037F2E3100000000
MON,0041544093,7E0,8,062E123418A56A00
MON,0041548176,7E8,8,037F2E3100000000
MON,0041568464,7E0,8,032E123400000000
MON,0041572558,7E8,8,037F2E3100000000
MON,0041592832,7E0,8,072E123483829A59
MON,0041596908,7E8,8,037F2E3100000000
MON,0041617284,7E0,8,072E1234908419C1
MON,0041621362,7E8,8,037F2E3100000000
MON,0041641656,7E0,8,062E1234A3E59900
MON,0041645741,7E8,8,037F2E3100000000
MON,0041665953,7E0,8,072E12342EFFAED7
MON,0041670030,7E8,8,037F2E3100000000
MON,0041690410,7E0,8,042E222263000000
MON,0041694501,7E8,8,037F2E3100000000
MON,0041714854,7E0,8,042E123462000000
MON,0041718942,7E8,8,037F2E3100000000
MON,0041739424,7E0,8,062E12341C588100
MON,0041743507,7E8,8,037F2E3100000000
MON,0041763620,7E0,8,072E12340558D6DE
MON,0041767703,7E8,8,037F2E3100000000
MON,0041787879,7E0,8,072E12348B507549
MON,0041791955,7E8,8,037F2E3100000000
MON,0041812268,7E0,8,052E1234D4AA0000
MON,0041816355,7E8,8,037F2E3100000000
MON,0041836626,7E0,8,062E123449D64400
MON,0041840708,7E8,8,037F2E3100000000
MON,0041860122,7E0,8,062E1234E9BBDF00
MON,0041864204,7E8,8,037F2E3100000000
MON,0041884627,7E0,8,052E123452180000
MON,0041888714,7E8,8,037F2E3100000000
MON,0041908912,7E0,8,072E123460F11120
MON,0041912988,7E8,8,037F2E3100000000
MON,0041933386,7E0,8,042E1234BE000000
MON,0041937477,7E8,8,037F2E3100000000
MON,0041957807,7E0,8,062E123463784700
MON,0041961887,7E8,8,037F2E3100000000
MON,0041982128,7E0,8,052E123436A30000
MON,0041986214,7E8,8,037F2E3100000000
MON,0042006541,7E0,8,042E1234B7000000
MON,0042010632,7E8,8,037F2E3100000000
MON,0042031238,7E0,8,062E1234A9D37C00
MON,0042035320,7E8,8,037F2E3100000000
MON,0042055338,7E0,8,052E123450880000
MON,0042059425,7E8,8,037F2E3100000000
MON,0042079690,7E0,8,052E12340E420000
MON,0042083782,7E8,8,037F2E3100000000
MON,0042104157,7E0,8,052E123437930000
MON,0042108244,7E8,8,037F2E3100000000
MON,0042128497,7E0,8,072E1234F8B7574C
MON,0042132576,7E8,8,037F2E3100000000
MON,0042152827,7E0,8,062E12346B0C2300
MON,0042156912,7E8,8,037F2E3100000000
MON,0042177321,7E0,8,052E1234460C0000
MON,0042181412,7E8,8,037F2E3100000000
MON,0042201632,7E0,8,032E123400000000
MON,0042205730,7E8,8,037F2E3100000000
MON,0042225948,7E0,8,072E1234EC3FD0D5
MON,0042230024,7E8,8,037F2E3100000000
MON,0042250337,7E0,8,052E10018B560000
MON,0042254428,7E8,8,037F2E3100000000
MON,0042274848,7E0,8,042E12340F000000
MON,0042278941,7E8,8,037F2E3100000000
MON,0042299198,7E0,8,062E1234884B4D00
MON,0042303281,7E8,8,037F2E3100000000
MON,0042323569,7E0,8,062E3333CB283D00
MON,0042327651,7E8,8,037F2E3100000000
MON,0042348139,7E0,8,052E12347DFE0000
MON,0042352225,7E8,8,037F2E3100000000
MON,0042372390,7E0,8,032E123400000000
MON,0042376484,7E8,8,037F2E3100000000
MON,0042396764,7E0,8,072E1234FAA5750E
MON,0042400844,7E8,8,037F2E3100000000
MON,0042421192,7E0,8,062E12345D3FB700
MON,0042425275,7E8,8,037F2E3100000000
MON,0042445405,7E0,8,042E1234DA000000
MON,0042449496,7E8,8,037F2E3100000000
MON,0042469018,7E0,8,052E1234B21F0000
MON,0042473102,7E8,8,037F2E3100000000
MON,0042493260,7E0,8,072E12345DFB38D1
MON,0042497339,7E8,8,037F2E3100000000
MON,0042517798,7E0,8,042E12341C000000
MON,0042521886,7E8,8,037F2E3100000000
MON,0042542121,7E0,8,042E12342F000000
MON,0042546212,7E8,8,037F2E3100000000
MON,0042566449,7E0,8,062E123426F17B00
MON,0042570532,7E8,8,037F2E3100000000
MON,0042590980,7E0,8,042E123431000000
MON,0042595068,7E8,8,037F2E3100000000
MON,0042615328,7E0,8,062E123461FB7F00
MON,0042619410,7E8,8,037F2E3100000000
MON,0042639658,7E0,8,072EF18728784F11
MON,0042643740,7E8,8,037F2E3100000000
MON,0042664115,7E0,8,062E123432D05000
MON,0042668197,7E8,8,037F2E3100000000
MON,0042688491,7E0,8,032E123400000000
MON,0042692585,7E8,8,037F2E3100000000
MON,0042712893,7E0,8,062E123462DFA800
MON,0042716973,7E8,8,037F2E3100000000
MON,0042737281,7E0,8,042E1234F3000000
MON,0042741372,7E8,8,037F2E3100000000
MON,0042761665,7E0,8,072E1234CC494AB0
MON,0042765746,7E8,8,037F2E3100000000
MON,0042786009,7E0,8,062E1234031D3700
MON,0042790094,7E8,8,037F2E3100000000
MON,0042810421,7E0,8,052E123437F40000
MON,0042814508,7E8,8,037F2E3100000000
MON,0042834849,7E0,8,052EF187F7BA0000
MON,0042838932,7E8,8,037F2E3100000000
MON,0042859240,7E0,8,052E1234E7F20000
MON,0042863327,7E8,8,037F2E3100000000
MON,0042883564,7E0,8,062E1234EC7E5D00
MON,0042887646,7E8,8,037F2E3100000000
MON,0042907954,7E0,8,072E1234AE3223BE
MON,0042912030,7E8,8,037F2E3100000000
MON,0042932339,7E0,8,042E12340C000000
MON,0042936434,7E8,8,037F2E3100000000
MON,0042956716,7E0,8,062E1234A6640800
MON,0042960803,7E8,8,037F2E3100000000
MON,0042981055,7E0,8,062E33332B904C00
MON,0042985136,7E8,8,037F2E3100000000
MON,0043005537,7E0,8,052E123455DF0000
MON,0043009623,7E8,8,037F2E3100000000
MON,0043029823,7E0,8,042EF1873B000000
MON,0043033911,7E8,8,037F2E3100000000
MON,0043054287,7E0,8,072E1234D009BB6C
MON,0043058370,7E8,8,037F2E3100000000
MON,0043078692,7E0,8,042E123490000000
MON,0043082783,7E8,8,037F2E3100000000
MON,0043103124,7E0,8,062E12344B9EF200
MON,0043107207,7E8,8,037F2E3100000000
MON,0043127410,7E0,8,052E123469200000
MON,0043131497,7E8,8,037F2E3100000000
MON,0043151782,7E0,8,072E1234314BC2B1
MON,0043155858,7E8,8,037F2E3100000000
MON,0043176206,7E0,8,052E12345AEE0000
MON,0043180293,7E8,8,037F2E3100000000
MON,0043200648,7E0,8,062E123462227300
MON,0043204733,7E8,8,037F2E3100000000
MON,0043225034,7E0,8,052E12345DDB0000
MON,0043229119,7E8,8,037F2E3100000000
MON,0043249541,7E0,8,052E12344CA50000
MON,0043253628,7E8,8,037F2E3100000000
MON,0043273829,7E0,8,032E123400000000
MON,0043277921,7E8,8,037F2E3100000000
MON,0043298246,7E0,8,062E123448281600
MON,0043302328,7E8,8,037F2E3100000000
MON,0043322542,7E0,8,072E1234F8A39C53
MON,0043326621,7E8,8,037F2E3100000000
MON,0043347046,7E0,8,062E12340F500200
MON,0043351136,7E8,8,037F2E3100000000
MON,0043371311,7E0,8,062E12344D551D00
MON,0043375393,7E8,8,037F2E3100000000
MON,0043395735,7E0,8,062E123430850900
MON,0043399819,7E8,8,037F2E3100000000
MON,0043420156,7E0,8,032E123400000000
MON,0043424250,7E8,8,037F2E3100000000
MON,0043444516,7E0,8,072E1234089C42EA
MON,0043448599,7E8,8,037F2E3100000000
MON,0043468906,7E0,8,072EF1872975A4FA
MON,0043472982,7E8,8,037F2E3100000000
MON,0043493279,7E0,8,042E1234C5000000
MON,0043497369,7E8,8,037F2E3100000000
MON,0043517708,7E0,8,072EF187282D12F1
MON,0043521787,7E8,8,037F2E3100000000
MON,0043542071,7E0,8,062E123455780000
MON,0043546158,7E8,8,037F2E3100000000
MON,0043566456,7E0,8,042E12348A000000
MON,0043570547,7E8,8,037F2E3100000000
MON,0043590883,7E0,8,062E1234DD222400
MON,0043594963,7E8,8,037F2E3100000000
MON,0043615243,7E0,8,052E1234C7880000
MON,0043619329,7E8,8,037F2E3100000000
MON,0043639527,7E0,8,072E1234CD2DE471
MON,0043643605,7E8,8,037F2E3100000000
MON,0043663919,7E0,8,032E123400000000
MON,0043668011,7E8,8,037F2E3100000000
MON,0043688369,7E0,8,052E12343F740000
MON,0043692456,7E8,8,037F2E3100000000
MON,0043712710,7E0,8,052EF18746340000
MON,0043716797,7E8,8,037F2E3100000000
MON,0043736993,7E0,8,062E123470576400
MON,0043741073,7E8,8,037F2E3100000000
MON,0043760402,7E0,8,062E12347A28D400
MON,0043764484,7E8,8,037F2E3100000000
MON,0043784960,7E0,8,042E1234A3000000
MON,0043789049,7E8,8,037F2E3100000000
MON,0043809357,7E0,8,042E1234B2000000
MON,0043813447,7E8,8,037F2E3100000000
MON,0043833828,7E0,8,062E100122093700
MON,0043837917,7E8,8,037F2E3100000000
MON,0043858163,7E0,8,062E1234715C5400
MON,0043862245,7E8,8,037F2E3100000000
MON,0043882494,7E0,8,032E123400000000
MON,0043886588,7E8,8,037F2E3100000000
MON,0043906828,7E0,8,052E1234FDC30000
MON,0043910912,7E8,8,037F2E3100000000
MON,0043931169,7E0,8,062E1001915D4200
MON,0043935256,7E8,8,037F2E3100000000
MON,0043955583,7E0,8,072E3333E41A12A5
MON,0043959662,7E8,8,037F2E3100000000
MON,0043979964,7E0,8,072E1234E7936C28
MON,0043984040,7E8,8,037F2E3100000000
MON,0044004489,7E0,8,062E123438CD1D00
MON,0044008571,7E8,8,037F2E3100000000
MON,0044028572,7E0,8,042E1001F3000000
MON,0044032667,7E8,8,037F2E3100000000
MON,0044051857,7E0,8,072EF187097E9C10
MON,0044055937,7E8,8,037F2E3100000000
MON,0044075382,7E0,8,062E1234EF402F00
MON,0044079465,7E8,8,037F2E3100000000
MON,0044098977,7E0,8,072E1234B02BCC92
MON,0044103053,7E8,8,037F2E3100000000
MON,0044123321,7E0,8,052E3333A46C0000
MON,0044127408,7E8,8,037F2E3100000000
MON,0044147788,7E0,8,042E12346D000000
MON,0044151877,7E8,8,037F2E3100000000
MON,0044172134,7E0,8,072E1234EF0AB006
MON,0044176221,7E8,8,037F2E3100000000
MON,0044196571,7E0,8,042E12343E000000
MON,0044200662,7E8,8,037F2E3100000000
MON,0044220823,7E0,8,042E123409000000
MON,0044224916,7E8,8,037F2E3100000000
MON,0044245275,7E0,8,062E123401A2AF00
MON,0044249361,7E8,8,037F2E3100000000
MON,0044269638,7E0,8,062E2222BFAC0B00
MON,0044273725,7E8,8,037F2E3100000000
MON,0044294092,7E0,8,052E100187D40000
MON,0044298183,7E8,8,037F2E3100000000
MON,0044318431,7E0,8,042E12344D000000
MON,0044322522,7E8,8,037F2E3100000000
MON,0044342930,7E0,8,042E12348E000000
MON,0044347018,7E8,8,037F2E3100000000
MON,0044367185,7E0,8,062E222234D3D200
MON,0044371268,7E8,8,037F2E3100000000
MON,0044391618,7E0,8,052EF187351E0000
MON,0044395704,7E8,8,037F2E3100000000
MON,0044415936,7E0,8,042E12347D000000
MON,0044420025,7E8,8,037F2E3100000000
MON,0044440366,7E0,8,072E12344F837D4A
MON,0044444445,7E8,8,037F2E3100000000
MON,0044464775,7E0,8,042E123456000000
MON,0044468863,7E8,8,037F2E3100000000
MON,0044489053,7E0,8,062E1234C163A600
MON,0044493133,7E8,8,037F2E3100000000
MON,0044513511,7E0,8,042E123489000000
MON,0044517601,7E8,8,037F2E3100000000
MON,0044537859,7E0,8,052E100105D00000
MON,0044541952,7E8,8,037F2E3100000000
MON,0044562321,7E0,8,062E1001C3407A00
MON,0044566408,7E8,8,037F2E3100000000
MON,0044586623,7E0,8,052E1234EA3E0000
MON,0044590709,7E8,8,037F2E3100000000
MON,0044611065,7E0,8,062E1234F9494A00
MON,0044615145,7E8,8,037F2E3100000000
MON,0044635455,7E0,8,042E12342A000000
MON,0044639545,7E8,8,037F2E3100000000
MON,0044659757,7E0,8,042E123472000000
MON,0044663846,7E8,8,037F2E3100000000
MON,0044684278,7E0,8,052E1234ED050000
MON,0044688369,7E8,8,037F2E3100000000
MON,0044708549,7E0,8,072E1234FB3C2364
MON,0044712628,7E8,8,037F2E3100000000
MON,0044732981,7E0,8,052E1234C0090000
MON,0044737069,7E8,8,037F2E3100000000
MON,0044757413,7E0,8,042E123416000000
MON,0044761503,7E8,8,037F2E3100000000
MON,0044781817,7E0,8,052E1234B24F0000
MON,0044785901,7E8,8,037F2E3100000000
MON,0044806119,7E0,8,032E123400000000
MON,0044810213,7E8,8,037F2E3100000000
MON,0044830563,7E0,8,062E123472D9C800
MON,0044834646,7E8,8,037F2E3100000000
MON,0044854891,7E0,8,052E1234A52B0000
MON,0044858975,7E8,8,037F2E3100000000
MON,0044879350,7E0,8,072E12340BC66CEB
MON,0044883433,7E8,8,037F2E3100000000
MON,0044903875,7E0,8,042E1234ED000000
MON,0044907964,7E8,8,037F2E3100000000
MON,0044928064,7E0,8,052E12340ECE0000
MON,0044932155,7E8,8,037F2E3100000000
MON,0044952414,7E0,8,072E12349EA378B0
MON,0044956493,7E8,8,037F2E3100000000
MON,0044976879,7E0,8,042E100132000000
MON,0044980972,7E8,8,037F2E3100000000
MON,0045001235,7E0,8,052E2222CD310000
MON,0045005322,7E8,8,037F2E3100000000
MON,0045025610,7E0,8,052E1234E7B50000
MON,0045029696,7E8,8,037F2E3100000000
MON,0045049838,7E0,8,062E1234C0A46B00
MON,0045053919,7E8,8,037F2E3100000000
MON,0045073284,7E0,8,042E100166000000
MON,0045077379,7E8,8,037F2E3100000000
MON,0045096767,7E0,8,052E222265450000
MON,0045100851,7E8,8,037F2E3100000000
MON,0045121165,7E0,8,062E123444DEF600
MON,0045125248,7E8,8,037F2E3100000000
MON,0045145654,7E0,8,032E123400000000
MON,0045149751,7E8,8,037F2E3100000000
MON,0045170059,7E0,8,052E12348A1D0000
MON,0045174143,7E8,8,037F2E3100000000
MON,0045194357,7E0,8,042E123449000000
MON,0045198448,7E8,8,037F2E3100000000
MON,0045218817,7E0,8,032E123400000000
MON,0045222910,7E8,8,037F2E3100000000
MON,0045243122,7E0,8,062E123469BD6F00
MON,0045247204,7E8,8,037F2E3100000000
MON,0045267588,7E0,8,062E12344F51FE00
MON,0045271670,7E8,8,037F2E3100000000
MON,0045292009,7E0,8,052E12349E7E0000
MON,0045296094,7E8,8,037F2E3100000000
MON,0045316303,7E0,8,062E1234828C9D00
MON,0045320385,7E8,8,037F2E3100000000
MON,0045340766,7E0,8,042E12343E000000
MON,0045344854,7E8,8,037F2E3100000000
MON,0045365691,7E0,8,062E123401EC1B00
MON,0045369779,7E8,8,037F2E3100000000
MON,0045389532,7E0,8,052E1234FB180000
MON,0045393618,7E8,8,037F2E3100000000
MON,0045413892,7E0,8,042E12348F000000
MON,0045417981,7E8,8,037F2E3100000000
MON,0045438362,7E0,8,072E123453542EFE
MON,0045442441,7E8,8,037F2E3100000000
MON,0045462731,7E0,8,062E1001A1036600
MON,0045466821,7E8,8,037F2E3100000000
MON,0045487050,7E0,8,062E1234CC9F0800
MON,0045491135,7E8,8,037F2E3100000000
MON,0045511546,7E0,8,042E123466000000
MON,0045515637,7E8,8,037F2E3100000000
MON,0045535798,7E0,8,072E123406001E3C
MON,0045539883,7E8,8,037F2E3100000000
MON,0045560348,7E0,8,042E12347F000000
MON,0045564438,7E8,8,037F2E3100000000
MON,0045584619,7E0,8,032E123400000000
MON,0045588714,7E8,8,037F2E3100000000
MON,0045609019,7E0,8,052E1234DF610000
MON,0045613104,7E8,8,037F2E3100000000
MON,0045633419,7E0,8,072E1234712DDBF7
MON,0045637498,7E8,8,037F2E3100000000
MON,0045657718,7E0,8,062E33335F698700
MON,0045661801,7E8,8,037F2E3100000000
MON,0045682120,7E0,8,052E123439000000
MON,0045686211,7E8,8,037F2E3100000000
MON,0045706561,7E0,8,042E123458000000
MON,0045710651,7E8,8,037F2E3100000000
MON,0045731071,7E0,8,072E12344EB369C5
MON,0045735148,7E8,8,037F2E3100000000
MON,0045755295,7E0,8,072E123460DE7D57
MON,0045759373,7E8,8,037F2E3100000000
MON,0045779661,7E0,8,052E222228A90000
MON,0045783750,7E8,8,037F2E3100000000
MON,0045804053,7E0,8,052E1234A8D90000
MON,0045808137,7E8,8,037F2E3100000000
MON,0045828544,7E0,8,062E123436BC8D00
MON,0045832626,7E8,8,037F2E3100000000
MON,0045852889,7E0,8,062E123419689B00
MON,0045856969,7E8,8,037F2E3100000000
MON,0045877322,7E0,8,042E123452000000
MON,0045881413,7E8,8,037F2E3100000000
MON,0045901827,7E0,8,072E123405896ADB
MON,0045905908,7E8,8,037F2E3100000000
MON,0045926109,7E0,8,042E12343C000000
MON,0045930200,7E8,8,037F2E3100000000
MON,0045950403,7E0,8,062E123424709A00
MON,0045954486,7E8,8,037F2E3100000000
MON,0045974871,7E0,8,072E1234AACD92D2
MON,0045978948,7E8,8,037F2E3100000000
MON,0045999464,7E0,8,072E1234F1B354B5
MON,0046003542,7E8,8,037F2E3100000000
MON,0046023627,7E0,8,042E1234DE000000
MON,0046027718,7E8,8,037F2E3100000000
MON,0046048119,7E0,8,062E1001789E0300
MON,0046052210,7E8,8,037F2E3100000000
MON,0046072700,7E0,8,072E1234C510AEF0
MON,0046076779,7E8,8,037F2E3100000000
MON,0046096924,7E0,8,052E1234D3A00000
MON,0046101008,7E8,8,037F2E3100000000
MON,0046121192,7E0,8,042E123432000000
MON,0046125282,7E8,8,037F2E3100000000
MON,0046145621,7E0,8,062E1001CD442800
MON,0046149708,7E8,8,037F2E3100000000
MON,0046170070,7E0,8,052E12342B230000
MON,0046174156,7E8,8,037F2E3100000000
MON,0046194332,7E0,8,072E22226663249A
MON,0046198410,7E8,8,037F2E3100000000
MON,0046218797,7E0,8,072E12345BC926A9
MON,0046222872,7E8,8,037F2E3100000000
MON,0046243174,7E0,8,062E123436C00100
MON,0046247261,7E8,8,037F2E3100000000
MON,0046267594,7E0,8,052E12346A340000
MON,0046271680,7E8,8,037F2E3100000000
MON,0046291997,7E0,8,042E12346D000000
MON,0046296085,7E8,8,037F2E3100000000
MON,0046316350,7E0,8,072E1234EE3E2512
MON,0046320429,7E8,8,037F2E3100000000
MON,0046340753,7E0,8,072E12348962F0EE
MON,0046344829,7E8,8,037F2E3100000000
MON,0046365165,7E0,8,072E1234B737F59C
MON,0046369244,7E8,8,037F2E3100000000
MON,0046389509,7E0,8,042E100113000000
MON,0046393604,7E8,8,037F2E3100000000
MON,0046413856,7E0,8,052E123492850000
MON,0046417940,7E8,8,037F2E3100000000
MON,0046438271,7E0,8,072E1234862215AF
MON,0046442349,7E8,8,037F2E3100000000
MON,0046462682,7E0,8,042E123458000000
MON,0046466773,7E8,8,037F2E3100000000
MON,0046487052,7E0,8,042E1234C3000000
MON,0046491140,7E8,8,037F2E3100000000
MON,0046511513,7E0,8,072E123447DAA7C4
MON,0046515591,7E8,8,037F2E3100000000
MON,0046535830,7E0,8,062E3333C85F5F00
MON,0046539911,7E8,8,037F2E3100000000
MON,0046560202,7E0,8,062E123453E23400
MON,0046564285,7E8,8,037F2E3100000000
MON,0046584669,7E0,8,072E1234D07AA5A6
MON,0046588750,7E8,8,037F2E3100000000
MON,0046609019,7E0,8,072E1234E08E4DD2
MON,0046613095,7E8,8,037F2E3100000000
MON,0046633423,7E0,8,052E1234F2D40000
MON,0046637509,7E8,8,037F2E3100000000
MON,0046657873,7E0,8,062E1234A6ECF600
MON,0046661953,7E8,8,037F2E3100000000
MON,0046682227,7E0,8,072E123463AB0843
MON,0046686310,7E8,8,037F2E3100000000
MON,0046706575,7E0,8,072E12348D53321C
MON,0046710653,7E8,8,037F2E3100000000
MON,0046731063,7E0,8,042E1234CC000000
MON,0046735153,7E8,8,037F2E3100000000
MON,0046755396,7E0,8,062E12346ED96B00
MON,0046759478,7E8,8,037F2E3100000000
MON,0046779671,7E0,8,052E1234E1E90000
MON,0046783760,7E8,8,037F2E3100000000
MON,0046804124,7E0,8,042E123462000000
MON,0046808214,7E8,8,037F2E3100000000
MON,0046828553,7E0,8,062E12345DB7AE00
MON,0046832635,7E8,8,037F2E3100000000
MON,0046852988,7E0,8,042E123448000000
MON,0046857076,7E8,8,037F2E3100000000
MON,0046877313,7E0,8,032E123400000000
MON,0046881408,7E8,8,037F2E3100000000
MON,0046901777,7E0,8,072E1234D020CD24
MON,0046905854,7E8,8,037F2E3100000000
MON,0046926083,7E0,8,062E12347D7D8C00
MON,0046930165,7E8,8,037F2E3100000000
MON,0046950458,7E0,8,052E222263BB0000
MON,0046954544,7E8,8,037F2E3100000000
MON,0046974953,7E0,8,052E1234D0F60000
MON,0046979037,7E8,8,037F2E3100000000
MON,0046999216,7E0,8,072E123463B9F0E5
MON,0047003294,7E8,8,037F2E3100000000
MON,0047023638,7E0,8,072E12347E67363F
MON,0047027717,7E8,8,037F2E3100000000
MON,0047048129,7E0,8,072E123445A1A731
MON,0047052207,7E8,8,037F2E3100000000
MON,0047072427,7E0,8,072E1234C9EA3474
MON,0047076506,7E8,8,037F2E3100000000
MON,0047096818,7E0,8,072E12343396003A
MON,0047100898,7E8,8,037F2E3100000000
MON,0047121183,7E0,8,042E123461000000
MON,0047125273,7E8,8,037F2E3100000000
MON,0047145685,7E0,8,062EF187C451BB00
MON,0047149768,7E8,8,037F2E3100000000
MON,0047170071,7E0,8,072E1234FF91A263
MON,0047174147,7E8,8,037F2E3100000000
MON,0047194395,7E0,8,052E123477450000
MON,0047198482,7E8,8,037F2E3100000000
MON,0047218772,7E0,8,032E123400000000
MON,0047222864,7E8,8,037F2E3100000000
MON,0047243149,7E0,8,042E1234D9000000
MON,0047247240,7E8,8,037F2E3100000000
MON,0047267590,7E0,8,032E123400000000
MON,0047271684,7E8,8,037F2E3100000000
MON,0047291916,7E0,8,042E123497000000
MON,0047296005,7E8,8,037F2E3100000000
MON,0047316346,7E0,8,032E123400000000
MON,0047320441,7E8,8,037F2E3100000000
MON,0047340765,7E0,8,062E12347E42FB00
MON,0047344846,7E8,8,037F2E3100000000
MON,0047365120,7E0,8,052E1234EDE50000
MON,0047369206,7E8,8,037F2E3100000000
MON,0047389522,7E0,8,062E12347D084400
MON,0047393609,7E8,8,037F2E3100000000
MON,0047413883,7E0,8,062E123496C7CF00
MON,0047417963,7E8,8,037F2E3100000000
MON,0047438310,7E0,8,042E1234CE000000
MON,0047442401,7E8,8,037F2E3100000000
MON,0047462711,7E0,8,042E1234DB000000
MON,0047466802,7E8,8,037F2E3100000000
MON,0047487071,7E0,8,072E12346B2F5064
MON,0047491147,7E8,8,037F2E3100000000
MON,0047511502,7E0,8,072E1234008A98B6
MON,0047515584,7E8,8,037F2E3100000000
MON,0047535908,7E0,8,052E123418180000
MON,0047539992,7E8,8,037F2E3100000000
MON,0047560233,7E0,8,062E12342F028400
MON,0047564320,7E8,8,037F2E3100000000
MON,0047584669,7E0,8,052E22220F340000
MON,0047588763,7E8,8,037F2E3100000000
MON,0047609059,7E0,8,042E1234D3000000
MON,0047613148,7E8,8,037F2E3100000000
MON,0047633441,7E0,8,072E12349C1FADCB
MON,0047637519,7E8,8,037F2E3100000000
MON,0047657781,7E0,8,062EF18702670800
MON,0047661870,7E8,8,037F2E3100000000
MON,0047682274,7E0,8,052E1234C6920000
MON,0047686360,7E8,8,037F2E3100000000
MON,0047706631,7E0,8,072E12345DC55781
MON,0047710710,7E8,8,037F2E3100000000
MON,0047730998,7E0,8,052E123428D30000
MON,0047735083,7E8,8,037F2E3100000000
MON,0047755449,7E0,8,062E123476A8AE00
MON,0047759532,7E8,8,037F2E3100000000
MON,0047779749,7E0,8,052E12346F270000
MON,0047783833,7E8,8,037F2E3100000000
MON,0047804136,7E0,8,042E1234DD000000
MON,0047808226,7E8,8,037F2E3100000000
MON,0047828458,7E0,8,052E123451560000
MON,0047832544,7E8,8,037F2E3100000000
MON,0047852959,7E0,8,042E1234B3000000
MON,0047857047,7E8,8,037F2E3100000000
MON,0047877344,7E0,8,072E1234B95665CD
MON,0047881422,7E8,8,037F2E3100000000
MON,0047901710,7E0,8,042E12342E000000
MON,0047905801,7E8,8,037F2E3100000000
MON,0047926295,7E0,8,072E12341EAF88C4
MON,0047930373,7E8,8,037F2E3100000000
MON,0047950554,7E0,8,072E1234776CA78F
MON,0047954632,7E8,8,037F2E3100000000
MON,0047975238,7E0,8,062E1234C0636800
MON,0047979320,7E8,8,037F2E3100000000
MON,0047999276,7E0,8,072E12348EDD77ED
MON,0048003355,7E8,8,037F2E3100000000
MON,0048023730,7E0,8,072E12345A0388FE
MON,0048027811,7E8,8,037F2E3100000000
MON,0048048119,7E0,8,052E1234ED0D0000
MON,0048052210,7E8,8,037F2E3100000000
MON,0048072458,7E0,8,052E1234F2470000
MON,0048076544,7E8,8,037F2E3100000000
MON,0048096914,7E0,8,072E1234B5F09261
MON,0048100990,7E8,8,037F2E3100000000
MON,0048121332,7E0,8,032E123400000000
MON,0048125426,7E8,8,037F2E3100000000
MON,0048145756,7E0,8,052E12344EA00000
MON,0048149840,7E8,8,037F2E3100000000
MON,0048170063,7E0,8,042E12344D000000
MON,0048174154,7E8,8,037F2E3100000000
MON,0048194475,7E0,8,062E12343652A200
MON,0048198557,7E8,8,037F2E3100000000
MON,0048218971,7E0,8,072E12348616F5D0
MON,0048223047,7E8,8,037F2E3100000000
MON,0048243300,7E0,8,042E12349C000000
MON,0048247390,7E8,8,037F2E3100000000
MON,0048267666,7E0,8,052E123408200000
MON,0048271760,7E8,8,037F2E3100000000
MON,0048292079,7E0,8,042E1234ED000000
MON,0048296170,7E8,8,037F2E3100000000
MON,0048316458,7E0,8,062E123433525A00
MON,0048320541,7E8,8,037F2E3100000000
MON,0048340848,7E0,8,042E123472000000
MON,0048344936,7E8,8,037F2E3100000000
MON,0048365430,7E0,8,052E123438A50000
MON,0048369516,7E8,8,037F2E3100000000
MON,0048389658,7E0,8,072E123481BECE4B
MON,0048393740,7E8,8,037F2E3100000000
MON,0048414014,7E0,8,032E123400000000
MON,0048418106,7E8,8,037F2E3100000000
MON,0048438529,7E0,8,042E1234E2000000
MON,0048442619,7E8,8,037F2E3100000000
MON,0048462792,7E0,8,062E123453C92C00
MON,0048466871,7E8,8,037F2E3100000000
MON,0048487213,7E0,8,042E123435000000
MON,0048491303,7E8,8,037F2E3100000000
MON,0048511636,7E0,8,072E123405A17CF8
MON,0048515720,7E8,8,037F2E3100000000
MON,0048536087,7E0,8,072E1234B26A435F
MON,0048540165,7E8,8,037F2E3100000000
MON,0048560419,7E0,8,052E123481AA0000
MON,0048564505,7E8,8,037F2E3100000000
MON,0048584801,7E0,8,072E12342A91663E
MON,0048588878,7E8,8,037F2E3100000000
MON,0048609140,7E0,8,062E1001A86A6000
MON,0048613227,7E8,8,037F2E3100000000
MON,0048633588,7E0,8,042E1234FD000000
MON,0048637678,7E8,8,037F2E3100000000
MON,0048657911,7E0,8,032E123400000000
MON,0048662003,7E8,8,037F2E3100000000
MON,0048682396,7E0,8,042E123478000000
MON,0048686486,7E8,8,037F2E3100000000
MON,0048706772,7E0,8,072E12343FC10A0C
MON,0048710857,7E8,8,037F2E3100000000
MON,0048731148,7E0,8,042E12340A000000
MON,0048735243,7E8,8,037F2E3100000000
MON,0048755519,7E0,8,052E10018CC70000
MON,0048759610,7E8,8,037F2E3100000000
MON,0048779928,7E0,8,062E123491BBEC00
MON,0048784009,7E8,8,037F2E3100000000
MON,0048804339,7E0,8,062E1234E6AB8D00
MON,0048808421,7E8,8,037F2E3100000000
MON,0048828704,7E0,8,032E123400000000
MON,0048832799,7E8,8,037F2E3100000000
MON,0048853112,7E0,8,032E123400000000
MON,0048857207,7E8,8,037F2E3100000000
MON,0048877545,7E0,8,052E123488950000
MON,0048881632,7E8,8,037F2E3100000000
MON,0048901861,7E0,8,042E1234E4000000
MON,0048905949,7E8,8,037F2E3100000000
MON,0048926240,7E0,8,072E123483EC1B37
MON,0048930319,7E8,8,037F2E3100000000
MON,0048950629,7E0,8,072E1234A28ED08C
MON,0048954708,7E8,8,037F2E3100000000
MON,0048975115,7E0,8,052E1234DC500000
MON,0048979201,7E8,8,037F2E3100000000
MON,0048999394,7E0,8,062E1234E4583E00
MON,0049003476,7E8,8,037F2E3100000000
MON,0049023868,7E0,8,052E12346F280000
MON,0049027952,7E8,8,037F2E3100000000
MON,0049048294,7E0,8,052E1234756D0000
MON,0049052380,7E8,8,037F2E3100000000
MON,0049072573,7E0,8,072E123448420952
MON,0049076656,7E8,8,037F2E3100000000
MON,0049097053,7E0,8,072E1234CB34AA9E
MON,0049101129,7E8,8,037F2E3100000000
MON,0049121411,7E0,8,042E123445000000
MON,0049125502,7E8,8,037F2E3100000000
MON,0049145770,7E0,8,052E1234E75B0000
MON,0049149854,7E8,8,037F2E3100000000
MON,0049170174,7E0,8,032E123400000000
MON,0049174268,7E8,8,037F2E3100000000
MON,0049194567,7E0,8,052E1234E4970000
MON,0049198654,7E8,8,037F2E3100000000
MON,0049218950,7E0,8,072E1234BC95B696
MON,0049223026,7E8,8,037F2E3100000000
MON,0049243351,7E0,8,062E123484EC1200
MON,0049247434,7E8,8,037F2E3100000000
MON,0049267710,7E0,8,062E1234816BB800
MON,0049271793,7E8,8,037F2E3100000000
MON,0049292140,7E0,8,042E1234BF000000
MON,0049296231,7E8,8,037F2E3100000000
MON,0049316563,7E0,8,062E1234F8E39800
MON,0049320646,7E8,8,037F2E3100000000
MON,0049340930,7E0,8,042E33339A000000
MON,0049345018,7E8,8,037F2E3100000000
MON,0049365315,7E0,8,032E123400000000
MON,0049369410,7E8,8,037F2E3100000000
MON,0049389784,7E0,8,032E123400000000
MON,0049393877,7E8,8,037F2E3100000000
MON,0049414112,7E0,8,062E123461BB0C00
MON,0049418198,7E8,8,037F2E3100000000
MON,0049438565,7E0,8,042E123492000000
MON,0049442655,7E8,8,037F2E3100000000
MON,0049462879,7E0,8,052E123486000000
MON,0049466967,7E8,8,037F2E3100000000
MON,0049487274,7E0,8,062E1234CC19E900
MON,0049491356,7E8,8,037F2E3100000000
MON,0049511672,7E0,8,042E1234AC000000
MON,0049515764,7E8,8,037F2E3100000000
MON,0049536054,7E0,8,062E1234E9AB5200
MON,0049540134,7E8,8,037F2E3100000000
MON,0049560461,7E0,8,032E123400000000
MON,0049564556,7E8,8,037F2E3100000000
MON,0049584886,7E0,8,042E12341C000000
MON,0049588974,7E8,8,037F2E3100000000
MON,0049609293,7E0,8,042E1001BE000000
MON,0049613388,7E8,8,037F2E3100000000
MON,0049633648,7E0,8,042E1234B4000000
MON,0049637741,7E8,8,037F2E3100000000
MON,0049657953,7E0,8,062E123462DCE300
MON,0049662033,7E8,8,037F2E3100000000
MON,0049682319,7E0,8,052E1234CFAC0000
MON,0049686406,7E8,8,037F2E3100000000
MON,0049706730,7E0,8,072E1234A3D25B4D
MON,0049710806,7E8,8,037F2E3100000000
MON,0049731175,7E0,8,052E12347FE70000
MON,0049735261,7E8,8,037F2E3100000000
MON,0049755527,7E0,8,072E12349697D0D2
MON,0049759605,7E8,8,037F2E3100000000
MON,0049780014,7E0,8,072E1234497F3620
MON,0049784091,7E8,8,037F2E3100000000
MON,0049804406,7E0,8,042E1234F4000000
MON,0049808497,7E8,8,037F2E3100000000
MON,0049828695,7E0,8,052E1234AA540000
MON,0049832782,7E8,8,037F2E3100000000
MON,0049853079,7E0,8,062E12340A518D00
MON,0049857165,7E8,8,037F2E3100000000
MON,0049877386,7E0,8,042EF187A2000000
MON,0049881476,7E8,8,037F2E3100000000
MON,0049900909,7E0,8,072E12346E3E6F37
MON,0049904986,7E8,8,037F2E3100000000
MON,0049925282,7E0,8,042E123447000000
MON,0049929372,7E8,8,037F2E3100000000
MON,0049949582,7E0,8,062E1234C41CC300
MON,0049953664,7E8,8,037F2E3100000000
MON,0049973328,7E0,8,052E1234FF6A0000
MON,0049977414,7E8,8,037F2E3100000000
MON,0049997669,7E0,8,062E12340AAA9400
MON,0050001758,7E8,8,037F2E3100000000
MON,0050021904,7E0,8,042E1234BA000000
MON,0050025992,7E8,8,037F2E3100000000
MON,0050046323,7E0,8,042E1234CF000000
MON,0050050414,7E8,8,037F2E3100000000
MON,0050070623,7E0,8,072E1234AEC45188
MON,0050074701,7E8,8,037F2E3100000000
MON,0050095074,7E0,8,052E123473090000
MON,0050099165,7E8,8,037F2E3100000000
MON,0050119764,7E0,8,052E33330FD30000
MON,0050123853,7E8,8,037F2E3100000000
MON,0050143919,7E0,8,052E12349F630000
MON,0050148004,7E8,8,037F2E3100000000
MON,0050168261,7E0,8,042EF1878E000000
MON,0050172352,7E8,8,037F2E3100000000
MON,0050192555,7E0,8,042E12349C000000
MON,0050196646,7E8,8,037F2E3100000000
MON,0050216981,7E0,8,062E1234DD77CC00
MON,0050221061,7E8,8,037F2E3100000000
MON,0050241298,7E0,8,062E12347ACC1900
MON,0050245381,7E8,8,037F2E3100000000
MON,0050265750,7E0,8,072E1234347AF2ED
MON,0050269826,7E8,8,037F2E3100000000
MON,0050290105,7E0,8,062E12342FD60500
MON,0050294192,7E8,8,037F2E3100000000
MON,0050314804,7E0,8,072E1234F351A6F8
MON,0050318880,7E8,8,037F2E3100000000
MON,0050338945,7E0,8,062E1234EB6C6F00
MON,0050343026,7E8,8,037F2E3100000000
MON,0050363390,7E0,8,042E1234F0000000
MON,0050367481,7E8,8,037F2E3100000000
MON,0050387724,7E0,8,052E1234CE0E0000
MON,0050391815,7E8,8,037F2E3100000000
MON,0050412202,7E0,8,052E333387040000
MON,0050416293,7E8,8,037F2E3100000000
MON,0050436429,7E0,8,072E12346E68855F
MON,0050440507,7E8,8,037F2E3100000000
MON,0050460916,7E0,8,032E123400000000
MON,0050465009,7E8,8,037F2E3100000000
MON,0050485215,7E0,8,052E123461CA0000
MON,0050489302,7E8,8,037F2E3100000000
MON,0050509697,7E0,8,062E1234C84C7E00
MON,0050513780,7E8,8,037F2E3100000000
MON,0050533997,7E0,8,042E123424000000
MON,0050538085,7E8,8,037F2E3100000000
MON,0050558401,7E0,8,042E1234AE000000
MON,0050562491,7E8,8,037F2E3100000000
MON,0050582826,7E0,8,052E12340B1A0000
MON,0050586915,7E8,8,037F2E3100000000
MON,0050607257,7E0,8,072E1234EB577DD3
MON,0050611336,7E8,8,037F2E3100000000
MON,0050631640,7E0,8,062E1234DE66BC00
MON,0050635723,7E8,8,037F2E3100000000
MON,0050655950,7E0,8,072E1234FCCC1A70
MON,0050660026,7E8,8,037F2E3100000000
MON,0050680385,7E0,8,062E12343173F100
MON,0050684467,7E8,8,037F2E3100000000
MON,0050704780,7E0,8,052E12349F980000
MON,0050708865,7E8,8,037F2E3100000000
MON,0050729184,7E0,8,062E123458D2A900
MON,0050733266,7E8,8,037F2E3100000000
MON,0050753532,7E0,8,052E1234ED090000
MON,0050757623,7E8,8,037F2E3100000000
MON,0050777885,7E0,8,032E123400000000
MON,0050781977,7E8,8,037F2E3100000000
MON,0050802324,7E0,8,032E123400000000
MON,0050806419,7E8,8,037F2E3100000000
MON,0050826701,7E0,8,052E1234DC820000
MON,0050830788,7E8,8,037F2E3100000000
MON,0050851108,7E0,8,042E10011C000000
MON,0050855202,7E8,8,037F2E3100000000
MON,0050875484,7E0,8,072E1234D7CA8D3E
MON,0050879563,7E8,8,037F2E3100000000
MON,0050899943,7E0,8,062E12343B1BED00
MON,0050904023,7E8,8,037F2E3100000000
MON,0050924169,7E0,8,072E123443A9DA9B
MON,0050928247,7E8,8,037F2E3100000000
MON,0050948541,7E0,8,062E1234E6412B00
MON,0050952623,7E8,8,037F2E3100000000
MON,0050973274,7E0,8,072E12346513ABCC
MON,0050977352,7E8,8,037F2E3100000000
MON,0050997455,7E0,8,042E123439000000
MON,0051001545,7E8,8,037F2E3100000000
MON,0051021813,7E0,8,052E123497920000
MON,0051025898,7E8,8,037F2E3100000000
MON,0051046245,7E0,8,042E123438000000
MON,0051050335,7E8,8,037F2E3100000000
MON,0051070874,7E0,8,032E123400000000
MON,0051074966,7E8,8,037F2E3100000000
MON,0051095021,7E0,8,052E12345E2F0000
MON,0051099105,7E8,8,037F2E3100000000
MON,0051119382,7E0,8,072E1234869E3B3B
MON,0051123460,7E8,8,037F2E3100000000
MON,0051143891,7E0,8,042E123429000000
MON,0051147980,7E8,8,037F2E3100000000
MON,0051168147,7E0,8,042E333317000000
MON,0051172237,7E8,8,037F2E3100000000
MON,0051192554,7E0,8,072E123435D82ABD
MON,0051196632,7E8,8,037F2E3100000000
MON,0051216996,7E0,8,072E123470862629
MON,0051221072,7E8,8,037F2E3100000000
MON,0051241354,7E0,8,032E123400000000
MON,0051245449,7E8,8,037F2E3100000000
MON,0051265740,7E0,8,032E123400000000
MON,0051269832,7E8,8,037F2E3100000000
MON,0051290145,7E0,8,072E123463140574
MON,0051294228,7E8,8,037F2E3100000000
MON,0051314544,7E0,8,072E2222013A65C1
MON,0051318627,7E8,8,037F2E3100000000
MON,0051338956,7E0,8,062E10010216B100
MON,0051343046,7E8,8,037F2E3100000000
MON,0051363331,7E0,8,052E1001943B0000
MON,0051367422,7E8,8,037F2E3100000000
MON,0051387642,7E0,8,052E123486BA0000
MON,0051391731,7E8,8,037F2E3100000000
MON,0051412163,7E0,8,042E1234B0000000
MON,0051416253,7E8,8,037F2E3100000000
MON,0051436485,7E0,8,042E1234C2000000
MON,0051440576,7E8,8,037F2E3100000000
MON,0051460838,7E0,8,072EF1875260FA1D
MON,0051464914,7E8,8,037F2E3100000000
MON,0051485284,7E0,8,062E3333857BD900
MON,0051489366,7E8,8,037F2E3100000000
MON,0051509676,7E0,8,042E1001BD000000
MON,0051513772,7E8,8,037F2E3100000000
MON,0051534091,7E0,8,072E1234277535B9
MON,0051538170,7E8,8,037F2E3100000000
MON,0051558452,7E0,8,072E12342D136A43
MON,0051562531,7E8,8,037F2E3100000000
MON,0051582933,7E0,8,042E12340E000000
MON,0051587026,7E8,8,037F2E3100000000
MON,0051607284,7E0,8,042E123402000000
MON,0051611378,7E8,8,037F2E3100000000
MON,0051631672,7E0,8,032E123400000000
MON,0051635767,7E8,8,037F2E3100000000
MON,0051655968,7E0,8,052E123459B10000
MON,0051660053,7E8,8,037F2E3100000000
MON,0051680354,7E0,8,042E100119000000
MON,0051684449,7E8,8,037F2E3100000000
MON,0051704779,7E0,8,062E12346768DF00
MON,0051708859,7E8,8,037F2E3100000000
MON,0051729381,7E0,8,032E123400000000
MON,0051733475,7E8,8,037F2E3100000000
MON,0051753578,7E0,8,062E12344D62C300
MON,0051757660,7E8,8,037F2E3100000000
MON,0051777940,7E0,8,072E1234B5997E2C
MON,0051782015,7E8,8,037F2E3100000000
MON,0051802340,7E0,8,072E1234DC71CB81
MON,0051806418,7E8,8,037F2E3100000000
MON,0051826667,7E0,8,072E123427F93FFB
MON,0051830748,7E8,8,037F2E3100000000
MON,0051851135,7E0,8,072E1234015FF650
MON,0051855218,7E8,8,037F2E3100000000
MON,0051875761,7E0,8,072E1234A1516556
MON,0051879838,7E8,8,037F2E3100000000
MON,0051899965,7E0,8,072E1234129D284A
MON,0051904042,7E8,8,037F2E3100000000
MON,0051924226,7E0,8,072E12342A263C0C
MON,0051928309,7E8,8,037F2E3100000000
MON,0051948574,7E0,8,062E123490249D00
MON,0051952657,7E8,8,037F2E3100000000
MON,0051973038,7E0,8,072E1234438C4B1B
MON,0051977114,7E8,8,037F2E3100000000
MON,0051997497,7E0,8,062E1234E2951E00
MON,0052001580,7E8,8,037F2E3100000000
MON,0052021899,7E0,8,052E1234AA160000
MON,0052025983,7E8,8,037F2E3100000000
MON,0052046206,7E0,8,072E1234EAED36EB
MON,0052050285,7E8,8,037F2E3100000000
MON,0052070584,7E0,8,042E123416000000
MON,0052074674,7E8,8,037F2E3100000000
MON,0052094924,7E0,8,032E123400000000
MON,0052099016,7E8,8,037F2E3100000000
MON,0052119363,7E0,8,042E123480000000
MON,0052123454,7E8,8,037F2E3100000000
MON,0052143879,7E0,8,062E1234B14D5100
MON,0052147960,7E8,8,037F2E3100000000
MON,0052168183,7E0,8,062E1234B841AE00
MON,0052172266,7E8,8,037F2E3100000000
MON,0052192604,7E0,8,032E123400000000
MON,0052196699,7E8,8,037F2E3100000000
MON,0052217004,7E0,8,052E1234DB4D0000
MON,0052221088,7E8,8,037F2E3100000000
MON,0052241264,7E0,8,052EF187DBD50000
MON,0052245350,7E8,8,037F2E3100000000
MON,0052265722,7E0,8,062E12348A621B00
MON,0052269805,7E8,8,037F2E3100000000
MON,0052290271,7E0,8,052E1234AB9F0000
MON,0052294357,7E8,8,037F2E3100000000
MON,0052314454,7E0,8,062E1234F80E5100
MON,0052318541,7E8,8,037F2E3100000000
MON,0052339022,7E0,8,062E1234A6134300
MON,0052343102,7E8,8,037F2E3100000000
MON,0052363345,7E0,8,052E123477F70000
MON,0052367431,7E8,8,037F2E3100000000
MON,0052387719,7E0,8,042E1001F5000000
MON,0052391815,7E8,8,037F2E3100000000
MON,0052412117,7E0,8,062E1234C5E03D00
MON,0052416200,7E8,8,037F2E3100000000
MON,0052436549,7E0,8,042E12344B000000
MON,0052440640,7E8,8,037F2E3100000000
MON,0052460813,7E0,8,062E123416B7BA00
MON,0052464893,7E8,8,037F2E3100000000
MON,0052485258,7E0,8,072E12344F219DF6
MON,0052489337,7E8,8,037F2E3100000000
MON,0052509624,7E0,8,062E1234B28F4900
MON,0052513707,7E8,8,037F2E3100000000
MON,0052533899,7E0,8,062E1234C1DD5800
MON,0052537980,7E8,8,037F2E3100000000
MON,0052558474,7E0,8,042E1234E8000000
MON,0052562564,7E8,8,037F2E3100000000
MON,0052582889,7E0,8,072E123478B154A3
MON,0052586965,7E8,8,037F2E3100000000
MON,0052607312,7E0,8,062E1234DFAC5300
MON,0052611394,7E8,8,037F2E3100000000
MON,0052631474,7E0,8,052E123457B00000
MON,0052635561,7E8,8,037F2E3100000000
MON,0052655851,7E0,8,042E1234A1000000
MON,0052659939,7E8,8,037F2E3100000000
MON,0052680225,7E0,8,072E12340769059A
MON,0052684312,7E8,8,037F2E3100000000
MON,0052704645,7E0,8,072E12342BE3B025
MON,0052708724,7E8,8,037F2E3100000000
MON,0052729192,7E0,8,042E123430000000
MON,0052733283,7E8,8,037F2E3100000000
MON,0052753413,7E0,8,042E12345B000000
MON,0052757504,7E8,8,037F2E3100000000
MON,0052777873,7E0,8,042E123413000000
MON,0052781961,7E8,8,037F2E3100000000
MON,0052802314,7E0,8,052E10013A720000
MON,0052806406,7E8,8,037F2E3100000000
MON,0052826643,7E0,8,072E3333D5E4A0D8
MON,0052830722,7E8,8,037F2E3100000000
MON,0052851027,7E0,8,072E1234B28087D8
MON,0052855104,7E8,8,037F2E3100000000
MON,0052875447,7E0,8,072E1234B0609B2D
MON,0052879526,7E8,8,037F2E3100000000
MON,0052899811,7E0,8,072E1234A1F160CB
MON,0052903887,7E8,8,037F2E3100000000
MON,0052924162,7E0,8,042E12345B000000
MON,0052928253,7E8,8,037F2E3100000000
MON,0052948625,7E0,8,052E222200460000
MON,0052952716,7E8,8,037F2E3100000000
MON,0052973071,7E0,8,072E1234C19D8BEB
MON,0052977148,7E8,8,037F2E3100000000
MON,0052997390,7E0,8,052E12346F3C0000
MON,0053001477,7E8,8,037F2E3100000000
MON,0053021756,7E0,8,062E1234BEC15100
MON,0053025836,7E8,8,037F2E3100000000
MON,0053046121,7E0,8,062EF187B103F800
MON,0053050208,7E8,8,037F2E3100000000
MON,0053070445,7E0,8,052EF18785450000
MON,0053074531,7E8,8,037F2E3100000000
MON,0053094873,7E0,8,062E123471A91000
MON,0053098953,7E8,8,037F2E3100000000
MON,0053119295,7E0,8,052E1234EEC80000
MON,0053123381,7E8,8,037F2E3100000000
MON,0053143680,7E0,8,072E123484C41439
MON,0053147762,7E8,8,037F2E3100000000
MON,0053168064,7E0,8,072E12347E0EB0AF
MON,0053172145,7E8,8,037F2E3100000000
MON,0053192444,7E0,8,072E1234182B668E
MON,0053196523,7E8,8,037F2E3100000000
MON,0053216875,7E0,8,052E1234CA120000
MON,0053220960,7E8,8,037F2E3100000000
MON,0053241177,7E0,8,072E123485B43697
MON,0053245256,7E8,8,037F2E3100000000
MON,0053265594,7E0,8,052E1234EC860000
MON,0053269681,7E8,8,037F2E3100000000
MON,0053290110,7E0,8,062E1234C9F96E00
MON,0053294192,7E8,8,037F2E3100000000
MON,0053314345,7E0,8,062E1234C531DD00
MON,0053318428,7E8,8,037F2E3100000000
MON,0053338763,7E0,8,062E1234F4E63F00
MON,0053342843,7E8,8,037F2E3100000000
MON,0053363117,7E0,8,062E12344B40BD00
MON,0053367200,7E8,8,037F2E3100000000
MON,0053387538,7E0,8,042E12347D000000
MON,0053391629,7E8,8,037F2E3100000000
MON,0053411936,7E0,8,042E123458000000
MON,0053416025,7E8,8,037F2E3100000000
MON,0053436316,7E0,8,042E1234C3000000
MON,0053440407,7E8,8,037F2E3100000000
MON,0053460706,7E0,8,062E12349C2D1E00
MON,0053464789,7E8,8,037F2E3100000000
MON,0053485340,7E0,8,062E12349E81F300
MON,0053489422,7E8,8,037F2E3100000000
MON,0053509474,7E0,8,052E123445DE0000
MON,0053513561,7E8,8,037F2E3100000000
MON,0053533851,7E0,8,052E123494C40000
MON,0053537936,7E8,8,037F2E3100000000
MON,0053558266,7E0,8,052E1234B53E0000
MON,0053562352,7E8,8,037F2E3100000000
MON,0053582744,7E0,8,072E1234DA8CC653
MON,0053586821,7E8,8,037F2E3100000000
MON,0053606932,7E0,8,072E12349A7F8EAD
MON,0053611008,7E8,8,037F2E3100000000
MON,0053631451,7E0,8,072E123444C2889E
MON,0053635530,7E8,8,037F2E3100000000
MON,0053655776,7E0,8,032E123400000000
MON,0053659868,7E8,8,037F2E3100000000
MON,0053680120,7E0,8,042E123469000000
MON,0053684210,7E8,8,037F2E3100000000
MON,0053704615,7E0,8,042E12341F000000
MON,0053708706,7E8,8,037F2E3100000000
MON,0053728927,7E0,8,062E123416D22F00
MON,0053733007,7E8,8,037F2E3100000000
MON,0053753282,7E0,8,072E12345C470B3F
MON,0053757365,7E8,8,037F2E3100000000
MON,0053777704,7E0,8,052E12341E790000
MON,0053781791,7E8,8,037F2E3100000000
MON,0053802127,7E0,8,052E1234257C0000
MON,0053806214,7E8,8,037F2E3100000000
MON,0053826490,7E0,8,062E12341C5CF800
MON,0053830573,7E8,8,037F2E3100000000
MON,0053851184,7E0,8,032E123400000000
MON,0053855278,7E8,8,037F2E3100000000
MON,0053875201,7E0,8,042E12348B000000
MON,0053879291,7E8,8,037F2E3100000000
MON,0053899658,7E0,8,042E1234C2000000
MON,0053903752,7E8,8,037F2E3100000000
MON,0053924066,7E0,8,062E12347B093600
MON,0053928153,7E8,8,037F2E3100000000
MON,0053948413,7E0,8,052E1234681B0000
MON,0053952499,7E8,8,037F2E3100000000
MON,0053972762,7E0,8,072E12349DA81A18
MON,0053976838,7E8,8,037F2E3100000000
MON,0053997275,7E0,8,052E12344BB30000
MON,0054001361,7E8,8,037F2E3100000000
MON,0054021700,7E0,8,072E1234F00247AD
MON,0054025783,7E8,8,037F2E3100000000
MON,0054045928,7E0,8,062E3333E6A99B00
MON,0054050009,7E8,8,037F2E3100000000
MON,0054070390,7E0,8,062E2222E5AEB600
MON,0054074472,7E8,8,037F2E3100000000
MON,0054094704,7E0,8,072E1234D05DAA65
MON,0054098783,7E8,8,037F2E3100000000
MON,0054119176,7E0,8,042E123422000000
MON,0054123266,7E8,8,037F2E3100000000
MON,0054143565,7E0,8,042E123475000000
MON,0054147656,7E8,8,037F2E3100000000
MON,0054167935,7E0,8,072E123419A403DE
MON,0054172015,7E8,8,037F2E3100000000
MON,0054192301,7E0,8,052E123430820000
MON,0054196388,7E8,8,037F2E3100000000
MON,0054216721,7E0,8,032E123400000000
MON,0054220816,7E8,8,037F2E3100000000
MON,0054240967,7E0,8,072E22228DC402D6
MON,0054245048,7E8,8,037F2E3100000000
MON,0054265322,7E0,8,042E1234B1000000
MON,0054269413,7E8,8,037F2E3100000000
MON,0054289855,7E0,8,042E123480000000
MON,0054293944,7E8,8,037F2E3100000000
MON,0054314078,7E0,8,052E12347CCD0000
MON,0054318164,7E8,8,037F2E3100000000
MON,0054337668,7E0,8,052E1234B7870000
MON,0054341757,7E8,8,037F2E3100000000
MON,0054361964,7E0,8,072E1234330DC2F2
MON,0054366045,7E8,8,037F2E3100000000
MON,0054386325,7E0,8,042E12347F000000
MON,0054390416,7E8,8,037F2E3100000000
MON,0054410735,7E0,8,062E222299AE2D00
MON,0054414815,7E8,8,037F2E3100000000
MON,0054435315,7E0,8,062E12346E30AF00
MON,0054439398,7E8,8,037F2E3100000000
MON,0054459585,7E0,8,062E1234C01EB600
MON,0054463667,7E8,8,037F2E3100000000
MON,0054483911,7E0,8,072E1234141E3E49
MON,0054487987,7E8,8,037F2E3100000000
MON,0054508262,7E0,8,052E1234A57B0000
MON,0054512348,7E8,8,037F2E3100000000
MON,0054532714,7E0,8,052EF187B8830000
MON,0054536801,7E8,8,037F2E3100000000
MON,0054556969,7E0,8,042E1234C3000000
MON,0054561056,7E8,8,037F2E3100000000
MON,0054581498,7E0,8,062E12349EBF8B00
MON,0054585581,7E8,8,037F2E3100000000
MON,0054605753,7E0,8,072E12340B9B656B
MON,0054609834,7E8,8,037F2E3100000000
MON,0054630091,7E0,8,052E123419BD0000
MON,0054634178,7E8,8,037F2E3100000000
MON,0054653569,7E0,8,062E1234C245E700
MON,0054657651,7E8,8,037F2E3100000000
MON,0054677903,7E0,8,072E1234BAE4277E
MON,0054681979,7E8,8,037F2E3100000000
MON,0054701350,7E0,8,052EF1874C4F0000
MON,0054705437,7E8,8,037F2E3100000000
MON,0054725980,7E0,8,032E123400000000
MON,0054730073,7E8,8,037F2E3100000000
MON,0054750299,7E0,8,052E12345BD10000
MON,0054754385,7E8,8,037F2E3100000000
MON,0054774589,7E0,8,052E1234804E0000
MON,0054778675,7E8,8,037F2E3100000000
MON,0054799116,7E0,8,062E1001FDE35000
MON,0054803203,7E8,8,037F2E3100000000
MON,0054823480,7E0,8,052E12344D3E0000
MON,0054827566,7E8,8,037F2E3100000000
MON,0054847767,7E0,8,052E123486690000
MON,0054851851,7E8,8,037F2E3100000000
MON,0054872491,7E0,8,062E12349461B900
MON,0054876573,7E8,8,037F2E3100000000
MON,0054896642,7E0,8,032E123400000000
MON,0054900740,7E8,8,037F2E3100000000
MON,0054921042,7E0,8,042E333344000000
MON,0054925130,7E8,8,037F2E3100000000
MON,0054945215,7E0,8,072E123477C05FB6
MON,0054949294,7E8,8,037F2E3100000000
MON,0054970085,7E0,8,072E12345526900D
MON,0054974168,7E8,8,037F2E3100000000
MON,0054994011,7E0,8,062E1234EDFC3E00
MON,0054998091,7E8,8,037F2E3100000000
MON,0055018509,7E0,8,052E1234448E0000
MON,0055022595,7E8,8,037F2E3100000000
MON,0055042829,7E0,8,062E1234F4EC9200
MON,0055046910,7E8,8,037F2E3100000000
MON,0055067234,7E0,8,062E123471973F00
MON,0055071317,7E8,8,037F2E3100000000
MON,0055091650,7E0,8,042E123402000000
MON,0055095748,7E8,8,037F2E3100000000
MON,0055115983,7E0,8,072E1234767D69FC
MON,0055120059,7E8,8,037F2E3100000000
MON,0055140447,7E0,8,062E10015E8CDA00
MON,0055144534,7E8,8,037F2E3100000000
MON,0055164825,7E0,8,072E12342818F7E6
MON,0055168901,7E8,8,037F2E3100000000
MON,0055189114,7E0,8,072E22224E0D5CD6
MON,0055193197,7E8,8,037F2E3100000000
MON,0055213558,7E0,8,062E12347F4CB800
MON,0055217641,7E8,8,037F2E3100000000
MON,0055237847,7E0,8,042E100129000000
MON,0055241940,7E8,8,037F2E3100000000
MON,0055261334,7E0,8,072E123487ACBC47
MON,0055265413,7E8,8,037F2E3100000000
MON,0055285633,7E0,8,062E1234230D0600
MON,0055289724,7E8,8,037F2E3100000000
MON,0055309245,7E0,8,052E2222397E0000
MON,0055313331,7E8,8,037F2E3100000000
MON,0055333535,7E0,8,042E10018F000000
MON,0055337630,7E8,8,037F2E3100000000
MON,0055357932,7E0,8,052E1234FE770000
MON,0055362016,7E8,8,037F2E3100000000
MON,0055382268,7E0,8,052E123493630000
MON,0055386355,7E8,8,037F2E3100000000
MON,0055406575,7E0,8,042E12342B000000
MON,0055410665,7E8,8,037F2E3100000000
MON,0055430132,7E0,8,062E22229201C800
MON,0055434218,7E8,8,037F2E3100000000
MON,0055454635,7E0,8,052E1234AC4B0000
MON,0055458722,7E8,8,037F2E3100000000
MON,0055478954,7E0,8,042E1234B5000000
MON,0055483043,7E8,8,037F2E3100000000
MON,0055503267,7E0,8,062E3333F4E8D900
MON,0055507349,7E8,8,037F2E3100000000
MON,0055527648,7E0,8,052E12345EE10000
MON,0055531738,7E8,8,037F2E3100000000
MON,0055552147,7E0,8,062E12346771B300
MON,0055556230,7E8,8,037F2E3100000000
MON,0055576484,7E0,8,062EF1876EA7F900
MON,0055580566,7E8,8,037F2E3100000000
MON,0055600857,7E0,8,042E123420000000
MON,0055604945,7E8,8,037F2E3100000000
MON,0055625344,7E0,8,072E123463C76FC3
MON,0055629422,7E8,8,037F2E3100000000
MON,0055649631,7E0,8,032E123400000000
MON,0055653729,7E8,8,037F2E3100000000
MON,0055674054,7E0,8,042E12348E000000
MON,0055678143,7E8,8,037F2E3100000000
MON,0055698549,7E0,8,032E123400000000
MON,0055702643,7E8,8,037F2E3100000000
MON,0055722782,7E0,8,052E12348DB70000
MON,0055726866,7E8,8,037F2E3100000000
MON,0055747219,7E0,8,062E12347C19A500
MON,0055751301,7E8,8,037F2E3100000000
MON,0055771471,7E0,8,072E1234C7BFB8A1
MON,0055775549,7E8,8,037F2E3100000000
MON,0055795924,7E0,8,042E1234B1000000
MON,0055800013,7E8,8,037F2E3100000000
MON,0055820709,7E0,8,042E12341A000000
MON,0055824799,7E8,8,037F2E3100000000
MON,0055844665,7E0,8,052E1234BB220000
MON,0055848755,7E8,8,037F2E3100000000
MON,0055869074,7E0,8,042E1234F9000000
MON,0055873164,7E8,8,037F2E3100000000
MON,0055893565,7E0,8,072E12349AC94FE4
MON,0055897643,7E8,8,037F2E3100000000
MON,0055918007,7E0,8,072E1234917720D2
MON,0055922083,7E8,8,037F2E3100000000
MON,0055942382,7E0,8,072E12341FF9E993
MON,0055946461,7E8,8,037F2E3100000000
MON,0055966653,7E0,8,042E123480000000
MON,0055970746,7E8,8,037F2E3100000000
MON,0055991003,7E0,8,072E12349A68D3E8
MON,0055995080,7E8,8,037F2E3100000000
MON,0056015277,7E0,8,062E12342F914300
MON,0056019360,7E8,8,037F2E3100000000
MON,0056038787,7E0,8,072E12341ABFC380
MON,0056042863,7E8,8,037F2E3100000000
MON,0056063149,7E0,8,032E123400000000
MON,0056067243,7E8,8,037F2E3100000000
MON,0056087731,7E0,8,042E1234A8000000
MON,0056091819,7E8,8,037F2E3100000000
MON,0056112065,7E0,8,042E123428000000
MON,0056116155,7E8,8,037F2E3100000000
MON,0056136410,7E0,8,042E12341A000000
MON,0056140500,7E8,8,037F2E3100000000
MON,0056160870,7E0,8,062E123406926200
MON,0056164955,7E8,8,037F2E3100000000
MON,0056185251,7E0,8,062E1234079FED00
MON,0056189338,7E8,8,037F2E3100000000
MON,0056209423,7E0,8,042E123407000000
MON,0056213518,7E8,8,037F2E3100000000
MON,0056232900,7E0,8,052E1234D6750000
MON,0056236985,7E8,8,037F2E3100000000
MON,0056257366,7E0,8,072E1234787F5D82
MON,0056261445,7E8,8,037F2E3100000000
MON,0056281786,7E0,8,062E12347F96CC00
MON,0056285866,7E8,8,037F2E3100000000
MON,0056306185,7E0,8,062E1001E8463200
MON,0056310272,7E8,8,037F2E3100000000
MON,0056330655,7E0,8,072E1234107C326E
MON,0056334736,7E8,8,037F2E3100000000
MON,0056355382,7E0,8,072E1234D093A662
MON,0056359461,7E8,8,037F2E3100000000
MON,0056379378,7E0,8,072E123415CCA02F
MON,0056383456,7E8,8,037F2E3100000000
MON,0056403730,7E0,8,062E1001A2055800
MON,0056407819,7E8,8,037F2E3100000000
MON,0056428037,7E0,8,062E1234B5730D00
MON,0056432122,7E8,8,037F2E3100000000
MON,0056452517,7E0,8,072E12345BC17373
MON,0056456595,7E8,8,037F2E3100000000
MON,0056476891,7E0,8,072E12344A6F87DF
MON,0056480968,7E8,8,037F2E3100000000
MON,0056501230,7E0,8,072E1234CA75EE89
MON,0056505309,7E8,8,037F2E3100000000
MON,0056525591,7E0,8,042E1234BC000000
MON,0056529682,7E8,8,037F2E3100000000
MON,0056549964,7E0,8,072E33336E8BB42D
MON,0056554040,7E8,8,037F2E3100000000
MON,0056574399,7E0,8,062E123432BF8200
MON,0056578482,7E8,8,037F2E3100000000
MON,0056599171,7E0,8,052E123405730000
MON,0056603262,7E8,8,037F2E3100000000
MON,0056623083,7E0,8,062E12340A009800
MON,0056627174,7E8,8,037F2E3100000000
MON,0056646604,7E0,8,062E123467FE1600
MON,0056650687,7E8,8,037F2E3100000000
MON,0056671099,7E0,8,062E123476BE1000
MON,0056675181,7E8,8,037F2E3100000000
MON,0056695390,7E0,8,052E1234C1E30000
MON,0056699477,7E8,8,037F2E3100000000
MON,0056719796,7E0,8,062E12344A7D4500
MON,0056723876,7E8,8,037F2E3100000000
MON,0056744240,7E0,8,062EF18730EAC200
MON,0056748323,7E8,8,037F2E3100000000
MON,0056768571,7E0,8,072E1234858C51D1
MON,0056772649,7E8,8,037F2E3100000000
MON,0056793002,7E0,8,042E2222C8000000
MON,0056797091,7E8,8,037F2E3100000000
MON,0056817300,7E0,8,072E1234E819C492
MON,0056821378,7E8,8,037F2E3100000000
MON,0056841944,7E0,8,052E123466870000
MON,0056846029,7E8,8,037F2E3100000000
MON,0056866095,7E0,8,072E12343A5F3E4F
MON,0056870173,7E8,8,037F2E3100000000
MON,0056890745,7E0,8,052E123448AA0000
MON,0056894829,7E8,8,037F2E3100000000
MON,0056914952,7E0,8,072E1234C4BADCB7
MON,0056919028,7E8,8,037F2E3100000000
MON,0056939285,7E0,8,072E1234D2665324
MON,0056943364,7E8,8,037F2E3100000000
MON,0056963646,7E0,8,072E1234E7298572
MON,0056967725,7E8,8,037F2E3100000000
MON,0056988119,7E0,8,042E1234E1000000
MON,0056992209,7E8,8,037F2E3100000000
MON,0057012486,7E0,8,042E123466000000
MON,0057016576,7E8,8,037F2E3100000000
MON,0057036991,7E0,8,062E123416C4E900
MON,0057041071,7E8,8,037F2E3100000000
MON,0057061286,7E0,8,052E3333CA710000
MON,0057065373,7E8,8,037F2E3100000000
MON,0057085638,7E0,8,072E1234637098E9
MON,0057089717,7E8,8,037F2E3100000000
MON,0057110022,7E0,8,052E12348AFD0000
MON,0057114105,7E8,8,037F2E3100000000
MON,0057134483,7E0,8,072E1234186E6E87
MON,0057138561,7E8,8,037F2E3100000000
MON,0057158841,7E0,8,062E1234888B6A00
MON,0057162921,7E8,8,037F2E3100000000
MON,0057183252,7E0,8,052E123436270000
MON,0057187339,7E8,8,037F2E3100000000
MON,0057207587,7E0,8,062E123464AF8800
MON,0057211670,7E8,8,037F2E3100000000
MON,0057232020,7E0,8,042E123421000000
MON,0057236108,7E8,8,037F2E3100000000
MON,0057256396,7E0,8,072E123434D6E8D6
MON,0057260474,7E8,8,037F2E3100000000
MON,0057280832,7E0,8,062E1234CC7A2700
MON,0057284911,7E8,8,037F2E3100000000
MON,0057305140,7E0,8,052E1234CACB0000
MON,0057309227,7E8,8,037F2E3100000000
MON,0057329656,7E0,8,042E123428000000
MON,0057333749,7E8,8,037F2E3100000000
MON,0057354018,7E0,8,042EF18742000000
MON,0057358105,7E8,8,037F2E3100000000
MON,0057378393,7E0,8,072E1234EFD45C0A
MON,0057382476,7E8,8,037F2E3100000000
MON,0057402739,7E0,8,052E1234AF2E0000
MON,0057406823,7E8,8,037F2E3100000000
MON,0057427222,7E0,8,042E1234C7000000
MON,0057431312,7E8,8,037F2E3100000000
MON,0057451879,7E0,8,072E123413DCAC4B
MON,0057455955,7E8,8,037F2E3100000000
MON,0057475853,7E0,8,072E123498518CFB
MON,0057479929,7E8,8,037F2E3100000000
MON,0057500367,7E0,8,042E10019A000000
MON,0057504462,7E8,8,037F2E3100000000
MON,0057524747,7E0,8,042E10012A000000
MON,0057528840,7E8,8,037F2E3100000000
MON,0057549014,7E0,8,062E123438A07600
MON,0057553094,7E8,8,037F2E3100000000
MON,0057573472,7E0,8,072E123410308099
MON,0057577550,7E8,8,037F2E3100000000
MON,0057598083,7E0,8,072E1234ABC9F897
MON,0057602161,7E8,8,037F2E3100000000
MON,0057622314,7E0,8,052E12341D030000
MON,0057626405,7E8,8,037F2E3100000000
MON,0057646687,7E0,8,042E123420000000
MON,0057650778,7E8,8,037F2E3100000000
MON,0057671030,7E0,8,052E1234D8980000
MON,0057675114,7E8,8,037F2E3100000000
MON,0057695402,7E0,8,062E1234EE8A8E00
MON,0057699484,7E8,8,037F2E3100000000
MON,0057719814,7E0,8,042E12342A000000
MON,0057723903,7E8,8,037F2E3100000000
MON,0057744334,7E0,8,042E1234D7000000
MON,0057748425,7E8,8,037F2E3100000000
MON,0057768600,7E0,8,052E123456CD0000
MON,0057772687,7E8,8,037F2E3100000000
MON,0057792969,7E0,8,062E1234BDC3AC00
MON,0057797050,7E8,8,037F2E3100000000
MON,0057817300,7E0,8,062E12348AFE1300
MON,0057821383,7E8,8,037F2E3100000000
MON,0057841699,7E0,8,072E1234448F2AC5
MON,0057845778,7E8,8,037F2E3100000000
MON,0057866103,7E0,8,072E12344BF92A92
MON,0057870181,7E8,8,037F2E3100000000
MON,0057890452,7E0,8,052E1234A7650000
MON,0057894539,7E8,8,037F2E3100000000
MON,0057914942,7E0,8,042E123439000000
MON,0057919030,7E8,8,037F2E3100000000
MON,0057939282,7E0,8,032E123400000000
MON,0057943377,7E8,8,037F2E3100000000
MON,0057963642,7E0,8,042E123423000000
MON,0057967735,7E8,8,037F2E3100000000
MON,0057988088,7E0,8,042E3333C4000000
MON,0057992179,7E8,8,037F2E3100000000
MON,0058012484,7E0,8,052E1234DA8C0000
MON,0058016570,7E8,8,037F2E3100000000
MON,0058036968,7E0,8,052E12343C3A0000
MON,0058041052,7E8,8,037F2E3100000000
MON,0058061237,7E0,8,062E123455E9EC00
MON,0058065320,7E8,8,037F2E3100000000
MON,0058085484,7E0,8,062E33331C922600
MON,0058089566,7E8,8,037F2E3100000000
MON,0058109885,7E0,8,072E1234D8738B0C
MON,0058113966,7E8,8,037F2E3100000000
MON,0058134403,7E0,8,042E12347C000000
MON,0058138494,7E8,8,037F2E3100000000
MON,0058158779,7E0,8,072E1234506EA1BD
MON,0058162855,7E8,8,037F2E3100000000
MON,0058183214,7E0,8,052E123450400000
MON,0058187301,7E8,8,037F2E3100000000
MON,0058207527,7E0,8,042E1234CB000000
MON,0058211617,7E8,8,037F2E3100000000
MON,0058231931,7E0,8,072E123491828FA9
MON,0058236007,7E8,8,037F2E3100000000
MON,0058256382,7E0,8,042E1234AE000000
MON,0058260473,7E8,8,037F2E3100000000
MON,0058280693,7E0,8,072E123485410F03
MON,0058284781,7E8,8,037F2E3100000000
MON,0058305062,7E0,8,062E12343AEA2300
MON,0058309141,7E8,8,037F2E3100000000
MON,0058329446,7E0,8,052E123484850000
MON,0058333532,7E8,8,037F2E3100000000
MON,0058354025,7E0,8,062E1234A7732700
MON,0058358106,7E8,8,037F2E3100000000
MON,0058378270,7E0,8,042E123453000000
MON,0058382360,7E8,8,037F2E3100000000
MON,0058402626,7E0,8,062E2222825A4600
MON,0058406709,7E8,8,037F2E3100000000
MON,0058426969,7E0,8,042E12346B000000
MON,0058431056,7E8,8,037F2E3100000000
MON,0058451386,7E0,8,042E123417000000
MON,0058455476,7E8,8,037F2E3100000000
MON,0058475733,7E0,8,062E1234A76F5A00
MON,0058479814,7E8,8,037F2E3100000000
MON,0058500206,7E0,8,042E123472000000
MON,0058504297,7E8,8,037F2E3100000000
MON,0058524461,7E0,8,072E12349BFEDD67
MON,0058528540,7E8,8,037F2E3100000000
MON,0058548949,7E0,8,042E12340A000000
MON,0058553041,7E8,8,037F2E3100000000
MON,0058573310,7E0,8,072E123410C044CC
MON,0058577389,7E8,8,037F2E3100000000
MON,0058597752,7E0,8,072E1234F1B3B5A8
MON,0058601829,7E8,8,037F2E3100000000
MON,0058622075,7E0,8,072E12349DEA9062
MON,0058626154,7E8,8,037F2E3100000000
MON,0058646509,7E0,8,042E2222C7000000
MON,0058650600,7E8,8,037F2E3100000000
MON,0058670862,7E0,8,032E123400000000
MON,0058674955,7E8,8,037F2E3100000000
MON,0058695275,7E0,8,062E123491F27600
MON,0058699357,7E8,8,037F2E3100000000
MON,0058719634,7E0,8,072E12349E73E604
MON,0058723717,7E8,8,037F2E3100000000
MON,0058744174,7E0,8,052E12347F4E0000
MON,0058748261,7E8,8,037F2E3100000000
MON,0058768386,7E0,8,052E123446420000
MON,0058772472,7E8,8,037F2E3100000000
MON,0058792926,7E0,8,052E123407500000
MON,0058797015,7E8,8,037F2E3100000000
MON,0058817216,7E0,8,052E12340BB80000
MON,0058821307,7E8,8,037F2E3100000000
MON,0058841725,7E0,8,032E123400000000
MON,0058845821,7E8,8,037F2E3100000000
MON,0058865977,7E0,8,072E1234D22B8D8C
MON,0058870053,7E8,8,037F2E3100000000
MON,0058890338,7E0,8,032E123400000000
MON,0058894432,7E8,8,037F2E3100000000
MON,0058914752,7E0,8,062E123459E97B00
MON,0058918832,7E8,8,037F2E3100000000
MON,0058939118,7E0,8,072E12343E299320
MON,0058943196,7E8,8,037F2E3100000000
MON,0058963591,7E0,8,032E123400000000
MON,0058967686,7E8,8,037F2E3100000000
MON,0058987873,7E0,8,062E123486AAEC00
MON,0058991953,7E8,8,037F2E3100000000
MON,0059012278,7E0,8,042E123481000000
MON,0059016369,7E8,8,037F2E3100000000
MON,0059036789,7E0,8,042E12346F000000
MON,0059040877,7E8,8,037F2E3100000000
MON,0059061343,7E0,8,062E1234CC7A1400
MON,0059065425,7E8,8,037F2E3100000000
MON,0059085443,7E0,8,052E1001058A0000
MON,0059089539,7E8,8,037F2E3100000000
MON,0059109751,7E0,8,052E222207910000
MON,0059113840,7E8,8,037F2E3100000000
MON,0059134131,7E0,8,032E123400000000
MON,0059138225,7E8,8,037F2E3100000000
MON,0059158519,7E0,8,042E1234CF000000
MON,0059162609,7E8,8,037F2E3100000000
MON,0059182979,7E0,8,072E1234B224126B
MON,0059187055,7E8,8,037F2E3100000000
MON,0059207341,7E0,8,042E1234E6000000
MON,0059211432,7E8,8,037F2E3100000000
MON,0059231692,7E0,8,032E123400000000
MON,0059235786,7E8,8,037F2E3100000000
MON,0059256189,7E0,8,052E1234E8E30000
MON,0059260276,7E8,8,037F2E3100000000
MON,0059280429,7E0,8,062E1234C2CC6400
MON,0059284511,7E8,8,037F2E3100000000
MON,0059304915,7E0,8,072E1234ACA52E3F
MON,0059308991,7E8,8,037F2E3100000000
MON,0059329339,7E0,8,032E123400000000
MON,0059333433,7E8,8,037F2E3100000000
MON,0059353643,7E0,8,032E123400000000
MON,0059357740,7E8,8,037F2E3100000000
MON,0059378082,7E0,8,052E1234C1EF0000
MON,0059382168,7E8,8,037F2E3100000000
MON,0059402439,7E0,8,042E3333A2000000
MON,0059406530,7E8,8,037F2E3100000000
MON,0059426871,7E0,8,042E123432000000
MON,0059430960,7E8,8,037F2E3100000000
MON,0059451234,7E0,8,072E1234835FC2CD
MON,0059455313,7E8,8,037F2E3100000000
MON,0059475657,7E0,8,042E1234A3000000
MON,0059479750,7E8,8,037F2E3100000000
MON,0059499991,7E0,8,052E1234FDB00000
MON,0059504075,7E8,8,037F2E3100000000
MON,0059524414,7E0,8,062E123407DD5B00
MON,0059528501,7E8,8,037F2E3100000000
MON,0059548887,7E0,8,062E3333C56FFA00
MON,0059552968,7E8,8,037F2E3100000000
MON,0059573225,7E0,8,052E123425A80000
MON,0059577311,7E8,8,037F2E3100000000
MON,0059597695,7E0,8,062E1234D2A3F100
MON,0059601778,7E8,8,037F2E3100000000
MON,0059622059,7E0,8,042E1234E1000000
MON,0059626147,7E8,8,037F2E3100000000
MON,0059646390,7E0,8,052E1234C92B0000
MON,0059650476,7E8,8,037F2E3100000000
MON,0059670697,7E0,8,062E12345427FB00
MON,0059674780,7E8,8,037F2E3100000000
MON,0059695189,7E0,8,062E1234BE892000
MON,0059699272,7E8,8,037F2E3100000000
MON,0059719487,7E0,8,042E1001DA000000
MON,0059723582,7E8,8,037F2E3100000000
MON,0059743889,7E0,8,042E1001E2000000
MON,0059747982,7E8,8,037F2E3100000000
MON,0059768262,7E0,8,072E12340FC9DACA
MON,0059772345,7E8,8,037F2E3100000000
MON,0059792765,7E0,8,062E123409E73D00
MON,0059796850,7E8,8,037F2E3100000000
MON,0059817299,7E0,8,072E3333818F0607
MON,0059821386,7E8,8,037F2E3100000000
MON,0059841646,7E0,8,032E123400000000
MON,0059845744,7E8,8,037F2E3100000000
MON,0059865877,7E0,8,052E1001F8A40000
MON,0059869966,7E8,8,037F2E3100000000
MON,0059890240,7E0,8,042E1234B5000000
MON,0059894331,7E8,8,037F2E3100000000
MON,0059914658,7E0,8,062E1234D2EEE000
MON,0059918744,7E8,8,037F2E3100000000
MON,0059939012,7E0,8,062E22229B7F9200
MON,0059943092,7E8,8,037F2E3100000000
MON,0059963684,7E0,8,052E1234F6FD0000
MON,0059967770,7E8,8,037F2E3100000000
MON,0059987819,7E0,8,042E1234A3000000
MON,0059991908,7E8,8,037F2E3100000000
MON,0060012379,7E0,8,062E123442D8AB00
MON,0060016462,7E8,8,037F2E3100000000
MON,0060036598,7E0,8,052E12345F3B0000
MON,0060040684,7E8,8,037F2E3100000000
MON,0060060916,7E0,8,062E1001F3DBC300
MON,0060065001,7E8,8,037F2E3100000000
MON,0060085360,7E0,8,052E333332CE0000
MON,0060089446,7E8,8,037F2E3100000000
MON,0060109799,7E0,8,042E123403000000
MON,0060113892,7E8,8,037F2E3100000000
MON,0060134020,7E0,8,052E1234BF900000
MON,0060138104,7E8,8,037F2E3100000000
MON,0060158357,7E0,8,032E123400000000
MON,0060162452,7E8,8,037F2E3100000000
