Archive member included to satisfy reference by file (symbol)

/usr/lib/gcc/arm-none-eabi/10.3.1/thumb/v7e-m+fp/hard/libgcc.a(_aeabi_uldivmod.o)
                              build/stm32g4xx_hal_uart.o (__aeabi_uldivmod)
/usr/lib/gcc/arm-none-eabi/10.3.1/thumb/v7e-m+fp/hard/libgcc.a(_udivmoddi4.o)
                              /usr/lib/gcc/arm-none-eabi/10.3.1/thumb/v7e-m+fp/hard/libgcc.a(_aeabi_uldivmod.o) (__udivmoddi4)
/usr/lib/gcc/arm-none-eabi/10.3.1/thumb/v7e-m+fp/hard/libgcc.a(_dvmd_tls.o)
                              /usr/lib/gcc/arm-none-eabi/10.3.1/thumb/v7e-m+fp/hard/libgcc.a(_aeabi_uldivmod.o) (__aeabi_ldiv0)
/usr/lib/gcc/arm-none-eabi/10.3.1/../../../arm-none-eabi/lib/thumb/v7e-m+fp/hard/libc_nano.a(lib_a-atexit.o)
                              /usr/lib/gcc/arm-none-eabi/10.3.1/../../../arm-none-eabi/lib/thumb/v7e-m+fp/hard/crt0.o (atexit)
/usr/lib/gcc/arm-none-eabi/10.3.1/../../../arm-none-eabi/lib/thumb/v7e-m+fp/hard/libc_nano.a(lib_a-exit.o)
                              /usr/lib/gcc/arm-none-eabi/10.3.1/../../../arm-none-eabi/lib/thumb/v7e-m+fp/hard/crt0.o (exit)
/usr/lib/gcc/arm-none-eabi/10.3.1/../../../arm-none-eabi/lib/thumb/v7e-m+fp/hard/libc_nano.a(lib_a-fini.o)
                              /usr/lib/gcc/arm-none-eabi/10.3.1/../../../arm-none-eabi/lib/thumb/v7e-m+fp/hard/crt0.o (__libc_fini_array)
/usr/lib/gcc/arm-none-eabi/10.3.1/../../../arm-none-eabi/lib/thumb/v7e-m+fp/hard/libc_nano.a(lib_a-impure.o)
                              /usr/lib/gcc/arm-none-eabi/10.3.1/../../../arm-none-eabi/lib/thumb/v7e-m+fp/hard/libc_nano.a(lib_a-exit.o) (_global_impure_ptr)
/usr/lib/gcc/arm-none-eabi/10.3.1/../../../arm-none-eabi/lib/thumb/v7e-m+fp/hard/libc_nano.a(lib_a-init.o)
                              /usr/lib/gcc/arm-none-eabi/10.3.1/../../../arm-none-eabi/lib/thumb/v7e-m+fp/hard/crt0.o (__libc_init_array)
/usr/lib/gcc/arm-none-eabi/10.3.1/../../../arm-none-eabi/lib/thumb/v7e-m+fp/hard/libc_nano.a(lib_a-memcpy.o)
                              build/can_observer_user.o (memcpy)
/usr/lib/gcc/arm-none-eabi/10.3.1/../../../arm-none-eabi/lib/thumb/v7e-m+fp/hard/libc_nano.a(lib_a-memset.o)
                              /usr/lib/gcc/arm-none-eabi/10.3.1/../../../arm-none-eabi/lib/thumb/v7e-m+fp/hard/crt0.o (memset)
/usr/lib/gcc/arm-none-eabi/10.3.1/../../../arm-none-eabi/lib/thumb/v7e-m+fp/hard/libc_nano.a(lib_a-snprintf.o)
                              build/can_observer_user.o (snprintf)
/usr/lib/gcc/arm-none-eabi/10.3.1/../../../arm-none-eabi/lib/thumb/v7e-m+fp/hard/libc_nano.a(lib_a-strlen.o)
                              build/can_observer_user.o (strlen)
/usr/lib/gcc/arm-none-eabi/10.3.1/../../../arm-none-eabi/lib/thumb/v7e-m+fp/hard/libc_nano.a(lib_a-__atexit.o)
                              /usr/lib/gcc/arm-none-eabi/10.3.1/../../../arm-none-eabi/lib/thumb/v7e-m+fp/hard/libc_nano.a(lib_a-atexit.o) (__register_exitproc)
/usr/lib/gcc/arm-none-eabi/10.3.1/../../../arm-none-eabi/lib/thumb/v7e-m+fp/hard/libc_nano.a(lib_a-__call_atexit.o)
                              /usr/lib/gcc/arm-none-eabi/10.3.1/../../../arm-none-eabi/lib/thumb/v7e-m+fp/hard/libc_nano.a(lib_a-__atexit.o) (__call_exitprocs)
/usr/lib/gcc/arm-none-eabi/10.3.1/../../../arm-none-eabi/lib/thumb/v7e-m+fp/hard/libc_nano.a(lib_a-nano-svfprintf.o)
                              /usr/lib/gcc/arm-none-eabi/10.3.1/../../../arm-none-eabi/lib/thumb/v7e-m+fp/hard/libc_nano.a(lib_a-snprintf.o) (_svfprintf_r)
/usr/lib/gcc/arm-none-eabi/10.3.1/../../../arm-none-eabi/lib/thumb/v7e-m+fp/hard/libc_nano.a(lib_a-nano-vfprintf_i.o)
                              /usr/lib/gcc/arm-none-eabi/10.3.1/../../../arm-none-eabi/lib/thumb/v7e-m+fp/hard/libc_nano.a(lib_a-nano-svfprintf.o) (_printf_i)
/usr/lib/gcc/arm-none-eabi/10.3.1/../../../arm-none-eabi/lib/thumb/v7e-m+fp/hard/libc_nano.a(lib_a-memchr.o)
                              /usr/lib/gcc/arm-none-eabi/10.3.1/../../../arm-none-eabi/lib/thumb/v7e-m+fp/hard/libc_nano.a(lib_a-nano-svfprintf.o) (memchr)
/usr/lib/gcc/arm-none-eabi/10.3.1/../../../arm-none-eabi/lib/thumb/v7e-m+fp/hard/libc_nano.a(lib_a-memmove.o)
                              /usr/lib/gcc/arm-none-eabi/10.3.1/../../../arm-none-eabi/lib/thumb/v7e-m+fp/hard/libc_nano.a(lib_a-nano-svfprintf.o) (memmove)
/usr/lib/gcc/arm-none-eabi/10.3.1/../../../arm-none-eabi/lib/thumb/v7e-m+fp/hard/libc_nano.a(lib_a-nano-freer.o)
                              /usr/lib/gcc/arm-none-eabi/10.3.1/../../../arm-none-eabi/lib/thumb/v7e-m+fp/hard/libc_nano.a(lib_a-nano-svfprintf.o) (_free_r)
/usr/lib/gcc/arm-none-eabi/10.3.1/../../../arm-none-eabi/lib/thumb/v7e-m+fp/hard/libc_nano.a(lib_a-nano-mallocr.o)
                              /usr/lib/gcc/arm-none-eabi/10.3.1/../../../arm-none-eabi/lib/thumb/v7e-m+fp/hard/libc_nano.a(lib_a-nano-svfprintf.o) (_malloc_r)
/usr/lib/gcc/arm-none-eabi/10.3.1/../../../arm-none-eabi/lib/thumb/v7e-m+fp/hard/libc_nano.a(lib_a-nano-reallocr.o)
[...]
Memory Configuration

Name             Origin             Length             Attributes
RAM              0x0000000020000000 0x0000000000020000 xrw
FLASH            0x0000000008000000 0x0000000000080000 xr
*default*        0x0000000000000000 0xffffffffffffffff

Linker script and memory map

LOAD /usr/lib/gcc/arm-none-eabi/10.3.1/thumb/v7e-m+fp/hard/crti.o
LOAD /usr/lib/gcc/arm-none-eabi/10.3.1/thumb/v7e-m+fp/hard/crtbegin.o
LOAD /usr/lib/gcc/arm-none-eabi/10.3.1/../../../arm-none-eabi/lib/thumb/v7e-m+fp/hard/crt0.o
LOAD build/main.o
LOAD build/stm32g4xx_hal_msp.o
LOAD build/stm32g4xx_it.o
LOAD build/can_observer_user.o
LOAD build/system_stm32g4xx.o
LOAD build/stm32g4xx_hal.o
LOAD build/stm32g4xx_hal_cortex.o
LOAD build/stm32g4xx_hal_dma.o
LOAD build/stm32g4xx_hal_dma_ex.o
LOAD build/stm32g4xx_hal_fdcan.o
LOAD build/stm32g4xx_hal_flash.o
LOAD build/stm32g4xx_hal_flash_ex.o
LOAD build/stm32g4xx_hal_gpio.o
LOAD build/stm32g4xx_hal_pwr.o
LOAD build/stm32g4xx_hal_pwr_ex.o
LOAD build/stm32g4xx_hal_rcc.o
LOAD build/stm32g4xx_hal_rcc_ex.o
LOAD build/stm32g4xx_hal_uart.o
LOAD build/stm32g4xx_hal_uart_ex.o
LOAD build/startup_stm32g474xx.o
START GROUP
LOAD /usr/lib/gcc/arm-none-eabi/10.3.1/thumb/v7e-m+fp/hard/libgcc.a
LOAD /usr/lib/gcc/arm-none-eabi/10.3.1/../../../arm-none-eabi/lib/thumb/v7e-m+fp/hard/libc_nano.a
END GROUP
START GROUP
LOAD /usr/lib/gcc/arm-none-eabi/10.3.1/thumb/v7e-m+fp/hard/libgcc.a
LOAD /usr/lib/gcc/arm-none-eabi/10.3.1/../../../arm-none-eabi/lib/thumb/v7e-m+fp/hard/libc_nano.a
LOAD /usr/lib/gcc/arm-none-eabi/10.3.1/../../../arm-none-eabi/lib/thumb/v7e-m+fp/hard/libnosys.a
END GROUP
START GROUP
LOAD /usr/lib/gcc/arm-none-eabi/10.3.1/thumb/v7e-m+fp/hard/libgcc.a
LOAD /usr/lib/gcc/arm-none-eabi/10.3.1/../../../arm-none-eabi/lib/thumb/v7e-m+fp/hard/libc_nano.a
LOAD /usr/lib/gcc/arm-none-eabi/10.3.1/../../../arm-none-eabi/lib/thumb/v7e-m+fp/hard/libnosys.a
END GROUP
LOAD /usr/lib/gcc/arm-none-eabi/10.3.1/thumb/v7e-m+fp/hard/crtend.o
LOAD /usr/lib/gcc/arm-none-eabi/10.3.1/thumb/v7e-m+fp/hard/crtn.o
                0x0000000020020000                _estack = (ORIGIN (RAM) + LENGTH (RAM))
                0x0000000000000200                _Min_Heap_Size = 0x200
                0x0000000000000400                _Min_Stack_Size = 0x400

.isr_vector     0x0000000008000000      0x1d8
                0x0000000008000000                . = ALIGN (0x4)
 *(.isr_vector)
 .isr_vector    0x0000000008000000      0x1d8 build/startup_stm32g474xx.o
                0x0000000008000000                g_pfnVectors
                0x00000000080001d8                . = ALIGN (0x4)

.text           0x0000000008000200     0x3938
                0x0000000008000200                . = ALIGN (0x4)
 *(.text)
 .text          0x0000000008000200       0x88 /usr/lib/gcc/arm-none-eabi/10.3.1/thumb/v7e-m+fp/hard/crtbegin.o
 .text          0x0000000008000288       0x30 /usr/lib/gcc/arm-none-eabi/10.3.1/thumb/v7e-m+fp/hard/libgcc.a(_aeabi_uldivmod.o)
                0x0000000008000288                __aeabi_uldivmod
 .text          0x00000000080002b8      0x2d0 /usr/lib/gcc/arm-none-eabi/10.3.1/thumb/v7e-m+fp/hard/libgcc.a(_udivmoddi4.o)
                0x00000000080002b8                __udivmoddi4
 .text          0x0000000008000588        0x4 /usr/lib/gcc/arm-none-eabi/10.3.1/thumb/v7e-m+fp/hard/libgcc.a(_dvmd_tls.o)
                0x0000000008000588                __aeabi_ldiv0
                0x0000000008000588                __aeabi_idiv0
 .text          0x000000000800058c       0x48 /usr/lib/gcc/arm-none-eabi/10.3.1/../../../arm-none-eabi/lib/thumb/v7e-m+fp/hard/libc_nano.a(lib_a-init.o)
                0x000000000800058c                __libc_init_array
 .text          0x00000000080005d4      0x134 /usr/lib/gcc/arm-none-eabi/10.3.1/../../../arm-none-eabi/lib/thumb/v7e-m+fp/hard/libc_nano.a(lib_a-memcpy.o)
                0x00000000080005d4                memcpy
 .text          0x0000000008000708       0xa4 /usr/lib/gcc/arm-none-eabi/10.3.1/../../../arm-none-eabi/lib/thumb/v7e-m+fp/hard/libc_nano.a(lib_a-memset.o)
                0x0000000008000708                memset
 .text          0x00000000080007ac      0x108 /usr/lib/gcc/arm-none-eabi/10.3.1/../../../arm-none-eabi/lib/thumb/v7e-m+fp/hard/libc_nano.a(lib_a-snprintf.o)
                0x00000000080007ac                _sniprintf_r
                0x00000000080007ac                _snprintf_r
                0x000000000800082c                snprintf
                0x000000000800082c                sniprintf
 *fill*         0x00000000080008b4        0xc 
 .text          0x00000000080008c0       0xdc /usr/lib/gcc/arm-none-eabi/10.3.1/../../../arm-none-eabi/lib/thumb/v7e-m+fp/hard/libc_nano.a(lib_a-strlen.o)
                0x00000000080008c0                strlen
 .text          0x000000000800099c      0x3f0 /usr/lib/gcc/arm-none-eabi/10.3.1/../../../arm-none-eabi/lib/thumb/v7e-m+fp/hard/libc_nano.a(lib_a-nano-svfprintf.o)
                0x000000000800099c                __ssputs_r
                0x0000000008000a60                __ssprint_r
                0x0000000008000b58                _svfprintf_r
                0x0000000008000b58                _svfiprintf_r
 .text          0x0000000008000d8c      0x3dc /usr/lib/gcc/arm-none-eabi/10.3.1/../../../arm-none-eabi/lib/thumb/v7e-m+fp/hard/libc_nano.a(lib_a-nano-vfprintf_i.o)
                0x0000000008000d8c                _printf_common
                0x0000000008000eb8                _printf_i
 *fill*         0x0000000008001168        0x8 
 .text          0x0000000008001170       0xa0 /usr/lib/gcc/arm-none-eabi/10.3.1/../../../arm-none-eabi/lib/thumb/v7e-m+fp/hard/libc_nano.a(lib_a-memchr.o)
                0x0000000008001170                memchr
 .text          0x0000000008001210       0xf8 /usr/lib/gcc/arm-none-eabi/10.3.1/../../../arm-none-eabi/lib/thumb/v7e-m+fp/hard/libc_nano.a(lib_a-memmove.o)
                0x0000000008001210                memmove
 .text          0x0000000008001308       0xc4 /usr/lib/gcc/arm-none-eabi/10.3.1/../../../arm-none-eabi/lib/thumb/v7e-m+fp/hard/libc_nano.a(lib_a-nano-freer.o)
                0x0000000008001308                _free_r
 .text          0x00000000080013cc       0xb4 /usr/lib/gcc/arm-none-eabi/10.3.1/../../../arm-none-eabi/lib/thumb/v7e-m+fp/hard/libc_nano.a(lib_a-nano-mallocr.o)
                0x00000000080013cc                _malloc_r
 .text          0x0000000008001480       0x50 /usr/lib/gcc/arm-none-eabi/10.3.1/../../../arm-none-eabi/lib/thumb/v7e-m+fp/hard/libc_nano.a(lib_a-nano-reallocr.o)
                0x0000000008001480                _realloc_r
 .text          0x00000000080014d0       0x24 /usr/lib/gcc/arm-none-eabi/10.3.1/../../../arm-none-eabi/lib/thumb/v7e-m+fp/hard/libc_nano.a(lib_a-sbrkr.o)
                0x00000000080014d0                _sbrk_r
 .text          0x00000000080014f4        0x8 /usr/lib/gcc/arm-none-eabi/10.3.1/../../../arm-none-eabi/lib/thumb/v7e-m+fp/hard/libc_nano.a(lib_a-mlock.o)
                0x00000000080014f4                __malloc_lock
                0x00000000080014f8                __malloc_unlock
 .text          0x00000000080014fc       0x14 /usr/lib/gcc/arm-none-eabi/10.3.1/../../../arm-none-eabi/lib/thumb/v7e-m+fp/hard/libc_nano.a(lib_a-nano-msizer.o)
                0x00000000080014fc                _malloc_usable_size_r
 .text          0x0000000008001510       0x1c /usr/lib/gcc/arm-none-eabi/10.3.1/../../../arm-none-eabi/lib/thumb/v7e-m+fp/hard/libnosys.a(sbrk.o)
                0x0000000008001510                _sbrk
 *(.text*)
 .text.MX_GPIO_Init
                0x000000000800152c       0x50 build/main.o
 .text.Error_Handler
                0x000000000800157c       0x28 build/main.o
                0x000000000800157c                Error_Handler
 .text.SystemClock_Config
                0x00000000080015a4       0x5e build/main.o
 *fill*         0x0000000008001602        0x2 
 .text.MX_USART2_UART_Init
                0x0000000008001604       0x60 build/main.o
 .text.MX_FDCAN1_Init
                0x0000000008001664       0x48 build/main.o
 .text.main     0x00000000080016ac       0x20 build/main.o
                0x00000000080016ac                main
 .text.HAL_MspInit
                0x00000000080016cc       0x38 build/stm32g4xx_hal_msp.o
                0x00000000080016cc                HAL_MspInit
 .text.HAL_FDCAN_MspInit
                0x0000000008001704       0xa4 build/stm32g4xx_hal_msp.o
                0x0000000008001704                HAL_FDCAN_MspInit
 .text.HAL_UART_MspInit
                0x00000000080017a8       0x88 build/stm32g4xx_hal_msp.o
                0x00000000080017a8                HAL_UART_MspInit
 .text.NMI_Handler
                0x0000000008001830        0x2 build/stm32g4xx_it.o
                0x0000000008001830                NMI_Handler
 .text.HardFault_Handler
                0x0000000008001832        0x2 build/stm32g4xx_it.o
                0x0000000008001832                HardFault_Handler
 .text.SVC_Handler
                0x0000000008001834        0x2 build/stm32g4xx_it.o
                0x0000000008001834                SVC_Handler
 .text.PendSV_Handler
                0x0000000008001836        0x2 build/stm32g4xx_it.o
                0x0000000008001836                PendSV_Handler
 .text.SysTick_Handler
                0x0000000008001838        0x8 build/stm32g4xx_it.o
                0x0000000008001838                SysTick_Handler
 .text.FDCAN1_IT0_IRQHandler
                0x0000000008001840       0x10 build/stm32g4xx_it.o
                0x0000000008001840                FDCAN1_IT0_IRQHandler
 .text.fdcan_dlc_to_bytes
                0x0000000008001850       0x3a build/can_observer_user.o
 *fill*         0x000000000800188a        0x2 
 .text.observer_micros
                0x000000000800188c       0x18 build/can_observer_user.o
 .text.observer_dwt_init
                0x00000000080018a4       0x4c build/can_observer_user.o
 .text.observer_dequeue
                0x00000000080018f0       0x78 build/can_observer_user.o
 .text.observer_uart_write
                0x0000000008001968       0x1c build/can_observer_user.o
 .text.observer_configure_filters
                0x0000000008001984       0x68 build/can_observer_user.o
 .text.observer_format_and_send
                0x00000000080019ec       0x78 build/can_observer_user.o
 .text.observer_enqueue
                0x0000000008001a64       0x80 build/can_observer_user.o
 .text.observer_drain_rx_fifo
                0x0000000008001ae4       0x60 build/can_observer_user.o
 .text.can_observer_init_polling
                0x0000000008001b44       0x3c build/can_observer_user.o
                0x0000000008001b44                can_observer_init_polling
 .text.can_observer_poll_uart
                0x0000000008001b80       0x50 build/can_observer_user.o
                0x0000000008001b80                can_observer_poll_uart
 .text.HAL_FDCAN_RxFifo0Callback
                0x0000000008001bd0       0x1c build/can_observer_user.o
                0x0000000008001bd0                HAL_FDCAN_RxFifo0Callback
 .text.SystemInit
                0x0000000008001bec       0x14 build/system_stm32g4xx.o
                0x0000000008001bec                SystemInit
 .text.HAL_InitTick
                0x0000000008001c00       0x50 build/stm32g4xx_hal.o
                0x0000000008001c00                HAL_InitTick
 .text.HAL_Init
                0x0000000008001c50       0x1e build/stm32g4xx_hal.o
                0x0000000008001c50                HAL_Init
 *fill*         0x0000000008001c6e        0x2 
 .text.HAL_IncTick
                0x0000000008001c70       0x18 build/stm32g4xx_hal.o
                0x0000000008001c70                HAL_IncTick
 .text.HAL_GetTick
                0x0000000008001c88        0xc build/stm32g4xx_hal.o
                0x0000000008001c88                HAL_GetTick
 .text.HAL_NVIC_SetPriorityGrouping
                0x0000000008001c94       0x24 build/stm32g4xx_hal_cortex.o
                0x0000000008001c94                HAL_NVIC_SetPriorityGrouping
 .text.HAL_NVIC_SetPriority
                0x0000000008001cb8       0x70 build/stm32g4xx_hal_cortex.o
                0x0000000008001cb8                HAL_NVIC_SetPriority
 .text.HAL_NVIC_EnableIRQ
                0x0000000008001d28       0x1c build/stm32g4xx_hal_cortex.o
                0x0000000008001d28                HAL_NVIC_EnableIRQ
 .text.HAL_SYSTICK_Config
                0x0000000008001d44       0x28 build/stm32g4xx_hal_cortex.o
                0x0000000008001d44                HAL_SYSTICK_Config
 .text.FDCAN_CalcultateRamBlockAddresses
                0x0000000008001d6c       0x8c build/stm32g4xx_hal_fdcan.o
 .text.HAL_FDCAN_Init
                0x0000000008001df8      0x1d4 build/stm32g4xx_hal_fdcan.o
                0x0000000008001df8                HAL_FDCAN_Init
 .text.HAL_FDCAN_ConfigFilter
                0x0000000008001fcc       0x66 build/stm32g4xx_hal_fdcan.o
                0x0000000008001fcc                HAL_FDCAN_ConfigFilter
 .text.HAL_FDCAN_ConfigGlobalFilter
                0x0000000008002032       0x42 build/stm32g4xx_hal_fdcan.o
                0x0000000008002032                HAL_FDCAN_ConfigGlobalFilter
 .text.HAL_FDCAN_Start
                0x0000000008002074       0x2e build/stm32g4xx_hal_fdcan.o
                0x0000000008002074                HAL_FDCAN_Start
 *fill*         0x00000000080020a2        0x2 
 .text.HAL_FDCAN_GetRxMessage
                0x00000000080020a4      0x150 build/stm32g4xx_hal_fdcan.o
                0x00000000080020a4                HAL_FDCAN_GetRxMessage
 .text.HAL_FDCAN_GetRxFifoFillLevel
                0x00000000080021f4       0x1c build/stm32g4xx_hal_fdcan.o
                0x00000000080021f4                HAL_FDCAN_GetRxFifoFillLevel
 .text.HAL_FDCAN_TxEventFifoCallback
                0x0000000008002210        0x2 build/stm32g4xx_hal_fdcan.o
                0x0000000008002210                HAL_FDCAN_TxEventFifoCallback
 .text.HAL_FDCAN_RxFifo1Callback
                0x0000000008002212        0x2 build/stm32g4xx_hal_fdcan.o
                0x0000000008002212                HAL_FDCAN_RxFifo1Callback
 .text.HAL_FDCAN_TxFifoEmptyCallback
                0x0000000008002214        0x2 build/stm32g4xx_hal_fdcan.o
                0x0000000008002214                HAL_FDCAN_TxFifoEmptyCallback
 .text.HAL_FDCAN_TxBufferCompleteCallback
                0x0000000008002216        0x2 build/stm32g4xx_hal_fdcan.o
                0x0000000008002216                HAL_FDCAN_TxBufferCompleteCallback
 .text.HAL_FDCAN_TxBufferAbortCallback
                0x0000000008002218        0x2 build/stm32g4xx_hal_fdcan.o
                0x0000000008002218                HAL_FDCAN_TxBufferAbortCallback
 .text.HAL_FDCAN_TimestampWraparoundCallback
                0x000000000800221a        0x2 build/stm32g4xx_hal_fdcan.o
                0x000000000800221a                HAL_FDCAN_TimestampWraparoundCallback
 .text.HAL_FDCAN_TimeoutOccurredCallback
                0x000000000800221c        0x2 build/stm32g4xx_hal_fdcan.o
                0x000000000800221c                HAL_FDCAN_TimeoutOccurredCallback
 .text.HAL_FDCAN_HighPriorityMessageCallback
                0x000000000800221e        0x2 build/stm32g4xx_hal_fdcan.o
                0x000000000800221e                HAL_FDCAN_HighPriorityMessageCallback
 .text.HAL_FDCAN_ErrorCallback
                0x0000000008002220        0x2 build/stm32g4xx_hal_fdcan.o
                0x0000000008002220                HAL_FDCAN_ErrorCallback
 .text.HAL_FDCAN_ErrorStatusCallback
                0x0000000008002222        0x2 build/stm32g4xx_hal_fdcan.o
                0x0000000008002222                HAL_FDCAN_ErrorStatusCallback
 .text.HAL_FDCAN_IRQHandler
                0x0000000008002224      0x188 build/stm32g4xx_hal_fdcan.o
                0x0000000008002224                HAL_FDCAN_IRQHandler
 .text.HAL_GPIO_Init
                0x00000000080023ac      0x1e0 build/stm32g4xx_hal_gpio.o
                0x00000000080023ac                HAL_GPIO_Init
 .text.HAL_GPIO_WritePin
                0x000000000800258c        0xa build/stm32g4xx_hal_gpio.o
                0x000000000800258c                HAL_GPIO_WritePin
 .text.HAL_GPIO_TogglePin
                0x0000000008002596       0x12 build/stm32g4xx_hal_gpio.o
                0x0000000008002596                HAL_GPIO_TogglePin
 .text.HAL_PWREx_ControlVoltageScaling
                0x00000000080025a8      0x10c build/stm32g4xx_hal_pwr_ex.o
                0x00000000080025a8                HAL_PWREx_ControlVoltageScaling
 .text.HAL_PWREx_DisableUCPDDeadBattery
                0x00000000080026b4       0x10 build/stm32g4xx_hal_pwr_ex.o
                0x00000000080026b4                HAL_PWREx_DisableUCPDDeadBattery
 .text.RCC_GetSysClockFreqFromPLLSource
                0x00000000080026c4       0x58 build/stm32g4xx_hal_rcc.o
 .text.HAL_RCC_OscConfig
                0x000000000800271c      0x4e4 build/stm32g4xx_hal_rcc.o
                0x000000000800271c                HAL_RCC_OscConfig
 .text.HAL_RCC_GetSysClockFreq
                0x0000000008002c00       0x88 build/stm32g4xx_hal_rcc.o
                0x0000000008002c00                HAL_RCC_GetSysClockFreq
 .text.HAL_RCC_ClockConfig
                0x0000000008002c88      0x1f8 build/stm32g4xx_hal_rcc.o
                0x0000000008002c88                HAL_RCC_ClockConfig
 .text.HAL_RCC_GetHCLKFreq
                0x0000000008002e80        0xc build/stm32g4xx_hal_rcc.o
                0x0000000008002e80                HAL_RCC_GetHCLKFreq
 .text.HAL_RCC_GetPCLK1Freq
                0x0000000008002e8c       0x24 build/stm32g4xx_hal_rcc.o
                0x0000000008002e8c                HAL_RCC_GetPCLK1Freq
 .text.HAL_RCC_GetPCLK2Freq
                0x0000000008002eb0       0x24 build/stm32g4xx_hal_rcc.o
                0x0000000008002eb0                HAL_RCC_GetPCLK2Freq
 .text.HAL_RCCEx_PeriphCLKConfig
                0x0000000008002ed4      0x378 build/stm32g4xx_hal_rcc_ex.o
                0x0000000008002ed4                HAL_RCCEx_PeriphCLKConfig
 .text.UART_EndRxTransfer
                0x000000000800324c       0x56 build/stm32g4xx_hal_uart.o
 *fill*         0x00000000080032a2        0x2 
 .text.UART_SetConfig
                0x00000000080032a4      0x388 build/stm32g4xx_hal_uart.o
                0x00000000080032a4                UART_SetConfig
 .text.UART_AdvFeatureConfig
                0x000000000800362c       0xca build/stm32g4xx_hal_uart.o
                0x000000000800362c                UART_AdvFeatureConfig
 .text.UART_WaitOnFlagUntilTimeout
                0x00000000080036f6       0xa2 build/stm32g4xx_hal_uart.o
                0x00000000080036f6                UART_WaitOnFlagUntilTimeout
 .text.HAL_UART_Transmit
                0x0000000008003798       0xe2 build/stm32g4xx_hal_uart.o
                0x0000000008003798                HAL_UART_Transmit
 .text.UART_CheckIdleState
                0x000000000800387a       0xca build/stm32g4xx_hal_uart.o
                0x000000000800387a                UART_CheckIdleState
 .text.HAL_UART_Init
                0x0000000008003944       0x66 build/stm32g4xx_hal_uart.o
                0x0000000008003944                HAL_UART_Init
 *fill*         0x00000000080039aa        0x2 
 .text.UARTEx_SetNbDataToProcess
                0x00000000080039ac       0x4c build/stm32g4xx_hal_uart_ex.o
 .text.HAL_UARTEx_DisableFifoMode
                0x00000000080039f8       0x3e build/stm32g4xx_hal_uart_ex.o
                0x00000000080039f8                HAL_UARTEx_DisableFifoMode
 .text.HAL_UARTEx_SetTxFifoThreshold
                0x0000000008003a36       0x4a build/stm32g4xx_hal_uart_ex.o
                0x0000000008003a36                HAL_UARTEx_SetTxFifoThreshold
 .text.HAL_UARTEx_SetRxFifoThreshold
                0x0000000008003a80       0x4a build/stm32g4xx_hal_uart_ex.o
                0x0000000008003a80                HAL_UARTEx_SetRxFifoThreshold
 *fill*         0x0000000008003aca        0x2 
 .text.Reset_Handler
                0x0000000008003acc       0x50 build/startup_stm32g474xx.o
                0x0000000008003acc                Reset_Handler
 .text.Default_Handler
                0x0000000008003b1c        0x2 build/startup_stm32g474xx.o
                0x0000000008003b1c                RTC_Alarm_IRQHandler
                0x0000000008003b1c                EXTI2_IRQHandler
                0x0000000008003b1c                TIM8_TRG_COM_IRQHandler
                0x0000000008003b1c                TIM8_CC_IRQHandler
                0x0000000008003b1c                HRTIM1_Master_IRQHandler
                0x0000000008003b1c                DebugMon_Handler
                0x0000000008003b1c                SPI4_IRQHandler
                0x0000000008003b1c                FDCAN3_IT0_IRQHandler
                0x0000000008003b1c                TIM1_CC_IRQHandler
                0x0000000008003b1c                HRTIM1_FLT_IRQHandler
                0x0000000008003b1c                HRTIM1_TIMF_IRQHandler
                0x0000000008003b1c                USB_HP_IRQHandler
                0x0000000008003b1c                CORDIC_IRQHandler
                0x0000000008003b1c                HRTIM1_TIMD_IRQHandler
                0x0000000008003b1c                DMA2_Channel8_IRQHandler
                0x0000000008003b1c                EXTI3_IRQHandler
                0x0000000008003b1c                I2C3_ER_IRQHandler
                0x0000000008003b1c                EXTI0_IRQHandler
                0x0000000008003b1c                I2C2_EV_IRQHandler
                0x0000000008003b1c                FPU_IRQHandler
                0x0000000008003b1c                FDCAN1_IT1_IRQHandler
                0x0000000008003b1c                TIM1_UP_TIM16_IRQHandler
                0x0000000008003b1c                UsageFault_Handler
                0x0000000008003b1c                ADC1_2_IRQHandler
                0x0000000008003b1c                HRTIM1_TIME_IRQHandler
                0x0000000008003b1c                SPI1_IRQHandler
                0x0000000008003b1c                TIM6_DAC_IRQHandler
                0x0000000008003b1c                HRTIM1_TIMC_IRQHandler
                0x0000000008003b1c                TIM8_UP_IRQHandler
                0x0000000008003b1c                DMA2_Channel2_IRQHandler
                0x0000000008003b1c                DMA1_Channel4_IRQHandler
                0x0000000008003b1c                TIM20_TRG_COM_IRQHandler
                0x0000000008003b1c                USART3_IRQHandler
                0x0000000008003b1c                DMA1_Channel7_IRQHandler
                0x0000000008003b1c                UART5_IRQHandler
                0x0000000008003b1c                ADC3_IRQHandler
                0x0000000008003b1c                TIM4_IRQHandler
                0x0000000008003b1c                DMA2_Channel1_IRQHandler
                0x0000000008003b1c                QUADSPI_IRQHandler
                0x0000000008003b1c                I2C1_EV_IRQHandler
                0x0000000008003b1c                DMA1_Channel6_IRQHandler
                0x0000000008003b1c                UART4_IRQHandler
                0x0000000008003b1c                DMA2_Channel4_IRQHandler
                0x0000000008003b1c                TIM3_IRQHandler
                0x0000000008003b1c                RCC_IRQHandler
                0x0000000008003b1c                TIM20_UP_IRQHandler
                0x0000000008003b1c                DMA1_Channel1_IRQHandler
                0x0000000008003b1c                Default_Handler
                0x0000000008003b1c                DMA2_Channel7_IRQHandler
                0x0000000008003b1c                RTC_TAMP_LSECSS_IRQHandler
                0x0000000008003b1c                FMAC_IRQHandler
                0x0000000008003b1c                EXTI15_10_IRQHandler
                0x0000000008003b1c                DMA1_Channel8_IRQHandler
                0x0000000008003b1c                HRTIM1_TIMA_IRQHandler
                0x0000000008003b1c                TIM7_DAC_IRQHandler
                0x0000000008003b1c                FDCAN3_IT1_IRQHandler
                0x0000000008003b1c                TIM5_IRQHandler
                0x0000000008003b1c                UCPD1_IRQHandler
                0x0000000008003b1c                I2C3_EV_IRQHandler
                0x0000000008003b1c                EXTI9_5_IRQHandler
                0x0000000008003b1c                RTC_WKUP_IRQHandler
                0x0000000008003b1c                PVD_PVM_IRQHandler
                0x0000000008003b1c                SPI2_IRQHandler
                0x0000000008003b1c                MemManage_Handler
                0x0000000008003b1c                ADC5_IRQHandler
                0x0000000008003b1c                DMA2_Channel5_IRQHandler
                0x0000000008003b1c                CRS_IRQHandler
                0x0000000008003b1c                DMA1_Channel5_IRQHandler
                0x0000000008003b1c                USB_LP_IRQHandler
                0x0000000008003b1c                EXTI4_IRQHandler
                0x0000000008003b1c                RNG_IRQHandler
                0x0000000008003b1c                HRTIM1_TIMB_IRQHandler
                0x0000000008003b1c                TIM1_TRG_COM_TIM17_IRQHandler
                0x0000000008003b1c                FDCAN2_IT1_IRQHandler
                0x0000000008003b1c                DMA1_Channel3_IRQHandler
                0x0000000008003b1c                ADC4_IRQHandler
                0x0000000008003b1c                WWDG_IRQHandler
                0x0000000008003b1c                I2C4_EV_IRQHandler
                0x0000000008003b1c                FDCAN2_IT0_IRQHandler
                0x0000000008003b1c                LPUART1_IRQHandler
                0x0000000008003b1c                DMA2_Channel6_IRQHandler
                0x0000000008003b1c                TIM2_IRQHandler
                0x0000000008003b1c                COMP7_IRQHandler
                0x0000000008003b1c                COMP1_2_3_IRQHandler
                0x0000000008003b1c                EXTI1_IRQHandler
                0x0000000008003b1c                USART2_IRQHandler
                0x0000000008003b1c                COMP4_5_6_IRQHandler
                0x0000000008003b1c                TIM20_BRK_IRQHandler
                0x0000000008003b1c                I2C2_ER_IRQHandler
                0x0000000008003b1c                DMA1_Channel2_IRQHandler
                0x0000000008003b1c                TIM8_BRK_IRQHandler
                0x0000000008003b1c                FLASH_IRQHandler
                0x0000000008003b1c                TIM20_CC_IRQHandler
                0x0000000008003b1c                BusFault_Handler
                0x0000000008003b1c                USART1_IRQHandler
                0x0000000008003b1c                SPI3_IRQHandler
                0x0000000008003b1c                I2C1_ER_IRQHandler
                0x0000000008003b1c                FMC_IRQHandler
                0x0000000008003b1c                LPTIM1_IRQHandler
                0x0000000008003b1c                DMAMUX_OVR_IRQHandler
                0x0000000008003b1c                I2C4_ER_IRQHandler
                0x0000000008003b1c                USBWakeUp_IRQHandler
                0x0000000008003b1c                SAI1_IRQHandler
                0x0000000008003b1c                DMA2_Channel3_IRQHandler
                0x0000000008003b1c                TIM1_BRK_TIM15_IRQHandler
 *(.glue_7)
 .glue_7        0x0000000008003b1e        0x0 linker stubs
 *(.glue_7t)
 .glue_7t       0x0000000008003b1e        0x0 linker stubs
 *(.eh_frame)
 *fill*         0x0000000008003b1e        0x2 
 .eh_frame      0x0000000008003b20        0x0 /usr/lib/gcc/arm-none-eabi/10.3.1/thumb/v7e-m+fp/hard/crtbegin.o
 *(.init)
 .init          0x0000000008003b20        0x4 /usr/lib/gcc/arm-none-eabi/10.3.1/thumb/v7e-m+fp/hard/crti.o
                0x0000000008003b20                _init
 .init          0x0000000008003b24        0x8 /usr/lib/gcc/arm-none-eabi/10.3.1/thumb/v7e-m+fp/hard/crtn.o
 *(.fini)
 .fini          0x0000000008003b2c        0x4 /usr/lib/gcc/arm-none-eabi/10.3.1/thumb/v7e-m+fp/hard/crti.o
                0x0000000008003b2c                _fini
 .fini          0x0000000008003b30        0x8 /usr/lib/gcc/arm-none-eabi/10.3.1/thumb/v7e-m+fp/hard/crtn.o
                0x0000000008003b38                . = ALIGN (0x4)
                0x0000000008003b38                _etext = .

.vfp11_veneer   0x0000000008003b38        0x0
 .vfp11_veneer  0x0000000008003b38        0x0 linker stubs

.v4_bx          0x0000000008003b38        0x0
 .v4_bx         0x0000000008003b38        0x0 linker stubs

.iplt           0x0000000008003b38        0x0
 .iplt          0x0000000008003b38        0x0 /usr/lib/gcc/arm-none-eabi/10.3.1/thumb/v7e-m+fp/hard/crtbegin.o

.rodata         0x0000000008003b38      0x1ec
                0x0000000008003b38                . = ALIGN (0x4)
 *(.rodata)
 *(.rodata*)
 .rodata.observer_configure_filters.str1.4
                0x0000000008003b38       0x36 build/can_observer_user.o
 *fill*         0x0000000008003b6e        0x2 
 .rodata.observer_format_and_send.str1.4
                0x0000000008003b70       0x1d build/can_observer_user.o
                                         0x23 (size before relaxing)
 *fill*         0x0000000008003b8d        0x3 
 .rodata.can_observer_init.str1.4
                0x0000000008003b90       0xa5 build/can_observer_user.o
 *fill*         0x0000000008003c35        0x3 
 .rodata.can_observer_init_polling.str1.4
                0x0000000008003c38       0x4c build/can_observer_user.o
 .rodata.can_observer_poll_uart.str1.4
                0x0000000008003c84       0x13 build/can_observer_user.o
 *fill*         0x0000000008003c97        0x1 
 .rodata.AHBPrescTable
                0x0000000008003c98       0x10 build/system_stm32g4xx.o
                0x0000000008003c98                AHBPrescTable
 .rodata.APBPrescTable
                0x0000000008003ca8        0x8 build/system_stm32g4xx.o
                0x0000000008003ca8                APBPrescTable
 .rodata.DLCtoBytes
                0x0000000008003cb0       0x10 build/stm32g4xx_hal_fdcan.o
 .rodata.UARTPrescTable
                0x0000000008003cc0       0x18 build/stm32g4xx_hal_uart.o
                0x0000000008003cc0                UARTPrescTable
 .rodata.denominator.0
                0x0000000008003cd8        0x8 build/stm32g4xx_hal_uart_ex.o
 .rodata.numerator.1
                0x0000000008003ce0        0x8 build/stm32g4xx_hal_uart_ex.o
 .rodata.str1.4
                0x0000000008003ce8       0x13 /usr/lib/gcc/arm-none-eabi/10.3.1/../../../arm-none-eabi/lib/thumb/v7e-m+fp/hard/libc_nano.a(lib_a-nano-svfprintf.o)
 *fill*         0x0000000008003cfb        0x1 
 .rodata.str1.4
                0x0000000008003cfc       0x25 /usr/lib/gcc/arm-none-eabi/10.3.1/../../../arm-none-eabi/lib/thumb/v7e-m+fp/hard/libc_nano.a(lib_a-nano-vfprintf_i.o)
                0x0000000008003d24                . = ALIGN (0x4)
 *fill*         0x0000000008003d21        0x3 

.ARM.extab      0x0000000008003d24        0x0
                0x0000000008003d24                . = ALIGN (0x4)
 *(.ARM.extab* .gnu.linkonce.armextab.*)
                0x0000000008003d24                . = ALIGN (0x4)

.ARM            0x0000000008003d24        0x8
                0x0000000008003d24                . = ALIGN (0x4)
                0x0000000008003d24                __exidx_start = .
 *(.ARM.exidx*)
 .ARM.exidx     0x0000000008003d24        0x8 /usr/lib/gcc/arm-none-eabi/10.3.1/thumb/v7e-m+fp/hard/libgcc.a(_udivmoddi4.o)
                0x0000000008003d2c                __exidx_end = .
                0x0000000008003d2c                . = ALIGN (0x4)

.rel.dyn        0x0000000008003d2c        0x0
 .rel.iplt      0x0000000008003d2c        0x0 /usr/lib/gcc/arm-none-eabi/10.3.1/thumb/v7e-m+fp/hard/crtbegin.o

.preinit_array  0x0000000008003d2c        0x0
                0x0000000008003d2c                . = ALIGN (0x4)
                0x0000000008003d2c                PROVIDE (__preinit_array_start = .)
 *(.preinit_array*)
                0x0000000008003d2c                PROVIDE (__preinit_array_end = .)
                0x0000000008003d2c                . = ALIGN (0x4)

.init_array     0x0000000008003d2c        0x4
                0x0000000008003d2c                . = ALIGN (0x4)
                0x0000000008003d2c                PROVIDE (__init_array_start = .)
 *(SORT_BY_NAME(.init_array.*))
 *(.init_array*)
 .init_array    0x0000000008003d2c        0x4 /usr/lib/gcc/arm-none-eabi/10.3.1/thumb/v7e-m+fp/hard/crtbegin.o
                0x0000000008003d30                PROVIDE (__init_array_end = .)
                0x0000000008003d30                . = ALIGN (0x4)

.fini_array     0x0000000008003d30        0x4
                0x0000000008003d30                . = ALIGN (0x4)
                0x0000000008003d30                PROVIDE (__fini_array_start = .)
 *(SORT_BY_NAME(.fini_array.*))
 *(.fini_array*)
 .fini_array    0x0000000008003d30        0x4 /usr/lib/gcc/arm-none-eabi/10.3.1/thumb/v7e-m+fp/hard/crtbegin.o
                0x0000000008003d34                PROVIDE (__fini_array_end = .)
                0x0000000008003d34                . = ALIGN (0x4)
                0x0000000008003d34                _sidata = LOADADDR (.data)

.data           0x0000000020000000       0x74 load address 0x0000000008003d34
                0x0000000020000000                . = ALIGN (0x4)
                0x0000000020000000                _sdata = .
 *(.data)
 .data          0x0000000020000000       0x64 /usr/lib/gcc/arm-none-eabi/10.3.1/../../../arm-none-eabi/lib/thumb/v7e-m+fp/hard/libc_nano.a(lib_a-impure.o)
                0x0000000020000000                _impure_ptr
 *(.data*)
 .data.observer_cycles_per_us
                0x0000000020000064        0x4 build/can_observer_user.o
 .data.SystemCoreClock
                0x0000000020000068        0x4 build/system_stm32g4xx.o
                0x0000000020000068                SystemCoreClock
 .data.uwTickFreq
                0x000000002000006c        0x4 build/stm32g4xx_hal.o
                0x000000002000006c                uwTickFreq
 .data.uwTickPrio
                0x0000000020000070        0x4 build/stm32g4xx_hal.o
                0x0000000020000070                uwTickPrio
                0x0000000020000074                . = ALIGN (0x4)
                0x0000000020000074                _edata = .

.tm_clone_table
                0x0000000020000074        0x0 load address 0x0000000008003da8
 .tm_clone_table
                0x0000000020000074        0x0 /usr/lib/gcc/arm-none-eabi/10.3.1/thumb/v7e-m+fp/hard/crtbegin.o
 .tm_clone_table
                0x0000000020000074        0x0 /usr/lib/gcc/arm-none-eabi/10.3.1/thumb/v7e-m+fp/hard/crtend.o

.igot.plt       0x0000000020000074        0x0 load address 0x0000000008003da8
 .igot.plt      0x0000000020000074        0x0 /usr/lib/gcc/arm-none-eabi/10.3.1/thumb/v7e-m+fp/hard/crtbegin.o
                0x0000000020000074                . = ALIGN (0x4)

.bss            0x0000000020000074      0x634 load address 0x0000000008003da8
                0x0000000020000074                _sbss = .
                0x0000000020000074                __bss_start__ = _sbss
 *(.bss)
 .bss           0x0000000020000074       0x1c /usr/lib/gcc/arm-none-eabi/10.3.1/thumb/v7e-m+fp/hard/crtbegin.o
 .bss           0x0000000020000090        0x8 /usr/lib/gcc/arm-none-eabi/10.3.1/../../../arm-none-eabi/lib/thumb/v7e-m+fp/hard/libc_nano.a(lib_a-nano-mallocr.o)
                0x0000000020000090                __malloc_free_list
                0x0000000020000094                __malloc_sbrk_start
 .bss           0x0000000020000098        0x4 /usr/lib/gcc/arm-none-eabi/10.3.1/../../../arm-none-eabi/lib/thumb/v7e-m+fp/hard/libc_nano.a(lib_a-reent.o)
                0x0000000020000098                errno
 .bss           0x000000002000009c        0x4 /usr/lib/gcc/arm-none-eabi/10.3.1/../../../arm-none-eabi/lib/thumb/v7e-m+fp/hard/libnosys.a(sbrk.o)
 *(.bss*)
 .bss.hfdcan1   0x00000000200000a0       0x64 build/main.o
                0x00000000200000a0                hfdcan1
 .bss.huart2    0x0000000020000104       0x94 build/main.o
                0x0000000020000104                huart2
 .bss.observer_dropped_frames
                0x0000000020000198        0x4 build/can_observer_user.o
 .bss.observer_head
                0x000000002000019c        0x2 build/can_observer_user.o
 *fill*         0x000000002000019e        0x2 
 .bss.observer_ring
                0x00000000200001a0      0x500 build/can_observer_user.o
 .bss.observer_tail
                0x00000000200006a0        0x2 build/can_observer_user.o
 *fill*         0x00000000200006a2        0x2 
 .bss.uwTick    0x00000000200006a4        0x4 build/stm32g4xx_hal.o
                0x00000000200006a4                uwTick
 *(COMMON)
                0x00000000200006a8                . = ALIGN (0x4)
                0x00000000200006a8                _ebss = .
                0x00000000200006a8                __bss_end__ = _ebss

._user_heap_stack
                0x00000000200006a8      0x600 load address 0x0000000008003da8
                0x00000000200006a8                . = ALIGN (0x8)
                0x00000000200006a8                PROVIDE (end = .)
                [!provide]                        PROVIDE (_end = .)
                0x00000000200008a8                . = (. + _Min_Heap_Size)
 *fill*         0x00000000200006a8      0x200 
                0x0000000020000ca8                . = (. + _Min_Stack_Size)
 *fill*         0x00000000200008a8      0x400 
                0x0000000020000ca8                . = ALIGN (0x8)

.ARM.attributes
                0x0000000000000000       0x30
 *(.ARM.attributes)
 .ARM.attributes
                0x0000000000000000       0x1e /usr/lib/gcc/arm-none-eabi/10.3.1/thumb/v7e-m+fp/hard/crti.o
 .ARM.attributes
                0x000000000000001e       0x34 /usr/lib/gcc/arm-none-eabi/10.3.1/thumb/v7e-m+fp/hard/crtbegin.o
 .ARM.attributes
                0x0000000000000052       0x34 build/main.o
 .ARM.attributes
                0x0000000000000086       0x34 build/stm32g4xx_hal_msp.o
 .ARM.attributes
                0x00000000000000ba       0x34 build/stm32g4xx_it.o
 .ARM.attributes
                0x00000000000000ee       0x34 build/can_observer_user.o
 .ARM.attributes
                0x0000000000000122       0x34 build/system_stm32g4xx.o
 .ARM.attributes
                0x0000000000000156       0x34 build/stm32g4xx_hal.o
 .ARM.attributes
                0x000000000000018a       0x34 build/stm32g4xx_hal_cortex.o
 .ARM.attributes
                0x00000000000001be       0x34 build/stm32g4xx_hal_fdcan.o
 .ARM.attributes
                0x00000000000001f2       0x34 build/stm32g4xx_hal_gpio.o
 .ARM.attributes
                0x0000000000000226       0x34 build/stm32g4xx_hal_pwr_ex.o
 .ARM.attributes
                0x000000000000025a       0x34 build/stm32g4xx_hal_rcc.o
 .ARM.attributes
                0x000000000000028e       0x34 build/stm32g4xx_hal_rcc_ex.o
 .ARM.attributes
                0x00000000000002c2       0x34 build/stm32g4xx_hal_uart.o
 .ARM.attributes
                0x00000000000002f6       0x34 build/stm32g4xx_hal_uart_ex.o
 .ARM.attributes
                0x000000000000032a       0x21 build/startup_stm32g474xx.o
 .ARM.attributes
                0x000000000000034b       0x1e /usr/lib/gcc/arm-none-eabi/10.3.1/thumb/v7e-m+fp/hard/libgcc.a(_aeabi_uldivmod.o)
 .ARM.attributes
                0x0000000000000369       0x34 /usr/lib/gcc/arm-none-eabi/10.3.1/thumb/v7e-m+fp/hard/libgcc.a(_udivmoddi4.o)
 .ARM.attributes
                0x000000000000039d       0x1e /usr/lib/gcc/arm-none-eabi/10.3.1/thumb/v7e-m+fp/hard/libgcc.a(_dvmd_tls.o)
 .ARM.attributes
                0x00000000000003bb       0x32 /usr/lib/gcc/arm-none-eabi/10.3.1/../../../arm-none-eabi/lib/thumb/v7e-m+fp/hard/libc_nano.a(lib_a-impure.o)
 .ARM.attributes
                0x00000000000003ed       0x34 /usr/lib/gcc/arm-none-eabi/10.3.1/../../../arm-none-eabi/lib/thumb/v7e-m+fp/hard/libc_nano.a(lib_a-init.o)
 .ARM.attributes
                0x0000000000000421       0x1c /usr/lib/gcc/arm-none-eabi/10.3.1/../../../arm-none-eabi/lib/thumb/v7e-m+fp/hard/libc_nano.a(lib_a-memcpy.o)
 .ARM.attributes
                0x000000000000043d       0x34 /usr/lib/gcc/arm-none-eabi/10.3.1/../../../arm-none-eabi/lib/thumb/v7e-m+fp/hard/libc_nano.a(lib_a-memset.o)
 .ARM.attributes
                0x0000000000000471       0x34 /usr/lib/gcc/arm-none-eabi/10.3.1/../../../arm-none-eabi/lib/thumb/v7e-m+fp/hard/libc_nano.a(lib_a-snprintf.o)
 .ARM.attributes
                0x00000000000004a5       0x1c /usr/lib/gcc/arm-none-eabi/10.3.1/../../../arm-none-eabi/lib/thumb/v7e-m+fp/hard/libc_nano.a(lib_a-strlen.o)
 .ARM.attributes
                0x00000000000004c1       0x34 /usr/lib/gcc/arm-none-eabi/10.3.1/../../../arm-none-eabi/lib/thumb/v7e-m+fp/hard/libc_nano.a(lib_a-nano-svfprintf.o)
 .ARM.attributes
                0x00000000000004f5       0x34 /usr/lib/gcc/arm-none-eabi/10.3.1/../../../arm-none-eabi/lib/thumb/v7e-m+fp/hard/libc_nano.a(lib_a-nano-vfprintf_i.o)
 .ARM.attributes
                0x0000000000000529       0x1c /usr/lib/gcc/arm-none-eabi/10.3.1/../../../arm-none-eabi/lib/thumb/v7e-m+fp/hard/libc_nano.a(lib_a-memchr.o)
 .ARM.attributes
                0x0000000000000545       0x34 /usr/lib/gcc/arm-none-eabi/10.3.1/../../../arm-none-eabi/lib/thumb/v7e-m+fp/hard/libc_nano.a(lib_a-memmove.o)
 .ARM.attributes
                0x0000000000000579       0x34 /usr/lib/gcc/arm-none-eabi/10.3.1/../../../arm-none-eabi/lib/thumb/v7e-m+fp/hard/libc_nano.a(lib_a-nano-freer.o)
 .ARM.attributes
                0x00000000000005ad       0x34 /usr/lib/gcc/arm-none-eabi/10.3.1/../../../arm-none-eabi/lib/thumb/v7e-m+fp/hard/libc_nano.a(lib_a-nano-mallocr.o)
 .ARM.attributes
                0x00000000000005e1       0x34 /usr/lib/gcc/arm-none-eabi/10.3.1/../../../arm-none-eabi/lib/thumb/v7e-m+fp/hard/libc_nano.a(lib_a-nano-reallocr.o)
 .ARM.attributes
                0x0000000000000615       0x34 /usr/lib/gcc/arm-none-eabi/10.3.1/../../../arm-none-eabi/lib/thumb/v7e-m+fp/hard/libc_nano.a(lib_a-sbrkr.o)
 .ARM.attributes
                0x0000000000000649       0x34 /usr/lib/gcc/arm-none-eabi/10.3.1/../../../arm-none-eabi/lib/thumb/v7e-m+fp/hard/libc_nano.a(lib_a-mlock.o)
 .ARM.attributes
                0x000000000000067d       0x34 /usr/lib/gcc/arm-none-eabi/10.3.1/../../../arm-none-eabi/lib/thumb/v7e-m+fp/hard/libc_nano.a(lib_a-nano-msizer.o)
 .ARM.attributes
                0x00000000000006b1       0x34 /usr/lib/gcc/arm-none-eabi/10.3.1/../../../arm-none-eabi/lib/thumb/v7e-m+fp/hard/libc_nano.a(lib_a-reent.o)
 .ARM.attributes
                0x00000000000006e5       0x34 /usr/lib/gcc/arm-none-eabi/10.3.1/../../../arm-none-eabi/lib/thumb/v7e-m+fp/hard/libnosys.a(sbrk.o)
 .ARM.attributes
                0x0000000000000719       0x32 /usr/lib/gcc/arm-none-eabi/10.3.1/thumb/v7e-m+fp/hard/crtend.o
 .ARM.attributes
                0x000000000000074b       0x1e /usr/lib/gcc/arm-none-eabi/10.3.1/thumb/v7e-m+fp/hard/crtn.o
OUTPUT(build/nucleo_g474re_can_observer.elf elf32-littlearm)
LOAD linker stubs

.comment        0x0000000000000000       0x33
 .comment       0x0000000000000000       0x33 /usr/lib/gcc/arm-none-eabi/10.3.1/thumb/v7e-m+fp/hard/crtbegin.o
                                         0x34 (size before relaxing)
 .comment       0x0000000000000033       0x34 build/main.o
 .comment       0x0000000000000033       0x34 build/stm32g4xx_hal_msp.o
 .comment       0x0000000000000033       0x34 build/stm32g4xx_it.o
 .comment       0x0000000000000033       0x34 build/can_observer_user.o
 .comment       0x0000000000000033       0x34 build/system_stm32g4xx.o
 .comment       0x0000000000000033       0x34 build/stm32g4xx_hal.o
 .comment       0x0000000000000033       0x34 build/stm32g4xx_hal_cortex.o
 .comment       0x0000000000000033       0x34 build/stm32g4xx_hal_fdcan.o
 .comment       0x0000000000000033       0x34 build/stm32g4xx_hal_gpio.o
 .comment       0x0000000000000033       0x34 build/stm32g4xx_hal_pwr_ex.o
 .comment       0x0000000000000033       0x34 build/stm32g4xx_hal_rcc.o
 .comment       0x0000000000000033       0x34 build/stm32g4xx_hal_rcc_ex.o
 .comment       0x0000000000000033       0x34 build/stm32g4xx_hal_uart.o
 .comment       0x0000000000000033       0x34 build/stm32g4xx_hal_uart_ex.o
 .comment       0x0000000000000033       0x34 /usr/lib/gcc/arm-none-eabi/10.3.1/thumb/v7e-m+fp/hard/libgcc.a(_udivmoddi4.o)
 .comment       0x0000000000000033       0x34 /usr/lib/gcc/arm-none-eabi/10.3.1/../../../arm-none-eabi/lib/thumb/v7e-m+fp/hard/libc_nano.a(lib_a-impure.o)
 .comment       0x0000000000000033       0x34 /usr/lib/gcc/arm-none-eabi/10.3.1/../../../arm-none-eabi/lib/thumb/v7e-m+fp/hard/libc_nano.a(lib_a-init.o)
 .comment       0x0000000000000033       0x34 /usr/lib/gcc/arm-none-eabi/10.3.1/../../../arm-none-eabi/lib/thumb/v7e-m+fp/hard/libc_nano.a(lib_a-memset.o)
 .comment       0x0000000000000033       0x34 /usr/lib/gcc/arm-none-eabi/10.3.1/../../../arm-none-eabi/lib/thumb/v7e-m+fp/hard/libc_nano.a(lib_a-snprintf.o)
 .comment       0x0000000000000033       0x34 /usr/lib/gcc/arm-none-eabi/10.3.1/../../../arm-none-eabi/lib/thumb/v7e-m+fp/hard/libc_nano.a(lib_a-nano-svfprintf.o)
 .comment       0x0000000000000033       0x34 /usr/lib/gcc/arm-none-eabi/10.3.1/../../../arm-none-eabi/lib/thumb/v7e-m+fp/hard/libc_nano.a(lib_a-nano-vfprintf_i.o)
 .comment       0x0000000000000033       0x34 /usr/lib/gcc/arm-none-eabi/10.3.1/../../../arm-none-eabi/lib/thumb/v7e-m+fp/hard/libc_nano.a(lib_a-memmove.o)
 .comment       0x0000000000000033       0x34 /usr/lib/gcc/arm-none-eabi/10.3.1/../../../arm-none-eabi/lib/thumb/v7e-m+fp/hard/libc_nano.a(lib_a-nano-freer.o)
 .comment       0x0000000000000033       0x34 /usr/lib/gcc/arm-none-eabi/10.3.1/../../../arm-none-eabi/lib/thumb/v7e-m+fp/hard/libc_nano.a(lib_a-nano-mallocr.o)
 .comment       0x0000000000000033       0x34 /usr/lib/gcc/arm-none-eabi/10.3.1/../../../arm-none-eabi/lib/thumb/v7e-m+fp/hard/libc_nano.a(lib_a-nano-reallocr.o)
 .comment       0x0000000000000033       0x34 /usr/lib/gcc/arm-none-eabi/10.3.1/../../../arm-none-eabi/lib/thumb/v7e-m+fp/hard/libc_nano.a(lib_a-sbrkr.o)
 .comment       0x0000000000000033       0x34 /usr/lib/gcc/arm-none-eabi/10.3.1/../../../arm-none-eabi/lib/thumb/v7e-m+fp/hard/libc_nano.a(lib_a-mlock.o)
 .comment       0x0000000000000033       0x34 /usr/lib/gcc/arm-none-eabi/10.3.1/../../../arm-none-eabi/lib/thumb/v7e-m+fp/hard/libc_nano.a(lib_a-nano-msizer.o)
 .comment       0x0000000000000033       0x34 /usr/lib/gcc/arm-none-eabi/10.3.1/../../../arm-none-eabi/lib/thumb/v7e-m+fp/hard/libc_nano.a(lib_a-reent.o)
 .comment       0x0000000000000033       0x34 /usr/lib/gcc/arm-none-eabi/10.3.1/../../../arm-none-eabi/lib/thumb/v7e-m+fp/hard/libnosys.a(sbrk.o)
 .comment       0x0000000000000033       0x34 /usr/lib/gcc/arm-none-eabi/10.3.1/thumb/v7e-m+fp/hard/crtend.o

.debug_info     0x0000000000000000    0x1aed6
 .debug_info    0x0000000000000000     0x14cb build/main.o
 .debug_info    0x00000000000014cb     0x16f8 build/stm32g4xx_hal_msp.o
 .debug_info    0x0000000000002bc3      0x61a build/stm32g4xx_it.o
 .debug_info    0x00000000000031dd     0x1891 build/can_observer_user.o
 .debug_info    0x0000000000004a6e      0x5a0 build/system_stm32g4xx.o
 .debug_info    0x000000000000500e      0xc6a build/stm32g4xx_hal.o
 .debug_info    0x0000000000005c78     0x1129 build/stm32g4xx_hal_cortex.o
 .debug_info    0x0000000000006da1     0x1d76 build/stm32g4xx_hal_fdcan.o
 .debug_info    0x0000000000008b17      0x861 build/stm32g4xx_hal_gpio.o
 .debug_info    0x0000000000009378      0x9f8 build/stm32g4xx_hal_pwr_ex.o
 .debug_info    0x0000000000009d70      0xefc build/stm32g4xx_hal_rcc.o
 .debug_info    0x000000000000ac6c      0xf35 build/stm32g4xx_hal_rcc_ex.o
 .debug_info    0x000000000000bba1     0x6431 build/stm32g4xx_hal_uart.o
 .debug_info    0x0000000000011fd2     0x1260 build/stm32g4xx_hal_uart_ex.o
 .debug_info    0x0000000000013232       0x22 build/startup_stm32g474xx.o
 .debug_info    0x0000000000013254       0x26 /usr/lib/gcc/arm-none-eabi/10.3.1/thumb/v7e-m+fp/hard/libgcc.a(_aeabi_uldivmod.o)
 .debug_info    0x000000000001327a      0x717 /usr/lib/gcc/arm-none-eabi/10.3.1/thumb/v7e-m+fp/hard/libgcc.a(_udivmoddi4.o)
 .debug_info    0x0000000000013991       0x26 /usr/lib/gcc/arm-none-eabi/10.3.1/thumb/v7e-m+fp/hard/libgcc.a(_dvmd_tls.o)
 .debug_info    0x00000000000139b7      0x863 /usr/lib/gcc/arm-none-eabi/10.3.1/../../../arm-none-eabi/lib/thumb/v7e-m+fp/hard/libc_nano.a(lib_a-impure.o)
 .debug_info    0x000000000001421a      0x11a /usr/lib/gcc/arm-none-eabi/10.3.1/../../../arm-none-eabi/lib/thumb/v7e-m+fp/hard/libc_nano.a(lib_a-init.o)
 .debug_info    0x0000000000014334       0x26 /usr/lib/gcc/arm-none-eabi/10.3.1/../../../arm-none-eabi/lib/thumb/v7e-m+fp/hard/libc_nano.a(lib_a-memcpy.o)
 .debug_info    0x000000000001435a      0x137 /usr/lib/gcc/arm-none-eabi/10.3.1/../../../arm-none-eabi/lib/thumb/v7e-m+fp/hard/libc_nano.a(lib_a-memset.o)
 .debug_info    0x0000000000014491      0x9b5 /usr/lib/gcc/arm-none-eabi/10.3.1/../../../arm-none-eabi/lib/thumb/v7e-m+fp/hard/libc_nano.a(lib_a-snprintf.o)
 .debug_info    0x0000000000014e46       0x26 /usr/lib/gcc/arm-none-eabi/10.3.1/../../../arm-none-eabi/lib/thumb/v7e-m+fp/hard/libc_nano.a(lib_a-strlen.o)
 .debug_info    0x0000000000014e6c     0x10d5 /usr/lib/gcc/arm-none-eabi/10.3.1/../../../arm-none-eabi/lib/thumb/v7e-m+fp/hard/libc_nano.a(lib_a-nano-svfprintf.o)
 .debug_info    0x0000000000015f41      0xe9e /usr/lib/gcc/arm-none-eabi/10.3.1/../../../arm-none-eabi/lib/thumb/v7e-m+fp/hard/libc_nano.a(lib_a-nano-vfprintf_i.o)
 .debug_info    0x0000000000016ddf       0x26 /usr/lib/gcc/arm-none-eabi/10.3.1/../../../arm-none-eabi/lib/thumb/v7e-m+fp/hard/libc_nano.a(lib_a-memchr.o)
 .debug_info    0x0000000000016e05      0x152 /usr/lib/gcc/arm-none-eabi/10.3.1/../../../arm-none-eabi/lib/thumb/v7e-m+fp/hard/libc_nano.a(lib_a-memmove.o)
 .debug_info    0x0000000000016f57      0x903 /usr/lib/gcc/arm-none-eabi/10.3.1/../../../arm-none-eabi/lib/thumb/v7e-m+fp/hard/libc_nano.a(lib_a-nano-freer.o)
 .debug_info    0x000000000001785a      0xa0c /usr/lib/gcc/arm-none-eabi/10.3.1/../../../arm-none-eabi/lib/thumb/v7e-m+fp/hard/libc_nano.a(lib_a-nano-mallocr.o)
 .debug_info    0x0000000000018266      0x911 /usr/lib/gcc/arm-none-eabi/10.3.1/../../../arm-none-eabi/lib/thumb/v7e-m+fp/hard/libc_nano.a(lib_a-nano-reallocr.o)
 .debug_info    0x0000000000018b77      0x828 /usr/lib/gcc/arm-none-eabi/10.3.1/../../../arm-none-eabi/lib/thumb/v7e-m+fp/hard/libc_nano.a(lib_a-sbrkr.o)
 .debug_info    0x000000000001939f      0x7dc /usr/lib/gcc/arm-none-eabi/10.3.1/../../../arm-none-eabi/lib/thumb/v7e-m+fp/hard/libc_nano.a(lib_a-mlock.o)
 .debug_info    0x0000000000019b7b      0x840 /usr/lib/gcc/arm-none-eabi/10.3.1/../../../arm-none-eabi/lib/thumb/v7e-m+fp/hard/libc_nano.a(lib_a-nano-msizer.o)
 .debug_info    0x000000000001a3bb      0xa7e /usr/lib/gcc/arm-none-eabi/10.3.1/../../../arm-none-eabi/lib/thumb/v7e-m+fp/hard/libc_nano.a(lib_a-reent.o)
 .debug_info    0x000000000001ae39       0x9d /usr/lib/gcc/arm-none-eabi/10.3.1/../../../arm-none-eabi/lib/thumb/v7e-m+fp/hard/libnosys.a(sbrk.o)

.debug_abbrev   0x0000000000000000     0x3b36
 .debug_abbrev  0x0000000000000000      0x23b build/main.o
 .debug_abbrev  0x000000000000023b      0x1d5 build/stm32g4xx_hal_msp.o
 .debug_abbrev  0x0000000000000410      0x141 build/stm32g4xx_it.o
 .debug_abbrev  0x0000000000000551      0x32f build/can_observer_user.o
 .debug_abbrev  0x0000000000000880      0x11c build/system_stm32g4xx.o
 .debug_abbrev  0x000000000000099c      0x241 build/stm32g4xx_hal.o
 .debug_abbrev  0x0000000000000bdd      0x364 build/stm32g4xx_hal_cortex.o
 .debug_abbrev  0x0000000000000f41      0x1ca build/stm32g4xx_hal_fdcan.o
 .debug_abbrev  0x000000000000110b      0x1f0 build/stm32g4xx_hal_gpio.o
 .debug_abbrev  0x00000000000012fb      0x248 build/stm32g4xx_hal_pwr_ex.o
 .debug_abbrev  0x0000000000001543      0x272 build/stm32g4xx_hal_rcc.o
 .debug_abbrev  0x00000000000017b5      0x24d build/stm32g4xx_hal_rcc_ex.o
 .debug_abbrev  0x0000000000001a02      0x309 build/stm32g4xx_hal_uart.o
 .debug_abbrev  0x0000000000001d0b      0x2f3 build/stm32g4xx_hal_uart_ex.o
 .debug_abbrev  0x0000000000001ffe       0x12 build/startup_stm32g474xx.o
 .debug_abbrev  0x0000000000002010       0x14 /usr/lib/gcc/arm-none-eabi/10.3.1/thumb/v7e-m+fp/hard/libgcc.a(_aeabi_uldivmod.o)
 .debug_abbrev  0x0000000000002024      0x163 /usr/lib/gcc/arm-none-eabi/10.3.1/thumb/v7e-m+fp/hard/libgcc.a(_udivmoddi4.o)
 .debug_abbrev  0x0000000000002187       0x14 /usr/lib/gcc/arm-none-eabi/10.3.1/thumb/v7e-m+fp/hard/libgcc.a(_dvmd_tls.o)
 .debug_abbrev  0x000000000000219b      0x151 /usr/lib/gcc/arm-none-eabi/10.3.1/../../../arm-none-eabi/lib/thumb/v7e-m+fp/hard/libc_nano.a(lib_a-impure.o)
 .debug_abbrev  0x00000000000022ec       0xcc /usr/lib/gcc/arm-none-eabi/10.3.1/../../../arm-none-eabi/lib/thumb/v7e-m+fp/hard/libc_nano.a(lib_a-init.o)
 .debug_abbrev  0x00000000000023b8       0x14 /usr/lib/gcc/arm-none-eabi/10.3.1/../../../arm-none-eabi/lib/thumb/v7e-m+fp/hard/libc_nano.a(lib_a-memcpy.o)
 .debug_abbrev  0x00000000000023cc       0xb4 /usr/lib/gcc/arm-none-eabi/10.3.1/../../../arm-none-eabi/lib/thumb/v7e-m+fp/hard/libc_nano.a(lib_a-memset.o)
 .debug_abbrev  0x0000000000002480      0x216 /usr/lib/gcc/arm-none-eabi/10.3.1/../../../arm-none-eabi/lib/thumb/v7e-m+fp/hard/libc_nano.a(lib_a-snprintf.o)
 .debug_abbrev  0x0000000000002696       0x14 /usr/lib/gcc/arm-none-eabi/10.3.1/../../../arm-none-eabi/lib/thumb/v7e-m+fp/hard/libc_nano.a(lib_a-strlen.o)
 .debug_abbrev  0x00000000000026aa      0x2ca /usr/lib/gcc/arm-none-eabi/10.3.1/../../../arm-none-eabi/lib/thumb/v7e-m+fp/hard/libc_nano.a(lib_a-nano-svfprintf.o)
 .debug_abbrev  0x0000000000002974      0x25c /usr/lib/gcc/arm-none-eabi/10.3.1/../../../arm-none-eabi/lib/thumb/v7e-m+fp/hard/libc_nano.a(lib_a-nano-vfprintf_i.o)
 .debug_abbrev  0x0000000000002bd0       0x14 /usr/lib/gcc/arm-none-eabi/10.3.1/../../../arm-none-eabi/lib/thumb/v7e-m+fp/hard/libc_nano.a(lib_a-memchr.o)
 .debug_abbrev  0x0000000000002be4       0xc0 /usr/lib/gcc/arm-none-eabi/10.3.1/../../../arm-none-eabi/lib/thumb/v7e-m+fp/hard/libc_nano.a(lib_a-memmove.o)
 .debug_abbrev  0x0000000000002ca4      0x235 /usr/lib/gcc/arm-none-eabi/10.3.1/../../../arm-none-eabi/lib/thumb/v7e-m+fp/hard/libc_nano.a(lib_a-nano-freer.o)
 .debug_abbrev  0x0000000000002ed9      0x290 /usr/lib/gcc/arm-none-eabi/10.3.1/../../../arm-none-eabi/lib/thumb/v7e-m+fp/hard/libc_nano.a(lib_a-nano-mallocr.o)
 .debug_abbrev  0x0000000000003169      0x1d6 /usr/lib/gcc/arm-none-eabi/10.3.1/../../../arm-none-eabi/lib/thumb/v7e-m+fp/hard/libc_nano.a(lib_a-nano-reallocr.o)
 .debug_abbrev  0x000000000000333f      0x1d6 /usr/lib/gcc/arm-none-eabi/10.3.1/../../../arm-none-eabi/lib/thumb/v7e-m+fp/hard/libc_nano.a(lib_a-sbrkr.o)
 .debug_abbrev  0x0000000000003515      0x189 /usr/lib/gcc/arm-none-eabi/10.3.1/../../../arm-none-eabi/lib/thumb/v7e-m+fp/hard/libc_nano.a(lib_a-mlock.o)
 .debug_abbrev  0x000000000000369e      0x191 /usr/lib/gcc/arm-none-eabi/10.3.1/../../../arm-none-eabi/lib/thumb/v7e-m+fp/hard/libc_nano.a(lib_a-nano-msizer.o)
 .debug_abbrev  0x000000000000382f      0x265 /usr/lib/gcc/arm-none-eabi/10.3.1/../../../arm-none-eabi/lib/thumb/v7e-m+fp/hard/libc_nano.a(lib_a-reent.o)
 .debug_abbrev  0x0000000000003a94       0xa2 /usr/lib/gcc/arm-none-eabi/10.3.1/../../../arm-none-eabi/lib/thumb/v7e-m+fp/hard/libnosys.a(sbrk.o)

.debug_aranges  0x0000000000000000      0xe18
 .debug_aranges
                0x0000000000000000       0x48 build/main.o
 .debug_aranges
                0x0000000000000048       0x40 build/stm32g4xx_hal_msp.o
 .debug_aranges
                0x0000000000000088       0x48 build/stm32g4xx_it.o
 .debug_aranges
                0x00000000000000d0       0x88 build/can_observer_user.o
 .debug_aranges
                0x0000000000000158       0x28 build/system_stm32g4xx.o
 .debug_aranges
                0x0000000000000180      0x148 build/stm32g4xx_hal.o
 .debug_aranges
                0x00000000000002c8       0xb8 build/stm32g4xx_hal_cortex.o
 .debug_aranges
                0x0000000000000380      0x208 build/stm32g4xx_hal_fdcan.o
 .debug_aranges
                0x0000000000000588       0x58 build/stm32g4xx_hal_gpio.o
 .debug_aranges
                0x00000000000005e0      0x140 build/stm32g4xx_hal_pwr_ex.o
 .debug_aranges
                0x0000000000000720       0x98 build/stm32g4xx_hal_rcc.o
 .debug_aranges
                0x00000000000007b8       0xb0 build/stm32g4xx_hal_rcc_ex.o
 .debug_aranges
                0x0000000000000868      0x248 build/stm32g4xx_hal_uart.o
 .debug_aranges
                0x0000000000000ab0       0xa8 build/stm32g4xx_hal_uart_ex.o
 .debug_aranges
                0x0000000000000b58       0x28 build/startup_stm32g474xx.o
 .debug_aranges
                0x0000000000000b80       0x20 /usr/lib/gcc/arm-none-eabi/10.3.1/thumb/v7e-m+fp/hard/libgcc.a(_aeabi_uldivmod.o)
 .debug_aranges
                0x0000000000000ba0       0x20 /usr/lib/gcc/arm-none-eabi/10.3.1/thumb/v7e-m+fp/hard/libgcc.a(_udivmoddi4.o)
 .debug_aranges
                0x0000000000000bc0       0x20 /usr/lib/gcc/arm-none-eabi/10.3.1/thumb/v7e-m+fp/hard/libgcc.a(_dvmd_tls.o)
 .debug_aranges
                0x0000000000000be0       0x18 /usr/lib/gcc/arm-none-eabi/10.3.1/../../../arm-none-eabi/lib/thumb/v7e-m+fp/hard/libc_nano.a(lib_a-impure.o)
 .debug_aranges
                0x0000000000000bf8       0x20 /usr/lib/gcc/arm-none-eabi/10.3.1/../../../arm-none-eabi/lib/thumb/v7e-m+fp/hard/libc_nano.a(lib_a-init.o)
 .debug_aranges
                0x0000000000000c18       0x20 /usr/lib/gcc/arm-none-eabi/10.3.1/../../../arm-none-eabi/lib/thumb/v7e-m+fp/hard/libc_nano.a(lib_a-memcpy.o)
 .debug_aranges
                0x0000000000000c38       0x20 /usr/lib/gcc/arm-none-eabi/10.3.1/../../../arm-none-eabi/lib/thumb/v7e-m+fp/hard/libc_nano.a(lib_a-memset.o)
 .debug_aranges
                0x0000000000000c58       0x20 /usr/lib/gcc/arm-none-eabi/10.3.1/../../../arm-none-eabi/lib/thumb/v7e-m+fp/hard/libc_nano.a(lib_a-snprintf.o)
 .debug_aranges
                0x0000000000000c78       0x20 /usr/lib/gcc/arm-none-eabi/10.3.1/../../../arm-none-eabi/lib/thumb/v7e-m+fp/hard/libc_nano.a(lib_a-strlen.o)
 .debug_aranges
                0x0000000000000c98       0x20 /usr/lib/gcc/arm-none-eabi/10.3.1/../../../arm-none-eabi/lib/thumb/v7e-m+fp/hard/libc_nano.a(lib_a-nano-svfprintf.o)
 .debug_aranges
                0x0000000000000cb8       0x20 /usr/lib/gcc/arm-none-eabi/10.3.1/../../../arm-none-eabi/lib/thumb/v7e-m+fp/hard/libc_nano.a(lib_a-nano-vfprintf_i.o)
 .debug_aranges
                0x0000000000000cd8       0x20 /usr/lib/gcc/arm-none-eabi/10.3.1/../../../arm-none-eabi/lib/thumb/v7e-m+fp/hard/libc_nano.a(lib_a-memchr.o)
 .debug_aranges
                0x0000000000000cf8       0x20 /usr/lib/gcc/arm-none-eabi/10.3.1/../../../arm-none-eabi/lib/thumb/v7e-m+fp/hard/libc_nano.a(lib_a-memmove.o)
 .debug_aranges
                0x0000000000000d18       0x20 /usr/lib/gcc/arm-none-eabi/10.3.1/../../../arm-none-eabi/lib/thumb/v7e-m+fp/hard/libc_nano.a(lib_a-nano-freer.o)
 .debug_aranges
                0x0000000000000d38       0x20 /usr/lib/gcc/arm-none-eabi/10.3.1/../../../arm-none-eabi/lib/thumb/v7e-m+fp/hard/libc_nano.a(lib_a-nano-mallocr.o)
 .debug_aranges
                0x0000000000000d58       0x20 /usr/lib/gcc/arm-none-eabi/10.3.1/../../../arm-none-eabi/lib/thumb/v7e-m+fp/hard/libc_nano.a(lib_a-nano-reallocr.o)
 .debug_aranges
                0x0000000000000d78       0x20 /usr/lib/gcc/arm-none-eabi/10.3.1/../../../arm-none-eabi/lib/thumb/v7e-m+fp/hard/libc_nano.a(lib_a-sbrkr.o)
 .debug_aranges
                0x0000000000000d98       0x20 /usr/lib/gcc/arm-none-eabi/10.3.1/../../../arm-none-eabi/lib/thumb/v7e-m+fp/hard/libc_nano.a(lib_a-mlock.o)
 .debug_aranges
                0x0000000000000db8       0x20 /usr/lib/gcc/arm-none-eabi/10.3.1/../../../arm-none-eabi/lib/thumb/v7e-m+fp/hard/libc_nano.a(lib_a-nano-msizer.o)
 .debug_aranges
                0x0000000000000dd8       0x20 /usr/lib/gcc/arm-none-eabi/10.3.1/../../../arm-none-eabi/lib/thumb/v7e-m+fp/hard/libc_nano.a(lib_a-reent.o)
 .debug_aranges
                0x0000000000000df8       0x20 /usr/lib/gcc/arm-none-eabi/10.3.1/../../../arm-none-eabi/lib/thumb/v7e-m+fp/hard/libnosys.a(sbrk.o)

.debug_ranges   0x0000000000000000      0xd60
 .debug_ranges  0x0000000000000000       0x38 build/main.o
 .debug_ranges  0x0000000000000038       0x30 build/stm32g4xx_hal_msp.o
 .debug_ranges  0x0000000000000068       0x38 build/stm32g4xx_it.o
 .debug_ranges  0x00000000000000a0       0x78 build/can_observer_user.o
 .debug_ranges  0x0000000000000118       0x18 build/system_stm32g4xx.o
 .debug_ranges  0x0000000000000130      0x138 build/stm32g4xx_hal.o
 .debug_ranges  0x0000000000000268      0x108 build/stm32g4xx_hal_cortex.o
 .debug_ranges  0x0000000000000370      0x1f8 build/stm32g4xx_hal_fdcan.o
 .debug_ranges  0x0000000000000568       0x48 build/stm32g4xx_hal_gpio.o
 .debug_ranges  0x00000000000005b0      0x130 build/stm32g4xx_hal_pwr_ex.o
 .debug_ranges  0x00000000000006e0       0xa0 build/stm32g4xx_hal_rcc.o
 .debug_ranges  0x0000000000000780       0xb8 build/stm32g4xx_hal_rcc_ex.o
 .debug_ranges  0x0000000000000838      0x238 build/stm32g4xx_hal_uart.o
 .debug_ranges  0x0000000000000a70       0xb0 build/stm32g4xx_hal_uart_ex.o
 .debug_ranges  0x0000000000000b20       0x20 build/startup_stm32g474xx.o
 .debug_ranges  0x0000000000000b40       0xe8 /usr/lib/gcc/arm-none-eabi/10.3.1/thumb/v7e-m+fp/hard/libgcc.a(_udivmoddi4.o)
 .debug_ranges  0x0000000000000c28       0x40 /usr/lib/gcc/arm-none-eabi/10.3.1/../../../arm-none-eabi/lib/thumb/v7e-m+fp/hard/libc_nano.a(lib_a-nano-svfprintf.o)
 .debug_ranges  0x0000000000000c68       0xa0 /usr/lib/gcc/arm-none-eabi/10.3.1/../../../arm-none-eabi/lib/thumb/v7e-m+fp/hard/libc_nano.a(lib_a-nano-vfprintf_i.o)
 .debug_ranges  0x0000000000000d08       0x20 /usr/lib/gcc/arm-none-eabi/10.3.1/../../../arm-none-eabi/lib/thumb/v7e-m+fp/hard/libc_nano.a(lib_a-nano-freer.o)
 .debug_ranges  0x0000000000000d28       0x38 /usr/lib/gcc/arm-none-eabi/10.3.1/../../../arm-none-eabi/lib/thumb/v7e-m+fp/hard/libc_nano.a(lib_a-nano-mallocr.o)

.debug_macro    0x0000000000000000    0x24f9d
 .debug_macro   0x0000000000000000      0x181 build/main.o
 .debug_macro   0x0000000000000181      0xa7e build/main.o
 .debug_macro   0x0000000000000bff       0xa0 build/main.o
 .debug_macro   0x0000000000000c9f       0x2e build/main.o
 .debug_macro   0x0000000000000ccd       0x28 build/main.o
 .debug_macro   0x0000000000000cf5      0x34e build/main.o
 .debug_macro   0x0000000000001043       0x1c build/main.o
 .debug_macro   0x000000000000105f       0x22 build/main.o
 .debug_macro   0x0000000000001081       0xfb build/main.o
 .debug_macro   0x000000000000117c     0x1011 build/main.o
 .debug_macro   0x000000000000218d      0x11f build/main.o
 .debug_macro   0x00000000000022ac    0x18b8c build/main.o
 .debug_macro   0x000000000001ae38       0x6d build/main.o
 .debug_macro   0x000000000001aea5     0x3558 build/main.o
 .debug_macro   0x000000000001e3fd      0x174 build/main.o
 .debug_macro   0x000000000001e571       0x5c build/main.o
 .debug_macro   0x000000000001e5cd     0x171f build/main.o
 .debug_macro   0x000000000001fcec      0x600 build/main.o
 .debug_macro   0x00000000000202ec      0x1b6 build/main.o
 .debug_macro   0x00000000000204a2      0x34a build/main.o
 .debug_macro   0x00000000000207ec      0x53c build/main.o
 .debug_macro   0x0000000000020d28      0x18b build/main.o
 .debug_macro   0x0000000000020eb3       0x43 build/main.o
 .debug_macro   0x0000000000020ef6      0x45c build/main.o
 .debug_macro   0x0000000000021352      0x11c build/main.o
 .debug_macro   0x000000000002146e      0x122 build/main.o
 .debug_macro   0x0000000000021590      0x3d1 build/main.o
 .debug_macro   0x0000000000021961      0x23d build/main.o
 .debug_macro   0x0000000000021b9e      0x6bd build/main.o
 .debug_macro   0x000000000002225b      0x693 build/main.o
 .debug_macro   0x00000000000228ee       0xa6 build/main.o
 .debug_macro   0x0000000000022994      0x358 build/main.o
 .debug_macro   0x0000000000022cec       0x10 build/main.o
 .debug_macro   0x0000000000022cfc      0x177 build/stm32g4xx_hal_msp.o
 .debug_macro   0x0000000000022e73      0x181 build/stm32g4xx_it.o
 .debug_macro   0x0000000000022ff4      0x341 build/can_observer_user.o
 .debug_macro   0x0000000000023335       0x22 build/can_observer_user.o
 .debug_macro   0x0000000000023357       0x22 build/can_observer_user.o
 .debug_macro   0x0000000000023379       0x52 build/can_observer_user.o
 .debug_macro   0x00000000000233cb       0x18 build/can_observer_user.o
 .debug_macro   0x00000000000233e3       0x94 build/can_observer_user.o
 .debug_macro   0x0000000000023477       0x35 build/can_observer_user.o
 .debug_macro   0x00000000000234ac       0x34 build/can_observer_user.o
 .debug_macro   0x00000000000234e0       0x16 build/can_observer_user.o
 .debug_macro   0x00000000000234f6       0x57 build/can_observer_user.o
 .debug_macro   0x000000000002354d       0x35 build/can_observer_user.o
 .debug_macro   0x0000000000023582      0x333 build/can_observer_user.o
 .debug_macro   0x00000000000238b5       0x10 build/can_observer_user.o
 .debug_macro   0x00000000000238c5       0x16 build/can_observer_user.o
 .debug_macro   0x00000000000238db       0x43 build/can_observer_user.o
 .debug_macro   0x000000000002391e       0x34 build/can_observer_user.o
 .debug_macro   0x0000000000023952       0x10 build/can_observer_user.o
 .debug_macro   0x0000000000023962       0x52 build/can_observer_user.o
 .debug_macro   0x00000000000239b4      0x182 build/can_observer_user.o
 .debug_macro   0x0000000000023b36       0x10 build/can_observer_user.o
 .debug_macro   0x0000000000023b46       0x6a build/can_observer_user.o
 .debug_macro   0x0000000000023bb0       0x1c build/can_observer_user.o
 .debug_macro   0x0000000000023bcc       0x52 build/can_observer_user.o
 .debug_macro   0x0000000000023c1e       0x22 build/can_observer_user.o
 .debug_macro   0x0000000000023c40       0x10 build/can_observer_user.o
 .debug_macro   0x0000000000023c50       0x40 build/can_observer_user.o
 .debug_macro   0x0000000000023c90       0xd5 build/can_observer_user.o
 .debug_macro   0x0000000000023d65       0x1c build/can_observer_user.o
 .debug_macro   0x0000000000023d81       0x3d build/can_observer_user.o
 .debug_macro   0x0000000000023dbe       0x16 build/can_observer_user.o
 .debug_macro   0x0000000000023dd4      0x16f build/can_observer_user.o
 .debug_macro   0x0000000000023f43       0x16 build/can_observer_user.o
 .debug_macro   0x0000000000023f59      0x168 build/system_stm32g4xx.o
 .debug_macro   0x00000000000240c1      0x1b6 build/stm32g4xx_hal.o
 .debug_macro   0x0000000000024277      0x168 build/stm32g4xx_hal_cortex.o
 .debug_macro   0x00000000000243df      0x27a build/stm32g4xx_hal_fdcan.o
 .debug_macro   0x0000000000024659      0x16f build/stm32g4xx_hal_gpio.o
 .debug_macro   0x00000000000247c8      0x192 build/stm32g4xx_hal_pwr_ex.o
 .debug_macro   0x000000000002495a      0x1aa build/stm32g4xx_hal_rcc.o
 .debug_macro   0x0000000000024b04      0x192 build/stm32g4xx_hal_rcc_ex.o
 .debug_macro   0x0000000000024c96      0x193 build/stm32g4xx_hal_uart.o
 .debug_macro   0x0000000000024e29      0x174 build/stm32g4xx_hal_uart_ex.o

.debug_line     0x0000000000000000    0x13a35
 .debug_line    0x0000000000000000      0x75c build/main.o
 .debug_line    0x000000000000075c      0x632 build/stm32g4xx_hal_msp.o
 .debug_line    0x0000000000000d8e      0x527 build/stm32g4xx_it.o
 .debug_line    0x00000000000012b5      0xbbb build/can_observer_user.o
 .debug_line    0x0000000000001e70      0x5c3 build/system_stm32g4xx.o
 .debug_line    0x0000000000002433      0x9c0 build/stm32g4xx_hal.o
 .debug_line    0x0000000000002df3      0xab0 build/stm32g4xx_hal_cortex.o
 .debug_line    0x00000000000038a3     0x1d39 build/stm32g4xx_hal_fdcan.o
 .debug_line    0x00000000000055dc      0x9d2 build/stm32g4xx_hal_gpio.o
 .debug_line    0x0000000000005fae      0xd64 build/stm32g4xx_hal_pwr_ex.o
 .debug_line    0x0000000000006d12     0x10dd build/stm32g4xx_hal_rcc.o
 .debug_line    0x0000000000007def     0x1530 build/stm32g4xx_hal_rcc_ex.o
 .debug_line    0x000000000000931f     0x66c2 build/stm32g4xx_hal_uart.o
 .debug_line    0x000000000000f9e1      0xf5b build/stm32g4xx_hal_uart_ex.o
 .debug_line    0x000000000001093c       0xf3 build/startup_stm32g474xx.o
 .debug_line    0x0000000000010a2f       0x60 /usr/lib/gcc/arm-none-eabi/10.3.1/thumb/v7e-m+fp/hard/libgcc.a(_aeabi_uldivmod.o)
 .debug_line    0x0000000000010a8f      0x5ae /usr/lib/gcc/arm-none-eabi/10.3.1/thumb/v7e-m+fp/hard/libgcc.a(_udivmoddi4.o)
 .debug_line    0x000000000001103d       0x60 /usr/lib/gcc/arm-none-eabi/10.3.1/thumb/v7e-m+fp/hard/libgcc.a(_dvmd_tls.o)
 .debug_line    0x000000000001109d       0xe4 /usr/lib/gcc/arm-none-eabi/10.3.1/../../../arm-none-eabi/lib/thumb/v7e-m+fp/hard/libc_nano.a(lib_a-impure.o)
 .debug_line    0x0000000000011181      0x138 /usr/lib/gcc/arm-none-eabi/10.3.1/../../../arm-none-eabi/lib/thumb/v7e-m+fp/hard/libc_nano.a(lib_a-init.o)
 .debug_line    0x00000000000112b9       0xbe /usr/lib/gcc/arm-none-eabi/10.3.1/../../../arm-none-eabi/lib/thumb/v7e-m+fp/hard/libc_nano.a(lib_a-memcpy.o)
 .debug_line    0x0000000000011377      0x1bf /usr/lib/gcc/arm-none-eabi/10.3.1/../../../arm-none-eabi/lib/thumb/v7e-m+fp/hard/libc_nano.a(lib_a-memset.o)
 .debug_line    0x0000000000011536      0x37e /usr/lib/gcc/arm-none-eabi/10.3.1/../../../arm-none-eabi/lib/thumb/v7e-m+fp/hard/libc_nano.a(lib_a-snprintf.o)
 .debug_line    0x00000000000118b4       0xaf /usr/lib/gcc/arm-none-eabi/10.3.1/../../../arm-none-eabi/lib/thumb/v7e-m+fp/hard/libc_nano.a(lib_a-strlen.o)
 .debug_line    0x0000000000011963      0x83a /usr/lib/gcc/arm-none-eabi/10.3.1/../../../arm-none-eabi/lib/thumb/v7e-m+fp/hard/libc_nano.a(lib_a-nano-svfprintf.o)
 .debug_line    0x000000000001219d      0x746 /usr/lib/gcc/arm-none-eabi/10.3.1/../../../arm-none-eabi/lib/thumb/v7e-m+fp/hard/libc_nano.a(lib_a-nano-vfprintf_i.o)
 .debug_line    0x00000000000128e3       0xa4 /usr/lib/gcc/arm-none-eabi/10.3.1/../../../arm-none-eabi/lib/thumb/v7e-m+fp/hard/libc_nano.a(lib_a-memchr.o)
 .debug_line    0x0000000000012987      0x1ee /usr/lib/gcc/arm-none-eabi/10.3.1/../../../arm-none-eabi/lib/thumb/v7e-m+fp/hard/libc_nano.a(lib_a-memmove.o)
 .debug_line    0x0000000000012b75      0x2ca /usr/lib/gcc/arm-none-eabi/10.3.1/../../../arm-none-eabi/lib/thumb/v7e-m+fp/hard/libc_nano.a(lib_a-nano-freer.o)
 .debug_line    0x0000000000012e3f      0x2d0 /usr/lib/gcc/arm-none-eabi/10.3.1/../../../arm-none-eabi/lib/thumb/v7e-m+fp/hard/libc_nano.a(lib_a-nano-mallocr.o)
 .debug_line    0x000000000001310f      0x1c5 /usr/lib/gcc/arm-none-eabi/10.3.1/../../../arm-none-eabi/lib/thumb/v7e-m+fp/hard/libc_nano.a(lib_a-nano-reallocr.o)
 .debug_line    0x00000000000132d4      0x183 /usr/lib/gcc/arm-none-eabi/10.3.1/../../../arm-none-eabi/lib/thumb/v7e-m+fp/hard/libc_nano.a(lib_a-sbrkr.o)
 .debug_line    0x0000000000013457      0x13e /usr/lib/gcc/arm-none-eabi/10.3.1/../../../arm-none-eabi/lib/thumb/v7e-m+fp/hard/libc_nano.a(lib_a-mlock.o)
 .debug_line    0x0000000000013595      0x160 /usr/lib/gcc/arm-none-eabi/10.3.1/../../../arm-none-eabi/lib/thumb/v7e-m+fp/hard/libc_nano.a(lib_a-nano-msizer.o)
 .debug_line    0x00000000000136f5      0x2c7 /usr/lib/gcc/arm-none-eabi/10.3.1/../../../arm-none-eabi/lib/thumb/v7e-m+fp/hard/libc_nano.a(lib_a-reent.o)
 .debug_line    0x00000000000139bc       0x79 /usr/lib/gcc/arm-none-eabi/10.3.1/../../../arm-none-eabi/lib/thumb/v7e-m+fp/hard/libnosys.a(sbrk.o)

.debug_str      0x0000000000000000    0xee899
 .debug_str     0x0000000000000000    0xe5067 build/main.o
                                      0xe53a4 (size before relaxing)
 .debug_str     0x00000000000e5067      0x8f4 build/stm32g4xx_hal_msp.o
                                      0xe59bb (size before relaxing)
 .debug_str     0x00000000000e595b       0xa8 build/stm32g4xx_it.o
                                      0xe4a92 (size before relaxing)
 .debug_str     0x00000000000e5a03     0x3f76 build/can_observer_user.o
                                      0xe8feb (size before relaxing)
 .debug_str     0x00000000000e9979      0x137 build/system_stm32g4xx.o
                                      0xe48e1 (size before relaxing)
 .debug_str     0x00000000000e9ab0      0x63c build/stm32g4xx_hal.o
                                      0xe55c9 (size before relaxing)
 .debug_str     0x00000000000ea0ec      0x397 build/stm32g4xx_hal_cortex.o
                                      0xe527b (size before relaxing)
 .debug_str     0x00000000000ea483     0x11df build/stm32g4xx_hal_fdcan.o
                                      0xe5e53 (size before relaxing)
 .debug_str     0x00000000000eb662      0x160 build/stm32g4xx_hal_gpio.o
                                      0xe4a41 (size before relaxing)
 .debug_str     0x00000000000eb7c2      0x4e7 build/stm32g4xx_hal_pwr_ex.o
                                      0xe4da5 (size before relaxing)
 .debug_str     0x00000000000ebca9      0x548 build/stm32g4xx_hal_rcc.o
                                      0xe4fd6 (size before relaxing)
 .debug_str     0x00000000000ec1f1      0x456 build/stm32g4xx_hal_rcc_ex.o
                                      0xe4fff (size before relaxing)
 .debug_str     0x00000000000ec647      0xa45 build/stm32g4xx_hal_uart.o
                                      0xe586d (size before relaxing)
 .debug_str     0x00000000000ed08c      0x2ad build/stm32g4xx_hal_uart_ex.o
                                      0xe505a (size before relaxing)
 .debug_str     0x00000000000ed339       0x9e build/startup_stm32g474xx.o
                                         0xf5 (size before relaxing)
 .debug_str     0x00000000000ed3d7       0xa6 /usr/lib/gcc/arm-none-eabi/10.3.1/thumb/v7e-m+fp/hard/libgcc.a(_aeabi_uldivmod.o)
 .debug_str     0x00000000000ed47d      0x544 /usr/lib/gcc/arm-none-eabi/10.3.1/thumb/v7e-m+fp/hard/libgcc.a(_udivmoddi4.o)
                                        0x647 (size before relaxing)
 .debug_str     0x00000000000ed9c1       0x30 /usr/lib/gcc/arm-none-eabi/10.3.1/thumb/v7e-m+fp/hard/libgcc.a(_dvmd_tls.o)
                                         0xaa (size before relaxing)
 .debug_str     0x00000000000ed9f1      0x44c /usr/lib/gcc/arm-none-eabi/10.3.1/../../../arm-none-eabi/lib/thumb/v7e-m+fp/hard/libc_nano.a(lib_a-impure.o)
                                        0x55e (size before relaxing)
 .debug_str     0x00000000000ede3d       0xf0 /usr/lib/gcc/arm-none-eabi/10.3.1/../../../arm-none-eabi/lib/thumb/v7e-m+fp/hard/libc_nano.a(lib_a-init.o)
                                        0x20b (size before relaxing)
 .debug_str     0x00000000000edf2d       0xaa /usr/lib/gcc/arm-none-eabi/10.3.1/../../../arm-none-eabi/lib/thumb/v7e-m+fp/hard/libc_nano.a(lib_a-memcpy.o)
                                         0xb6 (size before relaxing)
 .debug_str     0x00000000000edfd7       0xaa /usr/lib/gcc/arm-none-eabi/10.3.1/../../../arm-none-eabi/lib/thumb/v7e-m+fp/hard/libc_nano.a(lib_a-memset.o)
                                        0x1c0 (size before relaxing)
 .debug_str     0x00000000000ee081       0xb4 /usr/lib/gcc/arm-none-eabi/10.3.1/../../../arm-none-eabi/lib/thumb/v7e-m+fp/hard/libc_nano.a(lib_a-snprintf.o)
                                        0x55b (size before relaxing)
 .debug_str     0x00000000000ee135       0x42 /usr/lib/gcc/arm-none-eabi/10.3.1/../../../arm-none-eabi/lib/thumb/v7e-m+fp/hard/libc_nano.a(lib_a-strlen.o)
                                         0xb5 (size before relaxing)
 .debug_str     0x00000000000ee177      0x286 /usr/lib/gcc/arm-none-eabi/10.3.1/../../../arm-none-eabi/lib/thumb/v7e-m+fp/hard/libc_nano.a(lib_a-nano-svfprintf.o)
                                        0x855 (size before relaxing)
 .debug_str     0x00000000000ee3fd       0x94 /usr/lib/gcc/arm-none-eabi/10.3.1/../../../arm-none-eabi/lib/thumb/v7e-m+fp/hard/libc_nano.a(lib_a-nano-vfprintf_i.o)
                                        0x7ec (size before relaxing)
 .debug_str     0x00000000000ee491       0x3c /usr/lib/gcc/arm-none-eabi/10.3.1/../../../arm-none-eabi/lib/thumb/v7e-m+fp/hard/libc_nano.a(lib_a-memchr.o)
                                         0xaf (size before relaxing)
 .debug_str     0x00000000000ee4cd       0x5f /usr/lib/gcc/arm-none-eabi/10.3.1/../../../arm-none-eabi/lib/thumb/v7e-m+fp/hard/libc_nano.a(lib_a-memmove.o)
                                        0x1df (size before relaxing)
 .debug_str     0x00000000000ee52c      0x116 /usr/lib/gcc/arm-none-eabi/10.3.1/../../../arm-none-eabi/lib/thumb/v7e-m+fp/hard/libc_nano.a(lib_a-nano-freer.o)
                                        0x595 (size before relaxing)
 .debug_str     0x00000000000ee642       0x46 /usr/lib/gcc/arm-none-eabi/10.3.1/../../../arm-none-eabi/lib/thumb/v7e-m+fp/hard/libc_nano.a(lib_a-nano-mallocr.o)
                                        0x5c0 (size before relaxing)
 .debug_str     0x00000000000ee688       0x23 /usr/lib/gcc/arm-none-eabi/10.3.1/../../../arm-none-eabi/lib/thumb/v7e-m+fp/hard/libc_nano.a(lib_a-nano-reallocr.o)
                                        0x57f (size before relaxing)
 .debug_str     0x00000000000ee6ab       0x3d /usr/lib/gcc/arm-none-eabi/10.3.1/../../../arm-none-eabi/lib/thumb/v7e-m+fp/hard/libc_nano.a(lib_a-sbrkr.o)
                                        0x516 (size before relaxing)
 .debug_str     0x00000000000ee6e8       0x4c /usr/lib/gcc/arm-none-eabi/10.3.1/../../../arm-none-eabi/lib/thumb/v7e-m+fp/hard/libc_nano.a(lib_a-mlock.o)
                                        0x52c (size before relaxing)
 .debug_str     0x00000000000ee734        0xf /usr/lib/gcc/arm-none-eabi/10.3.1/../../../arm-none-eabi/lib/thumb/v7e-m+fp/hard/libc_nano.a(lib_a-nano-msizer.o)
                                        0x55d (size before relaxing)
 .debug_str     0x00000000000ee743       0x5e /usr/lib/gcc/arm-none-eabi/10.3.1/../../../arm-none-eabi/lib/thumb/v7e-m+fp/hard/libc_nano.a(lib_a-reent.o)
                                        0x53e (size before relaxing)
 .debug_str     0x00000000000ee7a1       0xf8 /usr/lib/gcc/arm-none-eabi/10.3.1/../../../arm-none-eabi/lib/thumb/v7e-m+fp/hard/libnosys.a(sbrk.o)
                                        0x111 (size before relaxing)

.debug_frame    0x0000000000000000     0x1f64
 .debug_frame   0x0000000000000000       0xb4 build/main.o
 .debug_frame   0x00000000000000b4       0x9c build/stm32g4xx_hal_msp.o
 .debug_frame   0x0000000000000150       0x80 build/stm32g4xx_it.o
 .debug_frame   0x00000000000001d0      0x174 build/can_observer_user.o
 .debug_frame   0x0000000000000344       0x30 build/system_stm32g4xx.o
 .debug_frame   0x0000000000000374      0x2a4 build/stm32g4xx_hal.o
 .debug_frame   0x0000000000000618      0x168 build/stm32g4xx_hal_cortex.o
 .debug_frame   0x0000000000000780      0x4c8 build/stm32g4xx_hal_fdcan.o
 .debug_frame   0x0000000000000c48       0xd0 build/stm32g4xx_hal_gpio.o
 .debug_frame   0x0000000000000d18      0x268 build/stm32g4xx_hal_pwr_ex.o
 .debug_frame   0x0000000000000f80      0x198 build/stm32g4xx_hal_rcc.o
 .debug_frame   0x0000000000001118      0x1a0 build/stm32g4xx_hal_rcc_ex.o
 .debug_frame   0x00000000000012b8      0x67c build/stm32g4xx_hal_uart.o
 .debug_frame   0x0000000000001934      0x1d8 build/stm32g4xx_hal_uart_ex.o
 .debug_frame   0x0000000000001b0c       0x2c /usr/lib/gcc/arm-none-eabi/10.3.1/thumb/v7e-m+fp/hard/libgcc.a(_aeabi_uldivmod.o)
 .debug_frame   0x0000000000001b38       0x34 /usr/lib/gcc/arm-none-eabi/10.3.1/thumb/v7e-m+fp/hard/libgcc.a(_udivmoddi4.o)
 .debug_frame   0x0000000000001b6c       0x2c /usr/lib/gcc/arm-none-eabi/10.3.1/../../../arm-none-eabi/lib/thumb/v7e-m+fp/hard/libc_nano.a(lib_a-init.o)
 .debug_frame   0x0000000000001b98       0x2c /usr/lib/gcc/arm-none-eabi/10.3.1/../../../arm-none-eabi/lib/thumb/v7e-m+fp/hard/libc_nano.a(lib_a-memset.o)
 .debug_frame   0x0000000000001bc4       0x94 /usr/lib/gcc/arm-none-eabi/10.3.1/../../../arm-none-eabi/lib/thumb/v7e-m+fp/hard/libc_nano.a(lib_a-snprintf.o)
 .debug_frame   0x0000000000001c58       0x98 /usr/lib/gcc/arm-none-eabi/10.3.1/../../../arm-none-eabi/lib/thumb/v7e-m+fp/hard/libc_nano.a(lib_a-nano-svfprintf.o)
 .debug_frame   0x0000000000001cf0       0x6c /usr/lib/gcc/arm-none-eabi/10.3.1/../../../arm-none-eabi/lib/thumb/v7e-m+fp/hard/libc_nano.a(lib_a-nano-vfprintf_i.o)
 .debug_frame   0x0000000000001d5c       0x40 /usr/lib/gcc/arm-none-eabi/10.3.1/../../../arm-none-eabi/lib/thumb/v7e-m+fp/hard/libc_nano.a(lib_a-memmove.o)
 .debug_frame   0x0000000000001d9c       0x54 /usr/lib/gcc/arm-none-eabi/10.3.1/../../../arm-none-eabi/lib/thumb/v7e-m+fp/hard/libc_nano.a(lib_a-nano-freer.o)
 .debug_frame   0x0000000000001df0       0x30 /usr/lib/gcc/arm-none-eabi/10.3.1/../../../arm-none-eabi/lib/thumb/v7e-m+fp/hard/libc_nano.a(lib_a-nano-mallocr.o)
 .debug_frame   0x0000000000001e20       0x38 /usr/lib/gcc/arm-none-eabi/10.3.1/../../../arm-none-eabi/lib/thumb/v7e-m+fp/hard/libc_nano.a(lib_a-nano-reallocr.o)
 .debug_frame   0x0000000000001e58       0x2c /usr/lib/gcc/arm-none-eabi/10.3.1/../../../arm-none-eabi/lib/thumb/v7e-m+fp/hard/libc_nano.a(lib_a-sbrkr.o)
 .debug_frame   0x0000000000001e84       0x30 /usr/lib/gcc/arm-none-eabi/10.3.1/../../../arm-none-eabi/lib/thumb/v7e-m+fp/hard/libc_nano.a(lib_a-mlock.o)
 .debug_frame   0x0000000000001eb4       0x20 /usr/lib/gcc/arm-none-eabi/10.3.1/../../../arm-none-eabi/lib/thumb/v7e-m+fp/hard/libc_nano.a(lib_a-nano-msizer.o)
 .debug_frame   0x0000000000001ed4       0x70 /usr/lib/gcc/arm-none-eabi/10.3.1/../../../arm-none-eabi/lib/thumb/v7e-m+fp/hard/libc_nano.a(lib_a-reent.o)
 .debug_frame   0x0000000000001f44       0x20 /usr/lib/gcc/arm-none-eabi/10.3.1/../../../arm-none-eabi/lib/thumb/v7e-m+fp/hard/libnosys.a(sbrk.o)

.debug_loc      0x0000000000000000     0xeb52
 .debug_loc     0x0000000000000000      0x102 build/stm32g4xx_hal_msp.o
 .debug_loc     0x0000000000000102      0x4f7 build/can_observer_user.o
 .debug_loc     0x00000000000005f9       0x9d build/system_stm32g4xx.o
 .debug_loc     0x0000000000000696      0x1ef build/stm32g4xx_hal.o
 .debug_loc     0x0000000000000885      0x736 build/stm32g4xx_hal_cortex.o
 .debug_loc     0x0000000000000fbb     0x162a build/stm32g4xx_hal_fdcan.o
 .debug_loc     0x00000000000025e5      0x3b3 build/stm32g4xx_hal_gpio.o
 .debug_loc     0x0000000000002998      0xa23 build/stm32g4xx_hal_pwr_ex.o
 .debug_loc     0x00000000000033bb      0x84d build/stm32g4xx_hal_rcc.o
 .debug_loc     0x0000000000003c08     0x1523 build/stm32g4xx_hal_rcc_ex.o
 .debug_loc     0x000000000000512b     0x5ced build/stm32g4xx_hal_uart.o
 .debug_loc     0x000000000000ae18      0xc3a build/stm32g4xx_hal_uart_ex.o
 .debug_loc     0x000000000000ba52     0x100f /usr/lib/gcc/arm-none-eabi/10.3.1/thumb/v7e-m+fp/hard/libgcc.a(_udivmoddi4.o)
 .debug_loc     0x000000000000ca61       0xba /usr/lib/gcc/arm-none-eabi/10.3.1/../../../arm-none-eabi/lib/thumb/v7e-m+fp/hard/libc_nano.a(lib_a-init.o)
 .debug_loc     0x000000000000cb1b      0x22c /usr/lib/gcc/arm-none-eabi/10.3.1/../../../arm-none-eabi/lib/thumb/v7e-m+fp/hard/libc_nano.a(lib_a-memset.o)
 .debug_loc     0x000000000000cd47      0x2b1 /usr/lib/gcc/arm-none-eabi/10.3.1/../../../arm-none-eabi/lib/thumb/v7e-m+fp/hard/libc_nano.a(lib_a-snprintf.o)
 .debug_loc     0x000000000000cff8      0x82e /usr/lib/gcc/arm-none-eabi/10.3.1/../../../arm-none-eabi/lib/thumb/v7e-m+fp/hard/libc_nano.a(lib_a-nano-svfprintf.o)
 .debug_loc     0x000000000000d826      0x5dd /usr/lib/gcc/arm-none-eabi/10.3.1/../../../arm-none-eabi/lib/thumb/v7e-m+fp/hard/libc_nano.a(lib_a-nano-vfprintf_i.o)
 .debug_loc     0x000000000000de03      0x34f /usr/lib/gcc/arm-none-eabi/10.3.1/../../../arm-none-eabi/lib/thumb/v7e-m+fp/hard/libc_nano.a(lib_a-memmove.o)
 .debug_loc     0x000000000000e152      0x203 /usr/lib/gcc/arm-none-eabi/10.3.1/../../../arm-none-eabi/lib/thumb/v7e-m+fp/hard/libc_nano.a(lib_a-nano-freer.o)
 .debug_loc     0x000000000000e355      0x3cd /usr/lib/gcc/arm-none-eabi/10.3.1/../../../arm-none-eabi/lib/thumb/v7e-m+fp/hard/libc_nano.a(lib_a-nano-mallocr.o)
 .debug_loc     0x000000000000e722      0x133 /usr/lib/gcc/arm-none-eabi/10.3.1/../../../arm-none-eabi/lib/thumb/v7e-m+fp/hard/libc_nano.a(lib_a-nano-reallocr.o)
 .debug_loc     0x000000000000e855       0x6c /usr/lib/gcc/arm-none-eabi/10.3.1/../../../arm-none-eabi/lib/thumb/v7e-m+fp/hard/libc_nano.a(lib_a-sbrkr.o)
 .debug_loc     0x000000000000e8c1       0x86 /usr/lib/gcc/arm-none-eabi/10.3.1/../../../arm-none-eabi/lib/thumb/v7e-m+fp/hard/libc_nano.a(lib_a-nano-msizer.o)
 .debug_loc     0x000000000000e947      0x1cd /usr/lib/gcc/arm-none-eabi/10.3.1/../../../arm-none-eabi/lib/thumb/v7e-m+fp/hard/libc_nano.a(lib_a-reent.o)
 .debug_loc     0x000000000000eb14       0x3e /usr/lib/gcc/arm-none-eabi/10.3.1/../../../arm-none-eabi/lib/thumb/v7e-m+fp/hard/libnosys.a(sbrk.o)

Cross Reference Table

Symbol                                            File
ADC1_2_IRQHandler                                 build/startup_stm32g474xx.o
ADC3_IRQHandler                                   build/startup_stm32g474xx.o
ADC4_IRQHandler                                   build/startup_stm32g474xx.o
ADC5_IRQHandler                                   build/startup_stm32g474xx.o
AHBPrescTable                                     build/system_stm32g4xx.o
                                                  build/stm32g4xx_hal_rcc.o
APBPrescTable                                     build/system_stm32g4xx.o
                                                  build/stm32g4xx_hal_rcc.o
BusFault_Handler                                  build/startup_stm32g474xx.o
COMP1_2_3_IRQHandler                              build/startup_stm32g474xx.o
COMP4_5_6_IRQHandler                              build/startup_stm32g474xx.o
COMP7_IRQHandler                                  build/startup_stm32g474xx.o
CORDIC_IRQHandler                                 build/startup_stm32g474xx.o
CRS_IRQHandler                                    build/startup_stm32g474xx.o
DMA1_Channel1_IRQHandler                          build/startup_stm32g474xx.o
DMA1_Channel2_IRQHandler                          build/startup_stm32g474xx.o
DMA1_Channel3_IRQHandler                          build/startup_stm32g474xx.o
DMA1_Channel4_IRQHandler                          build/startup_stm32g474xx.o
DMA1_Channel5_IRQHandler                          build/startup_stm32g474xx.o
DMA1_Channel6_IRQHandler                          build/startup_stm32g474xx.o
DMA1_Channel7_IRQHandler                          build/startup_stm32g474xx.o
DMA1_Channel8_IRQHandler                          build/startup_stm32g474xx.o
DMA2_Channel1_IRQHandler                          build/startup_stm32g474xx.o
DMA2_Channel2_IRQHandler                          build/startup_stm32g474xx.o
DMA2_Channel3_IRQHandler                          build/startup_stm32g474xx.o
DMA2_Channel4_IRQHandler                          build/startup_stm32g474xx.o
DMA2_Channel5_IRQHandler                          build/startup_stm32g474xx.o
DMA2_Channel6_IRQHandler                          build/startup_stm32g474xx.o
DMA2_Channel7_IRQHandler                          build/startup_stm32g474xx.o
DMA2_Channel8_IRQHandler                          build/startup_stm32g474xx.o
DMAMUX_OVR_IRQHandler                             build/startup_stm32g474xx.o
DebugMon_Handler                                  build/startup_stm32g474xx.o
Default_Handler                                   build/startup_stm32g474xx.o
EXTI0_IRQHandler                                  build/startup_stm32g474xx.o
EXTI15_10_IRQHandler                              build/startup_stm32g474xx.o
EXTI1_IRQHandler                                  build/startup_stm32g474xx.o
EXTI2_IRQHandler                                  build/startup_stm32g474xx.o
EXTI3_IRQHandler                                  build/startup_stm32g474xx.o
EXTI4_IRQHandler                                  build/startup_stm32g474xx.o
EXTI9_5_IRQHandler                                build/startup_stm32g474xx.o
Error_Handler                                     build/main.o
                                                  build/can_observer_user.o
                                                  build/stm32g4xx_hal_msp.o
FDCAN1_IT0_IRQHandler                             build/stm32g4xx_it.o
FDCAN1_IT1_IRQHandler                             build/startup_stm32g474xx.o
FDCAN2_IT0_IRQHandler                             build/startup_stm32g474xx.o
FDCAN2_IT1_IRQHandler                             build/startup_stm32g474xx.o
FDCAN3_IT0_IRQHandler                             build/startup_stm32g474xx.o
FDCAN3_IT1_IRQHandler                             build/startup_stm32g474xx.o
FLASH_FlushCaches                                 build/stm32g4xx_hal_flash_ex.o
                                                  build/stm32g4xx_hal_flash.o
FLASH_IRQHandler                                  build/startup_stm32g474xx.o
FLASH_PageErase                                   build/stm32g4xx_hal_flash_ex.o
                                                  build/stm32g4xx_hal_flash.o
FLASH_WaitForLastOperation                        build/stm32g4xx_hal_flash.o
                                                  build/stm32g4xx_hal_flash_ex.o
FMAC_IRQHandler                                   build/startup_stm32g474xx.o
FMC_IRQHandler                                    build/startup_stm32g474xx.o
FPU_IRQHandler                                    build/startup_stm32g474xx.o
HAL_DBGMCU_DisableDBGSleepMode                    build/stm32g4xx_hal.o
HAL_DBGMCU_DisableDBGStandbyMode                  build/stm32g4xx_hal.o
HAL_DBGMCU_DisableDBGStopMode                     build/stm32g4xx_hal.o
HAL_DBGMCU_EnableDBGSleepMode                     build/stm32g4xx_hal.o
HAL_DBGMCU_EnableDBGStandbyMode                   build/stm32g4xx_hal.o
HAL_DBGMCU_EnableDBGStopMode                      build/stm32g4xx_hal.o
HAL_DMAEx_ConfigMuxRequestGenerator               build/stm32g4xx_hal_dma_ex.o
HAL_DMAEx_ConfigMuxSync                           build/stm32g4xx_hal_dma_ex.o
HAL_DMAEx_DisableMuxRequestGenerator              build/stm32g4xx_hal_dma_ex.o
HAL_DMAEx_EnableMuxRequestGenerator               build/stm32g4xx_hal_dma_ex.o
HAL_DMAEx_MUX_IRQHandler                          build/stm32g4xx_hal_dma_ex.o
HAL_DMA_Abort                                     build/stm32g4xx_hal_dma.o
                                                  build/stm32g4xx_hal_uart.o
HAL_DMA_Abort_IT                                  build/stm32g4xx_hal_dma.o
                                                  build/stm32g4xx_hal_uart.o
HAL_DMA_DeInit                                    build/stm32g4xx_hal_dma.o
HAL_DMA_GetError                                  build/stm32g4xx_hal_dma.o
                                                  build/stm32g4xx_hal_uart.o
HAL_DMA_GetState                                  build/stm32g4xx_hal_dma.o
HAL_DMA_IRQHandler                                build/stm32g4xx_hal_dma.o
HAL_DMA_Init                                      build/stm32g4xx_hal_dma.o
HAL_DMA_PollForTransfer                           build/stm32g4xx_hal_dma.o
HAL_DMA_RegisterCallback                          build/stm32g4xx_hal_dma.o
HAL_DMA_Start                                     build/stm32g4xx_hal_dma.o
HAL_DMA_Start_IT                                  build/stm32g4xx_hal_dma.o
                                                  build/stm32g4xx_hal_uart.o
HAL_DMA_UnRegisterCallback                        build/stm32g4xx_hal_dma.o
HAL_DeInit                                        build/stm32g4xx_hal.o
HAL_Delay                                         build/stm32g4xx_hal.o
HAL_FDCAN_AbortTxRequest                          build/stm32g4xx_hal_fdcan.o
HAL_FDCAN_ActivateNotification                    build/stm32g4xx_hal_fdcan.o
                                                  build/can_observer_user.o
HAL_FDCAN_AddMessageToTxFifoQ                     build/stm32g4xx_hal_fdcan.o
HAL_FDCAN_ConfigExtendedIdMask                    build/stm32g4xx_hal_fdcan.o
HAL_FDCAN_ConfigFilter                            build/stm32g4xx_hal_fdcan.o
                                                  build/can_observer_user.o
HAL_FDCAN_ConfigGlobalFilter                      build/stm32g4xx_hal_fdcan.o
                                                  build/can_observer_user.o
HAL_FDCAN_ConfigInterruptLines                    build/stm32g4xx_hal_fdcan.o
HAL_FDCAN_ConfigRamWatchdog                       build/stm32g4xx_hal_fdcan.o
HAL_FDCAN_ConfigRxFifoOverwrite                   build/stm32g4xx_hal_fdcan.o
HAL_FDCAN_ConfigTimeoutCounter                    build/stm32g4xx_hal_fdcan.o
HAL_FDCAN_ConfigTimestampCounter                  build/stm32g4xx_hal_fdcan.o
HAL_FDCAN_ConfigTxDelayCompensation               build/stm32g4xx_hal_fdcan.o
HAL_FDCAN_DeInit                                  build/stm32g4xx_hal_fdcan.o
HAL_FDCAN_DeactivateNotification                  build/stm32g4xx_hal_fdcan.o
HAL_FDCAN_DisableEdgeFiltering                    build/stm32g4xx_hal_fdcan.o
HAL_FDCAN_DisableISOMode                          build/stm32g4xx_hal_fdcan.o
HAL_FDCAN_DisableTimeoutCounter                   build/stm32g4xx_hal_fdcan.o
HAL_FDCAN_DisableTimestampCounter                 build/stm32g4xx_hal_fdcan.o
HAL_FDCAN_DisableTxDelayCompensation              build/stm32g4xx_hal_fdcan.o
HAL_FDCAN_EnableEdgeFiltering                     build/stm32g4xx_hal_fdcan.o
HAL_FDCAN_EnableISOMode                           build/stm32g4xx_hal_fdcan.o
HAL_FDCAN_EnableTimeoutCounter                    build/stm32g4xx_hal_fdcan.o
HAL_FDCAN_EnableTimestampCounter                  build/stm32g4xx_hal_fdcan.o
HAL_FDCAN_EnableTxDelayCompensation               build/stm32g4xx_hal_fdcan.o
HAL_FDCAN_EnterPowerDownMode                      build/stm32g4xx_hal_fdcan.o
HAL_FDCAN_ErrorCallback                           build/stm32g4xx_hal_fdcan.o
HAL_FDCAN_ErrorStatusCallback                     build/stm32g4xx_hal_fdcan.o
HAL_FDCAN_ExitPowerDownMode                       build/stm32g4xx_hal_fdcan.o
HAL_FDCAN_ExitRestrictedOperationMode             build/stm32g4xx_hal_fdcan.o
HAL_FDCAN_GetError                                build/stm32g4xx_hal_fdcan.o