Archive member included to satisfy reference by file (symbol)

/usr/lib/gcc/arm-none-eabi/10.3.1/thumb/v7e-m+fp/hard/libgcc.a(_aeabi_uldivmod.o)
                              build/stm32g4xx_hal_uart.o (__aeabi_uldivmod)
/usr/lib/gcc/arm-none-eabi/10.3.1/thumb/v7e-m+fp/hard/libgcc.a(_udivmoddi4.o)
                              /usr/lib/gcc/arm-none-eabi/10.3.1/thumb/v7e-m+fp/hard/libgcc.a(_aeabi_uldivmod.o) (__udivmoddi4)
/usr/lib/gcc/arm-none-eabi/10.3.1/thumb/v7e-m+fp/hard/libgcc.a(_dvmd_tls.o)
                              /usr/lib/gcc/arm-none-eabi/10.3.1/thumb/v7e-m+fp/hard/libgcc.a(_aeabi_uldivmod.o) (__aeabi_ldiv0)
/usr/lib/gcc/arm-none-eabi/10.3.1/../../../arm-none-eabi/lib/thumb/v7e-m+fp/hard/libc_nano.a(lib_a-atexit.o)
                              /usr/lib/gcc/arm-none-eabi/10.3.1/../../../arm-none-eabi/lib/thumb/v7e-m+fp/hard/crt0.o (atexit)
/usr/lib/gcc/arm-none-eabi/10.3.1/../../../arm-none-eabi/lib/thumb/v7e-m+fp/hard/libc_nano.a(lib_a-exit.o)
                              /usr/lib/gcc/arm-none-eabi/10.3.1/../../../arm-none-eabi/lib/thumb/v7e-m+fp/hard/crt0.o (exit)
/usr/lib/gcc/arm-none-eabi/10.3.1/../../../arm-none-eabi/lib/thumb/v7e-m+fp/hard/libc_nano.a(lib_a-fini.o)
                              /usr/lib/gcc/arm-none-eabi/10.3.1/../../../arm-none-eabi/lib/thumb/v7e-m+fp/hard/crt0.o (__libc_fini_array)
/usr/lib/gcc/arm-none-eabi/10.3.1/../../../arm-none-eabi/lib/thumb/v7e-m+fp/hard/libc_nano.a(lib_a-impure.o)
                              /usr/lib/gcc/arm-none-eabi/10.3.1/../../../arm-none-eabi/lib/thumb/v7e-m+fp/hard/libc_nano.a(lib_a-exit.o) (_global_impure_ptr)
/usr/lib/gcc/arm-none-eabi/10.3.1/../../../arm-none-eabi/lib/thumb/v7e-m+fp/hard/libc_nano.a(lib_a-init.o)
                              /usr/lib/gcc/arm-none-eabi/10.3.1/../../../arm-none-eabi/lib/thumb/v7e-m+fp/hard/crt0.o (__libc_init_array)
/usr/lib/gcc/arm-none-eabi/10.3.1/../../../arm-none-eabi/lib/thumb/v7e-m+fp/hard/libc_nano.a(lib_a-memset.o)
                              /usr/lib/gcc/arm-none-eabi/10.3.1/../../../arm-none-eabi/lib/thumb/v7e-m+fp/hard/crt0.o (memset)
/usr/lib/gcc/arm-none-eabi/10.3.1/../../../arm-none-eabi/lib/thumb/v7e-m+fp/hard/libc_nano.a(lib_a-__atexit.o)
                              /usr/lib/gcc/arm-none-eabi/10.3.1/../../../arm-none-eabi/lib/thumb/v7e-m+fp/hard/libc_nano.a(lib_a-atexit.o) (__register_exitproc)
/usr/lib/gcc/arm-none-eabi/10.3.1/../../../arm-none-eabi/lib/thumb/v7e-m+fp/hard/libc_nano.a(lib_a-__call_atexit.o)
                              /usr/lib/gcc/arm-none-eabi/10.3.1/../../../arm-none-eabi/lib/thumb/v7e-m+fp/hard/libc_nano.a(lib_a-__atexit.o) (__call_exitprocs)
/usr/lib/gcc/arm-none-eabi/10.3.1/../../../arm-none-eabi/lib/thumb/v7e-m+fp/hard/libnosys.a(_exit.o)
                              /usr/lib/gcc/arm-none-eabi/10.3.1/../../../arm-none-eabi/lib/thumb/v7e-m+fp/hard/libc_nano.a(lib_a-exit.o) (_exit)

Discarded input sections

 .text          0x0000000000000000        0x0 /usr/lib/gcc/arm-none-eabi/10.3.1/thumb/v7e-m+fp/hard/crti.o
 .data          0x0000000000000000        0x0 /usr/lib/gcc/arm-none-eabi/10.3.1/thumb/v7e-m+fp/hard/crti.o
 .bss           0x0000000000000000        0x0 /usr/lib/gcc/arm-none-eabi/10.3.1/thumb/v7e-m+fp/hard/crti.o
 .data          0x0000000000000000        0x4 /usr/lib/gcc/arm-none-eabi/10.3.1/thumb/v7e-m+fp/hard/crtbegin.o
 .rodata        0x0000000000000000       0x24 /usr/lib/gcc/arm-none-eabi/10.3.1/thumb/v7e-m+fp/hard/crtbegin.o
 .text          0x0000000000000000       0x70 /usr/lib/gcc/arm-none-eabi/10.3.1/../../../arm-none-eabi/lib/thumb/v7e-m+fp/hard/crt0.o
 .data          0x0000000000000000        0x0 /usr/lib/gcc/arm-none-eabi/10.3.1/../../../arm-none-eabi/lib/thumb/v7e-m+fp/hard/crt0.o
 .bss           0x0000000000000000        0x0 /usr/lib/gcc/arm-none-eabi/10.3.1/../../../arm-none-eabi/lib/thumb/v7e-m+fp/hard/crt0.o
 .ARM.extab     0x0000000000000000        0x0 /usr/lib/gcc/arm-none-eabi/10.3.1/../../../arm-none-eabi/lib/thumb/v7e-m+fp/hard/crt0.o
 .ARM.exidx     0x0000000000000000       0x10 /usr/lib/gcc/arm-none-eabi/10.3.1/../../../arm-none-eabi/lib/thumb/v7e-m+fp/hard/crt0.o
 .debug_line    0x0000000000000000       0x87 /usr/lib/gcc/arm-none-eabi/10.3.1/../../../arm-none-eabi/lib/thumb/v7e-m+fp/hard/crt0.o
 .debug_info    0x0000000000000000       0x26 /usr/lib/gcc/arm-none-eabi/10.3.1/../../../arm-none-eabi/lib/thumb/v7e-m+fp/hard/crt0.o
 .debug_abbrev  0x0000000000000000       0x14 /usr/lib/gcc/arm-none-eabi/10.3.1/../../../arm-none-eabi/lib/thumb/v7e-m+fp/hard/crt0.o
 .debug_aranges
                0x0000000000000000       0x20 /usr/lib/gcc/arm-none-eabi/10.3.1/../../../arm-none-eabi/lib/thumb/v7e-m+fp/hard/crt0.o
 .debug_str     0x0000000000000000       0x98 /usr/lib/gcc/arm-none-eabi/10.3.1/../../../arm-none-eabi/lib/thumb/v7e-m+fp/hard/crt0.o
 .ARM.attributes
                0x0000000000000000       0x1c /usr/lib/gcc/arm-none-eabi/10.3.1/../../../arm-none-eabi/lib/thumb/v7e-m+fp/hard/crt0.o
[...]
Memory Configuration

Name             Origin             Length             Attributes
RAM              0x0000000020000000 0x0000000000020000 xrw
FLASH            0x0000000008000000 0x0000000000080000 xr
*default*        0x0000000000000000 0xffffffffffffffff

Linker script and memory map

LOAD /usr/lib/gcc/arm-none-eabi/10.3.1/thumb/v7e-m+fp/hard/crti.o
LOAD /usr/lib/gcc/arm-none-eabi/10.3.1/thumb/v7e-m+fp/hard/crtbegin.o
LOAD /usr/lib/gcc/arm-none-eabi/10.3.1/../../../arm-none-eabi/lib/thumb/v7e-m+fp/hard/crt0.o
LOAD build/main.o
LOAD build/stm32g4xx_hal_msp.o
LOAD build/stm32g4xx_it.o
LOAD build/can_observer_user.o
LOAD build/system_stm32g4xx.o
LOAD build/stm32g4xx_hal.o
LOAD build/stm32g4xx_hal_cortex.o
LOAD build/stm32g4xx_hal_dma.o
LOAD build/stm32g4xx_hal_dma_ex.o
LOAD build/stm32g4xx_hal_fdcan.o
LOAD build/stm32g4xx_hal_flash.o
LOAD build/stm32g4xx_hal_flash_ex.o
LOAD build/stm32g4xx_hal_gpio.o
LOAD build/stm32g4xx_hal_pwr.o
LOAD build/stm32g4xx_hal_pwr_ex.o
LOAD build/stm32g4xx_hal_rcc.o
LOAD build/stm32g4xx_hal_rcc_ex.o
LOAD build/stm32g4xx_hal_uart.o
LOAD build/stm32g4xx_hal_uart_ex.o
LOAD build/startup_stm32g474xx.o
START GROUP
LOAD /usr/lib/gcc/arm-none-eabi/10.3.1/thumb/v7e-m+fp/hard/libgcc.a
LOAD /usr/lib/gcc/arm-none-eabi/10.3.1/../../../arm-none-eabi/lib/thumb/v7e-m+fp/hard/libc_nano.a
END GROUP
START GROUP
LOAD /usr/lib/gcc/arm-none-eabi/10.3.1/thumb/v7e-m+fp/hard/libgcc.a
LOAD /usr/lib/gcc/arm-none-eabi/10.3.1/../../../arm-none-eabi/lib/thumb/v7e-m+fp/hard/libc_nano.a
LOAD /usr/lib/gcc/arm-none-eabi/10.3.1/../../../arm-none-eabi/lib/thumb/v7e-m+fp/hard/libnosys.a
END GROUP
START GROUP
LOAD /usr/lib/gcc/arm-none-eabi/10.3.1/thumb/v7e-m+fp/hard/libgcc.a
LOAD /usr/lib/gcc/arm-none-eabi/10.3.1/../../../arm-none-eabi/lib/thumb/v7e-m+fp/hard/libc_nano.a
LOAD /usr/lib/gcc/arm-none-eabi/10.3.1/../../../arm-none-eabi/lib/thumb/v7e-m+fp/hard/libnosys.a
END GROUP
LOAD /usr/lib/gcc/arm-none-eabi/10.3.1/thumb/v7e-m+fp/hard/crtend.o
LOAD /usr/lib/gcc/arm-none-eabi/10.3.1/thumb/v7e-m+fp/hard/crtn.o
                0x0000000020020000                _estack = (ORIGIN (RAM) + LENGTH (RAM))
                0x0000000000000200                _Min_Heap_Size = 0x200
                0x0000000000000400                _Min_Stack_Size = 0x400

.isr_vector     0x0000000008000000      0x1d8
                0x0000000008000000                . = ALIGN (0x4)
 *(.isr_vector)
 .isr_vector    0x0000000008000000      0x1d8 build/startup_stm32g474xx.o
                0x0000000008000000                g_pfnVectors
                0x00000000080001d8                . = ALIGN (0x4)

.text           0x00000000080001d8     0x1c34
                0x00000000080001d8                . = ALIGN (0x4)
 *(.text)
 .text          0x00000000080001d8       0x88 /usr/lib/gcc/arm-none-eabi/10.3.1/thumb/v7e-m+fp/hard/crtbegin.o
 .text          0x0000000008000260       0x48 /usr/lib/gcc/arm-none-eabi/10.3.1/../../../arm-none-eabi/lib/thumb/v7e-m+fp/hard/libc_nano.a(lib_a-init.o)
                0x0000000008000260                __libc_init_array
 .text          0x00000000080002a8       0xa4 /usr/lib/gcc/arm-none-eabi/10.3.1/../../../arm-none-eabi/lib/thumb/v7e-m+fp/hard/libc_nano.a(lib_a-memset.o)
                0x00000000080002a8                memset
 *(.text*)
 .text.MX_GPIO_Init
                0x000000000800034c       0x50 build/main.o
 .text.Error_Handler
                0x000000000800039c       0x28 build/main.o
                0x000000000800039c                Error_Handler
 .text.SystemClock_Config
                0x00000000080003c4       0x5e build/main.o
 *fill*         0x0000000008000422        0x2 
 .text.MX_FDCAN1_Init
                0x0000000008000424       0x48 build/main.o
 .text.main     0x000000000800046c       0x1c build/main.o
                0x000000000800046c                main
 .text.HAL_MspInit
                0x0000000008000488       0x38 build/stm32g4xx_hal_msp.o
                0x0000000008000488                HAL_MspInit
 .text.HAL_FDCAN_MspInit
                0x00000000080004c0       0xa4 build/stm32g4xx_hal_msp.o
                0x00000000080004c0                HAL_FDCAN_MspInit
 .text.NMI_Handler
                0x0000000008000564        0x2 build/stm32g4xx_it.o
                0x0000000008000564                NMI_Handler
 .text.HardFault_Handler
                0x0000000008000566        0x2 build/stm32g4xx_it.o
                0x0000000008000566                HardFault_Handler
 .text.SVC_Handler
                0x0000000008000568        0x2 build/stm32g4xx_it.o
                0x0000000008000568                SVC_Handler
 .text.PendSV_Handler
                0x000000000800056a        0x2 build/stm32g4xx_it.o
                0x000000000800056a                PendSV_Handler
 .text.SysTick_Handler
                0x000000000800056c        0x8 build/stm32g4xx_it.o
                0x000000000800056c                SysTick_Handler
 .text.FDCAN1_IT0_IRQHandler
                0x0000000008000574       0x10 build/stm32g4xx_it.o
                0x0000000008000574                FDCAN1_IT0_IRQHandler
 .text.observer_configure_filters
                0x0000000008000584       0x4c build/can_observer_user.o
 .text.can_observer_init
                0x00000000080005d0       0x2c build/can_observer_user.o
                0x00000000080005d0                can_observer_init
 .text.can_observer_poll_uart
                0x00000000080005fc       0x2c build/can_observer_user.o
                0x00000000080005fc                can_observer_poll_uart
 .text.HAL_FDCAN_RxFifo0Callback
                0x0000000008000628       0x64 build/can_observer_user.o
                0x0000000008000628                HAL_FDCAN_RxFifo0Callback
 .text.SystemInit
                0x000000000800068c       0x14 build/system_stm32g4xx.o
                0x000000000800068c                SystemInit
 .text.HAL_InitTick
                0x00000000080006a0       0x50 build/stm32g4xx_hal.o
                0x00000000080006a0                HAL_InitTick
 .text.HAL_Init
                0x00000000080006f0       0x1e build/stm32g4xx_hal.o
                0x00000000080006f0                HAL_Init
 *fill*         0x000000000800070e        0x2 
 .text.HAL_IncTick
                0x0000000008000710       0x18 build/stm32g4xx_hal.o
                0x0000000008000710                HAL_IncTick
 .text.HAL_GetTick
                0x0000000008000728        0xc build/stm32g4xx_hal.o
                0x0000000008000728                HAL_GetTick
 .text.HAL_NVIC_SetPriorityGrouping
                0x0000000008000734       0x24 build/stm32g4xx_hal_cortex.o
                0x0000000008000734                HAL_NVIC_SetPriorityGrouping
 .text.HAL_NVIC_SetPriority
                0x0000000008000758       0x70 build/stm32g4xx_hal_cortex.o
                0x0000000008000758                HAL_NVIC_SetPriority
 .text.HAL_NVIC_EnableIRQ
                0x00000000080007c8       0x1c build/stm32g4xx_hal_cortex.o
                0x00000000080007c8                HAL_NVIC_EnableIRQ
 .text.HAL_SYSTICK_Config
                0x00000000080007e4       0x28 build/stm32g4xx_hal_cortex.o
                0x00000000080007e4                HAL_SYSTICK_Config
 .text.FDCAN_CalcultateRamBlockAddresses
                0x000000000800080c       0x8c build/stm32g4xx_hal_fdcan.o
 .text.HAL_FDCAN_Init
                0x0000000008000898      0x1d4 build/stm32g4xx_hal_fdcan.o
                0x0000000008000898                HAL_FDCAN_Init
 .text.HAL_FDCAN_ConfigFilter
                0x0000000008000a6c       0x66 build/stm32g4xx_hal_fdcan.o
                0x0000000008000a6c                HAL_FDCAN_ConfigFilter
 .text.HAL_FDCAN_ConfigGlobalFilter
                0x0000000008000ad2       0x42 build/stm32g4xx_hal_fdcan.o
                0x0000000008000ad2                HAL_FDCAN_ConfigGlobalFilter
 .text.HAL_FDCAN_Start
                0x0000000008000b14       0x2e build/stm32g4xx_hal_fdcan.o
                0x0000000008000b14                HAL_FDCAN_Start
 *fill*         0x0000000008000b42        0x2 
 .text.HAL_FDCAN_GetRxMessage
                0x0000000008000b44      0x150 build/stm32g4xx_hal_fdcan.o
                0x0000000008000b44                HAL_FDCAN_GetRxMessage
 .text.HAL_FDCAN_GetRxFifoFillLevel
                0x0000000008000c94       0x1c build/stm32g4xx_hal_fdcan.o
                0x0000000008000c94                HAL_FDCAN_GetRxFifoFillLevel
 .text.HAL_FDCAN_ActivateNotification
                0x0000000008000cb0      0x106 build/stm32g4xx_hal_fdcan.o
                0x0000000008000cb0                HAL_FDCAN_ActivateNotification
 .text.HAL_FDCAN_TxEventFifoCallback
                0x0000000008000db6        0x2 build/stm32g4xx_hal_fdcan.o
                0x0000000008000db6                HAL_FDCAN_TxEventFifoCallback
 .text.HAL_FDCAN_RxFifo1Callback
                0x0000000008000db8        0x2 build/stm32g4xx_hal_fdcan.o
                0x0000000008000db8                HAL_FDCAN_RxFifo1Callback
 .text.HAL_FDCAN_TxFifoEmptyCallback
                0x0000000008000dba        0x2 build/stm32g4xx_hal_fdcan.o
                0x0000000008000dba                HAL_FDCAN_TxFifoEmptyCallback
 .text.HAL_FDCAN_TxBufferCompleteCallback
                0x0000000008000dbc        0x2 build/stm32g4xx_hal_fdcan.o
                0x0000000008000dbc                HAL_FDCAN_TxBufferCompleteCallback
 .text.HAL_FDCAN_TxBufferAbortCallback
                0x0000000008000dbe        0x2 build/stm32g4xx_hal_fdcan.o
                0x0000000008000dbe                HAL_FDCAN_TxBufferAbortCallback
 .text.HAL_FDCAN_TimestampWraparoundCallback
                0x0000000008000dc0        0x2 build/stm32g4xx_hal_fdcan.o
                0x0000000008000dc0                HAL_FDCAN_TimestampWraparoundCallback
 .text.HAL_FDCAN_TimeoutOccurredCallback
                0x0000000008000dc2        0x2 build/stm32g4xx_hal_fdcan.o
                0x0000000008000dc2                HAL_FDCAN_TimeoutOccurredCallback
 .text.HAL_FDCAN_HighPriorityMessageCallback
                0x0000000008000dc4        0x2 build/stm32g4xx_hal_fdcan.o
                0x0000000008000dc4                HAL_FDCAN_HighPriorityMessageCallback
 .text.HAL_FDCAN_ErrorCallback
                0x0000000008000dc6        0x2 build/stm32g4xx_hal_fdcan.o
                0x0000000008000dc6                HAL_FDCAN_ErrorCallback
 .text.HAL_FDCAN_ErrorStatusCallback
                0x0000000008000dc8        0x2 build/stm32g4xx_hal_fdcan.o
                0x0000000008000dc8                HAL_FDCAN_ErrorStatusCallback
 .text.HAL_FDCAN_IRQHandler
                0x0000000008000dca      0x188 build/stm32g4xx_hal_fdcan.o
                0x0000000008000dca                HAL_FDCAN_IRQHandler
 *fill*         0x0000000008000f52        0x2 
 .text.HAL_GPIO_Init
                0x0000000008000f54      0x1e0 build/stm32g4xx_hal_gpio.o
                0x0000000008000f54                HAL_GPIO_Init
 .text.HAL_GPIO_WritePin
                0x0000000008001134        0xa build/stm32g4xx_hal_gpio.o
                0x0000000008001134                HAL_GPIO_WritePin
 .text.HAL_GPIO_TogglePin
                0x000000000800113e       0x12 build/stm32g4xx_hal_gpio.o
                0x000000000800113e                HAL_GPIO_TogglePin
 .text.HAL_PWREx_ControlVoltageScaling
                0x0000000008001150      0x10c build/stm32g4xx_hal_pwr_ex.o
                0x0000000008001150                HAL_PWREx_ControlVoltageScaling
 .text.HAL_PWREx_DisableUCPDDeadBattery
                0x000000000800125c       0x10 build/stm32g4xx_hal_pwr_ex.o
                0x000000000800125c                HAL_PWREx_DisableUCPDDeadBattery
 .text.RCC_GetSysClockFreqFromPLLSource
                0x000000000800126c       0x58 build/stm32g4xx_hal_rcc.o
 .text.HAL_RCC_OscConfig
                0x00000000080012c4      0x4e4 build/stm32g4xx_hal_rcc.o
                0x00000000080012c4                HAL_RCC_OscConfig
 .text.HAL_RCC_GetSysClockFreq
                0x00000000080017a8       0x88 build/stm32g4xx_hal_rcc.o
                0x00000000080017a8                HAL_RCC_GetSysClockFreq
 .text.HAL_RCC_ClockConfig
                0x0000000008001830      0x1f8 build/stm32g4xx_hal_rcc.o
                0x0000000008001830                HAL_RCC_ClockConfig
 .text.HAL_RCCEx_PeriphCLKConfig
                0x0000000008001a28      0x378 build/stm32g4xx_hal_rcc_ex.o
                0x0000000008001a28                HAL_RCCEx_PeriphCLKConfig
 .text.Reset_Handler
                0x0000000008001da0       0x50 build/startup_stm32g474xx.o
                0x0000000008001da0                Reset_Handler
 .text.Default_Handler
                0x0000000008001df0        0x2 build/startup_stm32g474xx.o
                0x0000000008001df0                RTC_Alarm_IRQHandler
                0x0000000008001df0                EXTI2_IRQHandler
                0x0000000008001df0                TIM8_TRG_COM_IRQHandler
                0x0000000008001df0                TIM8_CC_IRQHandler
                0x0000000008001df0                HRTIM1_Master_IRQHandler
                0x0000000008001df0                DebugMon_Handler
                0x0000000008001df0                SPI4_IRQHandler
                0x0000000008001df0                FDCAN3_IT0_IRQHandler
                0x0000000008001df0                TIM1_CC_IRQHandler
                0x0000000008001df0                HRTIM1_FLT_IRQHandler
                0x0000000008001df0                HRTIM1_TIMF_IRQHandler
                0x0000000008001df0                USB_HP_IRQHandler
                0x0000000008001df0                CORDIC_IRQHandler
                0x0000000008001df0                HRTIM1_TIMD_IRQHandler
                0x0000000008001df0                DMA2_Channel8_IRQHandler
                0x0000000008001df0                EXTI3_IRQHandler
                0x0000000008001df0                I2C3_ER_IRQHandler
                0x0000000008001df0                EXTI0_IRQHandler
                0x0000000008001df0                I2C2_EV_IRQHandler
                0x0000000008001df0                FPU_IRQHandler
                0x0000000008001df0                FDCAN1_IT1_IRQHandler
                0x0000000008001df0                TIM1_UP_TIM16_IRQHandler
                0x0000000008001df0                UsageFault_Handler
                0x0000000008001df0                ADC1_2_IRQHandler
                0x0000000008001df0                HRTIM1_TIME_IRQHandler
                0x0000000008001df0                SPI1_IRQHandler
                0x0000000008001df0                TIM6_DAC_IRQHandler
                0x0000000008001df0                HRTIM1_TIMC_IRQHandler
                0x0000000008001df0                TIM8_UP_IRQHandler
                0x0000000008001df0                DMA2_Channel2_IRQHandler
                0x0000000008001df0                DMA1_Channel4_IRQHandler
                0x0000000008001df0                TIM20_TRG_COM_IRQHandler
                0x0000000008001df0                USART3_IRQHandler
                0x0000000008001df0                DMA1_Channel7_IRQHandler
                0x0000000008001df0                UART5_IRQHandler
                0x0000000008001df0                ADC3_IRQHandler
                0x0000000008001df0                TIM4_IRQHandler
                0x0000000008001df0                DMA2_Channel1_IRQHandler
                0x0000000008001df0                QUADSPI_IRQHandler
                0x0000000008001df0                I2C1_EV_IRQHandler
                0x0000000008001df0                DMA1_Channel6_IRQHandler
                0x0000000008001df0                UART4_IRQHandler
                0x0000000008001df0                DMA2_Channel4_IRQHandler
                0x0000000008001df0                TIM3_IRQHandler
                0x0000000008001df0                RCC_IRQHandler
                0x0000000008001df0                TIM20_UP_IRQHandler
                0x0000000008001df0                DMA1_Channel1_IRQHandler
                0x0000000008001df0                Default_Handler
                0x0000000008001df0                DMA2_Channel7_IRQHandler
                0x0000000008001df0                RTC_TAMP_LSECSS_IRQHandler
                0x0000000008001df0                FMAC_IRQHandler
                0x0000000008001df0                EXTI15_10_IRQHandler
                0x0000000008001df0                DMA1_Channel8_IRQHandler
                0x0000000008001df0                HRTIM1_TIMA_IRQHandler
                0x0000000008001df0                TIM7_DAC_IRQHandler
                0x0000000008001df0                FDCAN3_IT1_IRQHandler
                0x0000000008001df0                TIM5_IRQHandler
                0x0000000008001df0                UCPD1_IRQHandler
                0x0000000008001df0                I2C3_EV_IRQHandler
                0x0000000008001df0                EXTI9_5_IRQHandler
                0x0000000008001df0                RTC_WKUP_IRQHandler
                0x0000000008001df0                PVD_PVM_IRQHandler
                0x0000000008001df0                SPI2_IRQHandler
                0x0000000008001df0                MemManage_Handler
                0x0000000008001df0                ADC5_IRQHandler
                0x0000000008001df0                DMA2_Channel5_IRQHandler
                0x0000000008001df0                CRS_IRQHandler
                0x0000000008001df0                DMA1_Channel5_IRQHandler
                0x0000000008001df0                USB_LP_IRQHandler
                0x0000000008001df0                EXTI4_IRQHandler
                0x0000000008001df0                RNG_IRQHandler
                0x0000000008001df0                HRTIM1_TIMB_IRQHandler
                0x0000000008001df0                TIM1_TRG_COM_TIM17_IRQHandler
                0x0000000008001df0                FDCAN2_IT1_IRQHandler
                0x0000000008001df0                DMA1_Channel3_IRQHandler
                0x0000000008001df0                ADC4_IRQHandler
                0x0000000008001df0                WWDG_IRQHandler
                0x0000000008001df0                I2C4_EV_IRQHandler
                0x0000000008001df0                FDCAN2_IT0_IRQHandler
                0x0000000008001df0                LPUART1_IRQHandler
                0x0000000008001df0                DMA2_Channel6_IRQHandler
                0x0000000008001df0                TIM2_IRQHandler
                0x0000000008001df0                COMP7_IRQHandler
                0x0000000008001df0                COMP1_2_3_IRQHandler
                0x0000000008001df0                EXTI1_IRQHandler
                0x0000000008001df0                USART2_IRQHandler
                0x0000000008001df0                COMP4_5_6_IRQHandler
                0x0000000008001df0                TIM20_BRK_IRQHandler
                0x0000000008001df0                I2C2_ER_IRQHandler
                0x0000000008001df0                DMA1_Channel2_IRQHandler
                0x0000000008001df0                TIM8_BRK_IRQHandler
                0x0000000008001df0                FLASH_IRQHandler
                0x0000000008001df0                TIM20_CC_IRQHandler
                0x0000000008001df0                BusFault_Handler
                0x0000000008001df0                USART1_IRQHandler
                0x0000000008001df0                SPI3_IRQHandler
                0x0000000008001df0                I2C1_ER_IRQHandler
                0x0000000008001df0                FMC_IRQHandler
                0x0000000008001df0                LPTIM1_IRQHandler
                0x0000000008001df0                DMAMUX_OVR_IRQHandler
                0x0000000008001df0                I2C4_ER_IRQHandler
                0x0000000008001df0                USBWakeUp_IRQHandler
                0x0000000008001df0                SAI1_IRQHandler
                0x0000000008001df0                DMA2_Channel3_IRQHandler
                0x0000000008001df0                TIM1_BRK_TIM15_IRQHandler
 *(.glue_7)
 .glue_7        0x0000000008001df2        0x0 linker stubs
 *(.glue_7t)
 .glue_7t       0x0000000008001df2        0x0 linker stubs
 *(.eh_frame)
 *fill*         0x0000000008001df2        0x2 
 .eh_frame      0x0000000008001df4        0x0 /usr/lib/gcc/arm-none-eabi/10.3.1/thumb/v7e-m+fp/hard/crtbegin.o
 *(.init)
 .init          0x0000000008001df4        0x4 /usr/lib/gcc/arm-none-eabi/10.3.1/thumb/v7e-m+fp/hard/crti.o
                0x0000000008001df4                _init
 .init          0x0000000008001df8        0x8 /usr/lib/gcc/arm-none-eabi/10.3.1/thumb/v7e-m+fp/hard/crtn.o
 *(.fini)
 .fini          0x0000000008001e00        0x4 /usr/lib/gcc/arm-none-eabi/10.3.1/thumb/v7e-m+fp/hard/crti.o
                0x0000000008001e00                _fini
 .fini          0x0000000008001e04        0x8 /usr/lib/gcc/arm-none-eabi/10.3.1/thumb/v7e-m+fp/hard/crtn.o
                0x0000000008001e0c                . = ALIGN (0x4)
                0x0000000008001e0c                _etext = .

.vfp11_veneer   0x0000000008001e0c        0x0
 .vfp11_veneer  0x0000000008001e0c        0x0 linker stubs

.v4_bx          0x0000000008001e0c        0x0
 .v4_bx         0x0000000008001e0c        0x0 linker stubs

.iplt           0x0000000008001e0c        0x0
 .iplt          0x0000000008001e0c        0x0 /usr/lib/gcc/arm-none-eabi/10.3.1/thumb/v7e-m+fp/hard/crtbegin.o

.rodata         0x0000000008001e0c       0x20
                0x0000000008001e0c                . = ALIGN (0x4)
 *(.rodata)
 *(.rodata*)
 .rodata.AHBPrescTable
                0x0000000008001e0c       0x10 build/system_stm32g4xx.o
                0x0000000008001e0c                AHBPrescTable
 .rodata.DLCtoBytes
                0x0000000008001e1c       0x10 build/stm32g4xx_hal_fdcan.o
                0x0000000008001e2c                . = ALIGN (0x4)

.rel.dyn        0x0000000008001e2c        0x0
 .rel.iplt      0x0000000008001e2c        0x0 /usr/lib/gcc/arm-none-eabi/10.3.1/thumb/v7e-m+fp/hard/crtbegin.o

.ARM.extab      0x0000000008001e2c        0x0
                0x0000000008001e2c                . = ALIGN (0x4)
 *(.ARM.extab* .gnu.linkonce.armextab.*)
                0x0000000008001e2c                . = ALIGN (0x4)

.ARM            0x0000000008001e2c        0x0
                0x0000000008001e2c                . = ALIGN (0x4)
                0x0000000008001e2c                __exidx_start = .
 *(.ARM.exidx*)
                0x0000000008001e2c                __exidx_end = .
                0x0000000008001e2c                . = ALIGN (0x4)

.preinit_array  0x0000000008001e2c        0x0
                0x0000000008001e2c                . = ALIGN (0x4)
                0x0000000008001e2c                PROVIDE (__preinit_array_start = .)
 *(.preinit_array*)
                0x0000000008001e2c                PROVIDE (__preinit_array_end = .)
                0x0000000008001e2c                . = ALIGN (0x4)

.init_array     0x0000000008001e2c        0x4
                0x0000000008001e2c                . = ALIGN (0x4)
                0x0000000008001e2c                PROVIDE (__init_array_start = .)
 *(SORT_BY_NAME(.init_array.*))
 *(.init_array*)
 .init_array    0x0000000008001e2c        0x4 /usr/lib/gcc/arm-none-eabi/10.3.1/thumb/v7e-m+fp/hard/crtbegin.o
                0x0000000008001e30                PROVIDE (__init_array_end = .)
                0x0000000008001e30                . = ALIGN (0x4)

.fini_array     0x0000000008001e30        0x4
                0x0000000008001e30                . = ALIGN (0x4)
                0x0000000008001e30                PROVIDE (__fini_array_start = .)
 *(SORT_BY_NAME(.fini_array.*))
 *(.fini_array*)
 .fini_array    0x0000000008001e30        0x4 /usr/lib/gcc/arm-none-eabi/10.3.1/thumb/v7e-m+fp/hard/crtbegin.o
                0x0000000008001e34                PROVIDE (__fini_array_end = .)
                0x0000000008001e34                . = ALIGN (0x4)
                0x0000000008001e34                _sidata = LOADADDR (.data)

.data           0x0000000020000000        0xc load address 0x0000000008001e34
                0x0000000020000000                . = ALIGN (0x4)
                0x0000000020000000                _sdata = .
 *(.data)
 *(.data*)
 .data.SystemCoreClock
                0x0000000020000000        0x4 build/system_stm32g4xx.o
                0x0000000020000000                SystemCoreClock
 .data.uwTickFreq
                0x0000000020000004        0x4 build/stm32g4xx_hal.o
                0x0000000020000004                uwTickFreq
 .data.uwTickPrio
                0x0000000020000008        0x4 build/stm32g4xx_hal.o
                0x0000000020000008                uwTickPrio
                0x000000002000000c                . = ALIGN (0x4)
                0x000000002000000c                _edata = .

.tm_clone_table
                0x000000002000000c        0x0 load address 0x0000000008001e40
 .tm_clone_table
                0x000000002000000c        0x0 /usr/lib/gcc/arm-none-eabi/10.3.1/thumb/v7e-m+fp/hard/crtbegin.o
 .tm_clone_table
                0x000000002000000c        0x0 /usr/lib/gcc/arm-none-eabi/10.3.1/thumb/v7e-m+fp/hard/crtend.o

.igot.plt       0x000000002000000c        0x0 load address 0x0000000008001e40
 .igot.plt      0x000000002000000c        0x0 /usr/lib/gcc/arm-none-eabi/10.3.1/thumb/v7e-m+fp/hard/crtbegin.o
                0x000000002000000c                . = ALIGN (0x4)

.bss            0x000000002000000c       0x88 load address 0x0000000008001e40
                0x000000002000000c                _sbss = .
                0x000000002000000c                __bss_start__ = _sbss
 *(.bss)
 .bss           0x000000002000000c       0x1c /usr/lib/gcc/arm-none-eabi/10.3.1/thumb/v7e-m+fp/hard/crtbegin.o
 *(.bss*)
 .bss.hfdcan1   0x0000000020000028       0x64 build/main.o
                0x0000000020000028                hfdcan1
 .bss.observer_led_pulse_until_ms
                0x000000002000008c        0x4 build/can_observer_user.o
 .bss.uwTick    0x0000000020000090        0x4 build/stm32g4xx_hal.o
                0x0000000020000090                uwTick
 *(COMMON)
                0x0000000020000094                . = ALIGN (0x4)
                0x0000000020000094                _ebss = .
                0x0000000020000094                __bss_end__ = _ebss

._user_heap_stack
                0x0000000020000094      0x604 load address 0x0000000008001e40
                0x0000000020000098                . = ALIGN (0x8)
 *fill*         0x0000000020000094        0x4 
                [!provide]                        PROVIDE (end = .)
                [!provide]                        PROVIDE (_end = .)
                0x0000000020000298                . = (. + _Min_Heap_Size)
 *fill*         0x0000000020000098      0x200 
                0x0000000020000698                . = (. + _Min_Stack_Size)
 *fill*         0x0000000020000298      0x400 
                0x0000000020000698                . = ALIGN (0x8)

.ARM.attributes
                0x0000000000000000       0x30
 *(.ARM.attributes)
 .ARM.attributes
                0x0000000000000000       0x1e /usr/lib/gcc/arm-none-eabi/10.3.1/thumb/v7e-m+fp/hard/crti.o
 .ARM.attributes
                0x000000000000001e       0x34 /usr/lib/gcc/arm-none-eabi/10.3.1/thumb/v7e-m+fp/hard/crtbegin.o
 .ARM.attributes
                0x0000000000000052       0x34 build/main.o
 .ARM.attributes
                0x0000000000000086       0x34 build/stm32g4xx_hal_msp.o
 .ARM.attributes
                0x00000000000000ba       0x34 build/stm32g4xx_it.o
 .ARM.attributes
                0x00000000000000ee       0x34 build/can_observer_user.o
 .ARM.attributes
                0x0000000000000122       0x34 build/system_stm32g4xx.o
 .ARM.attributes
                0x0000000000000156       0x34 build/stm32g4xx_hal.o
 .ARM.attributes
                0x000000000000018a       0x34 build/stm32g4xx_hal_cortex.o
 .ARM.attributes
                0x00000000000001be       0x34 build/stm32g4xx_hal_fdcan.o
 .ARM.attributes
                0x00000000000001f2       0x34 build/stm32g4xx_hal_gpio.o
 .ARM.attributes
                0x0000000000000226       0x34 build/stm32g4xx_hal_pwr_ex.o
 .ARM.attributes
                0x000000000000025a       0x34 build/stm32g4xx_hal_rcc.o
 .ARM.attributes
                0x000000000000028e       0x34 build/stm32g4xx_hal_rcc_ex.o
 .ARM.attributes
                0x00000000000002c2       0x21 build/startup_stm32g474xx.o
 .ARM.attributes
                0x00000000000002e3       0x34 /usr/lib/gcc/arm-none-eabi/10.3.1/../../../arm-none-eabi/lib/thumb/v7e-m+fp/hard/libc_nano.a(lib_a-init.o)
 .ARM.attributes
                0x0000000000000317       0x34 /usr/lib/gcc/arm-none-eabi/10.3.1/../../../arm-none-eabi/lib/thumb/v7e-m+fp/hard/libc_nano.a(lib_a-memset.o)
 .ARM.attributes
                0x000000000000034b       0x32 /usr/lib/gcc/arm-none-eabi/10.3.1/thumb/v7e-m+fp/hard/crtend.o
 .ARM.attributes
                0x000000000000037d       0x1e /usr/lib/gcc/arm-none-eabi/10.3.1/thumb/v7e-m+fp/hard/crtn.o
OUTPUT(build/nucleo_g474re_can_observer.elf elf32-littlearm)
LOAD linker stubs

.comment        0x0000000000000000       0x33
 .comment       0x0000000000000000       0x33 /usr/lib/gcc/arm-none-eabi/10.3.1/thumb/v7e-m+fp/hard/crtbegin.o
                                         0x34 (size before relaxing)
 .comment       0x0000000000000033       0x34 build/main.o
 .comment       0x0000000000000033       0x34 build/stm32g4xx_hal_msp.o
 .comment       0x0000000000000033       0x34 build/stm32g4xx_it.o
 .comment       0x0000000000000033       0x34 build/can_observer_user.o
 .comment       0x0000000000000033       0x34 build/system_stm32g4xx.o
 .comment       0x0000000000000033       0x34 build/stm32g4xx_hal.o
 .comment       0x0000000000000033       0x34 build/stm32g4xx_hal_cortex.o
 .comment       0x0000000000000033       0x34 build/stm32g4xx_hal_fdcan.o
 .comment       0x0000000000000033       0x34 build/stm32g4xx_hal_gpio.o
 .comment       0x0000000000000033       0x34 build/stm32g4xx_hal_pwr_ex.o
 .comment       0x0000000000000033       0x34 build/stm32g4xx_hal_rcc.o
 .comment       0x0000000000000033       0x34 build/stm32g4xx_hal_rcc_ex.o
 .comment       0x0000000000000033       0x34 /usr/lib/gcc/arm-none-eabi/10.3.1/../../../arm-none-eabi/lib/thumb/v7e-m+fp/hard/libc_nano.a(lib_a-init.o)
 .comment       0x0000000000000033       0x34 /usr/lib/gcc/arm-none-eabi/10.3.1/../../../arm-none-eabi/lib/thumb/v7e-m+fp/hard/libc_nano.a(lib_a-memset.o)
 .comment       0x0000000000000033       0x34 /usr/lib/gcc/arm-none-eabi/10.3.1/thumb/v7e-m+fp/hard/crtend.o

.debug_info     0x0000000000000000     0xaedc
 .debug_info    0x0000000000000000     0x13f0 build/main.o
 .debug_info    0x00000000000013f0     0x16f8 build/stm32g4xx_hal_msp.o
 .debug_info    0x0000000000002ae8      0x61a build/stm32g4xx_it.o
 .debug_info    0x0000000000003102      0xa34 build/can_observer_user.o
 .debug_info    0x0000000000003b36      0x5a0 build/system_stm32g4xx.o
 .debug_info    0x00000000000040d6      0xc6a build/stm32g4xx_hal.o
 .debug_info    0x0000000000004d40     0x1129 build/stm32g4xx_hal_cortex.o
 .debug_info    0x0000000000005e69     0x1d76 build/stm32g4xx_hal_fdcan.o
 .debug_info    0x0000000000007bdf      0x861 build/stm32g4xx_hal_gpio.o
 .debug_info    0x0000000000008440      0x9f8 build/stm32g4xx_hal_pwr_ex.o
 .debug_info    0x0000000000008e38      0xefc build/stm32g4xx_hal_rcc.o
 .debug_info    0x0000000000009d34      0xf35 build/stm32g4xx_hal_rcc_ex.o
 .debug_info    0x000000000000ac69       0x22 build/startup_stm32g474xx.o
 .debug_info    0x000000000000ac8b      0x11a /usr/lib/gcc/arm-none-eabi/10.3.1/../../../arm-none-eabi/lib/thumb/v7e-m+fp/hard/libc_nano.a(lib_a-init.o)
 .debug_info    0x000000000000ada5      0x137 /usr/lib/gcc/arm-none-eabi/10.3.1/../../../arm-none-eabi/lib/thumb/v7e-m+fp/hard/libc_nano.a(lib_a-memset.o)

.debug_abbrev   0x0000000000000000     0x1a4e
 .debug_abbrev  0x0000000000000000      0x23b build/main.o
 .debug_abbrev  0x000000000000023b      0x1d5 build/stm32g4xx_hal_msp.o
 .debug_abbrev  0x0000000000000410      0x141 build/stm32g4xx_it.o
 .debug_abbrev  0x0000000000000551      0x1e9 build/can_observer_user.o
 .debug_abbrev  0x000000000000073a      0x11c build/system_stm32g4xx.o
 .debug_abbrev  0x0000000000000856      0x241 build/stm32g4xx_hal.o
 .debug_abbrev  0x0000000000000a97      0x364 build/stm32g4xx_hal_cortex.o
 .debug_abbrev  0x0000000000000dfb      0x1ca build/stm32g4xx_hal_fdcan.o
 .debug_abbrev  0x0000000000000fc5      0x1f0 build/stm32g4xx_hal_gpio.o
 .debug_abbrev  0x00000000000011b5      0x248 build/stm32g4xx_hal_pwr_ex.o
 .debug_abbrev  0x00000000000013fd      0x272 build/stm32g4xx_hal_rcc.o
 .debug_abbrev  0x000000000000166f      0x24d build/stm32g4xx_hal_rcc_ex.o
 .debug_abbrev  0x00000000000018bc       0x12 build/startup_stm32g474xx.o
 .debug_abbrev  0x00000000000018ce       0xcc /usr/lib/gcc/arm-none-eabi/10.3.1/../../../arm-none-eabi/lib/thumb/v7e-m+fp/hard/libc_nano.a(lib_a-init.o)
 .debug_abbrev  0x000000000000199a       0xb4 /usr/lib/gcc/arm-none-eabi/10.3.1/../../../arm-none-eabi/lib/thumb/v7e-m+fp/hard/libc_nano.a(lib_a-memset.o)

.debug_aranges  0x0000000000000000      0x878
 .debug_aranges
                0x0000000000000000       0x40 build/main.o
 .debug_aranges
                0x0000000000000040       0x40 build/stm32g4xx_hal_msp.o
 .debug_aranges
                0x0000000000000080       0x48 build/stm32g4xx_it.o
 .debug_aranges
                0x00000000000000c8       0x38 build/can_observer_user.o
 .debug_aranges
                0x0000000000000100       0x28 build/system_stm32g4xx.o
 .debug_aranges
                0x0000000000000128      0x148 build/stm32g4xx_hal.o
 .debug_aranges
                0x0000000000000270       0xb8 build/stm32g4xx_hal_cortex.o
 .debug_aranges
                0x0000000000000328      0x208 build/stm32g4xx_hal_fdcan.o
 .debug_aranges
                0x0000000000000530       0x58 build/stm32g4xx_hal_gpio.o
 .debug_aranges
                0x0000000000000588      0x140 build/stm32g4xx_hal_pwr_ex.o
 .debug_aranges
                0x00000000000006c8       0x98 build/stm32g4xx_hal_rcc.o
 .debug_aranges
                0x0000000000000760       0xb0 build/stm32g4xx_hal_rcc_ex.o
 .debug_aranges
                0x0000000000000810       0x28 build/startup_stm32g474xx.o
 .debug_aranges
                0x0000000000000838       0x20 /usr/lib/gcc/arm-none-eabi/10.3.1/../../../arm-none-eabi/lib/thumb/v7e-m+fp/hard/libc_nano.a(lib_a-init.o)
 .debug_aranges
                0x0000000000000858       0x20 /usr/lib/gcc/arm-none-eabi/10.3.1/../../../arm-none-eabi/lib/thumb/v7e-m+fp/hard/libc_nano.a(lib_a-memset.o)

.debug_ranges   0x0000000000000000      0x800
 .debug_ranges  0x0000000000000000       0x30 build/main.o
 .debug_ranges  0x0000000000000030       0x30 build/stm32g4xx_hal_msp.o
 .debug_ranges  0x0000000000000060       0x38 build/stm32g4xx_it.o
 .debug_ranges  0x0000000000000098       0x28 build/can_observer_user.o
 .debug_ranges  0x00000000000000c0       0x18 build/system_stm32g4xx.o
 .debug_ranges  0x00000000000000d8      0x138 build/stm32g4xx_hal.o
 .debug_ranges  0x0000000000000210      0x108 build/stm32g4xx_hal_cortex.o
 .debug_ranges  0x0000000000000318      0x1f8 build/stm32g4xx_hal_fdcan.o
 .debug_ranges  0x0000000000000510       0x48 build/stm32g4xx_hal_gpio.o
 .debug_ranges  0x0000000000000558      0x130 build/stm32g4xx_hal_pwr_ex.o
 .debug_ranges  0x0000000000000688       0xa0 build/stm32g4xx_hal_rcc.o
 .debug_ranges  0x0000000000000728       0xb8 build/stm32g4xx_hal_rcc_ex.o
 .debug_ranges  0x00000000000007e0       0x20 build/startup_stm32g474xx.o

.debug_macro    0x0000000000000000    0x24c96
 .debug_macro   0x0000000000000000      0x181 build/main.o
 .debug_macro   0x0000000000000181      0xa84 build/main.o
 .debug_macro   0x0000000000000c05       0xa0 build/main.o
 .debug_macro   0x0000000000000ca5       0x2e build/main.o
 .debug_macro   0x0000000000000cd3       0x28 build/main.o
 .debug_macro   0x0000000000000cfb      0x34e build/main.o
 .debug_macro   0x0000000000001049       0x1c build/main.o
 .debug_macro   0x0000000000001065       0x22 build/main.o
 .debug_macro   0x0000000000001087       0xfb build/main.o
 .debug_macro   0x0000000000001182     0x1011 build/main.o
 .debug_macro   0x0000000000002193      0x11f build/main.o
 .debug_macro   0x00000000000022b2    0x18b8c build/main.o
 .debug_macro   0x000000000001ae3e       0x6d build/main.o
 .debug_macro   0x000000000001aeab     0x3558 build/main.o
 .debug_macro   0x000000000001e403      0x174 build/main.o
 .debug_macro   0x000000000001e577       0x5c build/main.o
 .debug_macro   0x000000000001e5d3     0x171f build/main.o
 .debug_macro   0x000000000001fcf2      0x600 build/main.o
 .debug_macro   0x00000000000202f2      0x1b6 build/main.o
 .debug_macro   0x00000000000204a8      0x34a build/main.o
 .debug_macro   0x00000000000207f2      0x53c build/main.o
 .debug_macro   0x0000000000020d2e      0x18b build/main.o
 .debug_macro   0x0000000000020eb9       0x43 build/main.o
 .debug_macro   0x0000000000020efc      0x45c build/main.o
 .debug_macro   0x0000000000021358      0x11c build/main.o
 .debug_macro   0x0000000000021474      0x122 build/main.o
 .debug_macro   0x0000000000021596      0x3d1 build/main.o
 .debug_macro   0x0000000000021967      0x23d build/main.o
 .debug_macro   0x0000000000021ba4      0x6bd build/main.o
 .debug_macro   0x0000000000022261      0x693 build/main.o
 .debug_macro   0x00000000000228f4       0xa6 build/main.o
 .debug_macro   0x000000000002299a      0x358 build/main.o
 .debug_macro   0x0000000000022cf2       0x10 build/main.o
 .debug_macro   0x0000000000022d02      0x177 build/stm32g4xx_hal_msp.o
 .debug_macro   0x0000000000022e79      0x181 build/stm32g4xx_it.o
 .debug_macro   0x0000000000022ffa      0x33b build/can_observer_user.o
 .debug_macro   0x0000000000023335       0x22 build/can_observer_user.o
 .debug_macro   0x0000000000023357       0x22 build/can_observer_user.o
 .debug_macro   0x0000000000023379       0x52 build/can_observer_user.o
 .debug_macro   0x00000000000233cb       0x18 build/can_observer_user.o
 .debug_macro   0x00000000000233e3       0x94 build/can_observer_user.o
 .debug_macro   0x0000000000023477       0x35 build/can_observer_user.o
 .debug_macro   0x00000000000234ac       0x34 build/can_observer_user.o
 .debug_macro   0x00000000000234e0       0x16 build/can_observer_user.o
 .debug_macro   0x00000000000234f6       0x57 build/can_observer_user.o
 .debug_macro   0x000000000002354d       0x35 build/can_observer_user.o
 .debug_macro   0x0000000000023582      0x333 build/can_observer_user.o
 .debug_macro   0x00000000000238b5       0x10 build/can_observer_user.o
 .debug_macro   0x00000000000238c5       0x16 build/can_observer_user.o
 .debug_macro   0x00000000000238db       0x43 build/can_observer_user.o
 .debug_macro   0x000000000002391e       0x34 build/can_observer_user.o
 .debug_macro   0x0000000000023952       0x10 build/can_observer_user.o
 .debug_macro   0x0000000000023962       0x52 build/can_observer_user.o
 .debug_macro   0x00000000000239b4      0x182 build/can_observer_user.o
 .debug_macro   0x0000000000023b36       0x10 build/can_observer_user.o
 .debug_macro   0x0000000000023b46       0x6a build/can_observer_user.o
 .debug_macro   0x0000000000023bb0       0x1c build/can_observer_user.o
 .debug_macro   0x0000000000023bcc       0x52 build/can_observer_user.o
 .debug_macro   0x0000000000023c1e       0x22 build/can_observer_user.o
 .debug_macro   0x0000000000023c40       0x10 build/can_observer_user.o
 .debug_macro   0x0000000000023c50       0x40 build/can_observer_user.o
 .debug_macro   0x0000000000023c90       0xd5 build/can_observer_user.o
 .debug_macro   0x0000000000023d65       0x1c build/can_observer_user.o
 .debug_macro   0x0000000000023d81       0x3d build/can_observer_user.o
 .debug_macro   0x0000000000023dbe       0x16 build/can_observer_user.o
 .debug_macro   0x0000000000023dd4      0x16f build/can_observer_user.o
 .debug_macro   0x0000000000023f43       0x16 build/can_observer_user.o
 .debug_macro   0x0000000000023f59      0x168 build/system_stm32g4xx.o
 .debug_macro   0x00000000000240c1      0x1b6 build/stm32g4xx_hal.o
 .debug_macro   0x0000000000024277      0x168 build/stm32g4xx_hal_cortex.o
 .debug_macro   0x00000000000243df      0x27a build/stm32g4xx_hal_fdcan.o
 .debug_macro   0x0000000000024659      0x16f build/stm32g4xx_hal_gpio.o
 .debug_macro   0x00000000000247c8      0x192 build/stm32g4xx_hal_pwr_ex.o
 .debug_macro   0x000000000002495a      0x1aa build/stm32g4xx_hal_rcc.o
 .debug_macro   0x0000000000024b04      0x192 build/stm32g4xx_hal_rcc_ex.o

.debug_line     0x0000000000000000     0x9285
 .debug_line    0x0000000000000000      0x6ba build/main.o
 .debug_line    0x00000000000006ba      0x632 build/stm32g4xx_hal_msp.o
 .debug_line    0x0000000000000cec      0x527 build/stm32g4xx_it.o
 .debug_line    0x0000000000001213      0x7d9 build/can_observer_user.o
 .debug_line    0x00000000000019ec      0x5c3 build/system_stm32g4xx.o
 .debug_line    0x0000000000001faf      0x9c0 build/stm32g4xx_hal.o
 .debug_line    0x000000000000296f      0xab0 build/stm32g4xx_hal_cortex.o
 .debug_line    0x000000000000341f     0x1d39 build/stm32g4xx_hal_fdcan.o
 .debug_line    0x0000000000005158      0x9d2 build/stm32g4xx_hal_gpio.o
 .debug_line    0x0000000000005b2a      0xd64 build/stm32g4xx_hal_pwr_ex.o
 .debug_line    0x000000000000688e     0x10dd build/stm32g4xx_hal_rcc.o
 .debug_line    0x000000000000796b     0x1530 build/stm32g4xx_hal_rcc_ex.o
 .debug_line    0x0000000000008e9b       0xf3 build/startup_stm32g474xx.o
 .debug_line    0x0000000000008f8e      0x138 /usr/lib/gcc/arm-none-eabi/10.3.1/../../../arm-none-eabi/lib/thumb/v7e-m+fp/hard/libc_nano.a(lib_a-init.o)
 .debug_line    0x00000000000090c6      0x1bf /usr/lib/gcc/arm-none-eabi/10.3.1/../../../arm-none-eabi/lib/thumb/v7e-m+fp/hard/libc_nano.a(lib_a-memset.o)

.debug_str      0x0000000000000000    0xec68b
 .debug_str     0x0000000000000000    0xe5023 build/main.o
                                      0xe5346 (size before relaxing)
 .debug_str     0x00000000000e5023      0x8f4 build/stm32g4xx_hal_msp.o
                                      0xe59de (size before relaxing)
 .debug_str     0x00000000000e5917       0xa8 build/stm32g4xx_it.o
                                      0xe4ab5 (size before relaxing)
 .debug_str     0x00000000000e59bf     0x3d31 build/can_observer_user.o
                                      0xe8896 (size before relaxing)
 .debug_str     0x00000000000e96f0      0x147 build/system_stm32g4xx.o
                                      0xe4904 (size before relaxing)
 .debug_str     0x00000000000e9837      0x635 build/stm32g4xx_hal.o
                                      0xe55ec (size before relaxing)
 .debug_str     0x00000000000e9e6c      0x397 build/stm32g4xx_hal_cortex.o
                                      0xe529e (size before relaxing)
 .debug_str     0x00000000000ea203     0x11e5 build/stm32g4xx_hal_fdcan.o
                                      0xe5e76 (size before relaxing)
 .debug_str     0x00000000000eb3e8      0x165 build/stm32g4xx_hal_gpio.o
                                      0xe4a64 (size before relaxing)
 .debug_str     0x00000000000eb54d      0x4e7 build/stm32g4xx_hal_pwr_ex.o
                                      0xe4dc8 (size before relaxing)
 .debug_str     0x00000000000eba34      0x548 build/stm32g4xx_hal_rcc.o
                                      0xe4ff9 (size before relaxing)
 .debug_str     0x00000000000ebf7c      0x45e build/stm32g4xx_hal_rcc_ex.o
                                      0xe5022 (size before relaxing)
 .debug_str     0x00000000000ec3da       0x9e build/startup_stm32g474xx.o
                                         0xf5 (size before relaxing)
 .debug_str     0x00000000000ec478      0x169 /usr/lib/gcc/arm-none-eabi/10.3.1/../../../arm-none-eabi/lib/thumb/v7e-m+fp/hard/libc_nano.a(lib_a-init.o)
                                        0x20b (size before relaxing)
 .debug_str     0x00000000000ec5e1       0xaa /usr/lib/gcc/arm-none-eabi/10.3.1/../../../arm-none-eabi/lib/thumb/v7e-m+fp/hard/libc_nano.a(lib_a-memset.o)
                                        0x1c0 (size before relaxing)

.debug_frame    0x0000000000000000     0x1204
 .debug_frame   0x0000000000000000       0x9c build/main.o
 .debug_frame   0x000000000000009c       0x9c build/stm32g4xx_hal_msp.o
 .debug_frame   0x0000000000000138       0x80 build/stm32g4xx_it.o
 .debug_frame   0x00000000000001b8       0x80 build/can_observer_user.o
 .debug_frame   0x0000000000000238       0x30 build/system_stm32g4xx.o
 .debug_frame   0x0000000000000268      0x2a4 build/stm32g4xx_hal.o
 .debug_frame   0x000000000000050c      0x168 build/stm32g4xx_hal_cortex.o
 .debug_frame   0x0000000000000674      0x4c8 build/stm32g4xx_hal_fdcan.o
 .debug_frame   0x0000000000000b3c       0xd0 build/stm32g4xx_hal_gpio.o
 .debug_frame   0x0000000000000c0c      0x268 build/stm32g4xx_hal_pwr_ex.o
 .debug_frame   0x0000000000000e74      0x198 build/stm32g4xx_hal_rcc.o
 .debug_frame   0x000000000000100c      0x1a0 build/stm32g4xx_hal_rcc_ex.o
 .debug_frame   0x00000000000011ac       0x2c /usr/lib/gcc/arm-none-eabi/10.3.1/../../../arm-none-eabi/lib/thumb/v7e-m+fp/hard/libc_nano.a(lib_a-init.o)
 .debug_frame   0x00000000000011d8       0x2c /usr/lib/gcc/arm-none-eabi/10.3.1/../../../arm-none-eabi/lib/thumb/v7e-m+fp/hard/libc_nano.a(lib_a-memset.o)

.debug_loc      0x0000000000000000     0x4f93
 .debug_loc     0x0000000000000000      0x102 build/stm32g4xx_hal_msp.o
 .debug_loc     0x0000000000000102       0x79 build/can_observer_user.o
 .debug_loc     0x000000000000017b       0x9d build/system_stm32g4xx.o
 .debug_loc     0x0000000000000218      0x1ef build/stm32g4xx_hal.o
 .debug_loc     0x0000000000000407      0x736 build/stm32g4xx_hal_cortex.o
 .debug_loc     0x0000000000000b3d     0x162a build/stm32g4xx_hal_fdcan.o
 .debug_loc     0x0000000000002167      0x3b3 build/stm32g4xx_hal_gpio.o
 .debug_loc     0x000000000000251a      0xa23 build/stm32g4xx_hal_pwr_ex.o
 .debug_loc     0x0000000000002f3d      0x84d build/stm32g4xx_hal_rcc.o
 .debug_loc     0x000000000000378a     0x1523 build/stm32g4xx_hal_rcc_ex.o
 .debug_loc     0x0000000000004cad       0xba /usr/lib/gcc/arm-none-eabi/10.3.1/../../../arm-none-eabi/lib/thumb/v7e-m+fp/hard/libc_nano.a(lib_a-init.o)
 .debug_loc     0x0000000000004d67      0x22c /usr/lib/gcc/arm-none-eabi/10.3.1/../../../arm-none-eabi/lib/thumb/v7e-m+fp/hard/libc_nano.a(lib_a-memset.o)

Cross Reference Table

Symbol                                            File
ADC1_2_IRQHandler                                 build/startup_stm32g474xx.o
ADC3_IRQHandler                                   build/startup_stm32g474xx.o
ADC4_IRQHandler                                   build/startup_stm32g474xx.o
ADC5_IRQHandler                                   build/startup_stm32g474xx.o
AHBPrescTable                                     build/system_stm32g4xx.o
                                                  build/stm32g4xx_hal_rcc.o
APBPrescTable                                     build/system_stm32g4xx.o
                                                  build/stm32g4xx_hal_rcc.o
BusFault_Handler                                  build/startup_stm32g474xx.o
COMP1_2_3_IRQHandler                              build/startup_stm32g474xx.o
COMP4_5_6_IRQHandler                              build/startup_stm32g474xx.o
COMP7_IRQHandler                                  build/startup_stm32g474xx.o
CORDIC_IRQHandler                                 build/startup_stm32g474xx.o
CRS_IRQHandler                                    build/startup_stm32g474xx.o
DMA1_Channel1_IRQHandler                          build/startup_stm32g474xx.o
DMA1_Channel2_IRQHandler                          build/startup_stm32g474xx.o
DMA1_Channel3_IRQHandler                          build/startup_stm32g474xx.o
DMA1_Channel4_IRQHandler                          build/startup_stm32g474xx.o
DMA1_Channel5_IRQHandler                          build/startup_stm32g474xx.o
DMA1_Channel6_IRQHandler                          build/startup_stm32g474xx.o
DMA1_Channel7_IRQHandler                          build/startup_stm32g474xx.o
DMA1_Channel8_IRQHandler                          build/startup_stm32g474xx.o
DMA2_Channel1_IRQHandler                          build/startup_stm32g474xx.o
DMA2_Channel2_IRQHandler                          build/startup_stm32g474xx.o
DMA2_Channel3_IRQHandler                          build/startup_stm32g474xx.o
DMA2_Channel4_IRQHandler                          build/startup_stm32g474xx.o
DMA2_Channel5_IRQHandler                          build/startup_stm32g474xx.o
DMA2_Channel6_IRQHandler                          build/startup_stm32g474xx.o
DMA2_Channel7_IRQHandler                          build/startup_stm32g474xx.o
DMA2_Channel8_IRQHandler                          build/startup_stm32g474xx.o
DMAMUX_OVR_IRQHandler                             build/startup_stm32g474xx.o
DebugMon_Handler                                  build/startup_stm32g474xx.o
Default_Handler                                   build/startup_stm32g474xx.o
EXTI0_IRQHandler                                  build/startup_stm32g474xx.o
EXTI15_10_IRQHandler                              build/startup_stm32g474xx.o
EXTI1_IRQHandler                                  build/startup_stm32g474xx.o
EXTI2_IRQHandler                                  build/startup_stm32g474xx.o
EXTI3_IRQHandler                                  build/startup_stm32g474xx.o
EXTI4_IRQHandler                                  build/startup_stm32g474xx.o
EXTI9_5_IRQHandler                                build/startup_stm32g474xx.o
Error_Handler                                     build/main.o
                                                  build/can_observer_user.o
                                                  build/stm32g4xx_hal_msp.o
FDCAN1_IT0_IRQHandler                             build/stm32g4xx_it.o
FDCAN1_IT1_IRQHandler                             build/startup_stm32g474xx.o
FDCAN2_IT0_IRQHandler                             build/startup_stm32g474xx.o
FDCAN2_IT1_IRQHandler                             build/startup_stm32g474xx.o
FDCAN3_IT0_IRQHandler                             build/startup_stm32g474xx.o
FDCAN3_IT1_IRQHandler                             build/startup_stm32g474xx.o
FLASH_FlushCaches                                 build/stm32g4xx_hal_flash_ex.o
                                                  build/stm32g4xx_hal_flash.o
FLASH_IRQHandler                                  build/startup_stm32g474xx.o
FLASH_PageErase                                   build/stm32g4xx_hal_flash_ex.o
                                                  build/stm32g4xx_hal_flash.o
FLASH_WaitForLastOperation                        build/stm32g4xx_hal_flash.o
                                                  build/stm32g4xx_hal_flash_ex.o
FMAC_IRQHandler                                   build/startup_stm32g474xx.o
FMC_IRQHandler                                    build/startup_stm32g474xx.o
FPU_IRQHandler                                    build/startup_stm32g474xx.o
HAL_DBGMCU_DisableDBGSleepMode                    build/stm32g4xx_hal.o
HAL_DBGMCU_DisableDBGStandbyMode                  build/stm32g4xx_hal.o
HAL_DBGMCU_DisableDBGStopMode                     build/stm32g4xx_hal.o
HAL_DBGMCU_EnableDBGSleepMode                     build/stm32g4xx_hal.o
HAL_DBGMCU_EnableDBGStandbyMode                   build/stm32g4xx_hal.o
HAL_DBGMCU_EnableDBGStopMode                      build/stm32g4xx_hal.o
HAL_DMAEx_ConfigMuxRequestGenerator               build/stm32g4xx_hal_dma_ex.o
HAL_DMAEx_ConfigMuxSync                           build/stm32g4xx_hal_dma_ex.o
HAL_DMAEx_DisableMuxRequestGenerator              build/stm32g4xx_hal_dma_ex.o
HAL_DMAEx_EnableMuxRequestGenerator               build/stm32g4xx_hal_dma_ex.o
HAL_DMAEx_MUX_IRQHandler                          build/stm32g4xx_hal_dma_ex.o
HAL_DMA_Abort                                     build/stm32g4xx_hal_dma.o
                                                  build/stm32g4xx_hal_uart.o
HAL_DMA_Abort_IT                                  build/stm32g4xx_hal_dma.o
                                                  build/stm32g4xx_hal_uart.o
HAL_DMA_DeInit                                    build/stm32g4xx_hal_dma.o
HAL_DMA_GetError                                  build/stm32g4xx_hal_dma.o
                                                  build/stm32g4xx_hal_uart.o
HAL_DMA_GetState                                  build/stm32g4xx_hal_dma.o
HAL_DMA_IRQHandler                                build/stm32g4xx_hal_dma.o
HAL_DMA_Init                                      build/stm32g4xx_hal_dma.o
HAL_DMA_PollForTransfer                           build/stm32g4xx_hal_dma.o
HAL_DMA_RegisterCallback                          build/stm32g4xx_hal_dma.o
HAL_DMA_Start                                     build/stm32g4xx_hal_dma.o
HAL_DMA_Start_IT                                  build/stm32g4xx_hal_dma.o
                                                  build/stm32g4xx_hal_uart.o
HAL_DMA_UnRegisterCallback                        build/stm32g4xx_hal_dma.o
HAL_DeInit                                        build/stm32g4xx_hal.o
HAL_Delay                                         build/stm32g4xx_hal.o
HAL_FDCAN_AbortTxRequest                          build/stm32g4xx_hal_fdcan.o
HAL_FDCAN_ActivateNotification                    build/stm32g4xx_hal_fdcan.o
                                                  build/can_observer_user.o
HAL_FDCAN_AddMessageToTxFifoQ                     build/stm32g4xx_hal_fdcan.o
HAL_FDCAN_ConfigExtendedIdMask                    build/stm32g4xx_hal_fdcan.o
HAL_FDCAN_ConfigFilter                            build/stm32g4xx_hal_fdcan.o
                                                  build/can_observer_user.o
HAL_FDCAN_ConfigGlobalFilter                      build/stm32g4xx_hal_fdcan.o
                                                  build/can_observer_user.o
HAL_FDCAN_ConfigInterruptLines                    build/stm32g4xx_hal_fdcan.o
HAL_FDCAN_ConfigRamWatchdog                       build/stm32g4xx_hal_fdcan.o
HAL_FDCAN_ConfigRxFifoOverwrite                   build/stm32g4xx_hal_fdcan.o
HAL_FDCAN_ConfigTimeoutCounter                    build/stm32g4xx_hal_fdcan.o
HAL_FDCAN_ConfigTimestampCounter                  build/stm32g4xx_hal_fdcan.o
HAL_FDCAN_ConfigTxDelayCompensation               build/stm32g4xx_hal_fdcan.o
HAL_FDCAN_DeInit                                  build/stm32g4xx_hal_fdcan.o
HAL_FDCAN_DeactivateNotification                  build/stm32g4xx_hal_fdcan.o
HAL_FDCAN_DisableEdgeFiltering                    build/stm32g4xx_hal_fdcan.o
HAL_FDCAN_DisableISOMode                          build/stm32g4xx_hal_fdcan.o
HAL_FDCAN_DisableTimeoutCounter                   build/stm32g4xx_hal_fdcan.o
HAL_FDCAN_DisableTimestampCounter                 build/stm32g4xx_hal_fdcan.o
HAL_FDCAN_DisableTxDelayCompensation              build/stm32g4xx_hal_fdcan.o
HAL_FDCAN_EnableEdgeFiltering                     build/stm32g4xx_hal_fdcan.o
HAL_FDCAN_EnableISOMode                           build/stm32g4xx_hal_fdcan.o
HAL_FDCAN_EnableTimeoutCounter                    build/stm32g4xx_hal_fdcan.o
HAL_FDCAN_EnableTimestampCounter                  build/stm32g4xx_hal_fdcan.o
HAL_FDCAN_EnableTxDelayCompensation               build/stm32g4xx_hal_fdcan.o
HAL_FDCAN_EnterPowerDownMode                      build/stm32g4xx_hal_fdcan.o
HAL_FDCAN_ErrorCallback                           build/stm32g4xx_hal_fdcan.o
HAL_FDCAN_ErrorStatusCallback                     build/stm32g4xx_hal_fdcan.o
HAL_FDCAN_ExitPowerDownMode                       build/stm32g4xx_hal_fdcan.o
HAL_FDCAN_ExitRestrictedOperationMode             build/stm32g4xx_hal_fdcan.o
HAL_FDCAN_GetError                                build/stm32g4xx_hal_fdcan.o
HAL_FDCAN_GetErrorCounters                        build/stm32g4xx_hal_fdcan.o
HAL_FDCAN_GetHighPriorityMessageStatus            build/stm32g4xx_hal_fdcan.o
HAL_FDCAN_GetLatestTxFifoQRequestBuffer           build/stm32g4xx_hal_fdcan.o
HAL_FDCAN_GetProtocolStatus                       build/stm32g4xx_hal_fdcan.o
HAL_FDCAN_GetRxFifoFillLevel                      build/stm32g4xx_hal_fdcan.o
                                                  build/can_observer_user.o
HAL_FDCAN_GetRxMessage                            build/stm32g4xx_hal_fdcan.o
                                                  build/can_observer_user.o
HAL_FDCAN_GetState                                build/stm32g4xx_hal_fdcan.o
HAL_FDCAN_GetTimeoutCounter                       build/stm32g4xx_hal_fdcan.o
HAL_FDCAN_GetTimestampCounter                     build/stm32g4xx_hal_fdcan.o
HAL_FDCAN_GetTxEvent                              build/stm32g4xx_hal_fdcan.o
HAL_FDCAN_GetTxFifoFreeLevel                      build/stm32g4xx_hal_fdcan.o
HAL_FDCAN_HighPriorityMessageCallback             build/stm32g4xx_hal_fdcan.o
HAL_FDCAN_IRQHandler                              build/stm32g4xx_hal_fdcan.o
                                                  build/stm32g4xx_it.o
HAL_FDCAN_Init                                    build/stm32g4xx_hal_fdcan.o
                                                  build/main.o
HAL_FDCAN_IsRestrictedOperationMode               build/stm32g4xx_hal_fdcan.o
HAL_FDCAN_IsTxBufferMessagePending                build/stm32g4xx_hal_fdcan.o
HAL_FDCAN_MspDeInit                               build/stm32g4xx_hal_msp.o
HAL_FDCAN_MspInit                                 build/stm32g4xx_hal_msp.o
HAL_FDCAN_ResetTimeoutCounter                     build/stm32g4xx_hal_fdcan.o
HAL_FDCAN_ResetTimestampCounter                   build/stm32g4xx_hal_fdcan.o
HAL_FDCAN_RxFifo0Callback                         build/can_observer_user.o
HAL_FDCAN_RxFifo1Callback                         build/stm32g4xx_hal_fdcan.o
HAL_FDCAN_Start                                   build/stm32g4xx_hal_fdcan.o
                                                  build/can_observer_user.o
HAL_FDCAN_Stop                                    build/stm32g4xx_hal_fdcan.o
HAL_FDCAN_TimeoutOccurredCallback                 build/stm32g4xx_hal_fdcan.o
HAL_FDCAN_TimestampWraparoundCallback             build/stm32g4xx_hal_fdcan.o
HAL_FDCAN_TxBufferAbortCallback                   build/stm32g4xx_hal_fdcan.o
HAL_FDCAN_TxBufferCompleteCallback                build/stm32g4xx_hal_fdcan.o
HAL_FDCAN_TxEventFifoCallback                     build/stm32g4xx_hal_fdcan.o
HAL_FDCAN_TxFifoEmptyCallback                     build/stm32g4xx_hal_fdcan.o
HAL_FLASHEx_DisableDebugger                       build/stm32g4xx_hal_flash_ex.o
HAL_FLASHEx_EnableDebugger                        build/stm32g4xx_hal_flash_ex.o
HAL_FLASHEx_EnableSecMemProtection                build/stm32g4xx_hal_flash_ex.o
HAL_FLASHEx_Erase                                 build/stm32g4xx_hal_flash_ex.o
HAL_FLASHEx_Erase_IT                              build/stm32g4xx_hal_flash_ex.o
HAL_FLASHEx_OBGetConfig                           build/stm32g4xx_hal_flash_ex.o
HAL_FLASHEx_OBProgram                             build/stm32g4xx_hal_flash_ex.o
HAL_FLASH_EndOfOperationCallback                  build/stm32g4xx_hal_flash.o
HAL_FLASH_GetError                                build/stm32g4xx_hal_flash.o
HAL_FLASH_IRQHandler                              build/stm32g4xx_hal_flash.o
HAL_FLASH_Lock                                    build/stm32g4xx_hal_flash.o
HAL_FLASH_OB_Launch                               build/stm32g4xx_hal_flash.o
HAL_FLASH_OB_Lock                                 build/stm32g4xx_hal_flash.o
HAL_FLASH_OB_Unlock                               build/stm32g4xx_hal_flash.o
HAL_FLASH_OperationErrorCallback                  build/stm32g4xx_hal_flash.o
HAL_FLASH_Program                                 build/stm32g4xx_hal_flash.o
HAL_FLASH_Program_IT                              build/stm32g4xx_hal_flash.o
HAL_FLASH_Unlock                                  build/stm32g4xx_hal_flash.o
HAL_GPIO_DeInit                                   build/stm32g4xx_hal_gpio.o
                                                  build/stm32g4xx_hal_msp.o
HAL_GPIO_EXTI_Callback                            build/stm32g4xx_hal_gpio.o
HAL_GPIO_EXTI_IRQHandler                          build/stm32g4xx_hal_gpio.o
HAL_GPIO_Init                                     build/stm32g4xx_hal_gpio.o
                                                  build/stm32g4xx_hal_rcc_ex.o
                                                  build/stm32g4xx_hal_rcc.o
                                                  build/stm32g4xx_hal_msp.o
                                                  build/main.o
HAL_GPIO_LockPin                                  build/stm32g4xx_hal_gpio.o
HAL_GPIO_ReadPin                                  build/stm32g4xx_hal_gpio.o
HAL_GPIO_TogglePin                                build/stm32g4xx_hal_gpio.o
                                                  build/main.o
HAL_GPIO_WritePin                                 build/stm32g4xx_hal_gpio.o
                                                  build/can_observer_user.o
                                                  build/main.o
HAL_GetDEVID                                      build/stm32g4xx_hal.o
HAL_GetHalVersion                                 build/stm32g4xx_hal.o
HAL_GetREVID                                      build/stm32g4xx_hal.o
HAL_GetTick                                       build/stm32g4xx_hal.o
                                                  build/stm32g4xx_hal_uart_ex.o
                                                  build/stm32g4xx_hal_uart.o
                                                  build/stm32g4xx_hal_rcc_ex.o
                                                  build/stm32g4xx_hal_rcc.o
                                                  build/stm32g4xx_hal_flash.o
                                                  build/stm32g4xx_hal_fdcan.o
                                                  build/stm32g4xx_hal_dma.o
                                                  build/can_observer_user.o
HAL_GetTickFreq                                   build/stm32g4xx_hal.o
HAL_GetTickPrio                                   build/stm32g4xx_hal.o
HAL_GetUIDw0                                      build/stm32g4xx_hal.o
HAL_GetUIDw1                                      build/stm32g4xx_hal.o
HAL_GetUIDw2                                      build/stm32g4xx_hal.o
HAL_HalfDuplex_EnableReceiver                     build/stm32g4xx_hal_uart.o
HAL_HalfDuplex_EnableTransmitter                  build/stm32g4xx_hal_uart.o
HAL_HalfDuplex_Init                               build/stm32g4xx_hal_uart.o
HAL_IncTick                                       build/stm32g4xx_hal.o
                                                  build/stm32g4xx_it.o
HAL_Init                                          build/stm32g4xx_hal.o
                                                  build/main.o
HAL_InitTick                                      build/stm32g4xx_hal.o
                                                  build/stm32g4xx_hal_rcc.o
HAL_LIN_Init                                      build/stm32g4xx_hal_uart.o
HAL_LIN_SendBreak                                 build/stm32g4xx_hal_uart.o
HAL_MPU_ConfigRegion                              build/stm32g4xx_hal_cortex.o
HAL_MPU_Disable                                   build/stm32g4xx_hal_cortex.o
HAL_MPU_DisableRegion                             build/stm32g4xx_hal_cortex.o
HAL_MPU_Enable                                    build/stm32g4xx_hal_cortex.o
HAL_MPU_EnableRegion                              build/stm32g4xx_hal_cortex.o
HAL_MspDeInit                                     build/stm32g4xx_hal.o
HAL_MspInit                                       build/stm32g4xx_hal_msp.o
HAL_MultiProcessorEx_AddressLength_Set            build/stm32g4xx_hal_uart_ex.o
HAL_MultiProcessor_DisableMuteMode                build/stm32g4xx_hal_uart.o
HAL_MultiProcessor_EnableMuteMode                 build/stm32g4xx_hal_uart.o
HAL_MultiProcessor_EnterMuteMode                  build/stm32g4xx_hal_uart.o
HAL_MultiProcessor_Init                           build/stm32g4xx_hal_uart.o
HAL_NVIC_ClearPendingIRQ                          build/stm32g4xx_hal_cortex.o
HAL_NVIC_DisableIRQ                               build/stm32g4xx_hal_cortex.o
                                                  build/stm32g4xx_hal_msp.o
HAL_NVIC_EnableIRQ                                build/stm32g4xx_hal_cortex.o
                                                  build/stm32g4xx_hal_msp.o
HAL_NVIC_GetActive                                build/stm32g4xx_hal_cortex.o
HAL_NVIC_GetPendingIRQ                            build/stm32g4xx_hal_cortex.o
HAL_NVIC_GetPriority                              build/stm32g4xx_hal_cortex.o
HAL_NVIC_GetPriorityGrouping                      build/stm32g4xx_hal_cortex.o
HAL_NVIC_SetPendingIRQ                            build/stm32g4xx_hal_cortex.o
HAL_NVIC_SetPriority                              build/stm32g4xx_hal_cortex.o
                                                  build/stm32g4xx_hal.o
                                                  build/stm32g4xx_hal_msp.o
HAL_NVIC_SetPriorityGrouping                      build/stm32g4xx_hal_cortex.o
                                                  build/stm32g4xx_hal.o
HAL_NVIC_SystemReset                              build/stm32g4xx_hal_cortex.o
HAL_PWREx_ConfigPVM                               build/stm32g4xx_hal_pwr_ex.o
HAL_PWREx_ControlVoltageScaling                   build/stm32g4xx_hal_pwr_ex.o
                                                  build/main.o
HAL_PWREx_DisableBatteryCharging                  build/stm32g4xx_hal_pwr_ex.o
HAL_PWREx_DisableGPIOPullDown                     build/stm32g4xx_hal_pwr_ex.o
HAL_PWREx_DisableGPIOPullUp                       build/stm32g4xx_hal_pwr_ex.o
HAL_PWREx_DisableInternalWakeUpLine               build/stm32g4xx_hal_pwr_ex.o
HAL_PWREx_DisableLowPowerRunMode                  build/stm32g4xx_hal_pwr_ex.o
                                                  build/stm32g4xx_hal_pwr.o
HAL_PWREx_DisablePVM1                             build/stm32g4xx_hal_pwr_ex.o
HAL_PWREx_DisablePVM2                             build/stm32g4xx_hal_pwr_ex.o
HAL_PWREx_DisablePVM3                             build/stm32g4xx_hal_pwr_ex.o
HAL_PWREx_DisablePVM4                             build/stm32g4xx_hal_pwr_ex.o
HAL_PWREx_DisablePullUpPullDownConfig             build/stm32g4xx_hal_pwr_ex.o
HAL_PWREx_DisableSRAM2ContentRetention            build/stm32g4xx_hal_pwr_ex.o
HAL_PWREx_DisableUCPDDeadBattery                  build/stm32g4xx_hal_pwr_ex.o
                                                  build/stm32g4xx_hal_msp.o
HAL_PWREx_DisableUCPDStandbyMode                  build/stm32g4xx_hal_pwr_ex.o
HAL_PWREx_EnableBatteryCharging                   build/stm32g4xx_hal_pwr_ex.o
HAL_PWREx_EnableGPIOPullDown                      build/stm32g4xx_hal_pwr_ex.o
HAL_PWREx_EnableGPIOPullUp                        build/stm32g4xx_hal_pwr_ex.o
HAL_PWREx_EnableInternalWakeUpLine                build/stm32g4xx_hal_pwr_ex.o
HAL_PWREx_EnableLowPowerRunMode                   build/stm32g4xx_hal_pwr_ex.o
                                                  build/stm32g4xx_hal_pwr.o
HAL_PWREx_EnablePVM1                              build/stm32g4xx_hal_pwr_ex.o
HAL_PWREx_EnablePVM2                              build/stm32g4xx_hal_pwr_ex.o
HAL_PWREx_EnablePVM3                              build/stm32g4xx_hal_pwr_ex.o
HAL_PWREx_EnablePVM4                              build/stm32g4xx_hal_pwr_ex.o
HAL_PWREx_EnablePullUpPullDownConfig              build/stm32g4xx_hal_pwr_ex.o
HAL_PWREx_EnableSRAM2ContentRetention             build/stm32g4xx_hal_pwr_ex.o
HAL_PWREx_EnableUCPDDeadBattery                   build/stm32g4xx_hal_pwr_ex.o
HAL_PWREx_EnableUCPDStandbyMode                   build/stm32g4xx_hal_pwr_ex.o
HAL_PWREx_EnterSHUTDOWNMode                       build/stm32g4xx_hal_pwr_ex.o
HAL_PWREx_EnterSTOP0Mode                          build/stm32g4xx_hal_pwr_ex.o
                                                  build/stm32g4xx_hal_pwr.o
HAL_PWREx_EnterSTOP1Mode                          build/stm32g4xx_hal_pwr_ex.o
                                                  build/stm32g4xx_hal_pwr.o
HAL_PWREx_GetVoltageRange                         build/stm32g4xx_hal_pwr_ex.o
HAL_PWREx_PVD_PVM_IRQHandler                      build/stm32g4xx_hal_pwr_ex.o
HAL_PWREx_PVM1Callback                            build/stm32g4xx_hal_pwr_ex.o
HAL_PWREx_PVM2Callback                            build/stm32g4xx_hal_pwr_ex.o
HAL_PWREx_PVM3Callback                            build/stm32g4xx_hal_pwr_ex.o
HAL_PWREx_PVM4Callback                            build/stm32g4xx_hal_pwr_ex.o
HAL_PWR_ConfigPVD                                 build/stm32g4xx_hal_pwr.o
HAL_PWR_DeInit                                    build/stm32g4xx_hal_pwr.o
HAL_PWR_DisableBkUpAccess                         build/stm32g4xx_hal_pwr.o
                                                  build/stm32g4xx_hal_rcc_ex.o
HAL_PWR_DisablePVD                                build/stm32g4xx_hal_pwr.o
HAL_PWR_DisableSEVOnPend                          build/stm32g4xx_hal_pwr.o
HAL_PWR_DisableSleepOnExit                        build/stm32g4xx_hal_pwr.o
HAL_PWR_DisableWakeUpPin                          build/stm32g4xx_hal_pwr.o
HAL_PWR_EnableBkUpAccess                          build/stm32g4xx_hal_pwr.o
                                                  build/stm32g4xx_hal_rcc_ex.o
HAL_PWR_EnablePVD                                 build/stm32g4xx_hal_pwr.o
HAL_PWR_EnableSEVOnPend                           build/stm32g4xx_hal_pwr.o
HAL_PWR_EnableSleepOnExit                         build/stm32g4xx_hal_pwr.o
HAL_PWR_EnableWakeUpPin                           build/stm32g4xx_hal_pwr.o
HAL_PWR_EnterSLEEPMode                            build/stm32g4xx_hal_pwr.o
HAL_PWR_EnterSTANDBYMode                          build/stm32g4xx_hal_pwr.o
HAL_PWR_EnterSTOPMode                             build/stm32g4xx_hal_pwr.o
HAL_PWR_PVDCallback                               build/stm32g4xx_hal_pwr.o
                                                  build/stm32g4xx_hal_pwr_ex.o
HAL_RCCEx_CRSConfig                               build/stm32g4xx_hal_rcc_ex.o
HAL_RCCEx_CRSGetSynchronizationInfo               build/stm32g4xx_hal_rcc_ex.o
HAL_RCCEx_CRSSoftwareSynchronizationGenerate      build/stm32g4xx_hal_rcc_ex.o
HAL_RCCEx_CRSWaitSynchronization                  build/stm32g4xx_hal_rcc_ex.o
HAL_RCCEx_CRS_ErrorCallback                       build/stm32g4xx_hal_rcc_ex.o
HAL_RCCEx_CRS_ExpectedSyncCallback                build/stm32g4xx_hal_rcc_ex.o
HAL_RCCEx_CRS_IRQHandler                          build/stm32g4xx_hal_rcc_ex.o
HAL_RCCEx_CRS_SyncOkCallback                      build/stm32g4xx_hal_rcc_ex.o
HAL_RCCEx_CRS_SyncWarnCallback                    build/stm32g4xx_hal_rcc_ex.o
HAL_RCCEx_DisableLSCO                             build/stm32g4xx_hal_rcc_ex.o
HAL_RCCEx_DisableLSECSS                           build/stm32g4xx_hal_rcc_ex.o
HAL_RCCEx_EnableLSCO                              build/stm32g4xx_hal_rcc_ex.o
HAL_RCCEx_EnableLSECSS                            build/stm32g4xx_hal_rcc_ex.o
HAL_RCCEx_EnableLSECSS_IT                         build/stm32g4xx_hal_rcc_ex.o
HAL_RCCEx_GetPeriphCLKConfig                      build/stm32g4xx_hal_rcc_ex.o
HAL_RCCEx_GetPeriphCLKFreq                        build/stm32g4xx_hal_rcc_ex.o
HAL_RCCEx_LSECSS_Callback                         build/stm32g4xx_hal_rcc_ex.o
HAL_RCCEx_LSECSS_IRQHandler                       build/stm32g4xx_hal_rcc_ex.o
HAL_RCCEx_PeriphCLKConfig                         build/stm32g4xx_hal_rcc_ex.o
                                                  build/stm32g4xx_hal_msp.o
HAL_RCC_CSSCallback                               build/stm32g4xx_hal_rcc.o
HAL_RCC_ClockConfig                               build/stm32g4xx_hal_rcc.o
                                                  build/main.o
HAL_RCC_DeInit                                    build/stm32g4xx_hal_rcc.o
HAL_RCC_DisableLSECSS                             build/stm32g4xx_hal_rcc.o
HAL_RCC_EnableCSS                                 build/stm32g4xx_hal_rcc.o
HAL_RCC_EnableLSECSS                              build/stm32g4xx_hal_rcc.o
HAL_RCC_GetClockConfig                            build/stm32g4xx_hal_rcc.o
HAL_RCC_GetHCLKFreq                               build/stm32g4xx_hal_rcc.o
HAL_RCC_GetOscConfig                              build/stm32g4xx_hal_rcc.o
HAL_RCC_GetPCLK1Freq                              build/stm32g4xx_hal_rcc.o
                                                  build/stm32g4xx_hal_uart.o
                                                  build/stm32g4xx_hal_rcc_ex.o
HAL_RCC_GetPCLK2Freq                              build/stm32g4xx_hal_rcc.o
                                                  build/stm32g4xx_hal_uart.o
                                                  build/stm32g4xx_hal_rcc_ex.o
HAL_RCC_GetSysClockFreq                           build/stm32g4xx_hal_rcc.o
                                                  build/stm32g4xx_hal_uart.o
                                                  build/stm32g4xx_hal_rcc_ex.o
HAL_RCC_MCOConfig                                 build/stm32g4xx_hal_rcc.o
HAL_RCC_NMI_IRQHandler                            build/stm32g4xx_hal_rcc.o
HAL_RCC_OscConfig                                 build/stm32g4xx_hal_rcc.o
                                                  build/main.o
HAL_RS485Ex_Init                                  build/stm32g4xx_hal_uart_ex.o
HAL_ResumeTick                                    build/stm32g4xx_hal.o
HAL_SYSCFG_CCMSRAMErase                           build/stm32g4xx_hal.o
HAL_SYSCFG_CCMSRAM_WriteProtectionEnable          build/stm32g4xx_hal.o
HAL_SYSCFG_DisableIOSwitchBooster                 build/stm32g4xx_hal.o
HAL_SYSCFG_DisableIOSwitchVDD                     build/stm32g4xx_hal.o
HAL_SYSCFG_DisableMemorySwappingBank              build/stm32g4xx_hal.o
HAL_SYSCFG_DisableVREFBUF                         build/stm32g4xx_hal.o
HAL_SYSCFG_EnableIOSwitchBooster                  build/stm32g4xx_hal.o
HAL_SYSCFG_EnableIOSwitchVDD                      build/stm32g4xx_hal.o
HAL_SYSCFG_EnableMemorySwappingBank               build/stm32g4xx_hal.o
HAL_SYSCFG_EnableVREFBUF                          build/stm32g4xx_hal.o
HAL_SYSCFG_VREFBUF_HighImpedanceConfig            build/stm32g4xx_hal.o
HAL_SYSCFG_VREFBUF_TrimmingConfig                 build/stm32g4xx_hal.o
HAL_SYSCFG_VREFBUF_VoltageScalingConfig           build/stm32g4xx_hal.o
HAL_SYSTICK_CLKSourceConfig                       build/stm32g4xx_hal_cortex.o
HAL_SYSTICK_Callback                              build/stm32g4xx_hal_cortex.o
HAL_SYSTICK_Config                                build/stm32g4xx_hal_cortex.o
                                                  build/stm32g4xx_hal.o
HAL_SYSTICK_IRQHandler                            build/stm32g4xx_hal_cortex.o
HAL_SetTickFreq                                   build/stm32g4xx_hal.o
HAL_SuspendTick                                   build/stm32g4xx_hal.o
HAL_UARTEx_DisableFifoMode                        build/stm32g4xx_hal_uart_ex.o
HAL_UARTEx_DisableStopMode                        build/stm32g4xx_hal_uart_ex.o
HAL_UARTEx_EnableFifoMode                         build/stm32g4xx_hal_uart_ex.o
HAL_UARTEx_EnableStopMode                         build/stm32g4xx_hal_uart_ex.o
HAL_UARTEx_GetRxEventType                         build/stm32g4xx_hal_uart_ex.o
HAL_UARTEx_ReceiveToIdle                          build/stm32g4xx_hal_uart_ex.o
HAL_UARTEx_ReceiveToIdle_DMA                      build/stm32g4xx_hal_uart_ex.o
HAL_UARTEx_ReceiveToIdle_IT                       build/stm32g4xx_hal_uart_ex.o
HAL_UARTEx_RxEventCallback                        build/stm32g4xx_hal_uart.o
HAL_UARTEx_RxFifoFullCallback                     build/stm32g4xx_hal_uart_ex.o
                                                  build/stm32g4xx_hal_uart.o
HAL_UARTEx_SetRxFifoThreshold                     build/stm32g4xx_hal_uart_ex.o
HAL_UARTEx_SetTxFifoThreshold                     build/stm32g4xx_hal_uart_ex.o
HAL_UARTEx_StopModeWakeUpSourceConfig             build/stm32g4xx_hal_uart_ex.o
HAL_UARTEx_TxFifoEmptyCallback                    build/stm32g4xx_hal_uart_ex.o
                                                  build/stm32g4xx_hal_uart.o
HAL_UARTEx_WakeupCallback                         build/stm32g4xx_hal_uart_ex.o
                                                  build/stm32g4xx_hal_uart.o
HAL_UART_Abort                                    build/stm32g4xx_hal_uart.o
HAL_UART_AbortCpltCallback                        build/stm32g4xx_hal_uart.o
HAL_UART_AbortReceive                             build/stm32g4xx_hal_uart.o
HAL_UART_AbortReceiveCpltCallback                 build/stm32g4xx_hal_uart.o
HAL_UART_AbortReceive_IT                          build/stm32g4xx_hal_uart.o
HAL_UART_AbortTransmit                            build/stm32g4xx_hal_uart.o
HAL_UART_AbortTransmitCpltCallback                build/stm32g4xx_hal_uart.o
HAL_UART_AbortTransmit_IT                         build/stm32g4xx_hal_uart.o
HAL_UART_Abort_IT                                 build/stm32g4xx_hal_uart.o
HAL_UART_DMAPause                                 build/stm32g4xx_hal_uart.o
HAL_UART_DMAResume                                build/stm32g4xx_hal_uart.o
HAL_UART_DMAStop                                  build/stm32g4xx_hal_uart.o
HAL_UART_DeInit                                   build/stm32g4xx_hal_uart.o
HAL_UART_DisableReceiverTimeout                   build/stm32g4xx_hal_uart.o
HAL_UART_EnableReceiverTimeout                    build/stm32g4xx_hal_uart.o
HAL_UART_ErrorCallback                            build/stm32g4xx_hal_uart.o
HAL_UART_GetError                                 build/stm32g4xx_hal_uart.o
HAL_UART_GetState                                 build/stm32g4xx_hal_uart.o
HAL_UART_IRQHandler                               build/stm32g4xx_hal_uart.o
HAL_UART_Init                                     build/stm32g4xx_hal_uart.o
HAL_UART_MspDeInit                                build/stm32g4xx_hal_msp.o
HAL_UART_MspInit                                  build/stm32g4xx_hal_msp.o
                                                  build/stm32g4xx_hal_uart_ex.o
HAL_UART_Receive                                  build/stm32g4xx_hal_uart.o
HAL_UART_Receive_DMA                              build/stm32g4xx_hal_uart.o
HAL_UART_Receive_IT                               build/stm32g4xx_hal_uart.o
HAL_UART_ReceiverTimeout_Config                   build/stm32g4xx_hal_uart.o
HAL_UART_RxCpltCallback                           build/stm32g4xx_hal_uart.o
HAL_UART_RxHalfCpltCallback                       build/stm32g4xx_hal_uart.o
HAL_UART_Transmit                                 build/stm32g4xx_hal_uart.o
HAL_UART_Transmit_DMA                             build/stm32g4xx_hal_uart.o
HAL_UART_Transmit_IT                              build/stm32g4xx_hal_uart.o
HAL_UART_TxCpltCallback                           build/stm32g4xx_hal_uart.o
HAL_UART_TxHalfCpltCallback                       build/stm32g4xx_hal_uart.o
HRTIM1_FLT_IRQHandler                             build/startup_stm32g474xx.o
HRTIM1_Master_IRQHandler                          build/startup_stm32g474xx.o
HRTIM1_TIMA_IRQHandler                            build/startup_stm32g474xx.o
HRTIM1_TIMB_IRQHandler                            build/startup_stm32g474xx.o
HRTIM1_TIMC_IRQHandler                            build/startup_stm32g474xx.o
HRTIM1_TIMD_IRQHandler                            build/startup_stm32g474xx.o
HRTIM1_TIME_IRQHandler                            build/startup_stm32g474xx.o
HRTIM1_TIMF_IRQHandler                            build/startup_stm32g474xx.o
HardFault_Handler                                 build/stm32g4xx_it.o
I2C1_ER_IRQHandler                                build/startup_stm32g474xx.o
I2C1_EV_IRQHandler                                build/startup_stm32g474xx.o
I2C2_ER_IRQHandler                                build/startup_stm32g474xx.o
I2C2_EV_IRQHandler                                build/startup_stm32g474xx.o
I2C3_ER_IRQHandler                                build/startup_stm32g474xx.o
I2C3_EV_IRQHandler                                build/startup_stm32g474xx.o
I2C4_ER_IRQHandler                                build/startup_stm32g474xx.o
I2C4_EV_IRQHandler                                build/startup_stm32g474xx.o
LPTIM1_IRQHandler                                 build/startup_stm32g474xx.o
LPUART1_IRQHandler                                build/startup_stm32g474xx.o
MemManage_Handler                                 build/startup_stm32g474xx.o
NMI_Handler                                       build/stm32g4xx_it.o
PVD_PVM_IRQHandler                                build/startup_stm32g474xx.o
PendSV_Handler                                    build/stm32g4xx_it.o
QUADSPI_IRQHandler                                build/startup_stm32g474xx.o
RCC_IRQHandler                                    build/startup_stm32g474xx.o
RNG_IRQHandler                                    build/startup_stm32g474xx.o
RTC_Alarm_IRQHandler                              build/startup_stm32g474xx.o
RTC_TAMP_LSECSS_IRQHandler                        build/startup_stm32g474xx.o
RTC_WKUP_IRQHandler                               build/startup_stm32g474xx.o
Reset_Handler                                     build/startup_stm32g474xx.o
SAI1_IRQHandler                                   build/startup_stm32g474xx.o
SPI1_IRQHandler                                   build/startup_stm32g474xx.o
SPI2_IRQHandler                                   build/startup_stm32g474xx.o
SPI3_IRQHandler                                   build/startup_stm32g474xx.o
SPI4_IRQHandler                                   build/startup_stm32g474xx.o
SVC_Handler                                       build/stm32g4xx_it.o
SysTick_Handler                                   build/stm32g4xx_it.o
SystemCoreClock                                   build/system_stm32g4xx.o
                                                  build/stm32g4xx_hal_rcc.o
                                                  build/stm32g4xx_hal_pwr_ex.o
                                                  build/stm32g4xx_hal.o
SystemCoreClockUpdate                             build/system_stm32g4xx.o
SystemInit                                        build/system_stm32g4xx.o
                                                  build/startup_stm32g474xx.o
TIM1_BRK_TIM15_IRQHandler                         build/startup_stm32g474xx.o
TIM1_CC_IRQHandler                                build/startup_stm32g474xx.o
TIM1_TRG_COM_TIM17_IRQHandler                     build/startup_stm32g474xx.o
TIM1_UP_TIM16_IRQHandler                          build/startup_stm32g474xx.o
TIM20_BRK_IRQHandler                              build/startup_stm32g474xx.o
TIM20_CC_IRQHandler                               build/startup_stm32g474xx.o
TIM20_TRG_COM_IRQHandler                          build/startup_stm32g474xx.o
TIM20_UP_IRQHandler                               build/startup_stm32g474xx.o
TIM2_IRQHandler                                   build/startup_stm32g474xx.o
TIM3_IRQHandler                                   build/startup_stm32g474xx.o
TIM4_IRQHandler                                   build/startup_stm32g474xx.o
TIM5_IRQHandler                                   build/startup_stm32g474xx.o
TIM6_DAC_IRQHandler                               build/startup_stm32g474xx.o
TIM7_DAC_IRQHandler                               build/startup_stm32g474xx.o
TIM8_BRK_IRQHandler                               build/startup_stm32g474xx.o
TIM8_CC_IRQHandler                                build/startup_stm32g474xx.o
TIM8_TRG_COM_IRQHandler                           build/startup_stm32g474xx.o
TIM8_UP_IRQHandler                                build/startup_stm32g474xx.o
UART4_IRQHandler                                  build/startup_stm32g474xx.o
UART5_IRQHandler                                  build/startup_stm32g474xx.o
UARTPrescTable                                    build/stm32g4xx_hal_uart.o
UART_AdvFeatureConfig                             build/stm32g4xx_hal_uart.o
                                                  build/stm32g4xx_hal_uart_ex.o
UART_CheckIdleState                               build/stm32g4xx_hal_uart.o
                                                  build/stm32g4xx_hal_uart_ex.o
UART_SetConfig                                    build/stm32g4xx_hal_uart.o
                                                  build/stm32g4xx_hal_uart_ex.o
UART_Start_Receive_DMA                            build/stm32g4xx_hal_uart.o
                                                  build/stm32g4xx_hal_uart_ex.o
UART_Start_Receive_IT                             build/stm32g4xx_hal_uart.o
                                                  build/stm32g4xx_hal_uart_ex.o
UART_WaitOnFlagUntilTimeout                       build/stm32g4xx_hal_uart.o
                                                  build/stm32g4xx_hal_uart_ex.o
UCPD1_IRQHandler                                  build/startup_stm32g474xx.o
USART1_IRQHandler                                 build/startup_stm32g474xx.o
USART2_IRQHandler                                 build/startup_stm32g474xx.o
USART3_IRQHandler                                 build/startup_stm32g474xx.o
USBWakeUp_IRQHandler                              build/startup_stm32g474xx.o
USB_HP_IRQHandler                                 build/startup_stm32g474xx.o
USB_LP_IRQHandler                                 build/startup_stm32g474xx.o
UsageFault_Handler                                build/startup_stm32g474xx.o
WWDG_IRQHandler                                   build/startup_stm32g474xx.o
_ITM_deregisterTMCloneTable                       /usr/lib/gcc/arm-none-eabi/10.3.1/thumb/v7e-m+fp/hard/crtbegin.o
_ITM_registerTMCloneTable                         /usr/lib/gcc/arm-none-eabi/10.3.1/thumb/v7e-m+fp/hard/crtbegin.o
__TMC_END__                                       /usr/lib/gcc/arm-none-eabi/10.3.1/thumb/v7e-m+fp/hard/crtend.o
                                                  /usr/lib/gcc/arm-none-eabi/10.3.1/thumb/v7e-m+fp/hard/crtbegin.o
__aeabi_idiv0                                     /usr/lib/gcc/arm-none-eabi/10.3.1/thumb/v7e-m+fp/hard/libgcc.a(_dvmd_tls.o)
__aeabi_ldiv0                                     /usr/lib/gcc/arm-none-eabi/10.3.1/thumb/v7e-m+fp/hard/libgcc.a(_dvmd_tls.o)
                                                  /usr/lib/gcc/arm-none-eabi/10.3.1/thumb/v7e-m+fp/hard/libgcc.a(_aeabi_uldivmod.o)
__aeabi_uldivmod                                  /usr/lib/gcc/arm-none-eabi/10.3.1/thumb/v7e-m+fp/hard/libgcc.a(_aeabi_uldivmod.o)
                                                  build/stm32g4xx_hal_uart.o
__atexit_dummy                                    /usr/lib/gcc/arm-none-eabi/10.3.1/../../../arm-none-eabi/lib/thumb/v7e-m+fp/hard/libc_nano.a(lib_a-__atexit.o)
__bss_end__                                       /usr/lib/gcc/arm-none-eabi/10.3.1/../../../arm-none-eabi/lib/thumb/v7e-m+fp/hard/crt0.o
__bss_start__                                     /usr/lib/gcc/arm-none-eabi/10.3.1/../../../arm-none-eabi/lib/thumb/v7e-m+fp/hard/crt0.o
__call_exitprocs                                  /usr/lib/gcc/arm-none-eabi/10.3.1/../../../arm-none-eabi/lib/thumb/v7e-m+fp/hard/libc_nano.a(lib_a-__call_atexit.o)
                                                  /usr/lib/gcc/arm-none-eabi/10.3.1/../../../arm-none-eabi/lib/thumb/v7e-m+fp/hard/libc_nano.a(lib_a-__atexit.o)
                                                  /usr/lib/gcc/arm-none-eabi/10.3.1/../../../arm-none-eabi/lib/thumb/v7e-m+fp/hard/libc_nano.a(lib_a-exit.o)
__deregister_frame_info                           /usr/lib/gcc/arm-none-eabi/10.3.1/thumb/v7e-m+fp/hard/crtbegin.o
__dso_handle                                      /usr/lib/gcc/arm-none-eabi/10.3.1/thumb/v7e-m+fp/hard/crtbegin.o
__fini_array_end                                  /usr/lib/gcc/arm-none-eabi/10.3.1/../../../arm-none-eabi/lib/thumb/v7e-m+fp/hard/libc_nano.a(lib_a-fini.o)
__fini_array_start                                /usr/lib/gcc/arm-none-eabi/10.3.1/../../../arm-none-eabi/lib/thumb/v7e-m+fp/hard/libc_nano.a(lib_a-fini.o)
__init_array_end                                  /usr/lib/gcc/arm-none-eabi/10.3.1/../../../arm-none-eabi/lib/thumb/v7e-m+fp/hard/libc_nano.a(lib_a-init.o)
__init_array_start                                /usr/lib/gcc/arm-none-eabi/10.3.1/../../../arm-none-eabi/lib/thumb/v7e-m+fp/hard/libc_nano.a(lib_a-init.o)
__libc_fini_array                                 /usr/lib/gcc/arm-none-eabi/10.3.1/../../../arm-none-eabi/lib/thumb/v7e-m+fp/hard/libc_nano.a(lib_a-fini.o)
                                                  /usr/lib/gcc/arm-none-eabi/10.3.1/../../../arm-none-eabi/lib/thumb/v7e-m+fp/hard/crt0.o
__libc_init_array                                 /usr/lib/gcc/arm-none-eabi/10.3.1/../../../arm-none-eabi/lib/thumb/v7e-m+fp/hard/libc_nano.a(lib_a-init.o)
                                                  build/startup_stm32g474xx.o
                                                  /usr/lib/gcc/arm-none-eabi/10.3.1/../../../arm-none-eabi/lib/thumb/v7e-m+fp/hard/crt0.o
__on_exit_args                                    /usr/lib/gcc/arm-none-eabi/10.3.1/../../../arm-none-eabi/lib/thumb/v7e-m+fp/hard/libc_nano.a(lib_a-__atexit.o)
__preinit_array_end                               /usr/lib/gcc/arm-none-eabi/10.3.1/../../../arm-none-eabi/lib/thumb/v7e-m+fp/hard/libc_nano.a(lib_a-init.o)
__preinit_array_start                             /usr/lib/gcc/arm-none-eabi/10.3.1/../../../arm-none-eabi/lib/thumb/v7e-m+fp/hard/libc_nano.a(lib_a-init.o)
__register_exitproc                               /usr/lib/gcc/arm-none-eabi/10.3.1/../../../arm-none-eabi/lib/thumb/v7e-m+fp/hard/libc_nano.a(lib_a-__atexit.o)
                                                  /usr/lib/gcc/arm-none-eabi/10.3.1/../../../arm-none-eabi/lib/thumb/v7e-m+fp/hard/libc_nano.a(lib_a-atexit.o)
__register_frame_info                             /usr/lib/gcc/arm-none-eabi/10.3.1/thumb/v7e-m+fp/hard/crtbegin.o
__sf_fake_stderr                                  /usr/lib/gcc/arm-none-eabi/10.3.1/../../../arm-none-eabi/lib/thumb/v7e-m+fp/hard/libc_nano.a(lib_a-impure.o)
__sf_fake_stdin                                   /usr/lib/gcc/arm-none-eabi/10.3.1/../../../arm-none-eabi/lib/thumb/v7e-m+fp/hard/libc_nano.a(lib_a-impure.o)
__sf_fake_stdout                                  /usr/lib/gcc/arm-none-eabi/10.3.1/../../../arm-none-eabi/lib/thumb/v7e-m+fp/hard/libc_nano.a(lib_a-impure.o)
__stack                                           /usr/lib/gcc/arm-none-eabi/10.3.1/../../../arm-none-eabi/lib/thumb/v7e-m+fp/hard/crt0.o
__udivmoddi4                                      /usr/lib/gcc/arm-none-eabi/10.3.1/thumb/v7e-m+fp/hard/libgcc.a(_udivmoddi4.o)
                                                  /usr/lib/gcc/arm-none-eabi/10.3.1/thumb/v7e-m+fp/hard/libgcc.a(_aeabi_uldivmod.o)
_ebss                                             build/startup_stm32g474xx.o
_edata                                            build/startup_stm32g474xx.o
_estack                                           build/startup_stm32g474xx.o
_exit                                             /usr/lib/gcc/arm-none-eabi/10.3.1/../../../arm-none-eabi/lib/thumb/v7e-m+fp/hard/libnosys.a(_exit.o)
                                                  /usr/lib/gcc/arm-none-eabi/10.3.1/../../../arm-none-eabi/lib/thumb/v7e-m+fp/hard/libc_nano.a(lib_a-exit.o)
_fini                                             /usr/lib/gcc/arm-none-eabi/10.3.1/thumb/v7e-m+fp/hard/crti.o
                                                  /usr/lib/gcc/arm-none-eabi/10.3.1/../../../arm-none-eabi/lib/thumb/v7e-m+fp/hard/libc_nano.a(lib_a-fini.o)
_global_atexit                                    /usr/lib/gcc/arm-none-eabi/10.3.1/../../../arm-none-eabi/lib/thumb/v7e-m+fp/hard/libc_nano.a(lib_a-__call_atexit.o)
                                                  /usr/lib/gcc/arm-none-eabi/10.3.1/../../../arm-none-eabi/lib/thumb/v7e-m+fp/hard/libc_nano.a(lib_a-__atexit.o)
_global_impure_ptr                                /usr/lib/gcc/arm-none-eabi/10.3.1/../../../arm-none-eabi/lib/thumb/v7e-m+fp/hard/libc_nano.a(lib_a-impure.o)
                                                  /usr/lib/gcc/arm-none-eabi/10.3.1/../../../arm-none-eabi/lib/thumb/v7e-m+fp/hard/libc_nano.a(lib_a-exit.o)
_impure_ptr                                       /usr/lib/gcc/arm-none-eabi/10.3.1/../../../arm-none-eabi/lib/thumb/v7e-m+fp/hard/libc_nano.a(lib_a-impure.o)
_init                                             /usr/lib/gcc/arm-none-eabi/10.3.1/thumb/v7e-m+fp/hard/crti.o
                                                  /usr/lib/gcc/arm-none-eabi/10.3.1/../../../arm-none-eabi/lib/thumb/v7e-m+fp/hard/libc_nano.a(lib_a-init.o)
_mainCRTStartup                                   /usr/lib/gcc/arm-none-eabi/10.3.1/../../../arm-none-eabi/lib/thumb/v7e-m+fp/hard/crt0.o
_sbss                                             build/startup_stm32g474xx.o
_sdata                                            build/startup_stm32g474xx.o
_sidata                                           build/startup_stm32g474xx.o
_stack_init                                       /usr/lib/gcc/arm-none-eabi/10.3.1/../../../arm-none-eabi/lib/thumb/v7e-m+fp/hard/crt0.o
_start                                            /usr/lib/gcc/arm-none-eabi/10.3.1/../../../arm-none-eabi/lib/thumb/v7e-m+fp/hard/crt0.o
atexit                                            /usr/lib/gcc/arm-none-eabi/10.3.1/../../../arm-none-eabi/lib/thumb/v7e-m+fp/hard/libc_nano.a(lib_a-atexit.o)
                                                  /usr/lib/gcc/arm-none-eabi/10.3.1/../../../arm-none-eabi/lib/thumb/v7e-m+fp/hard/crt0.o
can_observer_init                                 build/can_observer_user.o
                                                  build/main.o
can_observer_poll_uart                            build/can_observer_user.o
                                                  build/main.o
exit                                              /usr/lib/gcc/arm-none-eabi/10.3.1/../../../arm-none-eabi/lib/thumb/v7e-m+fp/hard/libc_nano.a(lib_a-exit.o)
                                                  /usr/lib/gcc/arm-none-eabi/10.3.1/../../../arm-none-eabi/lib/thumb/v7e-m+fp/hard/crt0.o
g_pfnVectors                                      build/startup_stm32g474xx.o
hardware_init_hook                                /usr/lib/gcc/arm-none-eabi/10.3.1/../../../arm-none-eabi/lib/thumb/v7e-m+fp/hard/crt0.o