MON,0245319137,7E0,8,042E1234F3000000
MON,0245323225,7E8,8,037F2E3100000000
MON,0245342992,7E0,8,052E1234BFD10000
MON,0245347075,7E8,8,037F2E3100000000
MON,0245367373,7E0,8,042E12341B000000
MON,0245371458,7E8,8,037F2E3100000000
MON,0245391723,7E0,8,042E123498000000
MON,0245395809,7E8,8,037F2E3100000000
MON,0245416186,7E0,8,042E123421000000
MON,0245420271,7E8,8,037F2E3100000000
MON,0245440614,7E0,8,062E12343E025800
MON,0245444697,7E8,8,037F2E3100000000
MON,0245465026,7E0,8,042E12341C000000
MON,0245469113,7E8,8,037F2E3100000000
MON,0245489389,7E0,8,062E1234AC8D5F00
MON,0245493466,7E8,8,037F2E3100000000
MON,0245513691,7E0,8,072E12343C6703C2
MON,0245517770,7E8,8,037F2E3100000000
MON,0245538215,7E0,8,052E222285830000
MON,0245542295,7E8,8,037F2E3100000000
MON,0245562611,7E0,8,042E12343F000000
MON,0245566698,7E8,8,037F2E3100000000
MON,0245587038,7E0,8,052E1234CE840000
MON,0245591120,7E8,8,037F2E3100000000
MON,0245611402,7E0,8,062E1001699EFE00
MON,0245615483,7E8,8,037F2E3100000000
MON,0245635742,7E0,8,052E1001C7960000
MON,0245639829,7E8,8,037F2E3100000000
MON,0245660096,7E0,8,072E12349B0C6ECA
MON,0245664176,7E8,8,037F2E3100000000
MON,0245684556,7E0,8,042E12347F000000
MON,0245688643,7E8,8,037F2E3100000000
MON,0245708787,7E0,8,052E1234C8380000
MON,0245712870,7E8,8,037F2E3100000000
MON,0245733286,7E0,8,062EF1871F60D900
MON,0245737363,7E8,8,037F2E3100000000
MON,0245757645,7E0,8,052E12349A4F0000
MON,0245761727,7E8,8,037F2E3100000000
MON,0245782080,7E0,8,052E3333ABD50000
MON,0245786162,7E8,8,037F2E3100000000
MON,0245806453,7E0,8,042E12340C000000
MON,0245810542,7E8,8,037F2E3100000000
MON,0245830831,7E0,8,042E123457000000
MON,0245834918,7E8,8,037F2E3100000000
MON,0245855290,7E0,8,032E123400000000
MON,0245859378,7E8,8,037F2E3100000000
MON,0245879823,7E0,8,032E123400000000
MON,0245883914,7E8,8,037F2E3100000000
MON,0245904113,7E0,8,042E33330F000000
MON,0245908207,7E8,8,037F2E3100000000
MON,0245928461,7E0,8,072E1234B22BD231
MON,0245932533,7E8,8,037F2E3100000000
MON,0245952857,7E0,8,062E1234B3C91F00
MON,0245956935,7E8,8,037F2E3100000000
MON,0245977222,7E0,8,052E10014D690000
MON,0245981307,7E8,8,037F2E3100000000
MON,0246001668,7E0,8,032E123400000000
MON,0246005759,7E8,8,037F2E3100000000
MON,0246026071,7E0,8,062E123493C6EB00
MON,0246030149,7E8,8,037F2E3100000000
MON,0246050468,7E0,8,032E123400000000
MON,0246054557,7E8,8,037F2E3100000000
MON,0246074745,7E0,8,062E1234F16C0B00
MON,0246078828,7E8,8,037F2E3100000000
MON,0246099453,7E0,8,062E1234EF140D00
MON,0246103534,7E8,8,037F2E3100000000
MON,0246123553,7E0,8,032E123400000000
MON,0246127644,7E8,8,037F2E3100000000
MON,0246148023,7E0,8,062E100161D01C00
MON,0246152106,7E8,8,037F2E3100000000
MON,0246172495,7E0,8,042E123494000000
MON,0246176579,7E8,8,037F2E3100000000
MON,0246196796,7E0,8,052E1234F4180000
MON,0246200878,7E8,8,037F2E3100000000
MON,0246221193,7E0,8,042E12343F000000
MON,0246225278,7E8,8,037F2E3100000000
MON,0246245475,7E0,8,042E1234AB000000
MON,0246249559,7E8,8,037F2E3100000000
MON,0246269922,7E0,8,042E1234E7000000
MON,0246274009,7E8,8,037F2E3100000000
MON,0246294689,7E0,8,072EF1875CC3C256
MON,0246298764,7E8,8,037F2E3100000000
MON,0246318750,7E0,8,052E1234E15A0000
MON,0246322833,7E8,8,037F2E3100000000
MON,0246343310,7E0,8,072E1234E0E2C642
MON,0246347383,7E8,8,037F2E3100000000
MON,0246367479,7E0,8,072E1234D9694876
MON,0246371552,7E8,8,037F2E3100000000
MON,0246391903,7E0,8,052E1234763D0000
MON,0246395985,7E8,8,037F2E3100000000
MON,0246416294,7E0,8,042E12341E000000
MON,0246420379,7E8,8,037F2E3100000000
MON,0246440700,7E0,8,072E1234566011DD
MON,0246444775,7E8,8,037F2E3100000000
MON,0246465242,7E0,8,032E123400000000
MON,0246469331,7E8,8,037F2E3100000000
MON,0246489410,7E0,8,052E1234B4700000
MON,0246493491,7E8,8,037F2E3100000000
MON,0246513761,7E0,8,052E12348C3D0000
MON,0246517844,7E8,8,037F2E3100000000
MON,0246538271,7E0,8,072E123462A51DF0
MON,0246542344,7E8,8,037F2E3100000000
MON,0246562845,7E0,8,072E123462AD8B17
MON,0246566920,7E8,8,037F2E3100000000
MON,0246587170,7E0,8,072E1234883F9A52
MON,0246591245,7E8,8,037F2E3100000000
MON,0246611830,7E0,8,052E222263260000
MON,0246615913,7E8,8,037F2E3100000000
MON,0246635752,7E0,8,052E1234B2040000
MON,0246639839,7E8,8,037F2E3100000000
MON,0246660250,7E0,8,032E123400000000
MON,0246664339,7E8,8,037F2E3100000000
MON,0246684621,7E0,8,072E12344F8551AA
MON,0246688696,7E8,8,037F2E3100000000
MON,0246709058,7E0,8,042E222262000000
MON,0246713145,7E8,8,037F2E3100000000
MON,0246733481,7E0,8,062E12346AFA1E00
MON,0246737557,7E8,8,037F2E3100000000
MON,0246757785,7E0,8,052E1234F5110000
MON,0246761868,7E8,8,037F2E3100000000
MON,0246782334,7E0,8,072E1234550008AC
MON,0246786415,7E8,8,037F2E3100000000
MON,0246806534,7E0,8,052E123451150000
MON,0246810617,7E8,8,037F2E3100000000
MON,0246830862,7E0,8,062E123409012B00
MON,0246834949,7E8,8,037F2E3100000000
MON,0246855579,7E0,8,042E123454000000
MON,0246859666,7E8,8,037F2E3100000000
MON,0246879787,7E0,8,052E1234A9E60000
MON,0246883870,7E8,8,037F2E3100000000
MON,0246904154,7E0,8,052E1234537F0000
MON,0246908237,7E8,8,037F2E3100000000
MON,0246928592,7E0,8,042E123464000000
MON,0246932679,7E8,8,037F2E3100000000
MON,0246952963,7E0,8,032E123400000000
MON,0246957054,7E8,8,037F2E3100000000
MON,0246977330,7E0,8,052E1001DB9B0000
MON,0246981414,7E8,8,037F2E3100000000
MON,0247001769,7E0,8,032E123400000000
MON,0247005860,7E8,8,037F2E3100000000
MON,0247026037,7E0,8,042E12342D000000
MON,0247030124,7E8,8,037F2E3100000000
MON,0247050483,7E0,8,042E1234F6000000
MON,0247054568,7E8,8,037F2E3100000000
MON,0247074953,7E0,8,072E123436150694
MON,0247079032,7E8,8,037F2E3100000000
MON,0247099352,7E0,8,052E1234A0B30000
MON,0247103433,7E8,8,037F2E3100000000
MON,0247123816,7E0,8,042E12348E000000
MON,0247127903,7E8,8,037F2E3100000000
MON,0247148046,7E0,8,062EF18700494200
MON,0247152129,7E8,8,037F2E3100000000
MON,0247172588,7E0,8,042E2222B5000000
MON,0247176675,7E8,8,037F2E3100000000
MON,0247196925,7E0,8,062E1234E349C200
MON,0247201004,7E8,8,037F2E3100000000
MON,0247221307,7E0,8,032E123400000000
MON,0247225396,7E8,8,037F2E3100000000
MON,0247245801,7E0,8,062E12347C973200
MON,0247249880,7E8,8,037F2E3100000000
MON,0247270159,7E0,8,072E1234F0350495
MON,0247274239,7E8,8,037F2E3100000000
MON,0247294633,7E0,8,062E123439336400
MON,0247298711,7E8,8,037F2E3100000000
MON,0247318934,7E0,8,072E1234FECB8CC4
MON,0247323009,7E8,8,037F2E3100000000
MON,0247343380,7E0,8,042E1234A6000000
MON,0247347464,7E8,8,037F2E3100000000
MON,0247367746,7E0,8,062E1234F5CAF000
MON,0247371825,7E8,8,037F2E3100000000
MON,0247392097,7E0,8,042E2222F0000000
MON,0247396187,7E8,8,037F2E3100000000
MON,0247416497,7E0,8,072E1234FC50AB98
MON,0247420569,7E8,8,037F2E3100000000
MON,0247440831,7E0,8,072E1234298BC295
MON,0247444906,7E8,8,037F2E3100000000
MON,0247465216,7E0,8,052E3333F02B0000
MON,0247469295,7E8,8,037F2E3100000000
MON,0247489745,7E0,8,052E123420B70000
MON,0247493828,7E8,8,037F2E3100000000
MON,0247514038,7E0,8,032E123400000000
MON,0247518129,7E8,8,037F2E3100000000
MON,0247538481,7E0,8,042E222209000000
MON,0247542570,7E8,8,037F2E3100000000
MON,0247562765,7E0,8,072E123464456897
MON,0247566839,7E8,8,037F2E3100000000
MON,0247587245,7E0,8,042E12341F000000
MON,0247591329,7E8,8,037F2E3100000000
MON,0247611594,7E0,8,032E123400000000
MON,0247615685,7E8,8,037F2E3100000000
MON,0247636082,7E0,8,072E1234749EFB6A
MON,0247640157,7E8,8,037F2E3100000000
MON,0247660441,7E0,8,042E1234CA000000
MON,0247664526,7E8,8,037F2E3100000000
MON,0247684850,7E0,8,042E12344F000000
MON,0247688936,7E8,8,037F2E3100000000
MON,0247709201,7E0,8,072E1234C3101519
MON,0247713274,7E8,8,037F2E3100000000
MON,0247733572,7E0,8,072E22220421D548
MON,0247737651,7E8,8,037F2E3100000000
MON,0247758214,7E0,8,062E12341E054900
MON,0247762295,7E8,8,037F2E3100000000
MON,0247782379,7E0,8,032E123400000000
MON,0247786467,7E8,8,037F2E3100000000
MON,0247806693,7E0,8,062E10016D24B100
MON,0247810776,7E8,8,037F2E3100000000
MON,0247831282,7E0,8,042E1001ED000000
MON,0247835371,7E8,8,037F2E3100000000
MON,0247855490,7E0,8,042EF1875D000000
MON,0247859575,7E8,8,037F2E3100000000
MON,0247879938,7E0,8,052E12349E810000
MON,0247884021,7E8,8,037F2E3100000000
MON,0247904296,7E0,8,042E123419000000
MON,0247908381,7E8,8,037F2E3100000000
MON,0247928690,7E0,8,062E100104596E00
MON,0247932778,7E8,8,037F2E3100000000
MON,0247953240,7E0,8,062E1234BF7CF800
MON,0247957315,7E8,8,037F2E3100000000
MON,0247977496,7E0,8,052E123494600000
MON,0247981577,7E8,8,037F2E3100000000
MON,0248002052,7E0,8,052E1234981C0000
MON,0248006135,7E8,8,037F2E3100000000
MON,0248026346,7E0,8,052E12347C310000
MON,0248030426,7E8,8,037F2E3100000000
MON,0248050645,7E0,8,052E1234A7470000
MON,0248054728,7E8,8,037F2E3100000000
MON,0248075091,7E0,8,062E1234F0095000
MON,0248079174,7E8,8,037F2E3100000000
MON,0248099503,7E0,8,032E123400000000
MON,0248103592,7E8,8,037F2E3100000000
MON,0248123865,7E0,8,052EF1876A910000
MON,0248127948,7E8,8,037F2E3100000000
MON,0248148353,7E0,8,072E1234DDE55C2E
MON,0248152426,7E8,8,037F2E3100000000
MON,0248172685,7E0,8,052E1234C04C0000
MON,0248176768,7E8,8,037F2E3100000000
MON,0248196995,7E0,8,052E1001D8200000
MON,0248201082,7E8,8,037F2E3100000000
MON,0248221392,7E0,8,072E1234FC219698
MON,0248225464,7E8,8,037F2E3100000000
MON,0248245797,7E0,8,042E12348C000000
MON,0248249883,7E8,8,037F2E3100000000
MON,0248270209,7E0,8,062E12343E3D1700
MON,0248274286,7E8,8,037F2E3100000000
MON,0248294720,7E0,8,042E123495000000
MON,0248298806,7E8,8,037F2E3100000000
MON,0248319108,7E0,8,052E100141B50000
MON,0248323198,7E8,8,037F2E3100000000
MON,0248343384,7E0,8,042E123423000000
MON,0248347468,7E8,8,037F2E3100000000
MON,0248367801,7E0,8,062E1234FC43A300
MON,0248371879,7E8,8,037F2E3100000000
MON,0248392101,7E0,8,072E12346C8E456B
MON,0248396176,7E8,8,037F2E3100000000
MON,0248416585,7E0,8,042E1234E1000000
MON,0248420671,7E8,8,037F2E3100000000
MON,0248440764,7E0,8,072E1234CF1D6846
MON,0248444838,7E8,8,037F2E3100000000
MON,0248464239,7E0,8,052E123411FF0000
MON,0248468319,7E8,8,037F2E3100000000
MON,0248488780,7E0,8,062E1234422AD200
MON,0248492859,7E8,8,037F2E3100000000
MON,0248513177,7E0,8,042E123456000000
MON,0248517264,7E8,8,037F2E3100000000
MON,0248537456,7E0,8,062E12348DD17B00
MON,0248541532,7E8,8,037F2E3100000000
MON,0248561776,7E0,8,062E1234E8448900
MON,0248565855,7E8,8,037F2E3100000000
MON,0248586271,7E0,8,072E1234E0E19345
MON,0248590344,7E8,8,037F2E3100000000
MON,0248610783,7E0,8,042E123426000000
MON,0248614870,7E8,8,037F2E3100000000
MON,0248635120,7E0,8,042E123495000000
MON,0248639210,7E8,8,037F2E3100000000
MON,0248659492,7E0,8,042E1234EA000000
MON,0248663577,7E8,8,037F2E3100000000
MON,0248683872,7E0,8,062E1234F1AA3900
MON,0248687951,7E8,8,037F2E3100000000
MON,0248708145,7E0,8,072E2222F328A7D3
MON,0248712220,7E8,8,037F2E3100000000
MON,0248732637,7E0,8,052E1234DC750000
MON,0248736720,7E8,8,037F2E3100000000
MON,0248756998,7E0,8,062E123446339800
MON,0248761077,7E8,8,037F2E3100000000
MON,0248781431,7E0,8,052E12347FBF0000
MON,0248785512,7E8,8,037F2E3100000000
MON,0248805838,7E0,8,062E1234082E3300
MON,0248809921,7E8,8,037F2E3100000000
MON,0248830197,7E0,8,042E123430000000
MON,0248834282,7E8,8,037F2E3100000000
MON,0248854665,7E0,8,052E2222CDEA0000
MON,0248858748,7E8,8,037F2E3100000000
MON,0248878997,7E0,8,062E123467945F00
MON,0248883076,7E8,8,037F2E3100000000
MON,0248903363,7E0,8,072E123449C1ED96
MON,0248907435,7E8,8,037F2E3100000000
MON,0248927768,7E0,8,072E1234370E3880
MON,0248931847,7E8,8,037F2E3100000000
MON,0248952181,7E0,8,072E3333B47AC3CC
MON,0248956257,7E8,8,037F2E3100000000
MON,0248976539,7E0,8,072E1234BDE8184C
MON,0248980613,7E8,8,037F2E3100000000
MON,0249000959,7E0,8,042E1234D3000000
MON,0249005046,7E8,8,037F2E3100000000
MON,0249025355,7E0,8,052E1234B2810000
MON,0249029435,7E8,8,037F2E3100000000
MON,0249049723,7E0,8,072E1234241502EE
MON,0249053802,7E8,8,037F2E3100000000
MON,0249074224,7E0,8,042EF18709000000
MON,0249078313,7E8,8,037F2E3100000000
MON,0249098510,7E0,8,042E123425000000
MON,0249102594,7E8,8,037F2E3100000000
MON,0249122901,7E0,8,072E1234AA46B8F8
MON,0249126976,7E8,8,037F2E3100000000
MON,0249147273,7E0,8,052E1234C8890000
MON,0249151354,7E8,8,037F2E3100000000
MON,0249171715,7E0,8,062E123400816B00
MON,0249175797,7E8,8,037F2E3100000000
MON,0249195940,7E0,8,052E123423150000
MON,0249200023,7E8,8,037F2E3100000000
MON,0249219458,7E0,8,062E123442AD2000
MON,0249223535,7E8,8,037F2E3100000000
MON,0249243915,7E0,8,042E12349B000000
MON,0249248001,7E8,8,037F2E3100000000
MON,0249268305,7E0,8,072E12349175B9F8
MON,0249272377,7E8,8,037F2E3100000000
MON,0249292721,7E0,8,032E123400000000
MON,0249296812,7E8,8,037F2E3100000000
MON,0249317000,7E0,8,042E22221C000000
MON,0249321087,7E8,8,037F2E3100000000
MON,0249341446,7E0,8,052E123420210000
MON,0249345527,7E8,8,037F2E3100000000
MON,0249365839,7E0,8,062E1234077D4100
MON,0249369922,7E8,8,037F2E3100000000
MON,0249390265,7E0,8,042E1234B0000000
MON,0249394350,7E8,8,037F2E3100000000
MON,0249414637,7E0,8,042E1234CE000000
MON,0249418724,7E8,8,037F2E3100000000
MON,0249439036,7E0,8,042E123491000000
MON,0249443123,7E8,8,037F2E3100000000
MON,0249463438,7E0,8,032E123400000000
MON,0249467527,7E8,8,037F2E3100000000
MON,0249487907,7E0,8,072E1234C9CC31E3
MON,0249491982,7E8,8,037F2E3100000000
MON,0249512387,7E0,8,042E1234A7000000
MON,0249516471,7E8,8,037F2E3100000000
MON,0249536658,7E0,8,052E100113D00000
MON,0249540745,7E8,8,037F2E3100000000
MON,0249561001,7E0,8,052E1234BA180000
MON,0249565084,7E8,8,037F2E3100000000
MON,0249585472,7E0,8,072E12348D2C46B5
MON,0249589545,7E8,8,037F2E3100000000
MON,0249609958,7E0,8,072E1234FDBE50DF
MON,0249614033,7E8,8,037F2E3100000000
MON,0249634246,7E0,8,052E1234A5E30000
MON,0249638327,7E8,8,037F2E3100000000
MON,0249658558,7E0,8,042E1234EB000000
MON,0249662645,7E8,8,037F2E3100000000
MON,0249682979,7E0,8,072E12346FC5A079
MON,0249687054,7E8,8,037F2E3100000000
MON,0249707307,7E0,8,032E123400000000
MON,0249711396,7E8,8,037F2E3100000000
MON,0249731734,7E0,8,032E123400000000
MON,0249735825,7E8,8,037F2E3100000000
MON,0249756325,7E0,8,072E12343DC84EAF
MON,0249760397,7E8,8,037F2E3100000000
MON,0249780544,7E0,8,042E1234CE000000
MON,0249784631,7E8,8,037F2E3100000000
MON,0249805134,7E0,8,062E1234357BC800
MON,0249809216,7E8,8,037F2E3100000000
MON,0249829256,7E0,8,072E123423ADC035
MON,0249833328,7E8,8,037F2E3100000000
MON,0249853931,7E0,8,052E100189D00000
MON,0249858018,7E8,8,037F2E3100000000
MON,0249878088,7E0,8,062E12348A77A000
MON,0249882167,7E8,8,037F2E3100000000
MON,0249902463,7E0,8,052E1234EBC60000
MON,0249906544,7E8,8,037F2E3100000000
MON,0249926929,7E0,8,052E1234DD910000
MON,0249931012,7E8,8,037F2E3100000000
MON,0249951304,7E0,8,042E100170000000
MON,0249955393,7E8,8,037F2E3100000000
MON,0249975669,7E0,8,072E123471763990
MON,0249979744,7E8,8,037F2E3100000000
MON,0250000101,7E0,8,042E1234AD000000
MON,0250004191,7E8,8,037F2E3100000000
MON,0250024456,7E0,8,042E123440000000
MON,0250028540,7E8,8,037F2E3100000000
MON,0250048863,7E0,8,052E1234788F0000
MON,0250052946,7E8,8,037F2E3100000000
MON,0250073273,7E0,8,052E33339DD90000
MON,0250077353,7E8,8,037F2E3100000000
MON,0250097646,7E0,8,062E1234AD164700
MON,0250101725,7E8,8,037F2E3100000000
MON,0250121970,7E0,8,062E1234EB344C00
MON,0250126049,7E8,8,037F2E3100000000
MON,0250146431,7E0,8,042E123409000000
MON,0250150520,7E8,8,037F2E3100000000
MON,0250170787,7E0,8,072E123476C8418E
MON,0250174862,7E8,8,037F2E3100000000
MON,0250195278,7E0,8,052E123490640000
MON,0250199359,7E8,8,037F2E3100000000
MON,0250219663,7E0,8,032E123400000000
MON,0250223754,7E8,8,037F2E3100000000
MON,0250244066,7E0,8,062E123403C45200
MON,0250248149,7E8,8,037F2E3100000000
MON,0250268371,7E0,8,052E3333838A0000
MON,0250272452,7E8,8,037F2E3100000000
MON,0250292869,7E0,8,042E1234E8000000
MON,0250296956,7E8,8,037F2E3100000000
MON,0250317166,7E0,8,042E123436000000
MON,0250321254,7E8,8,037F2E3100000000
MON,0250341609,7E0,8,042E333369000000
MON,0250345696,7E8,8,037F2E3100000000
MON,0250366126,7E0,8,052E1001E59C0000
MON,0250370216,7E8,8,037F2E3100000000
MON,0250390290,7E0,8,042E12345A000000
MON,0250394374,7E8,8,037F2E3100000000
MON,0250414735,7E0,8,042E123423000000
MON,0250418821,7E8,8,037F2E3100000000
MON,0250439100,7E0,8,042E1234B4000000
MON,0250443189,7E8,8,037F2E3100000000
MON,0250463617,7E0,8,052E12340BA20000
MON,0250467705,7E8,8,037F2E3100000000
MON,0250488028,7E0,8,042E12344A000000
MON,0250492114,7E8,8,037F2E3100000000
MON,0250512300,7E0,8,042E123440000000
MON,0250516384,7E8,8,037F2E3100000000
MON,0250536614,7E0,8,032E123400000000
MON,0250540705,7E8,8,037F2E3100000000
MON,0250561307,7E0,8,042E12340A000000
MON,0250565396,7E8,8,037F2E3100000000
MON,0250585413,7E0,8,042E100129000000
MON,0250589502,7E8,8,037F2E3100000000
MON,0250609941,7E0,8,062E12346A0A4A00
MON,0250614024,7E8,8,037F2E3100000000
MON,0250634204,7E0,8,072E1234341645FE
MON,0250638277,7E8,8,037F2E3100000000
MON,0250658688,7E0,8,042E1234A6000000
MON,0250662775,7E8,8,037F2E3100000000
MON,0250683020,7E0,8,042E2222E8000000
MON,0250687107,7E8,8,037F2E3100000000
MON,0250707450,7E0,8,062E12344224F000
MON,0250711526,7E8,8,037F2E3100000000
MON,0250731889,7E0,8,042E1234A8000000
MON,0250735976,7E8,8,037F2E3100000000
MON,0250756290,7E0,8,042E123463000000
MON,0250760375,7E8,8,037F2E3100000000
MON,0250780679,7E0,8,042EF18794000000
MON,0250784766,7E8,8,037F2E3100000000
MON,0250804999,7E0,8,052EF187E92C0000
MON,0250809082,7E8,8,037F2E3100000000
MON,0250829403,7E0,8,052E123420750000
MON,0250833483,7E8,8,037F2E3100000000
MON,0250853844,7E0,8,052E1234EB7D0000
MON,0250857927,7E8,8,037F2E3100000000
MON,0250878155,7E0,8,072E12349EB5BD26
MON,0250882230,7E8,8,037F2E3100000000
MON,0250902580,7E0,8,042E123461000000
MON,0250906666,7E8,8,037F2E3100000000
MON,0250927012,7E0,8,042E123443000000
MON,0250931099,7E8,8,037F2E3100000000
MON,0250951482,7E0,8,062E1234B4E4F000
MON,0250955558,7E8,8,037F2E3100000000
MON,0250976090,7E0,8,042E123458000000
MON,0250980177,7E8,8,037F2E3100000000
MON,0251000186,7E0,8,062E1234BF6D3700
MON,0251004262,7E8,8,037F2E3100000000
MON,0251024539,7E0,8,062E123497CACE00
MON,0251028617,7E8,8,037F2E3100000000
MON,0251048997,7E0,8,062E12341C12A200
MON,0251053075,7E8,8,037F2E3100000000
MON,0251073384,7E0,8,052E1234DBCB0000
MON,0251077465,7E8,8,037F2E3100000000
MON,0251097735,7E0,8,072E12349E5A423B
MON,0251101810,7E8,8,037F2E3100000000
MON,0251122105,7E0,8,042E1234CF000000
MON,0251126195,7E8,8,037F2E3100000000
MON,0251146494,7E0,8,052E1234F1910000
MON,0251150574,7E8,8,037F2E3100000000
MON,0251170981,7E0,8,072E12340909C489
MON,0251175065,7E8,8,037F2E3100000000
MON,0251195318,7E0,8,042EF1873E000000
MON,0251199402,7E8,8,037F2E3100000000
MON,0251219645,7E0,8,062E12348DB62600
MON,0251223723,7E8,8,037F2E3100000000
MON,0251244086,7E0,8,052E2222A23D0000
MON,0251248169,7E8,8,037F2E3100000000
MON,0251268470,7E0,8,042E222297000000
MON,0251272555,7E8,8,037F2E3100000000
MON,0251292901,7E0,8,062E1001F13DF300
MON,0251296984,7E8,8,037F2E3100000000
MON,0251317254,7E0,8,062E12341A4BBF00
MON,0251321331,7E8,8,037F2E3100000000
MON,0251341652,7E0,8,062E1001EF2DA100
MON,0251345735,7E8,8,037F2E3100000000
MON,0251365969,7E0,8,062E1234F9E7DE00
MON,0251370047,7E8,8,037F2E3100000000
MON,0251390351,7E0,8,052E1234C8100000
MON,0251394430,7E8,8,037F2E3100000000
MON,0251414785,7E0,8,062E123463CE6D00
MON,0251418864,7E8,8,037F2E3100000000
MON,0251439125,7E0,8,072E12348A3BF35E
MON,0251443203,7E8,8,037F2E3100000000
MON,0251463580,7E0,8,042E1234D3000000
MON,0251467666,7E8,8,037F2E3100000000
MON,0251487961,7E0,8,072E2222B1537707
MON,0251492041,7E8,8,037F2E3100000000
MON,0251512322,7E0,8,072EF1872B873D82
MON,0251516394,7E8,8,037F2E3100000000
MON,0251536648,7E0,8,072E1234ABD60A42
MON,0251540727,7E8,8,037F2E3100000000
MON,0251561212,7E0,8,062E123441EB6700
MON,0251565288,7E8,8,037F2E3100000000
MON,0251585547,7E0,8,042E123444000000
MON,0251589634,7E8,8,037F2E3100000000
MON,0251609952,7E0,8,072E1234DB0B4413
MON,0251614031,7E8,8,037F2E3100000000
MON,0251634283,7E0,8,062E12347CCDDE00
MON,0251638360,7E8,8,037F2E3100000000
MON,0251658686,7E0,8,042E123416000000
MON,0251662773,7E8,8,037F2E3100000000
MON,0251683063,7E0,8,062E12344D827E00
MON,0251687142,7E8,8,037F2E3100000000
MON,0251707483,7E0,8,062E222254E15700
MON,0251711560,7E8,8,037F2E3100000000
MON,0251731838,7E0,8,062E1234CEBA7000
MON,0251735917,7E8,8,037F2E3100000000
MON,0251756265,7E0,8,042E1234A6000000
MON,0251760350,7E8,8,037F2E3100000000
MON,0251780654,7E0,8,072E1234614736D1
MON,0251784729,7E8,8,037F2E3100000000
MON,0251805120,7E0,8,052E1234311F0000
MON,0251809206,7E8,8,037F2E3100000000
MON,0251829370,7E0,8,072E1234D68663C6
MON,0251833442,7E8,8,037F2E3100000000
MON,0251853842,7E0,8,062E1234A085CD00
MON,0251857921,7E8,8,037F2E3100000000
MON,0251878177,7E0,8,042E123416000000
MON,0251882264,7E8,8,037F2E3100000000
MON,0251902653,7E0,8,062E123492E24B00
MON,0251906731,7E8,8,037F2E3100000000
MON,0251926976,7E0,8,042EF187FE000000
MON,0251931063,7E8,8,037F2E3100000000
MON,0251951377,7E0,8,062E1234AC6B4800
MON,0251955454,7E8,8,037F2E3100000000
MON,0251975927,7E0,8,072E12343D0F5060
MON,0251980006,7E8,8,037F2E3100000000
MON,0252000225,7E0,8,042E1234C3000000
MON,0252004310,7E8,8,037F2E3100000000
MON,0252024535,7E0,8,072EF187465465A5
MON,0252028610,7E8,8,037F2E3100000000
MON,0252048877,7E0,8,052E1234FCE60000
MON,0252052960,7E8,8,037F2E3100000000
MON,0252073488,7E0,8,062E12345BD29B00
MON,0252077565,7E8,8,037F2E3100000000
MON,0252097646,7E0,8,052E123473AA0000
MON,0252101729,7E8,8,037F2E3100000000
MON,0252122059,7E0,8,042E1234B2000000
MON,0252126145,7E8,8,037F2E3100000000
MON,0252146441,7E0,8,042E123434000000
MON,0252150526,7E8,8,037F2E3100000000
MON,0252171153,7E0,8,052E123402250000
MON,0252175241,7E8,8,037F2E3100000000
MON,0252195248,7E0,8,072E1234C235C3A2
MON,0252199320,7E8,8,037F2E3100000000
MON,0252219692,7E0,8,072E1234201DD8E8
MON,0252223767,7E8,8,037F2E3100000000
MON,0252244146,7E0,8,042E333393000000
MON,0252248233,7E8,8,037F2E3100000000
MON,0252268453,7E0,8,052EF187A2590000
MON,0252272534,7E8,8,037F2E3100000000
MON,0252292852,7E0,8,042E12345C000000
MON,0252296939,7E8,8,037F2E3100000000
MON,0252317214,7E0,8,052E10019C570000
MON,0252321299,7E8,8,037F2E3100000000
MON,0252341452,7E0,8,072E1234A096025D
MON,0252345529,7E8,8,037F2E3100000000
MON,0252364989,7E0,8,062E123471ED8600
MON,0252369067,7E8,8,037F2E3100000000
MON,0252389309,7E0,8,072E1234ED3B8CA3
MON,0252393382,7E8,8,037F2E3100000000
MON,0252413944,7E0,8,042E1234F0000000
MON,0252418030,7E8,8,037F2E3100000000
MON,0252438204,7E0,8,042E12342C000000
MON,0252442289,7E8,8,037F2E3100000000
MON,0252462689,7E0,8,042E12347E000000
MON,0252466776,7E8,8,037F2E3100000000
MON,0252487021,7E0,8,052E123416C60000
MON,0252491104,7E8,8,037F2E3100000000
MON,0252511407,7E0,8,052E1234FFAC0000
MON,0252515487,7E8,8,037F2E3100000000
MON,0252535859,7E0,8,042E1234DB000000
MON,0252539946,7E8,8,037F2E3100000000
MON,0252560151,7E0,8,062E1234B466C400
MON,0252564230,7E8,8,037F2E3100000000
MON,0252584557,7E0,8,032E123400000000
MON,0252588648,7E8,8,037F2E3100000000
MON,0252609039,7E0,8,072E12346D602529
MON,0252613114,7E8,8,037F2E3100000000
MON,0252633372,7E0,8,042EF18746000000
MON,0252637457,7E8,8,037F2E3100000000
MON,0252657862,7E0,8,042E123490000000
MON,0252661949,7E8,8,037F2E3100000000
MON,0252682104,7E0,8,052E1234DDE60000
MON,0252686189,7E8,8,037F2E3100000000
MON,0252706606,7E0,8,042E123473000000
MON,0252710693,7E8,8,037F2E3100000000
MON,0252730943,7E0,8,052EF187C4B70000
MON,0252735025,7E8,8,037F2E3100000000
MON,0252755419,7E0,8,052E12349FC70000
MON,0252759499,7E8,8,037F2E3100000000
MON,0252779798,7E0,8,032E123400000000
MON,0252783889,7E8,8,037F2E3100000000
MON,0252804178,7E0,8,032E123400000000
MON,0252808269,7E8,8,037F2E3100000000
MON,0252828534,7E0,8,042E100148000000
MON,0252832625,7E8,8,037F2E3100000000
MON,0252852842,7E0,8,062E12340E4F7200
MON,0252856925,7E8,8,037F2E3100000000
MON,0252877290,7E0,8,052E1234E3FE0000
MON,0252881371,7E8,8,037F2E3100000000
MON,0252901658,7E0,8,072E1234A249F1D8
MON,0252905733,7E8,8,037F2E3100000000
MON,0252926419,7E0,8,072E1234E312A928
MON,0252930491,7E8,8,037F2E3100000000
MON,0252950475,7E0,8,062E12342549DA00
MON,0252954552,7E8,8,037F2E3100000000
MON,0252974841,7E0,8,072E12346BC0F466
MON,0252978915,7E8,8,037F2E3100000000
MON,0252999371,7E0,8,052E1234FBE10000
MON,0253003451,7E8,8,037F2E3100000000
MON,0253023677,7E0,8,062E12346F4E7900
MON,0253027756,7E8,8,037F2E3100000000
MON,0253048146,7E0,8,042E123460000000
MON,0253052233,7E8,8,037F2E3100000000
MON,0253072639,7E0,8,062EF187C7C3D600
MON,0253076718,7E8,8,037F2E3100000000
MON,0253096974,7E0,8,062E123495D6BA00
MON,0253101053,7E8,8,037F2E3100000000
MON,0253121407,7E0,8,062E1234A3FE4E00
MON,0253125483,7E8,8,037F2E3100000000
MON,0253145563,7E0,8,062E12341C1BA200
MON,0253149641,7E8,8,037F2E3100000000
MON,0253170010,7E0,8,072E1234443937F8
MON,0253174084,7E8,8,037F2E3100000000
MON,0253194382,7E0,8,072E12343F9745F0
MON,0253198455,7E8,8,037F2E3100000000
MON,0253219057,7E0,8,062E123463BAC900
MON,0253223136,7E8,8,037F2E3100000000
MON,0253243136,7E0,8,052E1234C7E30000
MON,0253247220,7E8,8,037F2E3100000000
MON,0253267552,7E0,8,072E1234DC38E245
MON,0253271627,7E8,8,037F2E3100000000
MON,0253292074,7E0,8,062E12347F024E00
MON,0253296157,7E8,8,037F2E3100000000
MON,0253316318,7E0,8,052E12341E370000
MON,0253320398,7E8,8,037F2E3100000000
MON,0253341119,7E0,8,062E1234018B9B00
MON,0253345205,7E8,8,037F2E3100000000
MON,0253365205,7E0,8,042E3333EA000000
MON,0253369290,7E8,8,037F2E3100000000
MON,0253389538,7E0,8,042EF187AC000000
MON,0253393624,7E8,8,037F2E3100000000
MON,0253413948,7E0,8,042E1234EA000000
MON,0253418034,7E8,8,037F2E3100000000
MON,0253438310,7E0,8,042E1234BB000000
MON,0253442394,7E8,8,037F2E3100000000
MON,0253462760,7E0,8,042E123466000000
MON,0253466847,7E8,8,037F2E3100000000
MON,0253487207,7E0,8,052E1234459B0000
MON,0253491287,7E8,8,037F2E3100000000
MON,0253511462,7E0,8,042E1234CF000000
MON,0253515547,7E8,8,037F2E3100000000
MON,0253535825,7E0,8,072E123423FEEE86
MON,0253539900,7E8,8,037F2E3100000000
MON,0253560367,7E0,8,042E123433000000
MON,0253564451,7E8,8,037F2E3100000000
MON,0253584767,7E0,8,052E12341AE70000
MON,0253588850,7E8,8,037F2E3100000000
MON,0253609083,7E0,8,032E123400000000
MON,0253613173,7E8,8,037F2E3100000000
MON,0253633481,7E0,8,052E1234DC7B0000
MON,0253637560,7E8,8,037F2E3100000000
MON,0253657866,7E0,8,052E1234A28A0000
MON,0253661949,7E8,8,037F2E3100000000
MON,0253682590,7E0,8,052E333309050000
MON,0253686682,7E8,8,037F2E3100000000
MON,0253706662,7E0,8,042E12340F000000
MON,0253710753,7E8,8,037F2E3100000000
MON,0253731076,7E0,8,042E10011E000000
MON,0253735167,7E8,8,037F2E3100000000
MON,0253755543,7E0,8,072E123469F5AC0A
MON,0253759622,7E8,8,037F2E3100000000
MON,0253779816,7E0,8,052E1234D4CC0000
MON,0253783899,7E8,8,037F2E3100000000
MON,0253804247,7E0,8,042E123437000000
MON,0253808332,7E8,8,037F2E3100000000
MON,0253828866,7E0,8,072E12340923C865
MON,0253832946,7E8,8,037F2E3100000000
MON,0253852971,7E0,8,072E12342E73DF10
MON,0253857045,7E8,8,037F2E3100000000
MON,0253877771,7E0,8,032E123400000000
MON,0253881862,7E8,8,037F2E3100000000
MON,0253901775,7E0,8,042E1234A4000000
MON,0253905862,7E8,8,037F2E3100000000
MON,0253926430,7E0,8,062E10012043FC00
MON,0253930511,7E8,8,037F2E3100000000
MON,0253950653,7E0,8,042E123458000000
MON,0253954739,7E8,8,037F2E3100000000
MON,0253975046,7E0,8,052E12349DF00000
MON,0253979128,7E8,8,037F2E3100000000
MON,0253999419,7E0,8,072E12345D992E83
MON,0254003491,7E8,8,037F2E3100000000
MON,0254023818,7E0,8,032E123400000000
MON,0254027909,7E8,8,037F2E3100000000
MON,0254048415,7E0,8,042E123423000000
MON,0254052499,7E8,8,037F2E3100000000
MON,0254072658,7E0,8,042E3333B2000000
MON,0254076745,7E8,8,037F2E3100000000
MON,0254096911,7E0,8,062E123496E3D400
MON,0254100989,7E8,8,037F2E3100000000
MON,0254121395,7E0,8,042E1234A8000000
MON,0254125479,7E8,8,037F2E3100000000
MON,0254145705,7E0,8,042E100175000000
MON,0254149796,7E8,8,037F2E3100000000
MON,0254170142,7E0,8,052E12341AB70000
MON,0254174225,7E8,8,037F2E3100000000
MON,0254194569,7E0,8,042E1234B1000000
MON,0254198656,7E8,8,037F2E3100000000
MON,0254218906,7E0,8,032E123400000000
MON,0254222997,7E8,8,037F2E3100000000
MON,0254243277,7E0,8,042E123426000000
MON,0254247362,7E8,8,037F2E3100000000
MON,0254267638,7E0,8,052E12345F5F0000
MON,0254271721,7E8,8,037F2E3100000000
MON,0254292100,7E0,8,062E1234071EB900
MON,0254296186,7E8,8,037F2E3100000000
MON,0254316524,7E0,8,072E1234309A40FA
MON,0254320597,7E8,8,037F2E3100000000
MON,0254340971,7E0,8,042E1234A0000000
MON,0254345057,7E8,8,037F2E3100000000
MON,0254365277,7E0,8,062E1234100F6800
MON,0254369358,7E8,8,037F2E3100000000
MON,0254389797,7E0,8,062E1234FC19CC00
MON,0254393876,7E8,8,037F2E3100000000
MON,0254414165,7E0,8,052E33337E3C0000
MON,0254418249,7E8,8,037F2E3100000000
MON,0254438407,7E0,8,072E12344238DF7E
MON,0254442479,7E8,8,037F2E3100000000
MON,0254462834,7E0,8,072E1234C469A0C8
MON,0254466909,7E8,8,037F2E3100000000
MON,0254487274,7E0,8,052E123462400000
MON,0254491355,7E8,8,037F2E3100000000
MON,0254511727,7E0,8,052E1234D2A50000
MON,0254515809,7E8,8,037F2E3100000000
MON,0254536042,7E0,8,062E10018E8A3D00
MON,0254540126,7E8,8,037F2E3100000000
MON,0254560390,7E0,8,042E1234B6000000
MON,0254564474,7E8,8,037F2E3100000000
MON,0254584884,7E0,8,072E1234F57E51D8
MON,0254588959,7E8,8,037F2E3100000000
MON,0254609130,7E0,8,062E1001A486F000
MON,0254613216,7E8,8,037F2E3100000000
MON,0254633510,7E0,8,072E12345CB676AA
MON,0254637582,7E8,8,037F2E3100000000
MON,0254658035,7E0,8,032E123400000000
MON,0254662126,7E8,8,037F2E3100000000
MON,0254682351,7E0,8,042E12348C000000
MON,0254686435,7E8,8,037F2E3100000000
MON,0254706678,7E0,8,072E12347DC6738D
MON,0254710753,7E8,8,037F2E3100000000
MON,0254730941,7E0,8,062E12349B168000
MON,0254735020,7E8,8,037F2E3100000000
MON,0254754510,7E0,8,052E1234B8340000
MON,0254758591,7E8,8,037F2E3100000000
MON,0254779100,7E0,8,062E12341ED05D00
MON,0254783178,7E8,8,037F2E3100000000
MON,0254803300,7E0,8,052E1234AFE10000
MON,0254807381,7E8,8,037F2E3100000000
MON,0254827690,7E0,8,072E123486942D7C
MON,0254831765,7E8,8,037F2E3100000000
MON,0254852032,7E0,8,052E1234C1EF0000
MON,0254856115,7E8,8,037F2E3100000000
MON,0254876480,7E0,8,072E1234FB54EC38
MON,0254880553,7E8,8,037F2E3100000000
MON,0254900774,7E0,8,042E123418000000
MON,0254904861,7E8,8,037F2E3100000000
MON,0254925204,7E0,8,062E1234B9E90500
MON,0254929285,7E8,8,037F2E3100000000
MON,0254949617,7E0,8,072E1234CD59F2A9
MON,0254953692,7E8,8,037F2E3100000000
MON,0254974010,7E0,8,072E12344CCA4903
MON,0254978089,7E8,8,037F2E3100000000
MON,0254998376,7E0,8,042E1234D8000000
MON,0255002461,7E8,8,037F2E3100000000
MON,0255022698,7E0,8,072E1234634E2F15
MON,0255026772,7E8,8,037F2E3100000000
MON,0255047136,7E0,8,052E1234A7480000
MON,0255051219,7E8,8,037F2E3100000000
MON,0255071636,7E0,8,052E123429950000
MON,0255075719,7E8,8,037F2E3100000000
MON,0255096075,7E0,8,062E12345C431C00
MON,0255100154,7E8,8,037F2E3100000000
MON,0255120411,7E0,8,062E1234B13D7900
MON,0255124487,7E8,8,037F2E3100000000
MON,0255144747,7E0,8,062E1234A1B5A700
MON,0255148825,7E8,8,037F2E3100000000
MON,0255169196,7E0,8,062E12349F169B00
MON,0255173273,7E8,8,037F2E3100000000
MON,0255193560,7E0,8,072EF18782D657C9
MON,0255197635,7E8,8,037F2E3100000000
MON,0255217919,7E0,8,042EF1875B000000
MON,0255222005,7E8,8,037F2E3100000000
MON,0255242287,7E0,8,062E12345D155B00
MON,0255246364,7E8,8,037F2E3100000000
MON,0255266842,7E0,8,042E1234DB000000
MON,0255270929,7E8,8,037F2E3100000000
MON,0255291626,7E0,8,032E123400000000
MON,0255295717,7E8,8,037F2E3100000000
MON,0255315421,7E0,8,062E123496429E00
MON,0255319498,7E8,8,037F2E3100000000
MON,0255340283,7E0,8,052E123442290000
MON,0255344364,7E8,8,037F2E3100000000
MON,0255364342,7E0,8,062E22226A379000
MON,0255368418,7E8,8,037F2E3100000000
MON,0255388706,7E0,8,072E123404C243C6
MON,0255392785,7E8,8,037F2E3100000000
MON,0255413201,7E0,8,042E222289000000
MON,0255417286,7E8,8,037F2E3100000000
MON,0255437624,7E0,8,062E12347DAC4900
MON,0255441703,7E8,8,037F2E3100000000
MON,0255461891,7E0,8,062E1234057C4400
MON,0255465975,7E8,8,037F2E3100000000
MON,0255486329,7E0,8,072E33332A1C4A21
MON,0255490402,7E8,8,037F2E3100000000
MON,0255510560,7E0,8,062E12343232B500
MON,0255514638,7E8,8,037F2E3100000000
MON,0255534950,7E0,8,052E1234D4A60000
MON,0255539033,7E8,8,037F2E3100000000
MON,0255559388,7E0,8,062E123427CB2700
MON,0255563464,7E8,8,037F2E3100000000
MON,0255583707,7E0,8,052E12342ED30000
MON,0255587789,7E8,8,037F2E3100000000
MON,0255607148,7E0,8,052E12343E940000
MON,0255611231,7E8,8,037F2E3100000000
MON,0255631727,7E0,8,062E1234222AC000
MON,0255635806,7E8,8,037F2E3100000000
MON,0255655994,7E0,8,052E1234D5C20000
MON,0255660077,7E8,8,037F2E3100000000
MON,0255680386,7E0,8,042E22226E000000
MON,0255684470,7E8,8,037F2E3100000000
MON,0255704773,7E0,8,072E1234018E862A
MON,0255708852,7E8,8,037F2E3100000000
MON,0255729375,7E0,8,072E1234453BB3ED
MON,0255733448,7E8,8,037F2E3100000000
MON,0255753494,7E0,8,072E123490BB14E3
MON,0255757566,7E8,8,037F2E3100000000
MON,0255778177,7E0,8,052EF1874DB00000
MON,0255782259,7E8,8,037F2E3100000000
MON,0255802350,7E0,8,042E123437000000
MON,0255806434,7E8,8,037F2E3100000000
MON,0255827132,7E0,8,062E12349E862400
MON,0255831214,7E8,8,037F2E3100000000
MON,0255851128,7E0,8,072E12345E81F0B6
MON,0255855205,7E8,8,037F2E3100000000
MON,0255875909,7E0,8,052E1234AEE40000
MON,0255879992,7E8,8,037F2E3100000000
MON,0255899950,7E0,8,062E12348C21DA00
MON,0255904029,7E8,8,037F2E3100000000
MON,0255924389,7E0,8,052E12343B350000
MON,0255928470,7E8,8,037F2E3100000000
MON,0255948745,7E0,8,052E10015C2D0000
MON,0255952832,7E8,8,037F2E3100000000
MON,0255973167,7E0,8,042E123454000000
MON,0255977254,7E8,8,037F2E3100000000
MON,0255997558,7E0,8,072E1234C15C1EB3
MON,0256001633,7E8,8,037F2E3100000000
MON,0256021742,7E0,8,072E1234A16F6489
MON,0256025817,7E8,8,037F2E3100000000
MON,0256045324,7E0,8,072E1234DC8BBF6C
MON,0256049397,7E8,8,037F2E3100000000
MON,0256069673,7E0,8,042E1234FA000000
MON,0256073760,7E8,8,037F2E3100000000
MON,0256094156,7E0,8,042E123420000000
MON,0256098243,7E8,8,037F2E3100000000
MON,0256118469,7E0,8,042E1234F4000000
MON,0256122553,7E8,8,037F2E3100000000
MON,0256142826,7E0,8,062E1001B608A700
MON,0256146914,7E8,8,037F2E3100000000
MON,0256167279,7E0,8,042E1234AA000000
MON,0256171364,7E8,8,037F2E3100000000
MON,0256191584,7E0,8,052E123497EC0000
MON,0256195666,7E8,8,037F2E3100000000
MON,0256216012,7E0,8,062E123478D74800
MON,0256220091,7E8,8,037F2E3100000000
MON,0256240490,7E0,8,052E12342F2B0000
MON,0256244571,7E8,8,037F2E3100000000
MON,0256264748,7E0,8,062E1234A3A14100
MON,0256268827,7E8,8,037F2E3100000000
MON,0256289299,7E0,8,042E1234CC000000
MON,0256293383,7E8,8,037F2E3100000000
MON,0256313670,7E0,8,042E1001FB000000
MON,0256317761,7E8,8,037F2E3100000000
MON,0256338118,7E0,8,032E123400000000
MON,0256342211,7E8,8,037F2E3100000000
MON,0256362449,7E0,8,062E1234B173AC00
MON,0256366525,7E8,8,037F2E3100000000
MON,0256386825,7E0,8,042E1234F3000000
MON,0256390912,7E8,8,037F2E3100000000
MON,0256411162,7E0,8,052E1234ED720000
MON,0256415246,7E8,8,037F2E3100000000
MON,0256435539,7E0,8,042E1234A5000000
MON,0256439625,7E8,8,037F2E3100000000
MON,0256459999,7E0,8,062E12343B94D400
MON,0256464078,7E8,8,037F2E3100000000
MON,0256484303,7E0,8,052E1234E32A0000
MON,0256488383,7E8,8,037F2E3100000000
MON,0256508675,7E0,8,062E12346F55DF00
MON,0256512754,7E8,8,037F2E3100000000
MON,0256533083,7E0,8,072E123476B1E30F
MON,0256537162,7E8,8,037F2E3100000000
MON,0256557575,7E0,8,042E100164000000
MON,0256561666,7E8,8,037F2E3100000000
MON,0256582408,7E0,8,072E1234E2A9D254
MON,0256586481,7E8,8,037F2E3100000000
MON,0256606313,7E0,8,042E123485000000
MON,0256610397,7E8,8,037F2E3100000000
MON,0256630696,7E0,8,032E123400000000
MON,0256634787,7E8,8,037F2E3100000000
MON,0256655071,7E0,8,032E123400000000
MON,0256659162,7E8,8,037F2E3100000000
MON,0256679435,7E0,8,042E123419000000
MON,0256683520,7E8,8,037F2E3100000000
MON,0256703832,7E0,8,072E1234C25375BC
MON,0256707907,7E8,8,037F2E3100000000
MON,0256728346,7E0,8,042E123418000000
MON,0256732430,7E8,8,037F2E3100000000
MON,0256752639,7E0,8,042E3333A8000000
MON,0256756726,7E8,8,037F2E3100000000
MON,0256776909,7E0,8,052E123485580000
MON,0256780992,7E8,8,037F2E3100000000
MON,0256800405,7E0,8,052E3333526B0000
MON,0256804485,7E8,8,037F2E3100000000
MON,0256824806,7E0,8,052E1234D5200000
MON,0256828889,7E8,8,037F2E3100000000
MON,0256849277,7E0,8,042E1234AB000000
MON,0256853361,7E8,8,037F2E3100000000
MON,0256873823,7E0,8,062E1234F9E3C200
MON,0256877902,7E8,8,037F2E3100000000
MON,0256897966,7E0,8,062E12342C863200
MON,0256902045,7E8,8,037F2E3100000000
MON,0256922742,7E0,8,062E123475FB7B00
MON,0256926821,7E8,8,037F2E3100000000
MON,0256946801,7E0,8,042E123490000000
MON,0256950888,7E8,8,037F2E3100000000
MON,0256971156,7E0,8,052E1234C2370000
MON,0256975239,7E8,8,037F2E3100000000
MON,0256995594,7E0,8,072E22222DCDC1A7
MON,0256999669,7E8,8,037F2E3100000000
MON,0257020014,7E0,8,062E12345373ED00
MON,0257024093,7E8,8,037F2E3100000000
MON,0257044363,7E0,8,072E1234BBD419E4
MON,0257048435,7E8,8,037F2E3100000000
MON,0257068886,7E0,8,032E123400000000
MON,0257072977,7E8,8,037F2E3100000000
MON,0257093108,7E0,8,072E123428DA2FE5
MON,0257097186,7E8,8,037F2E3100000000
MON,0257117715,7E0,8,042E123449000000
MON,0257121802,7E8,8,037F2E3100000000
MON,0257141929,7E0,8,052E1234BB4A0000
MON,0257146012,7E8,8,037F2E3100000000
MON,0257166338,7E0,8,042E123419000000
MON,0257170422,7E8,8,037F2E3100000000
MON,0257190699,7E0,8,072E123401AFC3F7
MON,0257194778,7E8,8,037F2E3100000000
MON,0257215239,7E0,8,052E1234E6190000
MON,0257219319,7E8,8,037F2E3100000000
MON,0257239527,7E0,8,062E1234945A0B00
MON,0257243611,7E8,8,037F2E3100000000
MON,0257263900,7E0,8,072E1234359DD5E2
MON,0257267975,7E8,8,037F2E3100000000
MON,0257288329,7E0,8,062E1234A9236F00
MON,0257292406,7E8,8,037F2E3100000000
MON,0257312704,7E0,8,072E1234D7E4F282
MON,0257316779,7E8,8,037F2E3100000000
MON,0257337097,7E0,8,042E1234F7000000
MON,0257341187,7E8,8,037F2E3100000000
MON,0257361429,7E0,8,062E1234E50A8F00
MON,0257365510,7E8,8,037F2E3100000000
MON,0257385786,7E0,8,052E1234226D0000
MON,0257389869,7E8,8,037F2E3100000000
MON,0257410246,7E0,8,072E1234FE37A908
MON,0257414323,7E8,8,037F2E3100000000
MON,0257434582,7E0,8,052E1234B8780000
MON,0257438665,7E8,8,037F2E3100000000
MON,0257459016,7E0,8,062E123491F2B900
MON,0257463095,7E8,8,037F2E3100000000
MON,0257483309,7E0,8,062E12340994AD00
MON,0257487390,7E8,8,037F2E3100000000
MON,0257507695,7E0,8,052E1234E15E0000
MON,0257511777,7E8,8,037F2E3100000000
MON,0257532290,7E0,8,052E222293D70000
MON,0257536370,7E8,8,037F2E3100000000
MON,0257556551,7E0,8,042E1234AF000000
MON,0257560638,7E8,8,037F2E3100000000
MON,0257580977,7E0,8,052E12341CCE0000
MON,0257585060,7E8,8,037F2E3100000000
MON,0257605330,7E0,8,052E1234A6CE0000
MON,0257609410,7E8,8,037F2E3100000000
MON,0257629709,7E0,8,062E1234E016A400
MON,0257633788,7E8,8,037F2E3100000000
MON,0257654111,7E0,8,052E12345F0D0000
MON,0257658201,7E8,8,037F2E3100000000
MON,0257678685,7E0,8,052E1234784C0000
MON,0257682768,7E8,8,037F2E3100000000
MON,0257702922,7E0,8,072E12341ABD82E5
MON,0257706997,7E8,8,037F2E3100000000
MON,0257727267,7E0,8,062E123468D8E800
MON,0257731344,7E8,8,037F2E3100000000
MON,0257751676,7E0,8,052E3333470B0000
MON,0257755763,7E8,8,037F2E3100000000
MON,0257776298,7E0,8,062E10012BEAF400
MON,0257780379,7E8,8,037F2E3100000000
MON,0257800447,7E0,8,062E1234A5F0C500
MON,0257804524,7E8,8,037F2E3100000000
MON,0257824813,7E0,8,042E1234C6000000
MON,0257828900,7E8,8,037F2E3100000000
MON,0257849210,7E0,8,042E1234AF000000
MON,0257853294,7E8,8,037F2E3100000000
MON,0257873616,7E0,8,072E123496DF0093
MON,0257877695,7E8,8,037F2E3100000000
MON,0257897984,7E0,8,062E123474EE4400
MON,0257902063,7E8,8,037F2E3100000000
MON,0257922558,7E0,8,052E123432F20000
MON,0257926640,7E8,8,037F2E3100000000
MON,0257946778,7E0,8,072E123430100368
MON,0257950857,7E8,8,037F2E3100000000
MON,0257971217,7E0,8,062E12347D99CD00
MON,0257975293,7E8,8,037F2E3100000000
MON,0257995564,7E0,8,042E2222C7000000
MON,0257999650,7E8,8,037F2E3100000000
MON,0258019918,7E0,8,042E12340C000000
MON,0258024009,7E8,8,037F2E3100000000
MON,0258044262,7E0,8,072E1234167F8078
MON,0258048335,7E8,8,037F2E3100000000
MON,0258068667,7E0,8,072E12345CC4BC65
MON,0258072742,7E8,8,037F2E3100000000
MON,0258093203,7E0,8,062E1234F3270200
MON,0258097283,7E8,8,037F2E3100000000
MON,0258117548,7E0,8,052E123469AF0000
MON,0258121631,7E8,8,037F2E3100000000
MON,0258141881,7E0,8,042E123491000000
MON,0258145968,7E8,8,037F2E3100000000
MON,0258166310,7E0,8,052E123464340000
MON,0258170391,7E8,8,037F2E3100000000
MON,0258190611,7E0,8,062E1234378F9000
MON,0258194690,7E8,8,037F2E3100000000
MON,0258215035,7E0,8,072E1234528EF4DB
MON,0258219110,7E8,8,037F2E3100000000
MON,0258239408,7E0,8,042E1234BC000000
MON,0258243492,7E8,8,037F2E3100000000
MON,0258263847,7E0,8,072E1234E91B7E71
MON,0258267922,7E8,8,037F2E3100000000
MON,0258288259,7E0,8,062E123449D50B00
MON,0258292339,7E8,8,037F2E3100000000
MON,0258312603,7E0,8,052E1234BBC30000
MON,0258316686,7E8,8,037F2E3100000000
MON,0258337105,7E0,8,072E12347679E356
MON,0258341180,7E8,8,037F2E3100000000
MON,0258361442,7E0,8,062E12345CFE1A00
MON,0258365519,7E8,8,037F2E3100000000
MON,0258385747,7E0,8,072E12347D6D98DF
MON,0258389821,7E8,8,037F2E3100000000
MON,0258410277,7E0,8,042E12348C000000
MON,0258414361,7E8,8,037F2E3100000000
MON,0258434649,7E0,8,042E123428000000
MON,0258438735,7E8,8,037F2E3100000000
MON,0258459059,7E0,8,032E123400000000
MON,0258463149,7E8,8,037F2E3100000000
MON,0258483350,7E0,8,052E1234C3F40000
MON,0258487430,7E8,8,037F2E3100000000
MON,0258507802,7E0,8,042E33334A000000
MON,0258511889,7E8,8,037F2E3100000000
MON,0258532139,7E0,8,062E3333385AFE00
MON,0258536219,7E8,8,037F2E3100000000
MON,0258556698,7E0,8,052E12345F470000
MON,0258560780,7E8,8,037F2E3100000000
MON,0258580991,7E0,8,072E1234F2CEC238
MON,0258585066,7E8,8,037F2E3100000000
MON,0258605448,7E0,8,052E123408E80000
MON,0258609533,7E8,8,037F2E3100000000
MON,0258629766,7E0,8,072E12344DAC5EDE
MON,0258633841,7E8,8,037F2E3100000000
MON,0258654206,7E0,8,042E12348B000000
MON,0258658291,7E8,8,037F2E3100000000
MON,0258678505,7E0,8,052E1234B9400000
MON,0258682585,7E8,8,037F2E3100000000
MON,0258702971,7E0,8,042E12344D000000
MON,0258707057,7E8,8,037F2E3100000000
MON,0258727322,7E0,8,062E1234325B2B00
MON,0258731398,7E8,8,037F2E3100000000
MON,0258751658,7E0,8,062E1234064F8E00
MON,0258755741,7E8,8,037F2E3100000000
MON,0258776098,7E0,8,052E100110B00000
MON,0258780188,7E8,8,037F2E3100000000
MON,0258800515,7E0,8,052E1234D4A70000
MON,0258804595,7E8,8,037F2E3100000000
MON,0258824912,7E0,8,062E1234B67B3400
MON,0258828991,7E8,8,037F2E3100000000
MON,0258849267,7E0,8,072E1234931F46BE
MON,0258853339,7E8,8,037F2E3100000000
MON,0258873784,7E0,8,042EF187C5000000
MON,0258877870,7E8,8,037F2E3100000000
MON,0258898075,7E0,8,062E12349B58B400
MON,0258902154,7E8,8,037F2E3100000000
MON,0258922422,7E0,8,072E22222EC4C584
MON,0258926495,7E8,8,037F2E3100000000
MON,0258946861,7E0,8,072E123431F56210
MON,0258950936,7E8,8,037F2E3100000000
MON,0258971273,7E0,8,052E123435FD0000
MON,0258975353,7E8,8,037F2E3100000000
MON,0258995652,7E0,8,062E1234EE2AB800
MON,0258999731,7E8,8,037F2E3100000000
MON,0259020049,7E0,8,072E222250EF70C6
MON,0259024124,7E8,8,037F2E3100000000
MON,0259044393,7E0,8,042E12347B000000
MON,0259048478,7E8,8,037F2E3100000000
MON,0259068799,7E0,8,072E12343074FC06
MON,0259072878,7E8,8,037F2E3100000000
MON,0259093193,7E0,8,042E1234B6000000
MON,0259097278,7E8,8,037F2E3100000000
MON,0259117565,7E0,8,072E1234900CE431
MON,0259121645,7E8,8,037F2E3100000000
MON,0259141985,7E0,8,042E123440000000
MON,0259146071,7E8,8,037F2E3100000000
MON,0259166380,7E0,8,072E12342ED43947
MON,0259170453,7E8,8,037F2E3100000000
MON,0259190813,7E0,8,062E12343EF0A800
MON,0259194892,7E8,8,037F2E3100000000
MON,0259215177,7E0,8,062E12349A9C6C00
MON,0259219255,7E8,8,037F2E3100000000
MON,0259239519,7E0,8,052E12349DA30000
MON,0259243600,7E8,8,037F2E3100000000
MON,0259263974,7E0,8,042E1234FE000000
MON,0259268061,7E8,8,037F2E3100000000
MON,0259288606,7E0,8,042E1234EA000000
MON,0259292693,7E8,8,037F2E3100000000
MON,0259312718,7E0,8,052E1234F2F90000
MON,0259316801,7E8,8,037F2E3100000000
MON,0259337074,7E0,8,072E1234DA299F16
MON,0259341149,7E8,8,037F2E3100000000
MON,0259361512,7E0,8,042E1234EA000000
MON,0259365597,7E8,8,037F2E3100000000
MON,0259385847,7E0,8,032E123400000000
MON,0259389938,7E8,8,037F2E3100000000
MON,0259410281,7E0,8,042E12348B000000
MON,0259414365,7E8,8,037F2E3100000000
MON,0259434591,7E0,8,052E100112970000
MON,0259438678,7E8,8,037F2E3100000000
MON,0259459007,7E0,8,062E12349F723F00
MON,0259463086,7E8,8,037F2E3100000000
MON,0259483676,7E0,8,052E1234A61A0000
MON,0259487759,7E8,8,037F2E3100000000
MON,0259507829,7E0,8,052E12345C4B0000
MON,0259511912,7E8,8,037F2E3100000000
MON,0259532265,7E0,8,032E123400000000
MON,0259536354,7E8,8,037F2E3100000000
MON,0259557001,7E0,8,042EF187F6000000
MON,0259561088,7E8,8,037F2E3100000000
MON,0259581108,7E0,8,042E123444000000
MON,0259585197,7E8,8,037F2E3100000000
MON,0259605412,7E0,8,052E1001503E0000
MON,0259609497,7E8,8,037F2E3100000000
MON,0259629756,7E0,8,072E12348703B8DD
MON,0259633835,7E8,8,037F2E3100000000
MON,0259654218,7E0,8,042E123402000000
MON,0259658307,7E8,8,037F2E3100000000
MON,0259678617,7E0,8,052E123419120000
MON,0259682700,7E8,8,037F2E3100000000
MON,0259703108,7E0,8,042E1001AB000000
MON,0259707202,7E8,8,037F2E3100000000
MON,0259727326,7E0,8,042E12342A000000
MON,0259731411,7E8,8,037F2E3100000000
MON,0259751789,7E0,8,072E123473380A1A
MON,0259755868,7E8,8,037F2E3100000000
MON,0259776357,7E0,8,042EF18732000000
MON,0259780442,7E8,8,037F2E3100000000
MON,0259800504,7E0,8,072E1234DC6723CE
MON,0259804577,7E8,8,037F2E3100000000
MON,0259824906,7E0,8,042E1234D5000000
MON,0259828992,7E8,8,037F2E3100000000
MON,0259849274,7E0,8,042E12348B000000
MON,0259853358,7E8,8,037F2E3100000000
MON,0259873797,7E0,8,062E1234E9609C00
MON,0259877876,7E8,8,037F2E3100000000
MON,0259898160,7E0,8,052E12346BEF0000
MON,0259902243,7E8,8,037F2E3100000000
MON,0259922508,7E0,8,032E123400000000
MON,0259926597,7E8,8,037F2E3100000000
MON,0259946948,7E0,8,072E3333FA83D67B
MON,0259951023,7E8,8,037F2E3100000000
MON,0259971276,7E0,8,052E123406F40000
MON,0259975361,7E8,8,037F2E3100000000
MON,0259995670,7E0,8,072E1234A4412404
MON,0259999749,7E8,8,037F2E3100000000
MON,0260020112,7E0,8,032E123400000000
MON,0260024206,7E8,8,037F2E3100000000
MON,0260044533,7E0,8,052E1234B5200000
MON,0260048616,7E8,8,037F2E3100000000
MON,0260068883,7E0,8,052E3333EFF20000
MON,0260072965,7E8,8,037F2E3100000000
MON,0260093201,7E0,8,052E12340CEF0000
MON,0260097286,7E8,8,037F2E3100000000
MON,0260117601,7E0,8,052E1001574C0000
MON,0260121688,7E8,8,037F2E3100000000
MON,0260142046,7E0,8,042E12343B000000
MON,0260146132,7E8,8,037F2E3100000000
MON,0260166434,7E0,8,072E1234A00FE725
MON,0260170511,7E8,8,037F2E3100000000
MON,0260190938,7E0,8,062E12342E2DA800
MON,0260195017,7E8,8,037F2E3100000000
MON,0260215171,7E0,8,062E123416BFFB00
MON,0260219251,7E8,8,037F2E3100000000
MON,0260239538,7E0,8,062E2222C1264400
MON,0260243617,7E8,8,037F2E3100000000
MON,0260264030,7E0,8,042E222298000000
MON,0260268117,7E8,8,037F2E3100000000
MON,0260288330,7E0,8,042E1234C3000000
MON,0260292415,7E8,8,037F2E3100000000
MON,0260312821,7E0,8,062E1234E8220700
MON,0260316904,7E8,8,037F2E3100000000
MON,0260337258,7E0,8,062E1234A1296300
MON,0260341335,7E8,8,037F2E3100000000
MON,0260361622,7E0,8,062E1234C4D72D00
MON,0260365701,7E8,8,037F2E3100000000
MON,0260385962,7E0,8,042E12341C000000
MON,0260390049,7E8,8,037F2E3100000000
MON,0260410397,7E0,8,072E12348F47628C
MON,0260414469,7E8,8,037F2E3100000000
MON,0260434694,7E0,8,072E1234E8DEFAA0
MON,0260438768,7E8,8,037F2E3100000000
MON,0260459126,7E0,8,062E123409C7AA00
MON,0260463212,7E8,8,037F2E3100000000
MON,0260483567,7E0,8,052E123424030000
MON,0260487654,7E8,8,037F2E3100000000
MON,0260507859,7E0,8,072E12345938A915
MON,0260511934,7E8,8,037F2E3100000000
MON,0260532327,7E0,8,062E123440C2CC00
MON,0260536404,7E8,8,037F2E3100000000
MON,0260556675,7E0,8,042E12341C000000
MON,0260560762,7E8,8,037F2E3100000000
MON,0260581147,7E0,8,062E12349CA71F00
MON,0260585226,7E8,8,037F2E3100000000
MON,0260605435,7E0,8,052E100187610000
MON,0260609520,7E8,8,037F2E3100000000
MON,0260629900,7E0,8,052E3333AF0E0000
MON,0260633987,7E8,8,037F2E3100000000
MON,0260654273,7E0,8,062E1234E52FE600
MON,0260658350,7E8,8,037F2E3100000000
MON,0260678576,7E0,8,042E12346A000000
MON,0260682662,7E8,8,037F2E3100000000
MON,0260703709,7E0,8,042E1234CF000000
MON,0260707796,7E8,8,037F2E3100000000
MON,0260727455,7E0,8,052E1001CF970000
MON,0260731540,7E8,8,037F2E3100000000
MON,0260751801,7E0,8,062E123472069300
MON,0260755885,7E8,8,037F2E3100000000
MON,0260776174,7E0,8,072E1234BE8ABC65
MON,0260780250,7E8,8,037F2E3100000000
MON,0260800751,7E0,8,052E1234F2C40000
MON,0260804834,7E8,8,037F2E3100000000
MON,0260824926,7E0,8,062E12342090D800
MON,0260829005,7E8,8,037F2E3100000000
MON,0260849263,7E0,8,052E1234F1210000
MON,0260853344,7E8,8,037F2E3100000000
MON,0260873687,7E0,8,062E1234B8213D00
MON,0260877766,7E8,8,037F2E3100000000
MON,0260898055,7E0,8,062EF187E16E7700
MON,0260902134,7E8,8,037F2E3100000000
MON,0260922413,7E0,8,042E1234EF000000
MON,0260926498,7E8,8,037F2E3100000000
MON,0260947038,7E0,8,032E123400000000
MON,0260951129,7E8,8,037F2E3100000000
MON,0260971206,7E0,8,052E1234C3C70000
MON,0260975286,7E8,8,037F2E3100000000
MON,0260995805,7E0,8,062E3333853B5A00
MON,0260999883,7E8,8,037F2E3100000000
MON,0261019970,7E0,8,032E123400000000
MON,0261024061,7E8,8,037F2E3100000000
MON,0261044336,7E0,8,052E1234D8270000
MON,0261048417,7E8,8,037F2E3100000000
MON,0261068760,7E0,8,062E123477798700
MON,0261072839,7E8,8,037F2E3100000000
MON,0261093250,7E0,8,032E123400000000
MON,0261097339,7E8,8,037F2E3100000000
MON,0261117559,7E0,8,042E1001F7000000
MON,0261121650,7E8,8,037F2E3100000000
MON,0261141934,7E0,8,042E123485000000
MON,0261146021,7E8,8,037F2E3100000000
MON,0261166397,7E0,8,052E1234C1880000
MON,0261170478,7E8,8,037F2E3100000000
MON,0261190692,7E0,8,072E123432971CEE
MON,0261194767,7E8,8,037F2E3100000000
MON,0261215101,7E0,8,042EF187F8000000
MON,0261219191,7E8,8,037F2E3100000000
MON,0261239523,7E0,8,032E123400000000
MON,0261243614,7E8,8,037F2E3100000000
MON,0261263864,7E0,8,042EF1875F000000
MON,0261267951,7E8,8,037F2E3100000000
MON,0261288220,7E0,8,042E1234D1000000
MON,0261292305,7E8,8,037F2E3100000000
MON,0261312609,7E0,8,072E1234617D961D
MON,0261316684,7E8,8,037F2E3100000000
MON,0261337035,7E0,8,052E1234AC150000
MON,0261341118,7E8,8,037F2E3100000000
MON,0261361601,7E0,8,062E1234BF0A2900
MON,0261365685,7E8,8,037F2E3100000000
MON,0261385805,7E0,8,052E123424C30000
MON,0261389888,7E8,8,037F2E3100000000
MON,0261410395,7E0,8,052E123411D50000
MON,0261414474,7E8,8,037F2E3100000000
MON,0261434655,7E0,8,052E1234BEF80000
MON,0261438738,7E8,8,037F2E3100000000
MON,0261458932,7E0,8,062E1234D7E63900
MON,0261463010,7E8,8,037F2E3100000000
MON,0261483337,7E0,8,042E1234C7000000
MON,0261487422,7E8,8,037F2E3100000000
MON,0261507709,7E0,8,062E1234EB7C1200
MON,0261511788,7E8,8,037F2E3100000000
MON,0261532105,7E0,8,062E123460D20000
MON,0261536191,7E8,8,037F2E3100000000
MON,0261556456,7E0,8,072E12343B49A3C9
MON,0261560528,7E8,8,037F2E3100000000
MON,0261581015,7E0,8,042E100130000000
MON,0261585107,7E8,8,037F2E3100000000
MON,0261605360,7E0,8,032E123400000000
MON,0261609448,7E8,8,037F2E3100000000
MON,0261629668,7E0,8,062E100113C77900
MON,0261633751,7E8,8,037F2E3100000000
MON,0261654052,7E0,8,062E12346717CB00
MON,0261658131,7E8,8,037F2E3100000000
MON,0261678433,7E0,8,052E1234DF120000
MON,0261682512,7E8,8,037F2E3100000000
MON,0261702884,7E0,8,072E1234123D97F4
MON,0261706959,7E8,8,037F2E3100000000
MON,0261727279,7E0,8,072EF187D2130243
MON,0261731356,7E8,8,037F2E3100000000
MON,0261751661,7E0,8,032E123400000000
MON,0261755751,7E8,8,037F2E3100000000
MON,0261775996,7E0,8,052E123429600000
MON,0261780079,7E8,8,037F2E3100000000
MON,0261800528,7E0,8,052E123405FF0000
MON,0261804615,7E8,8,037F2E3100000000
MON,0261824849,7E0,8,052E1234D7A30000
MON,0261828932,7E8,8,037F2E3100000000
MON,0261849326,7E0,8,042E123490000000
MON,0261853410,7E8,8,037F2E3100000000
MON,0261873563,7E0,8,052E1234559F0000
MON,0261877645,7E8,8,037F2E3100000000
MON,0261897885,7E0,8,052E123436430000
MON,0261901968,7E8,8,037F2E3100000000
MON,0261922327,7E0,8,072E1234704DC9C6
MON,0261926400,7E8,8,037F2E3100000000
MON,0261946744,7E0,8,062E12342A9E6C00
MON,0261950823,7E8,8,037F2E3100000000
MON,0261971095,7E0,8,052E2222445F0000
MON,0261975178,7E8,8,037F2E3100000000
MON,0261995553,7E0,8,052E1234B3FF0000
MON,0261999636,7E8,8,037F2E3100000000
MON,0262019875,7E0,8,062E123490919200
MON,0262023953,7E8,8,037F2E3100000000
MON,0262044387,7E0,8,042E12340B000000
MON,0262048476,7E8,8,037F2E3100000000
MON,0262068729,7E0,8,062E123418D73E00
MON,0262072808,7E8,8,037F2E3100000000
MON,0262093091,7E0,8,042E1234B0000000
MON,0262097179,7E8,8,037F2E3100000000
MON,0262117480,7E0,8,042E123458000000
MON,0262121565,7E8,8,037F2E3100000000
MON,0262141826,7E0,8,062E1234E26D7400
MON,0262145905,7E8,8,037F2E3100000000
MON,0262166265,7E0,8,042E123478000000
MON,0262170350,7E8,8,037F2E3100000000
MON,0262190716,7E0,8,042E12347B000000
MON,0262194803,7E8,8,037F2E3100000000
MON,0262215208,7E0,8,052E1234BDFE0000
MON,0262219288,7E8,8,037F2E3100000000
MON,0262239418,7E0,8,072E123470C7C4F0
MON,0262243491,7E8,8,037F2E3100000000
MON,0262264093,7E0,8,032E123400000000
MON,0262268187,7E8,8,037F2E3100000000
MON,0262288179,7E0,8,042E123407000000
MON,0262292271,7E8,8,037F2E3100000000
MON,0262312597,7E0,8,062E1234F40D0C00
MON,0262316685,7E8,8,037F2E3100000000
MON,0262336964,7E0,8,042E333395000000
MON,0262341051,7E8,8,037F2E3100000000
MON,0262361725,7E0,8,052E1234ED630000
MON,0262365808,7E8,8,037F2E3100000000
MON,0262385710,7E0,8,072E1234890E297C
MON,0262389789,7E8,8,037F2E3100000000
MON,0262410453,7E0,8,072E123464938E9C
MON,0262414525,7E8,8,037F2E3100000000
MON,0262434578,7E0,8,062E22221DD9BA00
MON,0262438657,7E8,8,037F2E3100000000
MON,0262459149,7E0,8,042E222237000000
MON,0262463237,7E8,8,037F2E3100000000
MON,0262483305,7E0,8,072E123465EA2E68
MON,0262487377,7E8,8,037F2E3100000000
MON,0262507749,7E0,8,062E1001DA299500
MON,0262511832,7E8,8,037F2E3100000000
MON,0262532105,7E0,8,052E1234C2970000
MON,0262536191,7E8,8,037F2E3100000000
MON,0262556748,7E0,8,062E1234D39C6100
MON,0262560827,7E8,8,037F2E3100000000
MON,0262580903,7E0,8,052E1234A94F0000
MON,0262584985,7E8,8,037F2E3100000000
MON,0262605322,7E0,8,062E1234DA6BC700
MON,0262609399,7E8,8,037F2E3100000000
MON,0262629664,7E0,8,072E12341BE68EBC
MON,0262633739,7E8,8,037F2E3100000000
MON,0262654268,7E0,8,052E123428410000
MON,0262658348,7E8,8,037F2E3100000000
MON,0262678484,7E0,8,052E1234C2C30000
MON,0262682565,7E8,8,037F2E3100000000
MON,0262702883,7E0,8,062E2222ACB10400
MON,0262706966,7E8,8,037F2E3100000000
MON,0262727247,7E0,8,042E1234B6000000
MON,0262731332,7E8,8,037F2E3100000000
MON,0262751726,7E0,8,052EF18771F60000
MON,0262755809,7E8,8,037F2E3100000000
MON,0262776037,7E0,8,042E1234ED000000
MON,0262780123,7E8,8,037F2E3100000000
MON,0262800382,7E0,8,052E123425FF0000
MON,0262804463,7E8,8,037F2E3100000000
MON,0262824885,7E0,8,062E1234979AE000
MON,0262828964,7E8,8,037F2E3100000000
MON,0262849211,7E0,8,042E123434000000
MON,0262853295,7E8,8,037F2E3100000000
MON,0262873610,7E0,8,072E1234B819495F
MON,0262877685,7E8,8,037F2E3100000000
MON,0262897991,7E0,8,062E333323060C00
MON,0262902079,7E8,8,037F2E3100000000
MON,0262922258,7E0,8,062E1234B266F300
MON,0262926335,7E8,8,037F2E3100000000
MON,0262946639,7E0,8,062E1234F5B67700
MON,0262950718,7E8,8,037F2E3100000000
MON,0262971075,7E0,8,072E33330922BC17
MON,0262975155,7E8,8,037F2E3100000000
MON,0262995456,7E0,8,042E123490000000
MON,0262999540,7E8,8,037F2E3100000000
MON,0263020033,7E0,8,042E123439000000
MON,0263024119,7E8,8,037F2E3100000000
MON,0263044283,7E0,8,052E1234D5280000
MON,0263048364,7E8,8,037F2E3100000000
MON,0263069034,7E0,8,052E1234D4130000
MON,0263073116,7E8,8,037F2E3100000000
MON,0263093080,7E0,8,042E12340F000000
MON,0263097171,7E8,8,037F2E3100000000
MON,0263117523,7E0,8,072E1234F22C1440
MON,0263121595,7E8,8,037F2E3100000000
MON,0263141902,7E0,8,062E1234BA715800
MON,0263145981,7E8,8,037F2E3100000000
MON,0263166329,7E0,8,062E1234BCF7A200
MON,0263170406,7E8,8,037F2E3100000000
MON,0263190642,7E0,8,042E123442000000
MON,0263194729,7E8,8,037F2E3100000000
MON,0263215087,7E0,8,062E12345B535D00
MON,0263219166,7E8,8,037F2E3100000000
MON,0263239355,7E0,8,062E1234ADF30600
MON,0263243436,7E8,8,037F2E3100000000
MON,0263264378,7E0,8,072E1234FCE9EB7E
MON,0263268451,7E8,8,037F2E3100000000
MON,0263288204,7E0,8,072E1234867B4E29
MON,0263292276,7E8,8,037F2E3100000000
MON,0263312609,7E0,8,042E12343C000000
MON,0263316696,7E8,8,037F2E3100000000
MON,0263336957,7E0,8,062E1001C20FA000
MON,0263341045,7E8,8,037F2E3100000000
MON,0263361354,7E0,8,032E123400000000
MON,0263365443,7E8,8,037F2E3100000000
MON,0263385702,7E0,8,042E1234ED000000
MON,0263389788,7E8,8,037F2E3100000000
MON,0263410407,7E0,8,062E12341158F500
MON,0263414483,7E8,8,037F2E3100000000
MON,0263434501,7E0,8,052E1234A98B0000
MON,0263438581,7E8,8,037F2E3100000000
MON,0263459012,7E0,8,052E1001BC780000
MON,0263463099,7E8,8,037F2E3100000000
MON,0263483273,7E0,8,072E2222AFCAC609
MON,0263487349,7E8,8,037F2E3100000000
MON,0263507710,7E0,8,032E123400000000
MON,0263511801,7E8,8,037F2E3100000000
MON,0263532119,7E0,8,052E123468750000
MON,0263536204,7E8,8,037F2E3100000000
MON,0263556515,7E0,8,052E1001AEA90000
MON,0263560599,7E8,8,037F2E3100000000
MON,0263580883,7E0,8,042E12343C000000
MON,0263584970,7E8,8,037F2E3100000000
MON,0263605273,7E0,8,062E12348E6E7A00
MON,0263609350,7E8,8,037F2E3100000000
MON,0263629682,7E0,8,042E1001AE000000
MON,0263633774,7E8,8,037F2E3100000000
MON,0263654041,7E0,8,042E123438000000
MON,0263658127,7E8,8,037F2E3100000000
MON,0263678508,7E0,8,042E1001C5000000
MON,0263682597,7E8,8,037F2E3100000000
MON,0263702926,7E0,8,042E12349F000000
MON,0263707013,7E8,8,037F2E3100000000
MON,0263727434,7E0,8,072E12348142AC98
MON,0263731507,7E8,8,037F2E3100000000
MON,0263751704,7E0,8,072E12341B5AAB9A
MON,0263755779,7E8,8,037F2E3100000000
MON,0263776007,7E0,8,052E1234E0680000
MON,0263780090,7E8,8,037F2E3100000000
MON,0263800410,7E0,8,062E222290F89100
MON,0263804487,7E8,8,037F2E3100000000
MON,0263824847,7E0,8,072E12346AD13ED8
MON,0263828922,7E8,8,037F2E3100000000
MON,0263849093,7E0,8,032E123400000000
MON,0263853187,7E8,8,037F2E3100000000
MON,0263873592,7E0,8,042E1234C2000000
MON,0263877679,7E8,8,037F2E3100000000
MON,0263897974,7E0,8,062E2222041FD700
MON,0263902057,7E8,8,037F2E3100000000
MON,0263922282,7E0,8,042E12346E000000
MON,0263926367,7E8,8,037F2E3100000000
MON,0263946677,7E0,8,072E22221BAB6D51
MON,0263950752,7E8,8,037F2E3100000000
MON,0263971114,7E0,8,052E100175050000
MON,0263975208,7E8,8,037F2E3100000000
MON,0263995602,7E0,8,042E1234B3000000
MON,0263999689,7E8,8,037F2E3100000000
MON,0264019900,7E0,8,042EF18742000000
MON,0264023986,7E8,8,037F2E3100000000
MON,0264044228,7E0,8,062E123444385C00
MON,0264048304,7E8,8,037F2E3100000000
MON,0264068710,7E0,8,062E1234BBAEC400
MON,0264072789,7E8,8,037F2E3100000000
MON,0264093055,7E0,8,052E3333C5DF0000
MON,0264097138,7E8,8,037F2E3100000000
MON,0264117834,7E0,8,072E1234CC799542
MON,0264121908,7E8,8,037F2E3100000000
MON,0264141843,7E0,8,052E123478490000
MON,0264145926,7E8,8,037F2E3100000000
MON,0264166460,7E0,8,052E123429D30000
MON,0264170540,7E8,8,037F2E3100000000
MON,0264190611,7E0,8,042E333368000000
MON,0264194698,7E8,8,037F2E3100000000
MON,0264215156,7E0,8,062E12344C95B100
MON,0264219235,7E8,8,037F2E3100000000
MON,0264239388,7E0,8,052E123416C70000
MON,0264243468,7E8,8,037F2E3100000000
MON,0264263795,7E0,8,032E123400000000
MON,0264267886,7E8,8,037F2E3100000000
MON,0264288158,7E0,8,032E123400000000
MON,0264292250,7E8,8,037F2E3100000000
MON,0264312627,7E0,8,072E1234C7B75BD3
MON,0264316702,7E8,8,037F2E3100000000
MON,0264336946,7E0,8,042E123464000000
MON,0264341033,7E8,8,037F2E3100000000
MON,0264361342,7E0,8,042E123425000000
MON,0264365426,7E8,8,037F2E3100000000
MON,0264385786,7E0,8,072E1234CB36F3B4
MON,0264389861,7E8,8,037F2E3100000000
MON,0264410161,7E0,8,042E123498000000
MON,0264414249,7E8,8,037F2E3100000000
MON,0264434502,7E0,8,052E123448AE0000
MON,0264438583,7E8,8,037F2E3100000000
MON,0264459047,7E0,8,052E1234726E0000
MON,0264463130,7E8,8,037F2E3100000000
MON,0264483342,7E0,8,042E123493000000
MON,0264487426,7E8,8,037F2E3100000000
MON,0264507713,7E0,8,072E1234BEED96AA
MON,0264511788,7E8,8,037F2E3100000000
MON,0264532457,7E0,8,042E10012A000000
MON,0264536546,7E8,8,037F2E3100000000
MON,0264556531,7E0,8,042E1234D3000000
MON,0264560618,7E8,8,037F2E3100000000
MON,0264581208,7E0,8,042E1234F9000000
MON,0264585292,7E8,8,037F2E3100000000
MON,0264605253,7E0,8,062E1234D2BA0B00
MON,0264609334,7E8,8,037F2E3100000000
MON,0264629723,7E0,8,042E3333D2000000
MON,0264633809,7E8,8,037F2E3100000000
MON,0264654149,7E0,8,062E100138551600
MON,0264658233,7E8,8,037F2E3100000000
MON,0264678475,7E0,8,072E1234404F322E
MON,0264682548,7E8,8,037F2E3100000000
MON,0264702949,7E0,8,042E1234E4000000
MON,0264707036,7E8,8,037F2E3100000000
MON,0264727272,7E0,8,062E2222C53C2800
MON,0264731348,7E8,8,037F2E3100000000
MON,0264751703,7E0,8,052E123461AA0000
MON,0264755786,7E8,8,037F2E3100000000
MON,0264776014,7E0,8,062E1234EAED1F00
MON,0264780092,7E8,8,037F2E3100000000
MON,0264800508,7E0,8,072E1234D77AF041
MON,0264804581,7E8,8,037F2E3100000000
MON,0264824876,7E0,8,052E100137C40000
MON,0264828963,7E8,8,037F2E3100000000
MON,0264849284,7E0,8,042E123483000000
MON,0264853368,7E8,8,037F2E3100000000
MON,0264873695,7E0,8,072E1234A266237C
MON,0264877770,7E8,8,037F2E3100000000
MON,0264898031,7E0,8,042E123415000000
MON,0264902118,7E8,8,037F2E3100000000
MON,0264922450,7E0,8,042E123410000000
MON,0264926534,7E8,8,037F2E3100000000
MON,0264946830,7E0,8,062E123478281F00
MON,0264950909,7E8,8,037F2E3100000000
MON,0264971176,7E0,8,072E1234BD7D9840
MON,0264975251,7E8,8,037F2E3100000000
MON,0264995555,7E0,8,072E1234D79BF2FD
MON,0264999629,7E8,8,037F2E3100000000
MON,0265020014,7E0,8,042E12340D000000
MON,0265024105,7E8,8,037F2E3100000000
MON,0265044482,7E0,8,042E123455000000
MON,0265048567,7E8,8,037F2E3100000000
MON,0265068772,7E0,8,062E1234C9FC3200
MON,0265072851,7E8,8,037F2E3100000000
MON,0265093135,7E0,8,042E123453000000
MON,0265097222,7E8,8,037F2E3100000000
MON,0265117572,7E0,8,072E1234F4D0EAF9
MON,0265121646,7E8,8,037F2E3100000000
MON,0265141925,7E0,8,042E1234FB000000
MON,0265146012,7E8,8,037F2E3100000000
MON,0265166439,7E0,8,032E123400000000
MON,0265170527,7E8,8,037F2E3100000000
MON,0265191186,7E0,8,042E123459000000
MON,0265195271,7E8,8,037F2E3100000000
MON,0265215111,7E0,8,042E123487000000
MON,0265219200,7E8,8,037F2E3100000000
MON,0265239460,7E0,8,052E1234EE460000
MON,0265243540,7E8,8,037F2E3100000000
MON,0265263937,7E0,8,052E100108D80000
MON,0265268029,7E8,8,037F2E3100000000
MON,0265288315,7E0,8,052E123446FF0000
MON,0265292396,7E8,8,037F2E3100000000
MON,0265312689,7E0,8,072E12343257C362
MON,0265316764,7E8,8,037F2E3100000000
MON,0265337087,7E0,8,042E1234A7000000
MON,0265341174,7E8,8,037F2E3100000000
MON,0265361527,7E0,8,042E12348C000000
MON,0265365613,7E8,8,037F2E3100000000
MON,0265385959,7E0,8,042E123494000000
MON,0265390046,7E8,8,037F2E3100000000
MON,0265410315,7E0,8,052E12347CFA0000
MON,0265414396,7E8,8,037F2E3100000000
MON,0265434824,7E0,8,062E1234530C6900
MON,0265438907,7E8,8,037F2E3100000000
MON,0265459157,7E0,8,042E1234B8000000
MON,0265463245,7E8,8,037F2E3100000000
MON,0265483752,7E0,8,042E1234FE000000
MON,0265487838,7E8,8,037F2E3100000000
MON,0265507813,7E0,8,052E33335A410000
MON,0265511895,7E8,8,037F2E3100000000
MON,0265532486,7E0,8,042E12346C000000
MON,0265536571,7E8,8,037F2E3100000000
MON,0265556646,7E0,8,072E12341F5F1308
MON,0265560726,7E8,8,037F2E3100000000
MON,0265581282,7E0,8,072E12348DBB6A37
MON,0265585355,7E8,8,037F2E3100000000
MON,0265605395,7E0,8,052E12340DAF0000
MON,0265609480,7E8,8,037F2E3100000000
MON,0265629869,7E0,8,052E1234B1B40000
MON,0265633952,7E8,8,037F2E3100000000
MON,0265654199,7E0,8,052E12349F640000
MON,0265658279,7E8,8,037F2E3100000000
MON,0265678595,7E0,8,052E123401730000
MON,0265682682,7E8,8,037F2E3100000000
MON,0265703045,7E0,8,062E12340F5A9400
MON,0265707128,7E8,8,037F2E3100000000
MON,0265727356,7E0,8,062E1234160A1600
MON,0265731437,7E8,8,037F2E3100000000
MON,0265751731,7E0,8,042E22228E000000
MON,0265755818,7E8,8,037F2E3100000000
MON,0265776063,7E0,8,052E1234F2BA0000
MON,0265780145,7E8,8,037F2E3100000000
MON,0265800605,7E0,8,062E10012DA05F00
MON,0265804688,7E8,8,037F2E3100000000
MON,0265825112,7E0,8,062E1234696E0F00
MON,0265829198,7E8,8,037F2E3100000000
MON,0265849272,7E0,8,062E123478E72700
MON,0265853348,7E8,8,037F2E3100000000
MON,0265873760,7E0,8,042E123460000000
MON,0265877846,7E8,8,037F2E3100000000
MON,0265898136,7E0,8,032E123400000000
MON,0265902227,7E8,8,037F2E3100000000
MON,0265922464,7E0,8,062E123406B09100
MON,0265926545,7E8,8,037F2E3100000000
MON,0265946947,7E0,8,062E1234A93ABE00
MON,0265951026,7E8,8,037F2E3100000000
MON,0265971324,7E0,8,062E1234EE2E1200
MON,0265975401,7E8,8,037F2E3100000000
MON,0265995688,7E0,8,042E123478000000
MON,0265999775,7E8,8,037F2E3100000000
MON,0266020059,7E0,8,042E100177000000
MON,0266024150,7E8,8,037F2E3100000000
MON,0266044846,7E0,8,052E123496540000
MON,0266048928,7E8,8,037F2E3100000000
MON,0266068953,7E0,8,062E1234AFBFC700
MON,0266073032,7E8,8,037F2E3100000000
MON,0266093279,7E0,8,052E1234F2630000
MON,0266097360,7E8,8,037F2E3100000000
MON,0266117670,7E0,8,062EF187E02EAF00
MON,0266121748,7E8,8,037F2E3100000000
MON,0266142451,7E0,8,062E1234734F6900
MON,0266146528,7E8,8,037F2E3100000000
MON,0266166384,7E0,8,062E12346F684900
MON,0266170461,7E8,8,037F2E3100000000
MON,0266190866,7E0,8,042E1001D6000000
MON,0266194958,7E8,8,037F2E3100000000
MON,0266215211,7E0,8,052E12342F750000
MON,0266219291,7E8,8,037F2E3100000000
MON,0266240029,7E0,8,052E123446F20000
MON,0266244112,7E8,8,037F2E3100000000
MON,0266264042,7E0,8,042E12345E000000
MON,0266268128,7E8,8,037F2E3100000000
MON,0266288615,7E0,8,052E1234C4C10000
MON,0266292698,7E8,8,037F2E3100000000
MON,0266312835,7E0,8,062E1234C675AB00
MON,0266316914,7E8,8,037F2E3100000000
MON,0266337147,7E0,8,062E12344AB44400
MON,0266341226,7E8,8,037F2E3100000000
MON,0266361559,7E0,8,042E123494000000
MON,0266365645,7E8,8,037F2E3100000000
MON,0266386132,7E0,8,032E123400000000
MON,0266390224,7E8,8,037F2E3100000000
MON,0266410275,7E0,8,062E1234A544BE00
MON,0266414352,7E8,8,037F2E3100000000
MON,0266434678,7E0,8,042E1234BA000000
MON,0266438765,7E8,8,037F2E3100000000
MON,0266459215,7E0,8,062E12346A04C900
MON,0266463296,7E8,8,037F2E3100000000
MON,0266483786,7E0,8,062E12341D35A100
MON,0266487865,7E8,8,037F2E3100000000
MON,0266507884,7E0,8,062E222252687300
MON,0266511963,7E8,8,037F2E3100000000
MON,0266532520,7E0,8,062E10014CC95400
MON,0266536600,7E8,8,037F2E3100000000
MON,0266556654,7E0,8,042E123444000000
MON,0266560741,7E8,8,037F2E3100000000
MON,0266581109,7E0,8,072E1234AA6A11FD
MON,0266585187,7E8,8,037F2E3100000000
MON,0266605435,7E0,8,052E123479320000
MON,0266609516,7E8,8,037F2E3100000000
MON,0266629820,7E0,8,072E1234898AE2AE
MON,0266633895,7E8,8,037F2E3100000000
MON,0266654254,7E0,8,062E1234E8B7C200
MON,0266658331,7E8,8,037F2E3100000000
MON,0266678568,7E0,8,062EF1872CACB100
MON,0266682647,7E8,8,037F2E3100000000
MON,0266702993,7E0,8,072E12344A6FC581
MON,0266707067,7E8,8,037F2E3100000000
MON,0266727388,7E0,8,072E1234F6969A1B
MON,0266731460,7E8,8,037F2E3100000000
MON,0266751708,7E0,8,062E3333E7316F00
MON,0266755787,7E8,8,037F2E3100000000
MON,0266776128,7E0,8,062E1234747A9B00
MON,0266780209,7E8,8,037F2E3100000000
MON,0266800507,7E0,8,032E123400000000
MON,0266804596,7E8,8,037F2E3100000000
MON,0266825099,7E0,8,052E1234F20C0000
MON,0266829189,7E8,8,037F2E3100000000
MON,0266849318,7E0,8,042E123489000000
MON,0266853403,7E8,8,037F2E3100000000
MON,0266873769,7E0,8,052E123496580000
MON,0266877852,7E8,8,037F2E3100000000
MON,0266898102,7E0,8,062E100109AB5A00
MON,0266902192,7E8,8,037F2E3100000000
MON,0266922524,7E0,8,042E123445000000
MON,0266926611,7E8,8,037F2E3100000000
MON,0266946850,7E0,8,072E12340FD2BC25
MON,0266950929,7E8,8,037F2E3100000000
MON,0266971334,7E0,8,062E12347E549500
MON,0266975410,7E8,8,037F2E3100000000
MON,0266995653,7E0,8,062E12341C0CF600
MON,0266999736,7E8,8,037F2E3100000000
MON,0267019986,7E0,8,062E1234441BF600
MON,0267024065,7E8,8,037F2E3100000000
MON,0267044295,7E0,8,052E1234D5100000
MON,0267048376,7E8,8,037F2E3100000000
MON,0267067873,7E0,8,042E12347F000000
MON,0267071960,7E8,8,037F2E3100000000
MON,0267092201,7E0,8,072E12343E03F7EE
MON,0267096277,7E8,8,037F2E3100000000
MON,0267116621,7E0,8,072E1234AC4DD63F
MON,0267120696,7E8,8,037F2E3100000000
MON,0267140895,7E0,8,052E12348D330000
MON,0267144978,7E8,8,037F2E3100000000
MON,0267165456,7E0,8,032E123400000000
MON,0267169544,7E8,8,037F2E3100000000
MON,0267189885,7E0,8,042E1234E7000000
MON,0267193972,7E8,8,037F2E3100000000
MON,0267214213,7E0,8,042E1234F8000000
MON,0267218297,7E8,8,037F2E3100000000
MON,0267238663,7E0,8,062E12343DC0BE00
MON,0267242742,7E8,8,037F2E3100000000
MON,0267262948,7E0,8,062E123442AB2400
MON,0267267026,7E8,8,037F2E3100000000
MON,0267287324,7E0,8,072E1234638D9AEA
MON,0267291397,7E8,8,037F2E3100000000
MON,0267311763,7E0,8,052E123467380000
MON,0267315845,7E8,8,037F2E3100000000
MON,0267336129,7E0,8,042E1234F0000000
MON,0267340219,7E8,8,037F2E3100000000
MON,0267360506,7E0,8,062E100102768900
MON,0267364592,7E8,8,037F2E3100000000
MON,0267384932,7E0,8,052E1234DF2D0000
MON,0267389015,7E8,8,037F2E3100000000
MON,0267409285,7E0,8,062E12346D2B2E00
MON,0267413362,7E8,8,037F2E3100000000
MON,0267433700,7E0,8,062E1234E64EC000
MON,0267437779,7E8,8,037F2E3100000000
MON,0267458097,7E0,8,042E123481000000
MON,0267462187,7E8,8,037F2E3100000000
MON,0267482626,7E0,8,062E10018F3E0B00
MON,0267486714,7E8,8,037F2E3100000000
MON,0267506846,7E0,8,042E123471000000
MON,0267510932,7E8,8,037F2E3100000000
MON,0267531332,7E0,8,052E1234F31B0000
MON,0267535413,7E8,8,037F2E3100000000
MON,0267555695,7E0,8,072E1234C8F8D3E8
MON,0267559769,7E8,8,037F2E3100000000
MON,0267580059,7E0,8,042E1234AE000000
MON,0267584145,7E8,8,037F2E3100000000
MON,0267604436,7E0,8,062E1001C0690E00
MON,0267608521,7E8,8,037F2E3100000000
MON,0267628748,7E0,8,072E123461F9CF75
MON,0267632823,7E8,8,037F2E3100000000
MON,0267653261,7E0,8,042E1234D3000000
MON,0267657346,7E8,8,037F2E3100000000
MON,0267677555,7E0,8,042E123429000000
MON,0267681641,7E8,8,037F2E3100000000
MON,0267701875,7E0,8,072E12340E690ED6
MON,0267705958,7E8,8,037F2E3100000000
MON,0267726357,7E0,8,062E1001730CE500
MON,0267730442,7E8,8,037F2E3100000000
MON,0267750735,7E0,8,052E12347AAE0000
MON,0267754818,7E8,8,037F2E3100000000
MON,0267775136,7E0,8,072E1234B33360EF
MON,0267779213,7E8,8,037F2E3100000000
MON,0267799478,7E0,8,062E1234C137CE00
MON,0267803555,7E8,8,037F2E3100000000
MON,0267823957,7E0,8,052E1234148D0000
MON,0267828040,7E8,8,037F2E3100000000
MON,0267848299,7E0,8,032E123400000000
MON,0267852388,7E8,8,037F2E3100000000
MON,0267872703,7E0,8,042E123496000000
MON,0267876790,7E8,8,037F2E3100000000
MON,0267897085,7E0,8,032E123400000000
MON,0267901176,7E8,8,037F2E3100000000
MON,0267921365,7E0,8,072E1234A9518A29
MON,0267925438,7E8,8,037F2E3100000000
MON,0267945787,7E0,8,072E1234806A7AD3
MON,0267949862,7E8,8,037F2E3100000000
MON,0267970222,7E0,8,042E123483000000
MON,0267974307,7E8,8,037F2E3100000000
MON,0267994746,7E0,8,072E1234B3A69B7E
MON,0267998820,7E8,8,037F2E3100000000
MON,0268019042,7E0,8,042E100198000000
MON,0268023133,7E8,8,037F2E3100000000
MON,0268043373,7E0,8,072E12346DD895AD
MON,0268047446,7E8,8,037F2E3100000000
MON,0268067801,7E0,8,062E1234534A2000
MON,0268071879,7E8,8,037F2E3100000000
MON,0268092129,7E0,8,052E1234064E0000
MON,0268096219,7E8,8,037F2E3100000000
MON,0268116619,7E0,8,052E12349EA20000
MON,0268120702,7E8,8,037F2E3100000000
MON,0268140974,7E0,8,072E1234ED09181B
MON,0268145053,7E8,8,037F2E3100000000
MON,0268165430,7E0,8,072E12343F73D0E8
MON,0268169503,7E8,8,037F2E3100000000
MON,0268189993,7E0,8,062E12346F56E200
MON,0268194071,7E8,8,037F2E3100000000
MON,0268214130,7E0,8,042EF1874C000000
MON,0268218219,7E8,8,037F2E3100000000
MON,0268238535,7E0,8,042E12342F000000
MON,0268242621,7E8,8,037F2E3100000000
MON,0268262984,7E0,8,072E1234F4B7351B
MON,0268267059,7E8,8,037F2E3100000000
MON,0268287357,7E0,8,072E1234E265B575
MON,0268291429,7E8,8,037F2E3100000000
MON,0268311761,7E0,8,052E3333B0AC0000
MON,0268315844,7E8,8,037F2E3100000000
MON,0268336372,7E0,8,042E1234AC000000
MON,0268340457,7E8,8,037F2E3100000000
MON,0268360519,7E0,8,052E12344FA50000
MON,0268364600,7E8,8,037F2E3100000000
MON,0268384901,7E0,8,042E100130000000
MON,0268388992,7E8,8,037F2E3100000000
MON,0268409785,7E0,8,072E22228D4D0070
MON,0268413864,7E8,8,037F2E3100000000
MON,0268433788,7E0,8,062E12346BC86100
MON,0000002410,7E8,8,037F2E3100000000
MON,0000022601,7E0,8,062E100153DC2300
MON,0000026699,7E8,8,037F2E3100000000
MON,0000047054,7E0,8,072E123452A608AF
MON,0000051146,7E8,8,037F2E3100000000
MON,0000071366,7E0,8,052E123447570000
MON,0000075464,7E8,8,037F2E3100000000
MON,0000095901,7E0,8,062E1234767BE800
MON,0000099993,7E8,8,037F2E3100000000
MON,0000120138,7E0,8,062EF187DAA93300
MON,0000124228,7E8,8,037F2E3100000000
MON,0000144619,7E0,8,032E123400000000
MON,0000148720,7E8,8,037F2E3100000000
MON,0000169240,7E0,8,072E12348C2CFB50
MON,0000173326,7E8,8,037F2E3100000000
MON,0000193503,7E0,8,052E2222C7680000
MON,0000197597,7E8,8,037F2E3100000000
MON,0000217717,7E0,8,042EF18744000000
MON,0000221816,7E8,8,037F2E3100000000
MON,0000242170,7E0,8,032E123400000000
MON,0000246272,7E8,8,037F2E3100000000
MON,0000266539,7E0,8,072E12346F288282
MON,0000270625,7E8,8,037F2E3100000000
MON,0000290850,7E0,8,052E1234CDEA0000
MON,0000294941,7E8,8,037F2E3100000000
MON,0000315274,7E0,8,052E1234B6800000
MON,0000319368,7E8,8,037F2E3100000000
MON,0000339669,7E0,8,072E12343D0A5126
MON,0000343762,7E8,8,037F2E3100000000
MON,0000364077,7E0,8,032E123400000000
MON,0000368179,7E8,8,037F2E3100000000
MON,0000388502,7E0,8,062E12347C2E0100
MON,0000392596,7E8,8,037F2E3100000000
MON,0000413085,7E0,8,042E1234D3000000
MON,0000417183,7E8,8,037F2E3100000000
MON,0000437275,7E0,8,062E12342AFF9500
MON,0000441365,7E8,8,037F2E3100000000
MON,0000461621,7E0,8,062E12342664A300
MON,0000465711,7E8,8,037F2E3100000000
MON,0000486058,7E0,8,032E123400000000
MON,0000490160,7E8,8,037F2E3100000000
MON,0000510472,7E0,8,062E12346459B000
MON,0000514562,7E8,8,037F2E3100000000
MON,0000534854,7E0,8,062E33338367FD00
MON,0000538941,7E8,8,037F2E3100000000
MON,0000559353,7E0,8,062E1234C4BD0900
MON,0000563447,7E8,8,037F2E3100000000
MON,0000583562,7E0,8,052E1234C6500000
MON,0000587656,7E8,8,037F2E3100000000
MON,0000608072,7E0,8,052E1234A5DE0000
MON,0000612166,7E8,8,037F2E3100000000
MON,0000632310,7E0,8,042E1234B1000000
MON,0000636408,7E8,8,037F2E3100000000
MON,0000656669,7E0,8,042E123409000000
MON,0000660772,7E8,8,037F2E3100000000
MON,0000681291,7E0,8,062E123459DFDC00
MON,0000685381,7E8,8,037F2E3100000000
MON,0000705513,7E0,8,062E123405B34D00
MON,0000709607,7E8,8,037F2E3100000000
MON,0000730023,7E0,8,042E1234CF000000
MON,0000734119,7E8,8,037F2E3100000000
MON,0000754336,7E0,8,042E123441000000
MON,0000758434,7E8,8,037F2E3100000000
MON,0000778748,7E0,8,072E12348A55BD84
MON,0000782832,7E8,8,037F2E3100000000
MON,0000803103,7E0,8,042E1234FD000000
MON,0000807201,7E8,8,037F2E3100000000
MON,0000827485,7E0,8,072E1234596B9A8B
MON,0000831571,7E8,8,037F2E3100000000
MON,0000851846,7E0,8,072E123442292F09
MON,0000855935,7E8,8,037F2E3100000000
MON,0000876357,7E0,8,062E12343678BE00
MON,0000880447,7E8,8,037F2E3100000000
MON,0000900591,7E0,8,062E123493A80C00
MON,0000904686,7E8,8,037F2E3100000000
MON,0000925094,7E0,8,042E123416000000
MON,0000929192,7E8,8,037F2E3100000000
MON,0000949398,7E0,8,052E12349A3D0000
MON,0000953492,7E8,8,037F2E3100000000
MON,0000974082,7E0,8,042E123453000000
MON,0000978180,7E8,8,037F2E3100000000
MON,0000998335,7E0,8,042E123469000000
MON,0001002433,7E8,8,037F2E3100000000
MON,0001022924,7E0,8,072E1234A6C6915C
MON,0001027003,7E8,8,037F2E3100000000
MON,0001047005,7E0,8,072E1234E2A39CAC
MON,0001051085,7E8,8,037F2E3100000000
MON,0001071641,7E0,8,052E123463F30000
MON,0001075734,7E8,8,037F2E3100000000
MON,0001095832,7E0,8,042E123481000000
MON,0001099924,7E8,8,037F2E3100000000
MON,0001120258,7E0,8,042E1001CD000000
MON,0001124356,7E8,8,037F2E3100000000
MON,0001144586,7E0,8,062E123408C39C00
MON,0001148676,7E8,8,037F2E3100000000
MON,0001169041,7E0,8,062E1234141AB700
MON,0001173125,7E8,8,037F2E3100000000
MON,0001193298,7E0,8,062E123435B2BE00
MON,0001197384,7E8,8,037F2E3100000000
MON,0001217779,7E0,8,062E12344E2E6100
MON,0001221863,7E8,8,037F2E3100000000
MON,0001242135,7E0,8,062E333347D11100
MON,0001246221,7E8,8,037F2E3100000000
