MON,0157083401,7E0,8,052EF1879DC50000
MON,0157087482,7E8,8,037F2E3100000000
MON,0157107170,7E0,8,052E123426B10000
MON,0157111254,7E8,8,036E123400000000
MON,0157131243,7E0,8,042E1234A3000000
MON,0157135327,7E8,8,036E123400000000
MON,0157154718,7E0,8,042E1234E7000000
MON,0157158805,7E8,8,036E123400000000
MON,0157178157,7E0,8,052E1234E5B90000
MON,0157182241,7E8,8,036E123400000000
MON,0157202730,7E0,8,072EF1874EF33525
MON,0157206804,7E8,8,037F2E3100000000
MON,0157227243,7E0,8,072E1234859B2B6F
MON,0157231316,7E8,8,036E123400000000
MON,0157251305,7E0,8,072E12343688211A
MON,0157255377,7E8,8,036E123400000000
MON,0157274880,7E0,8,042E123400000000
MON,0157278971,7E8,8,036E123400000000
MON,0157299229,7E0,8,042E12346A000000
MON,0157303314,7E8,8,036E123400000000
MON,0157323534,7E0,8,052E123412570000
MON,0157327617,7E8,8,036E123400000000
MON,0157347990,7E0,8,062E3333907AB900
MON,0157352069,7E8,8,037F2E3100000000
MON,0157372603,7E0,8,052E1234CE070000
MON,0157376690,7E8,8,036E123400000000
MON,0157396890,7E0,8,032E123400000000
MON,0157400981,7E8,8,037F2E1300000000
MON,0157421256,7E0,8,062E123443A84B00
MON,0157425332,7E8,8,036E123400000000
MON,0157445513,7E0,8,062E12344DD3ED00
MON,0157449590,7E8,8,036E123400000000
MON,0157469941,7E0,8,042E1001A1000000
MON,0157474032,7E8,8,037F2E3100000000
MON,0157494369,7E0,8,062E100120A96E00
MON,0157498450,7E8,8,037F2E3100000000
MON,0157518799,7E0,8,042E12346B000000
MON,0157522885,7E8,8,036E123400000000
MON,0157543096,7E0,8,062E12341049AC00
MON,0157547176,7E8,8,036E123400000000
MON,0157567454,7E0,8,052E12347E7F0000
MON,0157571535,7E8,8,036E123400000000
MON,0157591858,7E0,8,062E1234F3D7D100
MON,0157595936,7E8,8,036E123400000000
MON,0157616353,7E0,8,042E1234FC000000
MON,0157620437,7E8,8,036E123400000000
MON,0157640624,7E0,8,042E1234E5000000
MON,0157644710,7E8,8,036E123400000000
MON,0157664989,7E0,8,072E12341DC080CF
MON,0157669063,7E8,8,036E123400000000
MON,0157689490,7E0,8,072E1234C1FEEF72
MON,0157693563,7E8,8,036E123400000000
MON,0157713920,7E0,8,072E1234905B1ECF
MON,0157717995,7E8,8,036E123400000000
MON,0157738149,7E0,8,062E123459E2D700
MON,0157742229,7E8,8,036E123400000000
MON,0157762510,7E0,8,072E1234E28BD6CE
MON,0157766582,7E8,8,036E123400000000
MON,0157785997,7E0,8,072E1234D3C40DB2
MON,0157790076,7E8,8,036E123400000000
MON,0157810351,7E0,8,072E12347ED7DD77
MON,0157814424,7E8,8,036E123400000000
MON,0157834728,7E0,8,042E12340F000000
MON,0157838820,7E8,8,036E123400000000
MON,0157859104,7E0,8,072E3333AA5F0818
MON,0157863185,7E8,8,037F2E3100000000
MON,0157882536,7E0,8,052E1234E6E00000
MON,0157886619,7E8,8,036E123400000000
MON,0157907060,7E0,8,042E123466000000
MON,0157911147,7E8,8,036E123400000000
MON,0157931387,7E0,8,062E10015854F400
MON,0157935468,7E8,8,037F2E3100000000
MON,0157955783,7E0,8,042E123429000000
MON,0157959870,7E8,8,036E123400000000
MON,0157980196,7E0,8,062E12349DFDEE00
MON,0157984273,7E8,8,036E123400000000
MON,0158004470,7E0,8,062E1234D38CF800
MON,0158008547,7E8,8,036E123400000000
MON,0158028837,7E0,8,072E12341414A5C9
MON,0158032911,7E8,8,036E123400000000
MON,0158052391,7E0,8,072EF1876300217A
MON,0158056467,7E8,8,037F2E3100000000
MON,0158076789,7E0,8,052E22223C650000
MON,0158080871,7E8,8,037F2E3100000000
MON,0158101093,7E0,8,072E12349F8C1545
MON,0158105168,7E8,8,036E123400000000
MON,0158125541,7E0,8,042EF1873C000000
MON,0158129628,7E8,8,037F2E3100000000
MON,0158149855,7E0,8,072E33334C534157
MON,0158153930,7E8,8,037F2E3100000000
MON,0158174323,7E0,8,072E1234F54C387A
MON,0158178396,7E8,8,036E123400000000
MON,0158198728,7E0,8,042E123409000000
MON,0158202820,7E8,8,036E123400000000
MON,0158223030,7E0,8,062E1001B235B400
MON,0158227113,7E8,8,037F2E3100000000
MON,0158247254,7E0,8,032E123400000000
MON,0158251342,7E8,8,037F2E1300000000
MON,0158270766,7E0,8,052E12349C210000
MON,0158274849,7E8,8,036E123400000000
MON,0158294503,7E0,8,052E1234E1C20000
MON,0158298584,7E8,8,036E123400000000
MON,0158318603,7E0,8,072E1234D250F948
MON,0158322678,7E8,8,036E123400000000
MON,0158343414,7E0,8,072E1234FB998144
MON,0158347487,7E8,8,036E123400000000
MON,0158367431,7E0,8,042E12341E000000
MON,0158371515,7E8,8,036E123400000000
MON,0158391813,7E0,8,062E12342F5FC100
MON,0158395891,7E8,8,036E123400000000
MON,0158416251,7E0,8,072E12348914D8FB
MON,0158420323,7E8,8,036E123400000000
MON,0158440560,7E0,8,052E12343B300000
MON,0158444643,7E8,8,036E123400000000
MON,0158465029,7E0,8,052E1234B1480000
MON,0158469111,7E8,8,036E123400000000
MON,0158489392,7E0,8,042E12347F000000
MON,0158493477,7E8,8,036E123400000000
MON,0158513748,7E0,8,072E1234F84088B6
MON,0158517822,7E8,8,036E123400000000
MON,0158538210,7E0,8,042E100101000000
MON,0158542303,7E8,8,037F2E3100000000
MON,0158562647,7E0,8,052E12343FC20000
MON,0158566730,7E8,8,036E123400000000
MON,0158586901,7E0,8,072E123415EFCE49
MON,0158590976,7E8,8,036E123400000000
MON,0158611302,7E0,8,032E123400000000
MON,0158615390,7E8,8,037F2E1300000000
MON,0158635863,7E0,8,042E1234C7000000
MON,0158639950,7E8,8,036E123400000000
MON,0158660105,7E0,8,062E12343C12CF00
MON,0158664187,7E8,8,036E123400000000
MON,0158684514,7E0,8,052E1234106E0000
MON,0158688594,7E8,8,036E123400000000
MON,0158708850,7E0,8,032E123400000000
MON,0158712941,7E8,8,037F2E1300000000
MON,0158733233,7E0,8,072EF187D04FCD38
MON,0158737306,7E8,8,037F2E3100000000
MON,0158757672,7E0,8,072E1234172E1CA3
MON,0158761747,7E8,8,036E123400000000
MON,0158782025,7E0,8,052E12343D730000
MON,0158786107,7E8,8,036E123400000000
MON,0158806445,7E0,8,072E1234D21D3614
MON,0158810517,7E8,8,036E123400000000
MON,0158830773,7E0,8,072E123454C5F63E
MON,0158834848,7E8,8,036E123400000000
MON,0158855607,7E0,8,052E1001627E0000
MON,0158859694,7E8,8,037F2E3100000000
MON,0158879658,7E0,8,062E1234956F1D00
MON,0158883736,7E8,8,036E123400000000
MON,0158904187,7E0,8,032E123400000000
MON,0158908275,7E8,8,037F2E1300000000
MON,0158928433,7E0,8,052E1234A0BF0000
MON,0158932514,7E8,8,036E123400000000
MON,0158952779,7E0,8,042E1234CF000000
MON,0158956866,7E8,8,036E123400000000
MON,0158977094,7E0,8,072E12343F1D31BB
MON,0158981169,7E8,8,036E123400000000
MON,0159001555,7E0,8,062E1234717CEA00
MON,0159005633,7E8,8,036E123400000000
MON,0159025911,7E0,8,052E1234D9BD0000
MON,0159029994,7E8,8,036E123400000000
MON,0159050652,7E0,8,062E12341BB5A200
MON,0159054731,7E8,8,036E123400000000
MON,0159074705,7E0,8,032E123400000000
MON,0159078796,7E8,8,037F2E1300000000
MON,0159099096,7E0,8,062E123483027000
MON,0159103180,7E8,8,036E123400000000
MON,0159123441,7E0,8,062E222255BB1400
MON,0159127518,7E8,8,037F2E3100000000
MON,0159147818,7E0,8,072EF187CCF46AC2
MON,0159151893,7E8,8,037F2E3100000000
MON,0159172281,7E0,8,062E1234F0F50900
MON,0159176362,7E8,8,036E123400000000
MON,0159196644,7E0,8,062E1234F8CCCA00
MON,0159200722,7E8,8,036E123400000000
MON,0159221012,7E0,8,042E1234BB000000
MON,0159225099,7E8,8,036E123400000000
MON,0159245830,7E0,8,062E12342B34BF00
MON,0159249909,7E8,8,036E123400000000
MON,0159269838,7E0,8,062E1234180DD000
MON,0159273921,7E8,8,036E123400000000
MON,0159294461,7E0,8,042E1234B3000000
MON,0159298545,7E8,8,036E123400000000
MON,0159318599,7E0,8,072E1234FF494D1B
MON,0159322673,7E8,8,036E123400000000
MON,0159342997,7E0,8,062E1001411FD600
MON,0159347080,7E8,8,037F2E3100000000
MON,0159367417,7E0,8,062E123404327E00
MON,0159371498,7E8,8,036E123400000000
MON,0159392044,7E0,8,042E12342A000000
MON,0159396131,7E8,8,036E123400000000
MON,0159416154,7E0,8,032E123400000000
MON,0159420246,7E8,8,037F2E1300000000
MON,0159440527,7E0,8,062E123465996E00
MON,0159444602,7E8,8,036E123400000000
MON,0159464993,7E0,8,032E123400000000
MON,0159469084,7E8,8,037F2E1300000000
MON,0159489275,7E0,8,072E1234B659D6D7
MON,0159493348,7E8,8,036E123400000000
MON,0159513663,7E0,8,062E1234EAE70A00
MON,0159517747,7E8,8,036E123400000000
MON,0159538059,7E0,8,052E222259F90000
MON,0159542141,7E8,8,037F2E3100000000
MON,0159562522,7E0,8,072E12348EEEA611
MON,0159566594,7E8,8,036E123400000000
MON,0159586940,7E0,8,062E1234EA4E5800
MON,0159591019,7E8,8,036E123400000000
MON,0159611193,7E0,8,042E1234B5000000
MON,0159615278,7E8,8,036E123400000000
MON,0159635682,7E0,8,042E10012E000000
MON,0159639773,7E8,8,037F2E3100000000
MON,0159660046,7E0,8,072E1234214C05A3
MON,0159664126,7E8,8,036E123400000000
MON,0159684435,7E0,8,062E12345F632D00
MON,0159688512,7E8,8,036E123400000000
MON,0159708832,7E0,8,042E123468000000
MON,0159712919,7E8,8,036E123400000000
MON,0159733211,7E0,8,052E1234A8DA0000
MON,0159737291,7E8,8,036E123400000000
MON,0159757686,7E0,8,072E12348FBA5905
MON,0159761765,7E8,8,036E123400000000
MON,0159782043,7E0,8,042E1234CC000000
MON,0159786130,7E8,8,036E123400000000
MON,0159806387,7E0,8,062E1001D47C7300
MON,0159810468,7E8,8,037F2E3100000000
MON,0159830873,7E0,8,032E123400000000
MON,0159834964,7E8,8,037F2E1300000000
MON,0159855273,7E0,8,042E123445000000
MON,0159859357,7E8,8,036E123400000000
MON,0159879527,7E0,8,042E222210000000
MON,0159883613,7E8,8,037F2E3100000000
MON,0159904049,7E0,8,032E123400000000
MON,0159908139,7E8,8,037F2E1300000000
MON,0159928328,7E0,8,062E1234A1FA8E00
MON,0159932405,7E8,8,036E123400000000
MON,0159953018,7E0,8,042E123405000000
MON,0159957109,7E8,8,036E123400000000
MON,0159977073,7E0,8,052E123439250000
MON,0159981156,7E8,8,036E123400000000
MON,0160001531,7E0,8,062E1234B5F44300
MON,0160005609,7E8,8,036E123400000000
MON,0160025989,7E0,8,072E123420819CBD
MON,0160030063,7E8,8,036E123400000000
MON,0160050294,7E0,8,042E1234D0000000
MON,0160054378,7E8,8,036E123400000000
MON,0160074722,7E0,8,042E123491000000
MON,0160078809,7E8,8,036E123400000000
MON,0160099053,7E0,8,062E123436982600
MON,0160103132,7E8,8,036E123400000000
MON,0160123456,7E0,8,072E123491A07D3C
MON,0160127528,7E8,8,036E123400000000
MON,0160148026,7E0,8,052E1234F41E0000
MON,0160152108,7E8,8,036E123400000000
MON,0160172156,7E0,8,062E10010C442C00
MON,0160176243,7E8,8,037F2E3100000000
MON,0160196632,7E0,8,072EF18706C23014
MON,0160200711,7E8,8,037F2E3100000000
MON,0160220967,7E0,8,062E1001E72C5200
MON,0160225050,7E8,8,037F2E3100000000
MON,0160245444,7E0,8,062E1234894CAD00
MON,0160249520,7E8,8,036E123400000000
MON,0160269793,7E0,8,062E123402C3B900
MON,0160273877,7E8,8,036E123400000000
MON,0160294076,7E0,8,042E1234FD000000
MON,0160298163,7E8,8,036E123400000000
MON,0160317443,7E0,8,042E12346F000000
MON,0160321527,7E8,8,036E123400000000
MON,0160341199,7E0,8,072E123479470A06
MON,0160345280,7E8,8,036E123400000000
MON,0160365731,7E0,8,062E12344EB88A00
MON,0160369809,7E8,8,036E123400000000
MON,0160389801,7E0,8,072E12345255D872
MON,0160393875,7E8,8,036E123400000000
MON,0160414170,7E0,8,052E12341B9C0000
MON,0160418254,7E8,8,036E123400000000
MON,0160438575,7E0,8,072E1234A3C718AC
MON,0160442650,7E8,8,036E123400000000
MON,0160462990,7E0,8,052E12343FC20000
MON,0160467072,7E8,8,036E123400000000
MON,0160487337,7E0,8,052E123436B50000
MON,0160491418,7E8,8,036E123400000000
MON,0160511733,7E0,8,072E123476091BE1
MON,0160515812,7E8,8,036E123400000000
MON,0160536431,7E0,8,062E123408D5D400
MON,0160540512,7E8,8,036E123400000000
MON,0160560568,7E0,8,042E123446000000
MON,0160564655,7E8,8,036E123400000000
MON,0160584968,7E0,8,062E12347A364100
MON,0160589046,7E8,8,036E123400000000
MON,0160609339,7E0,8,042E1234A2000000
MON,0160613423,7E8,8,036E123400000000
MON,0160633615,7E0,8,072E12348EC3E40D
MON,0160637694,7E8,8,036E123400000000
MON,0160658022,7E0,8,062E1234ED5B4000
MON,0160662101,7E8,8,036E123400000000
MON,0160682438,7E0,8,032E123400000000
MON,0160686527,7E8,8,037F2E1300000000
MON,0160706850,7E0,8,062E123465021600
MON,0160710933,7E8,8,036E123400000000
MON,0160731203,7E0,8,032E123400000000
MON,0160735292,7E8,8,037F2E1300000000
MON,0160755743,7E0,8,032E123400000000
MON,0160759833,7E8,8,037F2E1300000000
MON,0160779993,7E0,8,062E123494C95800
MON,0160784072,7E8,8,036E123400000000
MON,0160804342,7E0,8,042E123445000000
MON,0160808426,7E8,8,036E123400000000
MON,0160828776,7E0,8,062E1234D7904800
MON,0160832854,7E8,8,036E123400000000
MON,0160853253,7E0,8,052E123430550000
MON,0160857334,7E8,8,036E123400000000
MON,0160877661,7E0,8,042E22224B000000
MON,0160881748,7E8,8,037F2E3100000000
MON,0160901941,7E0,8,062E100101879F00
MON,0160906029,7E8,8,037F2E3100000000
MON,0160926321,7E0,8,062E12344F268900
MON,0160930397,7E8,8,036E123400000000
MON,0160950792,7E0,8,052E123498500000
MON,0160954874,7E8,8,036E123400000000
MON,0160975085,7E0,8,062E1001C20B5600
MON,0160979173,7E8,8,037F2E3100000000
MON,0160999508,7E0,8,062E12349363D800
MON,0161003585,7E8,8,036E123400000000
MON,0161023846,7E0,8,062E12349433B200
MON,0161027925,7E8,8,036E123400000000
MON,0161048279,7E0,8,052E12347FBD0000
MON,0161052360,7E8,8,036E123400000000
MON,0161072670,7E0,8,042E123465000000
MON,0161076757,7E8,8,036E123400000000
MON,0161097074,7E0,8,072E12341A70D772
MON,0161101149,7E8,8,036E123400000000
MON,0161121467,7E0,8,072E12345CE4CDD8
MON,0161125540,7E8,8,036E123400000000
MON,0161145874,7E0,8,062E222212D09600
MON,0161149953,7E8,8,037F2E3100000000
MON,0161170240,7E0,8,072E1234EE24D198
MON,0161174312,7E8,8,036E123400000000
MON,0161194768,7E0,8,052E123491F60000
MON,0161198851,7E8,8,036E123400000000
MON,0161218989,7E0,8,042E1234D9000000
MON,0161223075,7E8,8,036E123400000000
MON,0161243660,7E0,8,042E1234E4000000
MON,0161247747,7E8,8,036E123400000000
MON,0161267732,7E0,8,042E1234BE000000
MON,0161271819,7E8,8,036E123400000000
MON,0161292320,7E0,8,062E123486BC1700
MON,0161296397,7E8,8,036E123400000000
MON,0161316543,7E0,8,062E1234F2A91300
MON,0161320622,7E8,8,036E123400000000
MON,0161341001,7E0,8,072E123486D4379E
MON,0161345076,7E8,8,036E123400000000
MON,0161365341,7E0,8,042E100164000000
MON,0161369429,7E8,8,037F2E3100000000
MON,0161389767,7E0,8,062E100113983200
MON,0161393850,7E8,8,037F2E3100000000
MON,0161414316,7E0,8,042E1234C9000000
MON,0161418401,7E8,8,036E123400000000
MON,0161438463,7E0,8,042E100194000000
MON,0161442552,7E8,8,037F2E3100000000
MON,0161462830,7E0,8,052E12340DB10000
MON,0161466917,7E8,8,036E123400000000
MON,0161487244,7E0,8,052E1234C7790000
MON,0161491324,7E8,8,036E123400000000
MON,0161511640,7E0,8,072E12344F067879
MON,0161515719,7E8,8,036E123400000000
MON,0161536048,7E0,8,052E2222AC3B0000
MON,0161540131,7E8,8,037F2E3100000000
MON,0161560477,7E0,8,052E1234A3BF0000
MON,0161564556,7E8,8,036E123400000000
MON,0161584920,7E0,8,062E123491313400
MON,0161588998,7E8,8,036E123400000000
MON,0161609268,7E0,8,062E12349C485B00
MON,0161613344,7E8,8,036E123400000000
MON,0161633575,7E0,8,052E123477940000
MON,0161637657,7E8,8,036E123400000000
MON,0161658281,7E0,8,052E1234195C0000
MON,0161662361,7E8,8,036E123400000000
MON,0161682317,7E0,8,072E1234C5236BEB
MON,0161686389,7E8,8,036E123400000000
MON,0161706761,7E0,8,042E12349D000000
MON,0161710848,7E8,8,036E123400000000
MON,0161731165,7E0,8,072E12346186B9CB
MON,0161735241,7E8,8,036E123400000000
MON,0161755528,7E0,8,032E123400000000
MON,0161759619,7E8,8,037F2E1300000000
MON,0161779981,7E0,8,062E1234F41E9400
MON,0161784060,7E8,8,036E123400000000
MON,0161804285,7E0,8,072E12347E3B70FB
MON,0161808357,7E8,8,036E123400000000
MON,0161828763,7E0,8,062E1234411D2D00
MON,0161832841,7E8,8,036E123400000000
MON,0161853159,7E0,8,052E12344CBA0000
MON,0161857242,7E8,8,036E123400000000
MON,0161877513,7E0,8,062EF187EF232000
MON,0161881590,7E8,8,037F2E3100000000
MON,0161901868,7E0,8,032E123400000000
MON,0161905959,7E8,8,037F2E1300000000
MON,0161926262,7E0,8,062E1234FBA42400
MON,0161930339,7E8,8,036E123400000000
MON,0161950643,7E0,8,062E1234155CB600
MON,0161954722,7E8,8,036E123400000000
MON,0161974995,7E0,8,052E123428D40000
MON,0161979078,7E8,8,036E123400000000
MON,0161999489,7E0,8,062E10017D16E700
MON,0162003570,7E8,8,037F2E3100000000
MON,0162023769,7E0,8,052E1234FAC10000
MON,0162027852,7E8,8,036E123400000000
MON,0162048153,7E0,8,042E123414000000
MON,0162052240,7E8,8,036E123400000000
MON,0162072617,7E0,8,052E123479EB0000
MON,0162076700,7E8,8,036E123400000000
MON,0162097001,7E0,8,062E1234CDC32800
MON,0162101079,7E8,8,036E123400000000
MON,0162121389,7E0,8,052E10011E670000
MON,0162125473,7E8,8,037F2E3100000000
MON,0162145811,7E0,8,072E12346B309144
MON,0162149886,7E8,8,036E123400000000
MON,0162170307,7E0,8,052E1001E5E70000
MON,0162174392,7E8,8,037F2E3100000000
MON,0162194629,7E0,8,072E333301AA3427
MON,0162198708,7E8,8,037F2E3100000000
MON,0162218941,7E0,8,042E1234D7000000
MON,0162223028,7E8,8,036E123400000000
MON,0162243365,7E0,8,032E123400000000
MON,0162247454,7E8,8,037F2E1300000000
MON,0162267955,7E0,8,072E12345100D8C9
MON,0162272033,7E8,8,036E123400000000
MON,0162292092,7E0,8,072E123488C9E6B0
MON,0162296167,7E8,8,036E123400000000
MON,0162316479,7E0,8,052E12340D090000
MON,0162320568,7E8,8,036E123400000000
MON,0162340863,7E0,8,052E1234452A0000
MON,0162344946,7E8,8,036E123400000000
MON,0162365221,7E0,8,042E123422000000
MON,0162369306,7E8,8,036E123400000000
MON,0162389621,7E0,8,072E1234D2778F4B
MON,0162393696,7E8,8,036E123400000000
MON,0162414087,7E0,8,072E1234FFE7BED2
MON,0162418161,7E8,8,036E123400000000
MON,0162438575,7E0,8,072E123428B73A9B
MON,0162442650,7E8,8,036E123400000000
MON,0162462928,7E0,8,052E123435540000
MON,0162467010,7E8,8,036E123400000000
MON,0162487347,7E0,8,052E1234D38C0000
MON,0162491428,7E8,8,036E123400000000
MON,0162511647,7E0,8,062E12344CA87E00
MON,0162515726,7E8,8,036E123400000000
MON,0162536139,7E0,8,052E12341E450000
MON,0162540222,7E8,8,036E123400000000
MON,0162560667,7E0,8,072E1234C9AC9CB0
MON,0162564742,7E8,8,036E123400000000
MON,0162584902,7E0,8,052E222263D10000
MON,0162588984,7E8,8,037F2E3100000000
MON,0162609271,7E0,8,062E1234B443CD00
MON,0162613348,7E8,8,036E123400000000
MON,0162633641,7E0,8,062E12344DF78D00
MON,0162637719,7E8,8,036E123400000000
MON,0162657992,7E0,8,042E12344D000000
MON,0162662079,7E8,8,036E123400000000
MON,0162682484,7E0,8,062E12346DE03400
MON,0162686560,7E8,8,036E123400000000
MON,0162706827,7E0,8,062E12345F3EA300
MON,0162710906,7E8,8,036E123400000000
MON,0162731173,7E0,8,062E1234D7381200
MON,0162735252,7E8,8,036E123400000000
MON,0162755567,7E0,8,052E123488280000
MON,0162759650,7E8,8,036E123400000000
MON,0162779984,7E0,8,062E1234A5F3E100
MON,0162784063,7E8,8,036E123400000000
MON,0162804327,7E0,8,072E1234CFB879FE
MON,0162808400,7E8,8,036E123400000000
MON,0162828732,7E0,8,062E3333AF0BF200
MON,0162832815,7E8,8,037F2E3100000000
MON,0162853288,7E0,8,062E12340E8E6800
MON,0162857369,7E8,8,036E123400000000
MON,0162877639,7E0,8,042E1234B4000000
MON,0162881726,7E8,8,036E123400000000
MON,0162902288,7E0,8,062E1001428A4F00
MON,0162906369,7E8,8,037F2E3100000000
MON,0162926662,7E0,8,042E2222FD000000
MON,0162930748,7E8,8,037F2E3100000000
MON,0162950773,7E0,8,042E12346D000000
MON,0162954860,7E8,8,036E123400000000
MON,0162975116,7E0,8,042E12349F000000
MON,0162979206,7E8,8,036E123400000000
MON,0162999539,7E0,8,042EF18792000000
MON,0163003625,7E8,8,037F2E3100000000
MON,0163023898,7E0,8,052E123475F10000
MON,0163027981,7E8,8,036E123400000000
MON,0163048301,7E0,8,042E123470000000
MON,0163052385,7E8,8,036E123400000000
MON,0163072650,7E0,8,072E1234DA294933
MON,0163076725,7E8,8,036E123400000000
MON,0163097048,7E0,8,072E1234E638A729
MON,0163101123,7E8,8,036E123400000000
MON,0163121454,7E0,8,042E1001DC000000
MON,0163125543,7E8,8,037F2E3100000000
MON,0163145844,7E0,8,032E123400000000
MON,0163149935,7E8,8,037F2E1300000000
MON,0163170277,7E0,8,052E123407270000
MON,0163174362,7E8,8,036E123400000000
MON,0163194650,7E0,8,042E1234FE000000
MON,0163198736,7E8,8,036E123400000000
MON,0163219048,7E0,8,052E1234DA080000
MON,0163223135,7E8,8,036E123400000000
MON,0163243414,7E0,8,032E123400000000
MON,0163247503,7E8,8,037F2E1300000000
MON,0163267880,7E0,8,032E123400000000
MON,0163271971,7E8,8,037F2E1300000000
MON,0163292229,7E0,8,062E123419DC9500
MON,0163296306,7E8,8,036E123400000000
MON,0163316588,7E0,8,042E1234C8000000
MON,0163320674,7E8,8,036E123400000000
MON,0163340952,7E0,8,052E12344D840000
MON,0163345035,7E8,8,036E123400000000
MON,0163365339,7E0,8,032E123400000000
MON,0163369427,7E8,8,037F2E1300000000
MON,0163389698,7E0,8,072E1234ADDA02B2
MON,0163393777,7E8,8,036E123400000000
MON,0163414112,7E0,8,072EF18752A3B887
MON,0163418189,7E8,8,037F2E3100000000
MON,0163438477,7E0,8,052E123462930000
MON,0163442556,7E8,8,036E123400000000
MON,0163462869,7E0,8,032E123400000000
MON,0163466960,7E8,8,037F2E1300000000
MON,0163487330,7E0,8,052E1234C8FC0000
MON,0163491411,7E8,8,036E123400000000
MON,0163511592,7E0,8,062E10015F823700
MON,0163515674,7E8,8,037F2E3100000000
MON,0163536026,7E0,8,042E123417000000
MON,0163540112,7E8,8,036E123400000000
MON,0163560517,7E0,8,042E12342A000000
MON,0163564602,7E8,8,036E123400000000
MON,0163584818,7E0,8,032E123400000000
MON,0163588909,7E8,8,037F2E1300000000
MON,0163609207,7E0,8,052E123494360000
MON,0163613287,7E8,8,036E123400000000
MON,0163633591,7E0,8,072E12340DCFA68D
MON,0163637670,7E8,8,036E123400000000
MON,0163658116,7E0,8,052E123400EE0000
MON,0163662206,7E8,8,036E123400000000
MON,0163682651,7E0,8,052E12340D2B0000
MON,0163686738,7E8,8,036E123400000000
MON,0163706820,7E0,8,062E1234E29A2200
MON,0163710899,7E8,8,036E123400000000
MON,0163731213,7E0,8,062E123411F0FB00
MON,0163735290,7E8,8,036E123400000000
MON,0163755594,7E0,8,072E1234B01F505B
MON,0163759669,7E8,8,036E123400000000
MON,0163779981,7E0,8,062E123428BE7000
MON,0163784059,7E8,8,036E123400000000
MON,0163804368,7E0,8,052E12340E5B0000
MON,0163808453,7E8,8,036E123400000000
MON,0163828802,7E0,8,062E12347BF24D00
MON,0163832881,7E8,8,036E123400000000
MON,0163853263,7E0,8,042E100194000000
MON,0163857352,7E8,8,037F2E3100000000
MON,0163877588,7E0,8,052E123445B60000
MON,0163881671,7E8,8,036E123400000000
MON,0163901927,7E0,8,072E123425FEAC30
MON,0163906001,7E8,8,036E123400000000
MON,0163926445,7E0,8,042E1234ED000000
MON,0163930530,7E8,8,036E123400000000
MON,0163950775,7E0,8,042E1234AD000000
MON,0163954862,7E8,8,036E123400000000
MON,0163975200,7E0,8,072E1234C6841F6C
MON,0163979272,7E8,8,036E123400000000
MON,0163999621,7E0,8,052E1234E0E70000
MON,0164003704,7E8,8,036E123400000000
MON,0164023977,7E0,8,042E123443000000
MON,0164028063,7E8,8,036E123400000000
MON,0164048310,7E0,8,042E123427000000
MON,0164052395,7E8,8,036E123400000000
MON,0164072660,7E0,8,052E123471540000
MON,0164076743,7E8,8,036E123400000000
MON,0164097139,7E0,8,052E1234541B0000
MON,0164101222,7E8,8,036E123400000000
MON,0164121481,7E0,8,072E1234AA1FC455
MON,0164125554,7E8,8,036E123400000000
MON,0164145911,7E0,8,042E12343D000000
MON,0164149998,7E8,8,036E123400000000
MON,0164170323,7E0,8,042E12343C000000
MON,0164174408,7E8,8,036E123400000000
MON,0164194712,7E0,8,032E123400000000
MON,0164198803,7E8,8,037F2E1300000000
MON,0164219154,7E0,8,072E1234CCBE18E2
MON,0164223230,7E8,8,036E123400000000
MON,0164243568,7E0,8,052E1234DFF80000
MON,0164247650,7E8,8,036E123400000000
MON,0164268053,7E0,8,052E1234D1360000
MON,0164272136,7E8,8,036E123400000000
MON,0164292194,7E0,8,072E123470C34E22
MON,0164296266,7E8,8,036E123400000000
MON,0164316830,7E0,8,052E1234456A0000
MON,0164320912,7E8,8,036E123400000000
MON,0164340937,7E0,8,072E123429637CAA
MON,0164345012,7E8,8,036E123400000000
MON,0164365366,7E0,8,072E12349A6D9203
MON,0164369443,7E8,8,036E123400000000
MON,0164389668,7E0,8,062EF187EF231800
MON,0164393747,7E8,8,037F2E3100000000
MON,0164413243,7E0,8,042E1001B4000000
MON,0164417332,7E8,8,037F2E3100000000
MON,0164437563,7E0,8,072E123402F69D41
MON,0164441642,7E8,8,036E123400000000
MON,0164461898,7E0,8,042E123475000000
MON,0164465984,7E8,8,036E123400000000
MON,0164486372,7E0,8,042E123430000000
MON,0164490457,7E8,8,036E123400000000
MON,0164510733,7E0,8,042E123419000000
MON,0164514820,7E8,8,036E123400000000
MON,0164535126,7E0,8,072E12341B111751
MON,0164539204,7E8,8,036E123400000000
MON,0164559564,7E0,8,062E12348ADB2A00
MON,0164563643,7E8,8,036E123400000000
MON,0164583949,7E0,8,042E3333F8000000
MON,0164588036,7E8,8,037F2E3100000000
MON,0164608615,7E0,8,062E1234F34D5100
MON,0164612694,7E8,8,036E123400000000
MON,0164632764,7E0,8,042E2222BE000000
MON,0164636850,7E8,8,037F2E3100000000
MON,0164657117,7E0,8,052E1234D87B0000
MON,0164661203,7E8,8,036E123400000000
MON,0164681478,7E0,8,072E22226BDF16C7
MON,0164685551,7E8,8,037F2E3100000000
MON,0164705925,7E0,8,072E123488D8D9FB
MON,0164710000,7E8,8,036E123400000000
MON,0164730275,7E0,8,072E1234C8CA54F5
MON,0164734348,7E8,8,036E123400000000
MON,0164754641,7E0,8,062E1234F1689700
MON,0164758719,7E8,8,036E123400000000
MON,0164779127,7E0,8,052E123481380000
MON,0164783212,7E8,8,036E123400000000
MON,0164803482,7E0,8,042E123450000000
MON,0164807567,7E8,8,036E123400000000
MON,0164827687,7E0,8,062E1234CF463300
MON,0164831766,7E8,8,036E123400000000
MON,0164851347,7E0,8,052E123496D60000
MON,0164855427,7E8,8,036E123400000000
MON,0164875698,7E0,8,052E12343FD40000
MON,0164879780,7E8,8,036E123400000000
MON,0164900059,7E0,8,052E1234DD790000
MON,0164904141,7E8,8,036E123400000000
MON,0164924426,7E0,8,052E1234B6910000
MON,0164928507,7E8,8,036E123400000000
MON,0164948805,7E0,8,052E123443EA0000
MON,0164952888,7E8,8,036E123400000000
MON,0164973237,7E0,8,052E1234A7870000
MON,0164977318,7E8,8,036E123400000000
MON,0164997678,7E0,8,062E12341FC79300
MON,0165001757,7E8,8,036E123400000000
MON,0165022086,7E0,8,072E3333B24A36EB
MON,0165026160,7E8,8,037F2E3100000000
MON,0165046490,7E0,8,072E123438ED2ABE
MON,0165050563,7E8,8,036E123400000000
MON,0165070819,7E0,8,052E2222A60F0000
MON,0165074906,7E8,8,037F2E3100000000
MON,0165095221,7E0,8,052E1234F9C40000
MON,0165099302,7E8,8,036E123400000000
MON,0165119702,7E0,8,062E123451B56800
MON,0165123780,7E8,8,036E123400000000
MON,0165143924,7E0,8,042E123447000000
MON,0165148010,7E8,8,036E123400000000
MON,0165168387,7E0,8,042E12347B000000
MON,0165172471,7E8,8,036E123400000000
MON,0165192758,7E0,8,062EF1875FFC4D00
MON,0165196837,7E8,8,037F2E3100000000
MON,0165217177,7E0,8,072E1234C07011D7
MON,0165221252,7E8,8,036E123400000000
MON,0165241488,7E0,8,072E1234E4A1587B
MON,0165245560,7E8,8,036E123400000000
MON,0165266063,7E0,8,062E1234C0F7F800
MON,0165270142,7E8,8,036E123400000000
MON,0165290223,7E0,8,062E1234688C2600
MON,0165294299,7E8,8,036E123400000000
MON,0165314654,7E0,8,062E123403729600
MON,0165318737,7E8,8,036E123400000000
MON,0165339016,7E0,8,062E123452966400
MON,0165343094,7E8,8,036E123400000000
MON,0165363600,7E0,8,042E123479000000
MON,0165367687,7E8,8,036E123400000000
MON,0165387909,7E0,8,072E1234CA5F9BCB
MON,0165391984,7E8,8,036E123400000000
MON,0165412225,7E0,8,062E1234F6A0F600
MON,0165416302,7E8,8,036E123400000000
MON,0165436640,7E0,8,052E1234C50C0000
MON,0165440727,7E8,8,036E123400000000
MON,0165460977,7E0,8,062E1234AD7F0100
MON,0165465060,7E8,8,036E123400000000
MON,0165485380,7E0,8,062E12346490E900
MON,0165489457,7E8,8,036E123400000000
MON,0165509947,7E0,8,052E100124DD0000
MON,0165514034,7E8,8,037F2E3100000000
MON,0165534165,7E0,8,042E123452000000
MON,0165538252,7E8,8,036E123400000000
MON,0165558641,7E0,8,052E123432630000
MON,0165562723,7E8,8,036E123400000000
MON,0165582895,7E0,8,032E123400000000
MON,0165586985,7E8,8,037F2E1300000000
MON,0165607857,7E0,8,072E123470F16349
MON,0165611931,7E8,8,036E123400000000
MON,0165631703,7E0,8,052E123469B00000
MON,0165635786,7E8,8,036E123400000000
MON,0165656165,7E0,8,072E1234463C4F37
MON,0165660241,7E8,8,036E123400000000
MON,0165680466,7E0,8,052E123415F90000
MON,0165684547,7E8,8,036E123400000000
MON,0165704882,7E0,8,052E12349A990000
MON,0165708964,7E8,8,036E123400000000
MON,0165729240,7E0,8,042E1234E6000000
MON,0165733324,7E8,8,036E123400000000
MON,0165753595,7E0,8,042EF18717000000
MON,0165757681,7E8,8,037F2E3100000000
MON,0165778162,7E0,8,042E33339B000000
MON,0165782249,7E8,8,037F2E3100000000
MON,0165802425,7E0,8,052E1234789C0000
MON,0165806505,7E8,8,036E123400000000
MON,0165827051,7E0,8,042EF187EE000000
MON,0165831138,7E8,8,037F2E3100000000
MON,0165851333,7E0,8,062E123470B36B00
MON,0165855409,7E8,8,036E123400000000
MON,0165875601,7E0,8,052E1234EB520000
MON,0165879684,7E8,8,036E123400000000
MON,0165900103,7E0,8,032E123400000000
MON,0165904196,7E8,8,037F2E1300000000
MON,0165924445,7E0,8,062E1234F53DDC00
MON,0165928521,7E8,8,036E123400000000
MON,0165948810,7E0,8,042E123404000000
MON,0165952901,7E8,8,036E123400000000
MON,0165973169,7E0,8,052E1234C6F80000
MON,0165977252,7E8,8,036E123400000000
MON,0165997585,7E0,8,062E1234F51F5500
MON,0166001663,7E8,8,036E123400000000
MON,0166021936,7E0,8,052E12341D2F0000
MON,0166026018,7E8,8,036E123400000000
MON,0166046282,7E0,8,072E1234CC7E8C2C
MON,0166050355,7E8,8,036E123400000000
MON,0166070760,7E0,8,042E100122000000
MON,0166074852,7E8,8,037F2E3100000000
MON,0166095125,7E0,8,072E1234A43E1D08
MON,0166099206,7E8,8,036E123400000000
MON,0166119471,7E0,8,042E123413000000
MON,0166123556,7E8,8,036E123400000000
MON,0166143924,7E0,8,042E123431000000
MON,0166148010,7E8,8,036E123400000000
MON,0166168302,7E0,8,042EF187AD000000
MON,0166172386,7E8,8,037F2E3100000000
MON,0166192724,7E0,8,042E123482000000
MON,0166196811,7E8,8,036E123400000000
MON,0166217067,7E0,8,052E1234DD990000
MON,0166221150,7E8,8,036E123400000000
MON,0166241462,7E0,8,052E10018FE70000
MON,0166245547,7E8,8,037F2E3100000000
MON,0166266022,7E0,8,042E123437000000
MON,0166270109,7E8,8,036E123400000000
MON,0166290227,7E0,8,072E1234F4E39D39
MON,0166294299,7E8,8,036E123400000000
MON,0166314615,7E0,8,042E333355000000
MON,0166318702,7E8,8,037F2E3100000000
MON,0166338985,7E0,8,062E12347F64CA00
MON,0166343064,7E8,8,036E123400000000
MON,0166363385,7E0,8,062E12346D1CB700
MON,0166367462,7E8,8,036E123400000000
MON,0166387879,7E0,8,062E1234BD839000
MON,0166391957,7E8,8,036E123400000000
MON,0166412168,7E0,8,062E12349F3DCD00
MON,0166416247,7E8,8,036E123400000000
MON,0166436478,7E0,8,042E123499000000
MON,0166440563,7E8,8,036E123400000000
MON,0166460870,7E0,8,042E123451000000
MON,0166464956,7E8,8,036E123400000000
MON,0166485322,7E0,8,042E12340F000000
MON,0166489411,7E8,8,036E123400000000
MON,0166509653,7E0,8,062E1234A2161200
MON,0166513731,7E8,8,036E123400000000
MON,0166534145,7E0,8,072E1234CE13C623
MON,0166538220,7E8,8,036E123400000000
MON,0166558535,7E0,8,052E12340B180000
MON,0166562623,7E8,8,036E123400000000
MON,0166582924,7E0,8,072E12346DC93B73
MON,0166586998,7E8,8,036E123400000000
MON,0166607285,7E0,8,062E1234FC604D00
MON,0166611361,7E8,8,036E123400000000
MON,0166631615,7E0,8,072E123476241496
MON,0166635690,7E8,8,036E123400000000
MON,0166656052,7E0,8,042E3333CA000000
MON,0166660139,7E8,8,037F2E3100000000
MON,0166680439,7E0,8,042E1234EE000000
MON,0166684523,7E8,8,036E123400000000
MON,0166704835,7E0,8,072E123431CBF00A
MON,0166708914,7E8,8,036E123400000000
MON,0166729196,7E0,8,062E1001D77D5900
MON,0166733276,7E8,8,037F2E3100000000
MON,0166753710,7E0,8,042EF1873E000000
MON,0166757796,7E8,8,037F2E3100000000
MON,0166778041,7E0,8,072E222203963E1F
MON,0166782120,7E8,8,037F2E3100000000
MON,0166802519,7E0,8,032E123400000000
MON,0166806610,7E8,8,037F2E1300000000
MON,0166826860,7E0,8,062E1234D33EA900
MON,0166830939,7E8,8,036E123400000000
MON,0166851197,7E0,8,072E123433A82DF7
MON,0166855270,7E8,8,036E123400000000
MON,0166875540,7E0,8,042EF1875F000000
MON,0166879627,7E8,8,037F2E3100000000
MON,0166899922,7E0,8,062E1234425D4D00
MON,0166904001,7E8,8,036E123400000000
MON,0166924310,7E0,8,042E123436000000
MON,0166928394,7E8,8,036E123400000000
MON,0166948687,7E0,8,052E1234C6240000
MON,0166952770,7E8,8,036E123400000000
MON,0166973304,7E0,8,072E123435087FBD
MON,0166977381,7E8,8,036E123400000000
MON,0166997499,7E0,8,042E123474000000
MON,0167001584,7E8,8,036E123400000000
MON,0167021856,7E0,8,032E123400000000
MON,0167025947,7E8,8,037F2E1300000000
MON,0167046222,7E0,8,052EF18764AB0000
MON,0167050303,7E8,8,037F2E3100000000
MON,0167070736,7E0,8,062EF1871881C200
MON,0167074815,7E8,8,037F2E3100000000
MON,0167095116,7E0,8,052E123434880000
MON,0167099201,7E8,8,036E123400000000
MON,0167119438,7E0,8,072E12342047D5E5
MON,0167123511,7E8,8,036E123400000000
MON,0167143888,7E0,8,042E12346E000000
MON,0167147975,7E8,8,036E123400000000
MON,0167168228,7E0,8,052E123422C00000
MON,0167172308,7E8,8,036E123400000000
MON,0167192579,7E0,8,062E123481CD5300
MON,0167196657,7E8,8,036E123400000000
MON,0167216975,7E0,8,052E1234B04E0000
MON,0167221058,7E8,8,036E123400000000
MON,0167241417,7E0,8,052E12346FE00000
MON,0167245498,7E8,8,036E123400000000
MON,0167265808,7E0,8,042E100160000000
MON,0167269899,7E8,8,037F2E3100000000
MON,0167290208,7E0,8,052E1234DD070000
MON,0167294293,7E8,8,036E123400000000
MON,0167314507,7E0,8,052E1001D4C50000
MON,0167318592,7E8,8,037F2E3100000000
MON,0167338949,7E0,8,052E1234B0F90000
MON,0167343032,7E8,8,036E123400000000
MON,0167363324,7E0,8,062E1234DB958B00
MON,0167367401,7E8,8,036E123400000000
MON,0167387756,7E0,8,052E10015D5E0000
MON,0167391843,7E8,8,037F2E3100000000
MON,0167412093,7E0,8,062E12349E545B00
MON,0167416172,7E8,8,036E123400000000
MON,0167436502,7E0,8,042E1234DD000000
MON,0167440586,7E8,8,036E123400000000
MON,0167460926,7E0,8,052E1234C2380000
MON,0167465009,7E8,8,036E123400000000
MON,0167485273,7E0,8,032E123400000000
MON,0167489361,7E8,8,037F2E1300000000
MON,0167509801,7E0,8,062E2222F964E400
MON,0167513879,7E8,8,037F2E3100000000
MON,0167534118,7E0,8,072E12342C89E6A7
MON,0167538196,7E8,8,036E123400000000
MON,0167558466,7E0,8,052E1234368E0000
MON,0167562547,7E8,8,036E123400000000
MON,0167582899,7E0,8,042E1234AF000000
MON,0167586985,7E8,8,036E123400000000
MON,0167607216,7E0,8,042E1234EC000000
MON,0167611300,7E8,8,036E123400000000
MON,0167631711,7E0,8,062E123452744600
MON,0167635790,7E8,8,036E123400000000
MON,0167655967,7E0,8,062E3333BAA78300
MON,0167660046,7E8,8,037F2E3100000000
MON,0167680439,7E0,8,042E1234A9000000
MON,0167684523,7E8,8,036E123400000000
MON,0167704796,7E0,8,042E123475000000
MON,0167708882,7E8,8,036E123400000000
MON,0167729166,7E0,8,072E123482286ACB
MON,0167733242,7E8,8,036E123400000000
MON,0167753590,7E0,8,042E123420000000
MON,0167757677,7E8,8,036E123400000000
MON,0167777983,7E0,8,042E123420000000
MON,0167782070,7E8,8,036E123400000000
MON,0167802345,7E0,8,072E3333B3195CDE
MON,0167806417,7E8,8,037F2E3100000000
MON,0167826671,7E0,8,062E1234A64DC300
MON,0167830750,7E8,8,036E123400000000
MON,0167851157,7E0,8,052E123429540000
MON,0167855241,7E8,8,036E123400000000
MON,0167875482,7E0,8,052E1234AF620000
MON,0167879563,7E8,8,036E123400000000
MON,0167899931,7E0,8,032E123400000000
MON,0167904022,7E8,8,037F2E1300000000
MON,0167924410,7E0,8,072E1234BC553793
MON,0167928483,7E8,8,036E123400000000
MON,0167948641,7E0,8,062E123490AE6000
MON,0167952719,7E8,8,036E123400000000
MON,0167973087,7E0,8,062E123487CD1F00
MON,0167977167,7E8,8,036E123400000000
MON,0167997439,7E0,8,062E12342AD0C200
MON,0168001515,7E8,8,036E123400000000
MON,0168021779,7E0,8,062E12347F552B00
MON,0168025858,7E8,8,036E123400000000
MON,0168046153,7E0,8,062E12345AD5DC00
MON,0168050233,7E8,8,036E123400000000
MON,0168070694,7E0,8,042E123419000000
MON,0168074780,7E8,8,036E123400000000
MON,0168094935,7E0,8,062E12340CF2AD00
MON,0168099018,7E8,8,036E123400000000
MON,0168119384,7E0,8,042E123457000000
MON,0168123468,7E8,8,036E123400000000
MON,0168143851,7E0,8,062EF187D97ECF00
MON,0168147930,7E8,8,037F2E3100000000
MON,0168168188,7E0,8,062EF1877F5E7400
MON,0168172265,7E8,8,037F2E3100000000
MON,0168192586,7E0,8,052E1234737C0000
MON,0168196669,7E8,8,036E123400000000
MON,0168216975,7E0,8,072E1234FD365B15
MON,0168221050,7E8,8,036E123400000000
MON,0168241364,7E0,8,062E12341CB15500
MON,0168245441,7E8,8,036E123400000000
MON,0168265903,7E0,8,052EF187FD3A0000
MON,0168269985,7E8,8,037F2E3100000000
MON,0168290193,7E0,8,052E1234B3E60000
MON,0168294274,7E8,8,036E123400000000
MON,0168314623,7E0,8,042E12348D000000
MON,0168318710,7E8,8,036E123400000000
MON,0168338898,7E0,8,052E123410AC0000
MON,0168342981,7E8,8,036E123400000000
MON,0168363211,7E0,8,062E123478D4FC00
MON,0168367287,7E8,8,036E123400000000
MON,0168387568,7E0,8,052E123448DE0000
MON,0168391651,7E8,8,036E123400000000
MON,0168412053,7E0,8,042E123484000000
MON,0168416140,7E8,8,036E123400000000
MON,0168436413,7E0,8,052E123448980000
MON,0168440494,7E8,8,036E123400000000
MON,0168460821,7E0,8,052E1234CFC40000
MON,0168464904,7E8,8,036E123400000000
MON,0168485142,7E0,8,042E1234D7000000
MON,0168489229,7E8,8,036E123400000000
MON,0168509371,7E0,8,042E1234CA000000
MON,0168513455,7E8,8,036E123400000000
MON,0168532936,7E0,8,042E222212000000
MON,0168537022,7E8,8,037F2E3100000000
MON,0168557421,7E0,8,042E1234B1000000
MON,0168561506,7E8,8,036E123400000000
MON,0168581720,7E0,8,052E1234869B0000
MON,0168585803,7E8,8,036E123400000000
MON,0168606143,7E0,8,032E123400000000
MON,0168610234,7E8,8,037F2E1300000000
MON,0168630531,7E0,8,042E2222E7000000
MON,0168634618,7E8,8,037F2E3100000000
MON,0168654986,7E0,8,042E123443000000
MON,0168659073,7E8,8,036E123400000000
MON,0168679393,7E0,8,072E3333BD50D455
MON,0168683466,7E8,8,037F2E3100000000
MON,0168703748,7E0,8,032E123400000000
MON,0168707838,7E8,8,037F2E1300000000
MON,0168728100,7E0,8,042E123435000000
MON,0168732189,7E8,8,036E123400000000
MON,0168752595,7E0,8,072E12348F27E677
MON,0168756669,7E8,8,036E123400000000
MON,0168776891,7E0,8,052E123492140000
MON,0168780974,7E8,8,036E123400000000
MON,0168801249,7E0,8,062E1234D2D4DC00
MON,0168805325,7E8,8,036E123400000000
MON,0168825624,7E0,8,032E123400000000
MON,0168829714,7E8,8,037F2E1300000000
MON,0168850049,7E0,8,032E123400000000
MON,0168854139,7E8,8,037F2E1300000000
MON,0168874463,7E0,8,072E1234F3E3AC8A
MON,0168878536,7E8,8,036E123400000000
MON,0168898825,7E0,8,032E123400000000
MON,0168902915,7E8,8,037F2E1300000000
MON,0168923236,7E0,8,052E1234FF4D0000
MON,0168927316,7E8,8,036E123400000000
MON,0168947587,7E0,8,072E1234D6C23919
MON,0168951661,7E8,8,036E123400000000
MON,0168972196,7E0,8,042E123415000000
MON,0168976280,7E8,8,036E123400000000
MON,0168996500,7E0,8,072E12341707C37B
MON,0169000577,7E8,8,036E123400000000
MON,0169020827,7E0,8,072E1234EEDE02D6
MON,0169024907,7E8,8,036E123400000000
MON,0169045278,7E0,8,062E123430B09A00
MON,0169049355,7E8,8,036E123400000000
MON,0169069564,7E0,8,072E12349803E51F
MON,0169073643,7E8,8,036E123400000000
MON,0169093944,7E0,8,052E1234EB2B0000
MON,0169098026,7E8,8,036E123400000000
MON,0169118341,7E0,8,052E1234743D0000
MON,0169122421,7E8,8,036E123400000000
MON,0169142962,7E0,8,072E1234C8FD3A11
MON,0169147037,7E8,8,036E123400000000
MON,0169167205,7E0,8,072E1234E784DA91
MON,0169171278,7E8,8,036E123400000000
MON,0169191554,7E0,8,062E123461298400
MON,0169195632,7E8,8,036E123400000000
MON,0169215877,7E0,8,062E1234E89A1D00
MON,0169219956,7E8,8,036E123400000000
MON,0169240298,7E0,8,052E1234E17E0000
MON,0169244379,7E8,8,036E123400000000
MON,0169264773,7E0,8,042E1234D4000000
MON,0169268860,7E8,8,036E123400000000
MON,0169289602,7E0,8,052E1234D2C60000
MON,0169293685,7E8,8,036E123400000000
MON,0169313468,7E0,8,042E1234C9000000
MON,0169317553,7E8,8,036E123400000000
MON,0169337842,7E0,8,042E1234FD000000
MON,0169341929,7E8,8,036E123400000000
MON,0169362266,7E0,8,072E1234DD49FDCD
MON,0169366339,7E8,8,036E123400000000
MON,0169386688,7E0,8,052E1001A8A90000
MON,0169390775,7E8,8,037F2E3100000000
MON,0169411082,7E0,8,062E1234A90BB800
MON,0169415165,7E8,8,036E123400000000
MON,0169435420,7E0,8,062E1234E072B300
MON,0169439497,7E8,8,036E123400000000
MON,0169459790,7E0,8,032E123400000000
MON,0169463881,7E8,8,037F2E1300000000
MON,0169484257,7E0,8,072E1234F007E1D3
MON,0169488334,7E8,8,036E123400000000
MON,0169508633,7E0,8,062E12347607BA00
MON,0169512716,7E8,8,036E123400000000
MON,0169533146,7E0,8,072E123458434CA4
MON,0169537221,7E8,8,036E123400000000
MON,0169557491,7E0,8,032E123400000000
MON,0169561580,7E8,8,037F2E1300000000
MON,0169581830,7E0,8,052EF1879F640000
MON,0169585912,7E8,8,037F2E3100000000
MON,0169606244,7E0,8,052E1234DA8A0000
MON,0169610324,7E8,8,036E123400000000
MON,0169630640,7E0,8,072E123491B8ADCD
MON,0169634714,7E8,8,036E123400000000
MON,0169655105,7E0,8,062E1001B1BFF500
MON,0169659191,7E8,8,037F2E3100000000
MON,0169679501,7E0,8,072E3333567CD721
MON,0169683573,7E8,8,037F2E3100000000
MON,0169703796,7E0,8,062E1234A08DC700
MON,0169707874,7E8,8,036E123400000000
MON,0169728108,7E0,8,072E123489AF2DD4
MON,0169732185,7E8,8,036E123400000000
MON,0169752646,7E0,8,052E100153E90000
MON,0169756733,7E8,8,037F2E3100000000
MON,0169777063,7E0,8,062E12345118D500
MON,0169781141,7E8,8,036E123400000000
MON,0169801325,7E0,8,032E123400000000
MON,0169805413,7E8,8,037F2E1300000000
MON,0169825746,7E0,8,062E100156B5BE00
MON,0169829829,7E8,8,037F2E3100000000
MON,0169850102,7E0,8,042E123446000000
MON,0169854192,7E8,8,036E123400000000
MON,0169874524,7E0,8,072E1234ADF9F9B6
MON,0169878597,7E8,8,036E123400000000
MON,0169898847,7E0,8,042E1234DB000000
MON,0169902934,7E8,8,036E123400000000
MON,0169923232,7E0,8,072E123445176F52
MON,0169927304,7E8,8,036E123400000000
MON,0169947620,7E0,8,072EF18734A3F97E
MON,0169951695,7E8,8,037F2E3100000000
MON,0169972046,7E0,8,072E12346DF76E57
MON,0169976120,7E8,8,036E123400000000
MON,0169996605,7E0,8,032E123400000000
MON,0170000695,7E8,8,037F2E1300000000
MON,0170020793,7E0,8,072E1234B83E657B
MON,0170024868,7E8,8,036E123400000000
MON,0170045174,7E0,8,052E1234895B0000
MON,0170049257,7E8,8,036E123400000000
MON,0170069578,7E0,8,052E123434790000
MON,0170073660,7E8,8,036E123400000000
MON,0170093984,7E0,8,042E1234F2000000
MON,0170098071,7E8,8,036E123400000000
MON,0170118363,7E0,8,072E1234FE843CDE
MON,0170122435,7E8,8,036E123400000000
MON,0170142711,7E0,8,062E123424B95600
MON,0170146790,7E8,8,036E123400000000
MON,0170167068,7E0,8,072E1234F9B7CFC0
MON,0170171143,7E8,8,036E123400000000
MON,0170191490,7E0,8,042E1234FB000000
MON,0170195574,7E8,8,036E123400000000
MON,0170215908,7E0,8,032E123400000000
MON,0170219999,7E8,8,037F2E1300000000
MON,0170240398,7E0,8,062E1234919F7600
MON,0170244474,7E8,8,036E123400000000
MON,0170264689,7E0,8,042E333329000000
MON,0170268776,7E8,8,037F2E3100000000
MON,0170289344,7E0,8,052E12343A710000
MON,0170293425,7E8,8,036E123400000000
MON,0170313504,7E0,8,032E123400000000
MON,0170317593,7E8,8,037F2E1300000000
MON,0170338146,7E0,8,052E123409380000
MON,0170342234,7E8,8,036E123400000000
MON,0170362228,7E0,8,052E1234FA100000
MON,0170366309,7E8,8,036E123400000000
MON,0170386608,7E0,8,062E1234681DFF00
MON,0170390686,7E8,8,036E123400000000
MON,0170411071,7E0,8,062E3333BA009800
MON,0170415154,7E8,8,037F2E3100000000
MON,0170435366,7E0,8,052E12348D540000
MON,0170439446,7E8,8,036E123400000000
MON,0170459689,7E0,8,062EF18791561500
MON,0170463768,7E8,8,037F2E3100000000
MON,0170483185,7E0,8,072E123426EDD2B8
MON,0170487257,7E8,8,036E123400000000
MON,0170507629,7E0,8,042E123427000000
MON,0170511715,7E8,8,036E123400000000
MON,0170531982,7E0,8,062E100137456800
MON,0170536065,7E8,8,037F2E3100000000
MON,0170556284,7E0,8,042E1001AD000000
MON,0170560373,7E8,8,037F2E3100000000
MON,0170580632,7E0,8,072E123480DC41CF
MON,0170584707,7E8,8,036E123400000000
MON,0170604197,7E0,8,052E1234ABC60000
MON,0170608278,7E8,8,036E123400000000
MON,0170628559,7E0,8,042E123445000000
MON,0170632645,7E8,8,036E123400000000
MON,0170652929,7E0,8,042E1001AE000000
MON,0170657020,7E8,8,037F2E3100000000
MON,0170677380,7E0,8,042E123437000000
MON,0170681465,7E8,8,036E123400000000
MON,0170701719,7E0,8,062E1001618B9500
MON,0170705802,7E8,8,037F2E3100000000
MON,0170726370,7E0,8,042E1234BE000000
MON,0170730454,7E8,8,036E123400000000
MON,0170750584,7E0,8,042E222221000000
MON,0170754671,7E8,8,037F2E3100000000
MON,0170774899,7E0,8,072E1234162C4DC4
MON,0170778974,7E8,8,036E123400000000
MON,0170799243,7E0,8,042E1234E4000000
MON,0170803327,7E8,8,036E123400000000
MON,0170823801,7E0,8,052E12343EA10000
MON,0170827883,7E8,8,036E123400000000
MON,0170847981,7E0,8,062E1234D312B400
MON,0170852060,7E8,8,036E123400000000
MON,0170872431,7E0,8,072E123423793C4E
MON,0170876503,7E8,8,036E123400000000
MON,0170896774,7E0,8,052E1234C20B0000
MON,0170900861,7E8,8,036E123400000000
MON,0170921123,7E0,8,072E12348CEACDEB
MON,0170925200,7E8,8,036E123400000000
MON,0170944647,7E0,8,042E123406000000
MON,0170948738,7E8,8,036E123400000000
MON,0170969107,7E0,8,032E123400000000
MON,0170973200,7E8,8,037F2E1300000000
MON,0170993465,7E0,8,042E1234E2000000
MON,0170997550,7E8,8,036E123400000000
MON,0171017755,7E0,8,042E1234F5000000
MON,0171021841,7E8,8,036E123400000000
MON,0171042131,7E0,8,072EF1873DD719B2
MON,0171046208,7E8,8,037F2E3100000000
MON,0171066523,7E0,8,072E1234A4F54A9A
MON,0171070596,7E8,8,036E123400000000
MON,0171090908,7E0,8,072E33330FBB7E25
MON,0171094987,7E8,8,037F2E3100000000
MON,0171115314,7E0,8,062E123433BFA200
MON,0171119390,7E8,8,036E123400000000
MON,0171139644,7E0,8,042E123474000000
MON,0171143731,7E8,8,036E123400000000
MON,0171164149,7E0,8,072E123425483DD2
MON,0171168225,7E8,8,036E123400000000
MON,0171188455,7E0,8,042EF18723000000
MON,0171192540,7E8,8,037F2E3100000000
MON,0171212924,7E0,8,062E1234F67E2A00
MON,0171217003,7E8,8,036E123400000000
MON,0171237329,7E0,8,072E12349317131F
MON,0171241401,7E8,8,036E123400000000
MON,0171261734,7E0,8,052E12346FDA0000
MON,0171265816,7E8,8,036E123400000000
MON,0171286083,7E0,8,042E1001B2000000
MON,0171290174,7E8,8,037F2E3100000000
MON,0171310414,7E0,8,032E123400000000
MON,0171314503,7E8,8,037F2E1300000000
MON,0171334773,7E0,8,062E123446ACA600
MON,0171338852,7E8,8,036E123400000000
MON,0171359196,7E0,8,072EF187A2E88030
MON,0171363268,7E8,8,037F2E3100000000
MON,0171383533,7E0,8,062E1234662A8700
MON,0171387612,7E8,8,036E123400000000
MON,0171408036,7E0,8,052E12341F0C0000
MON,0171412123,7E8,8,036E123400000000
MON,0171432421,7E0,8,062EF187850B2F00
MON,0171436502,7E8,8,037F2E3100000000
MON,0171456784,7E0,8,052E1234ADE80000
MON,0171460866,7E8,8,036E123400000000
MON,0171481094,7E0,8,072E123472D3FC56
MON,0171485169,7E8,8,036E123400000000
MON,0171505448,7E0,8,052EF18771190000
MON,0171509528,7E8,8,037F2E3100000000
MON,0171530009,7E0,8,042E333324000000
MON,0171534095,7E8,8,037F2E3100000000
MON,0171554275,7E0,8,052E12346B4F0000
MON,0171558356,7E8,8,036E123400000000
MON,0171578621,7E0,8,062E12347A52BD00
MON,0171582700,7E8,8,036E123400000000
MON,0171602989,7E0,8,072E3333865A64D3
MON,0171607063,7E8,8,037F2E3100000000
MON,0171627659,7E0,8,072EF187977CEA54
MON,0171631734,7E8,8,037F2E3100000000
MON,0171651833,7E0,8,062E1234C57EF200
MON,0171655911,7E8,8,036E123400000000
MON,0171676167,7E0,8,062E12345B20CD00
MON,0171680246,7E8,8,036E123400000000
MON,0171700590,7E0,8,042E1234F5000000
MON,0171704677,7E8,8,036E123400000000
MON,0171724966,7E0,8,062E12342381F600
MON,0171729045,7E8,8,036E123400000000
MON,0171749444,7E0,8,052E1001ACFD0000
MON,0171753529,7E8,8,037F2E3100000000
MON,0171773745,7E0,8,052E123442920000
MON,0171777828,7E8,8,036E123400000000
MON,0171798100,7E0,8,042E123441000000
MON,0171802190,7E8,8,036E123400000000
MON,0171822714,7E0,8,062E123413425E00
MON,0171826793,7E8,8,036E123400000000
MON,0171846896,7E0,8,032E123400000000
MON,0171850987,7E8,8,037F2E1300000000
MON,0171871437,7E0,8,042E1234D2000000
MON,0171875521,7E8,8,036E123400000000
MON,0171895641,7E0,8,072E12343E57BB5A
MON,0171899716,7E8,8,036E123400000000
MON,0171920095,7E0,8,052E123489650000
MON,0171924178,7E8,8,036E123400000000
MON,0171944417,7E0,8,072E1234E9C219F3
MON,0171948490,7E8,8,036E123400000000
MON,0171969281,7E0,8,042E1234FD000000
MON,0171973365,7E8,8,036E123400000000
MON,0171993293,7E0,8,072E12340FAE96CB
MON,0171997370,7E8,8,036E123400000000
MON,0172017488,7E0,8,062E12347BEB9500
MON,0172021564,7E8,8,036E123400000000
MON,0172040963,7E0,8,042E222211000000
MON,0172045050,7E8,8,037F2E3100000000
MON,0172065371,7E0,8,072E1234B3441F57
MON,0172069443,7E8,8,036E123400000000
MON,0172089742,7E0,8,032E123400000000
MON,0172093833,7E8,8,037F2E1300000000
MON,0172114161,7E0,8,062E12341A843500
MON,0172118240,7E8,8,036E123400000000
MON,0172138432,7E0,8,062E1234FCF3AB00
MON,0172142508,7E8,8,036E123400000000
MON,0172161910,7E0,8,052E123477FF0000
MON,0172165993,7E8,8,036E123400000000
MON,0172186302,7E0,8,042E123432000000
MON,0172190386,7E8,8,036E123400000000
MON,0172210623,7E0,8,052E1234ED370000
MON,0172214706,7E8,8,036E123400000000
MON,0172235063,7E0,8,072E12348F238CEF
MON,0172239137,7E8,8,036E123400000000
MON,0172259518,7E0,8,052E1234D1D00000
MON,0172263597,7E8,8,036E123400000000
MON,0172283876,7E0,8,062E333305991D00
MON,0172287959,7E8,8,037F2E3100000000
MON,0172308465,7E0,8,052E1234E88F0000
MON,0172312546,7E8,8,036E123400000000
MON,0172332689,7E0,8,052E1234294A0000
MON,0172336772,7E8,8,036E123400000000
MON,0172357044,7E0,8,072E123453D47070
MON,0172361119,7E8,8,036E123400000000
MON,0172381355,7E0,8,062E1234557FD300
MON,0172385431,7E8,8,036E123400000000
MON,0172405893,7E0,8,072EF18740E7D939
MON,0172409968,7E8,8,037F2E3100000000
MON,0172430254,7E0,8,042E1234ED000000
MON,0172434339,7E8,8,036E123400000000
MON,0172454576,7E0,8,062E123464EF4000
MON,0172458654,7E8,8,036E123400000000
MON,0172479112,7E0,8,042E1234AC000000
MON,0172483202,7E8,8,036E123400000000
MON,0172503338,7E0,8,032E123400000000
MON,0172507426,7E8,8,037F2E1300000000
MON,0172527832,7E0,8,062E33333E2D6B00
MON,0172531911,7E8,8,037F2E3100000000
MON,0172552214,7E0,8,062E1234CCD41C00
MON,0172556291,7E8,8,036E123400000000
MON,0172576617,7E0,8,042E123402000000
MON,0172580708,7E8,8,036E123400000000
MON,0172600858,7E0,8,052E1234CD6A0000
MON,0172604940,7E8,8,036E123400000000
MON,0172625199,7E0,8,032E123400000000
MON,0172629287,7E8,8,037F2E1300000000
MON,0172648874,7E0,8,042E12341E000000
MON,0172652961,7E8,8,036E123400000000
MON,0172673120,7E0,8,042E1234A2000000
MON,0172677210,7E8,8,036E123400000000
MON,0172697541,7E0,8,072E1234E308D387
MON,0172701620,7E8,8,036E123400000000
MON,0172721837,7E0,8,062E1234CAD33000
MON,0172725915,7E8,8,036E123400000000
MON,0172746405,7E0,8,052E3333ECF60000
MON,0172750485,7E8,8,037F2E3100000000
MON,0172770570,7E0,8,042E1234C3000000
MON,0172774657,7E8,8,036E123400000000
MON,0172794167,7E0,8,062E1001E267DD00
MON,0172798251,7E8,8,037F2E3100000000
MON,0172818465,7E0,8,062E1234955F2E00
MON,0172822541,7E8,8,036E123400000000
MON,0172842904,7E0,8,062E1234B2B79200
MON,0172846983,7E8,8,036E123400000000
MON,0172867337,7E0,8,072E1234F9B5BFA1
MON,0172871410,7E8,8,036E123400000000
MON,0172891675,7E0,8,072E1234A72712D5
MON,0172895749,7E8,8,036E123400000000
MON,0172916227,7E0,8,072E1234C17F102C
MON,0172920299,7E8,8,036E123400000000
MON,0172940457,7E0,8,042EF187FD000000
MON,0172944542,7E8,8,037F2E3100000000
MON,0172964949,7E0,8,062E3333040FC900
MON,0172969037,7E8,8,037F2E3100000000
MON,0172989335,7E0,8,072E1234AC96CE67
MON,0172993407,7E8,8,036E123400000000
MON,0173013689,7E0,8,042EF18701000000
MON,0173017780,7E8,8,037F2E3100000000
MON,0173037957,7E0,8,072E1234A2F82510
MON,0173042032,7E8,8,036E123400000000
MON,0173062318,7E0,8,052E123447930000
MON,0173066399,7E8,8,036E123400000000
MON,0173086647,7E0,8,062E1234615EF500
MON,0173090726,7E8,8,036E123400000000
MON,0173110095,7E0,8,072E12345D1411CF
MON,0173114170,7E8,8,036E123400000000
MON,0173134562,7E0,8,052E10015E3B0000
MON,0173138649,7E8,8,037F2E3100000000
MON,0173158995,7E0,8,052EF18750B70000
MON,0173163078,7E8,8,037F2E3100000000
MON,0173183281,7E0,8,052E1234D96F0000
MON,0173187361,7E8,8,036E123400000000
MON,0173207688,7E0,8,052E1234A1FB0000
MON,0173211771,7E8,8,036E123400000000
MON,0173232100,7E0,8,072E1234E67A4D7B
MON,0173236175,7E8,8,036E123400000000
MON,0173256425,7E0,8,042E123455000000
MON,0173260509,7E8,8,036E123400000000
MON,0173280018,7E0,8,042E2222EC000000
MON,0173284104,7E8,8,037F2E3100000000
MON,0173304397,7E0,8,052E123459440000
MON,0173308478,7E8,8,036E123400000000
MON,0173328737,7E0,8,052E1234460D0000
MON,0173332824,7E8,8,036E123400000000
MON,0173353114,7E0,8,042E123482000000
MON,0173357203,7E8,8,036E123400000000
MON,0173377496,7E0,8,062E123440924C00
MON,0173381573,7E8,8,036E123400000000
MON,0173401947,7E0,8,062E1234A8254B00
MON,0173406025,7E8,8,036E123400000000
MON,0173426295,7E0,8,072E1234B53229A4
MON,0173430368,7E8,8,036E123400000000
MON,0173450706,7E0,8,042E123432000000
MON,0173454792,7E8,8,036E123400000000
MON,0173475093,7E0,8,052E1234FB1A0000
MON,0173479176,7E8,8,036E123400000000
MON,0173499506,7E0,8,062E1234EF398700
MON,0173503582,7E8,8,036E123400000000
MON,0173523843,7E0,8,032E123400000000
MON,0173527934,7E8,8,037F2E1300000000
MON,0173548271,7E0,8,052E123490260000
MON,0173552352,7E8,8,036E123400000000
MON,0173572695,7E0,8,072E12348D5F22DD
MON,0173576770,7E8,8,036E123400000000
MON,0173597048,7E0,8,062E1234EF8A5500
MON,0173601127,7E8,8,036E123400000000
MON,0173621446,7E0,8,042E1234C9000000
MON,0173625531,7E8,8,036E123400000000
MON,0173645849,7E0,8,062E12344F96DC00
MON,0173649928,7E8,8,036E123400000000
MON,0173670254,7E0,8,052E12341DF20000
MON,0173674335,7E8,8,036E123400000000
MON,0173694645,7E0,8,042EF187C8000000
MON,0173698731,7E8,8,037F2E3100000000
MON,0173719100,7E0,8,062E33333363CD00
MON,0173723178,7E8,8,037F2E3100000000
MON,0173743417,7E0,8,062E123458CA6D00
MON,0173747494,7E8,8,036E123400000000
MON,0173767770,7E0,8,052E12344F370000
MON,0173771853,7E8,8,036E123400000000
MON,0173792212,7E0,8,042E10013E000000
MON,0173796300,7E8,8,037F2E3100000000
MON,0173816728,7E0,8,062E1001DFABF000
MON,0173820811,7E8,8,037F2E3100000000
MON,0173840983,7E0,8,052E1234AF710000
MON,0173845066,7E8,8,036E123400000000
MON,0173865335,7E0,8,052E12347B120000
MON,0173869416,7E8,8,036E123400000000
MON,0173889703,7E0,8,072E1234B8452458
MON,0173893778,7E8,8,036E123400000000
MON,0173914045,7E0,8,042E123440000000
MON,0173918131,7E8,8,036E123400000000
MON,0173938437,7E0,8,042E123463000000
MON,0173942522,7E8,8,036E123400000000
MON,0173962812,7E0,8,062E123443A7B900
MON,0173966890,7E8,8,036E123400000000
MON,0173987368,7E0,8,072E123401940B6C
MON,0173991450,7E8,8,036E123400000000
MON,0174011788,7E0,8,042E123406000000
MON,0174015879,7E8,8,036E123400000000
MON,0174036034,7E0,8,042E123400000000
MON,0174040124,7E8,8,036E123400000000
MON,0174060506,7E0,8,062E123458776000
MON,0174064583,7E8,8,036E123400000000
MON,0174084850,7E0,8,062E12345B7A8E00
MON,0174088928,7E8,8,036E123400000000
MON,0174109254,7E0,8,062E1234D85DBC00
MON,0174113331,7E8,8,036E123400000000
MON,0174133652,7E0,8,052EF18779630000
MON,0174137735,7E8,8,037F2E3100000000
MON,0174158120,7E0,8,052E1234537A0000
MON,0174162205,7E8,8,036E123400000000
MON,0174182375,7E0,8,052E12344AF90000
MON,0174186455,7E8,8,036E123400000000
MON,0174206911,7E0,8,042E10017F000000
MON,0174211002,7E8,8,037F2E3100000000
MON,0174231221,7E0,8,062E12340A909900
MON,0174235302,7E8,8,036E123400000000
MON,0174255769,7E0,8,062E3333DB451900
MON,0174259848,7E8,8,037F2E3100000000
MON,0174279940,7E0,8,072E2222DDB2BB3C
MON,0174284015,7E8,8,037F2E3100000000
MON,0174304252,7E0,8,052E123422000000
MON,0174308336,7E8,8,036E123400000000
MON,0174328725,7E0,8,062E12348A2D9E00
MON,0174332804,7E8,8,036E123400000000
MON,0174353177,7E0,8,062E123441E5E300
MON,0174357256,7E8,8,036E123400000000
MON,0174377453,7E0,8,052E123436350000
MON,0174381533,7E8,8,036E123400000000
MON,0174401868,7E0,8,052E123449B50000
MON,0174405951,7E8,8,036E123400000000
MON,0174426237,7E0,8,052E3333A8390000
MON,0174430318,7E8,8,037F2E3100000000
MON,0174450712,7E0,8,062E123445349000
MON,0174454791,7E8,8,036E123400000000
MON,0174475086,7E0,8,052E1234410E0000
MON,0174479173,7E8,8,036E123400000000
MON,0174499351,7E0,8,042E12343C000000
MON,0174503435,7E8,8,036E123400000000
MON,0174522735,7E0,8,072E123412D3B4E3
MON,0174526810,7E8,8,036E123400000000
MON,0174546194,7E0,8,052E123475D60000
MON,0174550274,7E8,8,036E123400000000
MON,0174570658,7E0,8,042E1001B9000000
MON,0174574749,7E8,8,037F2E3100000000
MON,0174595157,7E0,8,052EF18701050000
MON,0174599249,7E8,8,037F2E3100000000
MON,0174619401,7E0,8,042E123454000000
MON,0174623486,7E8,8,036E123400000000
MON,0174643762,7E0,8,042E1234B6000000
MON,0174647849,7E8,8,036E123400000000
MON,0174668087,7E0,8,072E12344619621F
MON,0174672162,7E8,8,036E123400000000
MON,0174691555,7E0,8,072E123437524EB2
MON,0174695630,7E8,8,036E123400000000
MON,0174716010,7E0,8,032E123400000000
MON,0174720100,7E8,8,037F2E1300000000
MON,0174740415,7E0,8,072E12344193356C
MON,0174744487,7E8,8,036E123400000000
MON,0174764775,7E0,8,042E1234AD000000
MON,0174768862,7E8,8,036E123400000000
MON,0174789222,7E0,8,072E1234C65B39E7
MON,0174793294,7E8,8,036E123400000000
MON,0174813588,7E0,8,062E1234039B3E00
MON,0174817671,7E8,8,036E123400000000
MON,0174838000,7E0,8,062E123483984100
MON,0174842079,7E8,8,036E123400000000
MON,0174862376,7E0,8,072E1234F2FAFF13
MON,0174866449,7E8,8,036E123400000000
MON,0174886956,7E0,8,072E1234A1FB0268
MON,0174891035,7E8,8,036E123400000000
MON,0174911128,7E0,8,042E1234B4000000
MON,0174915218,7E8,8,036E123400000000
MON,0174935634,7E0,8,072EF1870E2453C4
MON,0174939713,7E8,8,037F2E3100000000
MON,0174959930,7E0,8,062E12345202C900
MON,0174964013,7E8,8,036E123400000000
MON,0174984345,7E0,8,042E1234EA000000
MON,0174988429,7E8,8,036E123400000000
MON,0175008756,7E0,8,062E12343AA55D00
MON,0175012835,7E8,8,036E123400000000
MON,0175033108,7E0,8,072E12343B76CA76
MON,0175037185,7E8,8,036E123400000000
MON,0175057483,7E0,8,072E123435063377
MON,0175061560,7E8,8,036E123400000000
MON,0175081928,7E0,8,062E1234DAC89700
MON,0175086007,7E8,8,036E123400000000
MON,0175106288,7E0,8,052E12347CA60000
MON,0175110368,7E8,8,036E123400000000
MON,0175130729,7E0,8,032E123400000000
MON,0175134820,7E8,8,037F2E1300000000
MON,0175155137,7E0,8,052EF1870A200000
MON,0175159225,7E8,8,037F2E3100000000
MON,0175179377,7E0,8,072E1234347C57E3
MON,0175183450,7E8,8,036E123400000000
MON,0175203810,7E0,8,042E333326000000
MON,0175207897,7E8,8,037F2E3100000000
MON,0175228262,7E0,8,072E123448744562
MON,0175232335,7E8,8,036E123400000000
MON,0175252639,7E0,8,032E123400000000
MON,0175256730,7E8,8,037F2E1300000000
MON,0175277191,7E0,8,062E123429117500
MON,0175281266,7E8,8,036E123400000000
MON,0175301368,7E0,8,052EF187172B0000
MON,0175305449,7E8,8,037F2E3100000000
MON,0175325826,7E0,8,042EF187AC000000
MON,0175329913,7E8,8,037F2E3100000000
MON,0175350112,7E0,8,052E333394100000
MON,0175354198,7E8,8,037F2E3100000000
MON,0175374559,7E0,8,072E1234EDB56BDF
MON,0175378633,7E8,8,036E123400000000
MON,0175398850,7E0,8,072E1234F22DAAB7
MON,0175402924,7E8,8,036E123400000000
MON,0175423290,7E0,8,062E1234EAF5FC00
MON,0175427366,7E8,8,036E123400000000
MON,0175447710,7E0,8,042E123444000000
MON,0175451796,7E8,8,036E123400000000
MON,0175472041,7E0,8,052E1234E4C10000
MON,0175476123,7E8,8,036E123400000000
MON,0175496466,7E0,8,062E12349D15F900
MON,0175500543,7E8,8,036E123400000000
MON,0175520799,7E0,8,072E123434FFFCD0
MON,0175524873,7E8,8,036E123400000000
MON,0175545323,7E0,8,062E1234BE1AA400
MON,0175549400,7E8,8,036E123400000000
MON,0175569614,7E0,8,042E3333D9000000
MON,0175573701,7E8,8,037F2E3100000000
MON,0175594086,7E0,8,042E1001A8000000
MON,0175598177,7E8,8,037F2E3100000000
MON,0175618484,7E0,8,072E1234E14970E4
MON,0175622556,7E8,8,036E123400000000
MON,0175642790,7E0,8,042E1234AD000000
MON,0175646877,7E8,8,036E123400000000
MON,0175667204,7E0,8,042E1234AE000000
MON,0175671288,7E8,8,036E123400000000
MON,0175691615,7E0,8,042E123401000000
MON,0175695706,7E8,8,036E123400000000
MON,0175715968,7E0,8,072E1234436976FF
MON,0175720042,7E8,8,036E123400000000
MON,0175740380,7E0,8,072E12340E2518BD
MON,0175744456,7E8,8,036E123400000000
MON,0175764766,7E0,8,062E12344C042500
MON,0175768849,7E8,8,036E123400000000
MON,0175789198,7E0,8,042E1234FC000000
MON,0175793281,7E8,8,036E123400000000
MON,0175813642,7E0,8,062E12345A849700
MON,0175817721,7E8,8,036E123400000000
MON,0175837937,7E0,8,042E123403000000
MON,0175842028,7E8,8,036E123400000000
MON,0175862304,7E0,8,072E12347C158847
MON,0175866376,7E8,8,036E123400000000
MON,0175886647,7E0,8,062E1234A6F00300
MON,0175890730,7E8,8,036E123400000000
MON,0175911132,7E0,8,072E1234E231C885
MON,0175915210,7E8,8,036E123400000000
MON,0175935631,7E0,8,072E123474B7A917
MON,0175939706,7E8,8,036E123400000000
MON,0175959883,7E0,8,062E1234A2852200
MON,0175963961,7E8,8,036E123400000000
MON,0175984316,7E0,8,062E1234F5869800
MON,0175988393,7E8,8,036E123400000000
MON,0176008708,7E0,8,052E1234D4DA0000
MON,0176012791,7E8,8,036E123400000000
MON,0176033091,7E0,8,072E1234E1D571A0
MON,0176037167,7E8,8,036E123400000000
MON,0176057360,7E0,8,072E1234AF9F776F
MON,0176061433,7E8,8,036E123400000000
MON,0176081726,7E0,8,072E1234310BB078
MON,0176085805,7E8,8,036E123400000000
MON,0176105195,7E0,8,072E2222B2FE0255
MON,0176109272,7E8,8,037F2E3100000000
MON,0176129694,7E0,8,052E1234B0140000
MON,0176133777,7E8,8,036E123400000000
MON,0176153971,7E0,8,072E12346567909F
MON,0176158046,7E8,8,036E123400000000
MON,0176178467,7E0,8,062E123474FDF500
MON,0176182544,7E8,8,036E123400000000
MON,0176203036,7E0,8,042E12340D000000
MON,0176207127,7E8,8,036E123400000000
MON,0176227179,7E0,8,072E12342EC4E11B
MON,0176231254,7E8,8,036E123400000000
MON,0176251609,7E0,8,052E12346C8B0000
MON,0176255691,7E8,8,036E123400000000
MON,0176275981,7E0,8,072E12347274D6F9
MON,0176280055,7E8,8,036E123400000000
MON,0176300387,7E0,8,062E12346C0C6A00
MON,0176304468,7E8,8,036E123400000000
MON,0176324789,7E0,8,042E123484000000
MON,0176328875,7E8,8,036E123400000000
MON,0176349176,7E0,8,062E123416DC2300
MON,0176353255,7E8,8,036E123400000000
MON,0176373554,7E0,8,072E1234882C0CA2
MON,0176377633,7E8,8,036E123400000000
MON,0176397911,7E0,8,062E1001903C0700
MON,0176401999,7E8,8,037F2E3100000000
MON,0176422325,7E0,8,062E12341A1A2B00
MON,0176426401,7E8,8,036E123400000000
MON,0176446678,7E0,8,052E1234F7730000
MON,0176450760,7E8,8,036E123400000000
MON,0176471346,7E0,8,032E123400000000
MON,0176475434,7E8,8,037F2E1300000000
MON,0176495598,7E0,8,042E1234C4000000
MON,0176499685,7E8,8,036E123400000000
MON,0176519845,7E0,8,062E12340D399300
MON,0176523928,7E8,8,036E123400000000
MON,0176544232,7E0,8,052E123453060000
MON,0176548317,7E8,8,036E123400000000
MON,0176568626,7E0,8,042E1001EA000000
MON,0176572717,7E8,8,037F2E3100000000
MON,0176593058,7E0,8,052E12346A5C0000
MON,0176597140,7E8,8,036E123400000000
MON,0176617351,7E0,8,062E12348EC30C00
MON,0176621432,7E8,8,036E123400000000
MON,0176641776,7E0,8,042E123476000000
MON,0176645863,7E8,8,036E123400000000
MON,0176666153,7E0,8,072E1234DEB059F6
MON,0176670228,7E8,8,036E123400000000
MON,0176690498,7E0,8,072E1234929D61FC
MON,0176694571,7E8,8,036E123400000000
MON,0176714726,7E0,8,052E123447C80000
MON,0176718809,7E8,8,036E123400000000
MON,0176738344,7E0,8,062E1234E75AF800
MON,0176742421,7E8,8,036E123400000000
MON,0176762714,7E0,8,062E1234903AB700
MON,0176766793,7E8,8,036E123400000000
MON,0176787236,7E0,8,042E1234C3000000
MON,0176791321,7E8,8,036E123400000000
MON,0176811440,7E0,8,072E12342DCAAD55
MON,0176815512,7E8,8,036E123400000000
MON,0176835884,7E0,8,042E3333E6000000
MON,0176839971,7E8,8,037F2E3100000000
MON,0176860381,7E0,8,062E1234F8617100
MON,0176864458,7E8,8,036E123400000000
MON,0176884768,7E0,8,042E12349C000000
MON,0176888854,7E8,8,036E123400000000
MON,0176909076,7E0,8,052EF18774330000
MON,0176913159,7E8,8,037F2E3100000000
MON,0176933549,7E0,8,062E3333BEB5F300
MON,0176937628,7E8,8,037F2E3100000000
MON,0176957771,7E0,8,072EF187E7D312D4
MON,0176961846,7E8,8,037F2E3100000000
MON,0176981330,7E0,8,052E123417850000
MON,0176985411,7E8,8,036E123400000000
MON,0177005558,7E0,8,062E1234D96BB700
MON,0177009637,7E8,8,036E123400000000
MON,0177029063,7E0,8,052E1001F7210000
MON,0177033150,7E8,8,037F2E3100000000
MON,0177053772,7E0,8,042E12349D000000
MON,0177057858,7E8,8,036E123400000000
MON,0177077928,7E0,8,042E12340A000000
MON,0177082019,7E8,8,036E123400000000
MON,0177102227,7E0,8,062E1234CE622800
MON,0177106302,7E8,8,036E123400000000
MON,0177126703,7E0,8,062E10011F06F400
MON,0177130790,7E8,8,037F2E3100000000
MON,0177151091,7E0,8,042E123461000000
MON,0177155178,7E8,8,036E123400000000
MON,0177175535,7E0,8,072E1234A685D3FF
MON,0177179610,7E8,8,036E123400000000
MON,0177199731,7E0,8,042E12346A000000
MON,0177203817,7E8,8,036E123400000000
MON,0177224278,7E0,8,052E1234DAB80000
MON,0177228358,7E8,8,036E123400000000
MON,0177248561,7E0,8,072E3333DC1AC2FA
MON,0177252636,7E8,8,037F2E3100000000
MON,0177272981,7E0,8,062E1234A3B60700
MON,0177277064,7E8,8,036E123400000000
MON,0177297323,7E0,8,072E12349E86468C
MON,0177301396,7E8,8,036E123400000000
MON,0177321751,7E0,8,072E1234B5FE7A0A
MON,0177325830,7E8,8,036E123400000000
MON,0177346007,7E0,8,072E1234F61A6DF7
MON,0177350082,7E8,8,036E123400000000
MON,0177369551,7E0,8,072E1234841E4B93
MON,0177373625,7E8,8,036E123400000000
MON,0177394022,7E0,8,052E1234BA440000
MON,0177398104,7E8,8,036E123400000000
MON,0177418335,7E0,8,072E1234DB3FD286
MON,0177422408,7E8,8,036E123400000000
MON,0177442785,7E0,8,052E123418FF0000
MON,0177446868,7E8,8,036E123400000000
MON,0177467200,7E0,8,052E222252C40000
MON,0177471280,7E8,8,037F2E3100000000
MON,0177491596,7E0,8,052E12342F7A0000
MON,0177495679,7E8,8,036E123400000000
MON,0177515945,7E0,8,052E12341CE70000
MON,0177520028,7E8,8,036E123400000000
MON,0177540219,7E0,8,062E222275A23B00
MON,0177544296,7E8,8,037F2E3100000000
MON,0177564667,7E0,8,052E123460D70000
MON,0177568750,7E8,8,036E123400000000
MON,0177589135,7E0,8,042E123423000000
MON,0177593222,7E8,8,036E123400000000
MON,0177613476,7E0,8,072E12343999E49A
MON,0177617548,7E8,8,036E123400000000
MON,0177637883,7E0,8,062E33332B61DD00
MON,0177641962,7E8,8,037F2E3100000000
MON,0177662451,7E0,8,052E123457710000
MON,0177666532,7E8,8,036E123400000000
MON,0177686618,7E0,8,042E12342A000000
MON,0177690705,7E8,8,036E123400000000
MON,0177711068,7E0,8,052E123411EB0000
MON,0177715151,7E8,8,036E123400000000
MON,0177735502,7E0,8,042E1001C9000000
MON,0177739591,7E8,8,037F2E3100000000
MON,0177759932,7E0,8,062E1001AD546000
MON,0177764015,7E8,8,037F2E3100000000
MON,0177784251,7E0,8,072E12347A3CF0B5
MON,0177788323,7E8,8,036E123400000000
MON,0177808639,7E0,8,072E123481A2EA44
MON,0177812714,7E8,8,036E123400000000
MON,0177832930,7E0,8,052E1234F2820000
MON,0177837013,7E8,8,036E123400000000
MON,0177857597,7E0,8,062E1234718C2300
MON,0177861676,7E8,8,036E123400000000
MON,0177881701,7E0,8,062E1234962E7300
MON,0177885780,7E8,8,036E123400000000
MON,0177906308,7E0,8,062E12341D9FA200
MON,0177910384,7E8,8,036E123400000000
MON,0177930564,7E0,8,062E12349EE86B00
MON,0177934643,7E8,8,036E123400000000
MON,0177955146,7E0,8,072E1234A96E719C
MON,0177959221,7E8,8,036E123400000000
MON,0177979362,7E0,8,042E123478000000
MON,0177983446,7E8,8,036E123400000000
MON,0178003700,7E0,8,052E22227CB30000
MON,0178007783,7E8,8,037F2E3100000000
MON,0178028112,7E0,8,042E1234A2000000
MON,0178032202,7E8,8,036E123400000000
MON,0178052490,7E0,8,072E1234CA78DD06
MON,0178056566,7E8,8,036E123400000000
MON,0178076952,7E0,8,062E12345BDD7600
MON,0178081030,7E8,8,036E123400000000
MON,0178101266,7E0,8,052E1234621B0000
MON,0178105347,7E8,8,036E123400000000
MON,0178125780,7E0,8,062E123469F93900
MON,0178129859,7E8,8,036E123400000000
MON,0178150115,7E0,8,052E123450D20000
MON,0178154200,7E8,8,036E123400000000
MON,0178174561,7E0,8,062E1234CF078600
MON,0178178644,7E8,8,036E123400000000
MON,0178198906,7E0,8,042E12348A000000
MON,0178202992,7E8,8,036E123400000000
MON,0178223234,7E0,8,032E123400000000
MON,0178227323,7E8,8,037F2E1300000000
MON,0178247683,7E0,8,062E10010C1CBA00
MON,0178251771,7E8,8,037F2E3100000000
MON,0178272094,7E0,8,052E1234489C0000
MON,0178276177,7E8,8,036E123400000000
MON,0178296371,7E0,8,072E1234445E345B
MON,0178300444,7E8,8,036E123400000000
MON,0178320788,7E0,8,042E333374000000
MON,0178324875,7E8,8,037F2E3100000000
MON,0178345279,7E0,8,062EF18790A39900
MON,0178349355,7E8,8,037F2E3100000000
MON,0178369659,7E0,8,072E12342315DB30
MON,0178373734,7E8,8,036E123400000000
MON,0178393928,7E0,8,042E12345D000000
MON,0178398015,7E8,8,036E123400000000
MON,0178418358,7E0,8,042E1234C0000000
MON,0178422442,7E8,8,036E123400000000
MON,0178442814,7E0,8,062E1001F10EBD00
MON,0178446902,7E8,8,037F2E3100000000
MON,0178467329,7E0,8,042E123408000000
MON,0178471418,7E8,8,036E123400000000
MON,0178491581,7E0,8,072E123496ED38D9
MON,0178495656,7E8,8,036E123400000000
MON,0178515968,7E0,8,072E123443E9CC9E
MON,0178520042,7E8,8,036E123400000000
MON,0178540301,7E0,8,042E123438000000
MON,0178544385,7E8,8,036E123400000000
MON,0178565128,7E0,8,042E12348D000000
MON,0178569218,7E8,8,036E123400000000
MON,0178589153,7E0,8,062E10010272EF00
MON,0178593242,7E8,8,037F2E3100000000
MON,0178613511,7E0,8,062E12343787BF00
MON,0178617588,7E8,8,036E123400000000
MON,0178637805,7E0,8,052E12346A8A0000
MON,0178641887,7E8,8,036E123400000000
MON,0178662410,7E0,8,072E1234D88AC9B7
MON,0178666483,7E8,8,036E123400000000
MON,0178686601,7E0,8,042E123481000000
MON,0178690688,7E8,8,036E123400000000
MON,0178711074,7E0,8,052E1234E9080000
MON,0178715161,7E8,8,036E123400000000
MON,0178735451,7E0,8,042E1234F6000000
MON,0178739536,7E8,8,036E123400000000
MON,0178759763,7E0,8,042E333322000000
MON,0178763849,7E8,8,037F2E3100000000
MON,0178784071,7E0,8,072E12343989E3C8
MON,0178788146,7E8,8,036E123400000000
MON,0178807522,7E0,8,072E222213EC25E4
MON,0178811594,7E8,8,037F2E3100000000
MON,0178831957,7E0,8,072E1234A24A1019
MON,0178836032,7E8,8,036E123400000000
MON,0178856420,7E0,8,052E1234D07D0000
MON,0178860500,7E8,8,036E123400000000
MON,0178880844,7E0,8,042E1234CC000000
MON,0178884931,7E8,8,036E123400000000
MON,0178905189,7E0,8,042E1234BF000000
MON,0178909274,7E8,8,036E123400000000
MON,0178929499,7E0,8,032E123400000000
MON,0178933588,7E8,8,037F2E1300000000
MON,0178953872,7E0,8,052EF187EE3A0000
MON,0178957955,7E8,8,037F2E3100000000
MON,0178978343,7E0,8,062E1001F6141D00
MON,0178982424,7E8,8,037F2E3100000000
MON,0179002740,7E0,8,042E123412000000
MON,0179006826,7E8,8,036E123400000000
MON,0179027054,7E0,8,042E123405000000
MON,0179031145,7E8,8,036E123400000000
MON,0179051480,7E0,8,062E123446340B00
MON,0179055561,7E8,8,036E123400000000
MON,0179075878,7E0,8,062E1234C22A6F00
MON,0179079957,7E8,8,036E123400000000
MON,0179100300,7E0,8,032E123400000000
MON,0179104388,7E8,8,037F2E1300000000
MON,0179124720,7E0,8,052E123426D80000
MON,0179128803,7E8,8,036E123400000000
MON,0179149053,7E0,8,062E1234B80FCA00
MON,0179153136,7E8,8,036E123400000000
MON,0179173690,7E0,8,052E1234BE8B0000
MON,0179177773,7E8,8,036E123400000000
MON,0179197855,7E0,8,072E1234C1A861C1
MON,0179201929,7E8,8,036E123400000000
MON,0179222204,7E0,8,042E100106000000
MON,0179226297,7E8,8,037F2E3100000000
MON,0179246646,7E0,8,062E3333F25A3F00
MON,0179250725,7E8,8,037F2E3100000000
MON,0179271065,7E0,8,052E12344BBE0000
MON,0179275148,7E8,8,036E123400000000
MON,0179295347,7E0,8,052EF1879B5E0000
MON,0179299428,7E8,8,037F2E3100000000
MON,0179319771,7E0,8,052E1234B1B90000
MON,0179323854,7E8,8,036E123400000000
MON,0179344132,7E0,8,062E12345964FB00
MON,0179348213,7E8,8,036E123400000000
MON,0179368692,7E0,8,042EF18769000000
MON,0179372779,7E8,8,037F2E3100000000
MON,0179392939,7E0,8,042E123401000000
MON,0179397030,7E8,8,036E123400000000
MON,0179417379,7E0,8,042E1234C2000000
MON,0179421463,7E8,8,036E123400000000
MON,0179441807,7E0,8,052E100133A90000
MON,0179445894,7E8,8,037F2E3100000000
MON,0179466226,7E0,8,072E12346EF7281C
MON,0179470298,7E8,8,036E123400000000
MON,0179490564,7E0,8,062E1234E4881100
MON,0179494642,7E8,8,036E123400000000
MON,0179514893,7E0,8,072E12343F0AC634
MON,0179518972,7E8,8,036E123400000000
MON,0179539321,7E0,8,032E123400000000
MON,0179543409,7E8,8,037F2E1300000000
MON,0179564057,7E0,8,072E123435CC1706
MON,0179568136,7E8,8,036E123400000000
MON,0179588024,7E0,8,072E1234B0FF6C30
MON,0179592098,7E8,8,036E123400000000
MON,0179612470,7E0,8,062E123495710000
MON,0179616550,7E8,8,036E123400000000
MON,0179636811,7E0,8,042E10014C000000
MON,0179640902,7E8,8,037F2E3100000000
MON,0179661245,7E0,8,032E123400000000
MON,0179665334,7E8,8,037F2E1300000000
MON,0179685621,7E0,8,072E123451747EED
MON,0179689696,7E8,8,036E123400000000
MON,0179710059,7E0,8,062E12341C3D6300
MON,0179714137,7E8,8,036E123400000000
MON,0179734428,7E0,8,062E1234C8C30B00
MON,0179738509,7E8,8,036E123400000000
MON,0179758830,7E0,8,052E12342ECC0000
MON,0179762912,7E8,8,036E123400000000
MON,0179783128,7E0,8,062E12340E794300
MON,0179787214,7E8,8,036E123400000000
MON,0179807575,7E0,8,042E123416000000
MON,0179811661,7E8,8,036E123400000000
MON,0179831956,7E0,8,052E123435090000
MON,0179836044,7E8,8,036E123400000000
MON,0179856364,7E0,8,072E1234195C80B6
MON,0179860437,7E8,8,036E123400000000
MON,0179880848,7E0,8,062E222283783C00
MON,0179884927,7E8,8,037F2E3100000000
MON,0179905172,7E0,8,072E123491CCF705
MON,0179909252,7E8,8,036E123400000000
MON,0179929562,7E0,8,072E1234CB2457B0
MON,0179933637,7E8,8,036E123400000000
MON,0179953909,7E0,8,042E12348A000000
MON,0179957996,7E8,8,036E123400000000
MON,0179978339,7E0,8,042E12347A000000
MON,0179982423,7E8,8,036E123400000000
MON,0180002851,7E0,8,062E2222D8B5B800
MON,0180006930,7E8,8,037F2E3100000000
MON,0180027233,7E0,8,052E1234440C0000
MON,0180031318,7E8,8,036E123400000000
MON,0180051622,7E0,8,052E1001DFB60000
MON,0180055709,7E8,8,037F2E3100000000
MON,0180075937,7E0,8,062E12349C358800
MON,0180080016,7E8,8,036E123400000000
MON,0180100240,7E0,8,072E1234794C9C07
MON,0180104316,7E8,8,036E123400000000
MON,0180124711,7E0,8,062E3333FF9D5400
MON,0180128789,7E8,8,037F2E3100000000
MON,0180149101,7E0,8,072E12342E2CB1F1
MON,0180153176,7E8,8,036E123400000000
MON,0180173528,7E0,8,062E12345BCCD800
MON,0180177604,7E8,8,036E123400000000
MON,0180197883,7E0,8,062E123425817300
MON,0180201961,7E8,8,036E123400000000
MON,0180222282,7E0,8,072E12348D32FA8B
MON,0180226355,7E8,8,036E123400000000
MON,0180246648,7E0,8,042E1001EA000000
MON,0180250739,7E8,8,037F2E3100000000
MON,0180271023,7E0,8,072E123432B02FA9
MON,0180275098,7E8,8,036E123400000000
MON,0180295402,7E0,8,062E123488CCF400
MON,0180299479,7E8,8,036E123400000000
MON,0180319766,7E0,8,072E12345DBEC2A7
MON,0180323841,7E8,8,036E123400000000
MON,0180344223,7E0,8,052E123420EB0000
MON,0180348302,7E8,8,036E123400000000
MON,0180368545,7E0,8,062E12347653A500
MON,0180372624,7E8,8,036E123400000000
MON,0180392969,7E0,8,062E123427D63000
MON,0180397048,7E8,8,036E123400000000
MON,0180417363,7E0,8,042EF187E6000000
MON,0180421447,7E8,8,037F2E3100000000
MON,0180441797,7E0,8,072E12347B9A5FEC
MON,0180445871,7E8,8,036E123400000000
MON,0180466026,7E0,8,032E123400000000
MON,0180470116,7E8,8,037F2E1300000000
MON,0180490532,7E0,8,052E33339FF00000
MON,0180494615,7E8,8,037F2E3100000000
MON,0180514769,7E0,8,042E12347B000000
MON,0180518856,7E8,8,036E123400000000
MON,0180538170,7E0,8,062E1234E228B000
MON,0180542249,7E8,8,036E123400000000
MON,0180561678,7E0,8,052E123421950000
MON,0180565761,7E8,8,036E123400000000
MON,0180586084,7E0,8,032E123400000000
MON,0180590175,7E8,8,037F2E1300000000
MON,0180610527,7E0,8,072E123458EAD906
MON,0180614603,7E8,8,036E123400000000
MON,0180634858,7E0,8,042E1234CE000000
MON,0180638945,7E8,8,036E123400000000
MON,0180659434,7E0,8,042E123451000000
MON,0180663519,7E8,8,036E123400000000
MON,0180683645,7E0,8,072EF1870D6E21E8
MON,0180687724,7E8,8,037F2E3100000000
MON,0180708070,7E0,8,052E1234B29B0000
MON,0180712153,7E8,8,036E123400000000
MON,0180732437,7E0,8,072E123458C6DD47
MON,0180736510,7E8,8,036E123400000000
MON,0180756920,7E0,8,062E1234D4E98E00
MON,0180760999,7E8,8,036E123400000000
MON,0180781302,7E0,8,062E1234F66D9C00
MON,0180785379,7E8,8,036E123400000000
MON,0180805458,7E0,8,072E33332CF7E36A
MON,0180809531,7E8,8,037F2E3100000000
MON,0180828963,7E0,8,042E1234BF000000
MON,0180833050,7E8,8,036E123400000000
MON,0180853360,7E0,8,032E123400000000
MON,0180857448,7E8,8,037F2E1300000000
MON,0180877870,7E0,8,062E12344A847800
MON,0180881949,7E8,8,036E123400000000
MON,0180902281,7E0,8,052E1234468E0000
MON,0180906361,7E8,8,036E123400000000
MON,0180926587,7E0,8,052E1234CB720000
MON,0180930670,7E8,8,036E123400000000
MON,0180951032,7E0,8,072E123480895213
MON,0180955106,7E8,8,036E123400000000
MON,0180975450,7E0,8,052E123489E40000
MON,0180979530,7E8,8,036E123400000000
MON,0180999786,7E0,8,062E100175A4BC00
MON,0181003869,7E8,8,037F2E3100000000
MON,0181024274,7E0,8,072E123467FBB021
MON,0181028347,7E8,8,036E123400000000
MON,0181048741,7E0,8,052E1234919B0000
MON,0181052824,7E8,8,036E123400000000
MON,0181072973,7E0,8,032E123400000000
MON,0181077063,7E8,8,037F2E1300000000
MON,0181097277,7E0,8,062E1234AFEBF500
MON,0181101353,7E8,8,036E123400000000
MON,0181121770,7E0,8,062E3333862F5100
MON,0181125849,7E8,8,037F2E3100000000
MON,0181146167,7E0,8,052E100138BF0000
MON,0181150254,7E8,8,037F2E3100000000
MON,0181170648,7E0,8,052E123485450000
MON,0181174731,7E8,8,036E123400000000
MON,0181194986,7E0,8,072E1234755A8303
MON,0181199065,7E8,8,036E123400000000
MON,0181219335,7E0,8,042E12348A000000
MON,0181223420,7E8,8,036E123400000000
MON,0181243674,7E0,8,042E12344E000000
MON,0181247760,7E8,8,036E123400000000
MON,0181268128,7E0,8,062E123473F2B900
MON,0181272210,7E8,8,036E123400000000
MON,0181292503,7E0,8,072E1234D9DDA072
MON,0181296576,7E8,8,036E123400000000
MON,0181316922,7E0,8,052E222238250000
MON,0181321005,7E8,8,037F2E3100000000
MON,0181341325,7E0,8,062E333385D0C100
MON,0181345401,7E8,8,037F2E3100000000
MON,0181365661,7E0,8,062E1234456A6800
MON,0181369739,7E8,8,036E123400000000
MON,0181389900,7E0,8,062E12347AC73800
MON,0181393978,7E8,8,036E123400000000
MON,0181413345,7E0,8,062E12349ABA7B00
MON,0181417421,7E8,8,036E123400000000
