MON,0214120332,7E0,8,072E123451BFC797
MON,0214124405,7E8,8,036E123400000000
MON,0214135684,7E0,8,062E1234A6884D00
MON,0214139763,7E8,8,036E123400000000
MON,0214150358,7E0,8,052E12343D470000
MON,0214154439,7E8,8,036E123400000000
MON,0214164967,7E0,8,052E1234DB0F0000
MON,0214169055,7E8,8,036E123400000000
MON,0214179582,7E0,8,042EF187AA000000
MON,0214183667,7E8,8,037F2E3100000000
MON,0214194170,7E0,8,052E1234DCD20000
MON,0214198252,7E8,8,036E123400000000
MON,0214208609,7E0,8,062E1001646EAA00
MON,0214212690,7E8,8,037F2E3100000000
MON,0214223347,7E0,8,052E1234A4180000
MON,0214227427,7E8,8,036E123400000000
MON,0214238124,7E0,8,042E12349B000000
MON,0214242211,7E8,8,036E123400000000
MON,0214252603,7E0,8,062E123474F27A00
MON,0214256680,7E8,8,036E123400000000
MON,0214267500,7E0,8,062E123413800300
MON,0214271581,7E8,8,036E123400000000
MON,0214283102,7E0,8,042E12349B000000
MON,0214287189,7E8,8,036E123400000000
MON,0214298677,7E0,8,052E1234282D0000
MON,0214302759,7E8,8,036E123400000000
MON,0214313217,7E0,8,062E123491445800
MON,0214317299,7E8,8,036E123400000000
MON,0214327721,7E0,8,072E12349D4D3CD1
MON,0214331796,7E8,8,036E123400000000
MON,0214342408,7E0,8,062E12340A8F6800
MON,0214346488,7E8,8,036E123400000000
MON,0214358861,7E0,8,072EF187CC6DD733
MON,0214362936,7E8,8,037F2E3100000000
MON,0214373599,7E0,8,072E1234CCD62A9A
MON,0214377671,7E8,8,036E123400000000
MON,0214388424,7E0,8,042E123422000000
MON,0214392509,7E8,8,036E123400000000
MON,0214402885,7E0,8,072E1234E6743AE5
MON,0214406960,7E8,8,036E123400000000
MON,0214417606,7E0,8,052E12344EBC0000
MON,0214421687,7E8,8,036E123400000000
MON,0214432316,7E0,8,072E1234C7772B85
MON,0214436388,7E8,8,036E123400000000
MON,0214447097,7E0,8,052E1234983A0000
MON,0214451179,7E8,8,036E123400000000
MON,0214462885,7E0,8,042E123436000000
MON,0214466972,7E8,8,036E123400000000
MON,0214478074,7E0,8,062E2222A479EC00
MON,0214482153,7E8,8,037F2E3100000000
MON,0214492748,7E0,8,072E1234D12259BA
MON,0214496823,7E8,8,036E123400000000
MON,0214507317,7E0,8,052E333370960000
MON,0214511397,7E8,8,037F2E3100000000
MON,0214522423,7E0,8,072E12341C67C18C
MON,0214526496,7E8,8,036E123400000000
MON,0214537567,7E0,8,062E10019EA9FE00
MON,0214541648,7E8,8,037F2E3100000000
MON,0214552195,7E0,8,032E123400000000
MON,0214556289,7E8,8,037F2E1300000000
MON,0214566902,7E0,8,052E1234810E0000
MON,0214570989,7E8,8,036E123400000000
MON,0214581478,7E0,8,052E1234C2270000
MON,0214585558,7E8,8,036E123400000000
MON,0214596261,7E0,8,052E1234ED520000
MON,0214600344,7E8,8,036E123400000000
MON,0214610827,7E0,8,072E1234427CA6A2
MON,0214614902,7E8,8,036E123400000000
MON,0214625430,7E0,8,042E1234E4000000
MON,0214629514,7E8,8,036E123400000000
MON,0214640021,7E0,8,042EF1870C000000
MON,0214644112,7E8,8,037F2E3100000000
MON,0214654600,7E0,8,062E1234DB9A2D00
MON,0214658677,7E8,8,036E123400000000
MON,0214669174,7E0,8,042E1234C0000000
MON,0214673261,7E8,8,036E123400000000
MON,0214683820,7E0,8,042E12343E000000
MON,0214687907,7E8,8,036E123400000000
MON,0214698435,7E0,8,052E333331120000
MON,0214702515,7E8,8,037F2E3100000000
MON,0214713328,7E0,8,042E1234DC000000
MON,0214717412,7E8,8,036E123400000000
MON,0214728222,7E0,8,042E1234AA000000
MON,0214732311,7E8,8,036E123400000000
MON,0214743494,7E0,8,062E1234C2E73F00
MON,0214747571,7E8,8,036E123400000000
MON,0214758088,7E0,8,042E222207000000
MON,0214762179,7E8,8,037F2E3100000000
MON,0214773056,7E0,8,062E1234DA1B9E00
MON,0214777134,7E8,8,036E123400000000
MON,0214789049,7E0,8,052E1234DE4A0000
MON,0214793131,7E8,8,036E123400000000
MON,0214803828,7E0,8,042E12343F000000
MON,0214807914,7E8,8,036E123400000000
MON,0214818594,7E0,8,042E1234AA000000
MON,0214822678,7E8,8,036E123400000000
MON,0214833667,7E0,8,062E12342126FE00
MON,0214837746,7E8,8,036E123400000000
MON,0214848881,7E0,8,062EF1872F79FD00
MON,0214852960,7E8,8,037F2E3100000000
MON,0214863556,7E0,8,062E123458758000
MON,0214867632,7E8,8,036E123400000000
MON,0214878186,7E0,8,062E2222143F8900
MON,0214882264,7E8,8,037F2E3100000000
MON,0214893111,7E0,8,052E123463E30000
MON,0214897194,7E8,8,036E123400000000
MON,0214908394,7E0,8,042E1234E4000000
MON,0214912478,7E8,8,036E123400000000
MON,0214923254,7E0,8,062E10013EF7EE00
MON,0214927338,7E8,8,037F2E3100000000
MON,0214938758,7E0,8,062E12347D256E00
MON,0214942837,7E8,8,036E123400000000
MON,0214954993,7E0,8,042E123498000000
MON,0214959080,7E8,8,036E123400000000
MON,0214971666,7E0,8,042E123470000000
MON,0214975753,7E8,8,036E123400000000
MON,0214986416,7E0,8,062E123470FABC00
MON,0214990492,7E8,8,036E123400000000
MON,0215001048,7E0,8,042E123478000000
MON,0215005134,7E8,8,036E123400000000
MON,0215017366,7E0,8,062E1234DEF78D00
MON,0215021443,7E8,8,036E123400000000
MON,0215032312,7E0,8,042E1234BC000000
MON,0215036396,7E8,8,036E123400000000
MON,0215046992,7E0,8,072E1234D2FDC477
MON,0215051067,7E8,8,036E123400000000
MON,0215061876,7E0,8,072E12348A161503
MON,0215065956,7E8,8,036E123400000000
MON,0215077302,7E0,8,072E1234074CBE76
MON,0215081378,7E8,8,036E123400000000
MON,0215091912,7E0,8,072E123420D73E85
MON,0215095987,7E8,8,036E123400000000
MON,0215106475,7E0,8,052E123408F70000
MON,0215110560,7E8,8,036E123400000000
MON,0215121311,7E0,8,042E123436000000
MON,0215125395,7E8,8,036E123400000000
MON,0215135839,7E0,8,042E123436000000
MON,0215139926,7E8,8,036E123400000000
MON,0215150437,7E0,8,062E1234C47C3900
MON,0215154514,7E8,8,036E123400000000
MON,0215165042,7E0,8,052E100124790000
MON,0215169129,7E8,8,037F2E3100000000
MON,0215179680,7E0,8,052E1234DB880000
MON,0215183762,7E8,8,036E123400000000
MON,0215194599,7E0,8,042E123409000000
MON,0215198688,7E8,8,036E123400000000
MON,0215211601,7E0,8,042E123463000000
MON,0215215685,7E8,8,036E123400000000
MON,0215226585,7E0,8,042E12347B000000
MON,0215230669,7E8,8,036E123400000000
MON,0215241121,7E0,8,042E1234E9000000
MON,0215245208,7E8,8,036E123400000000
MON,0215255792,7E0,8,052E100185940000
MON,0215259879,7E8,8,037F2E3100000000
MON,0215274184,7E0,8,072E1234F8B1A97C
MON,0215278259,7E8,8,036E123400000000
MON,0215289980,7E0,8,072E12342468EC40
MON,0215294055,7E8,8,036E123400000000
MON,0215304594,7E0,8,052E123464EB0000
MON,0215308674,7E8,8,036E123400000000
MON,0215319166,7E0,8,072EF187B51A6240
MON,0215323240,7E8,8,037F2E3100000000
MON,0215333918,7E0,8,042E12344D000000
MON,0215338005,7E8,8,036E123400000000
MON,0215348752,7E0,8,042E1234D4000000
MON,0215352839,7E8,8,036E123400000000
MON,0215364148,7E0,8,052E222240320000
MON,0215368231,7E8,8,037F2E3100000000
MON,0215378819,7E0,8,042E123419000000
MON,0215382906,7E8,8,036E123400000000
MON,0215393406,7E0,8,052E123404760000
MON,0215397491,7E8,8,036E123400000000
MON,0215408262,7E0,8,062E1234241D8B00
MON,0215412341,7E8,8,036E123400000000
MON,0215423868,7E0,8,052E1234D3DF0000
MON,0215427950,7E8,8,036E123400000000
MON,0215439266,7E0,8,052E222217C90000
MON,0215443349,7E8,8,037F2E3100000000
MON,0215453967,7E0,8,062E123436D1F800
MON,0215458046,7E8,8,036E123400000000
MON,0215468664,7E0,8,042E1234FD000000
MON,0215472751,7E8,8,036E123400000000
MON,0215483471,7E0,8,042E123403000000
MON,0215487560,7E8,8,036E123400000000
MON,0215499008,7E0,8,042E123435000000
MON,0215503095,7E8,8,036E123400000000
MON,0215513455,7E0,8,042E1234B8000000
MON,0215517539,7E8,8,036E123400000000
MON,0215528509,7E0,8,042E123484000000
MON,0215532594,7E8,8,036E123400000000
MON,0215544315,7E0,8,052E222267670000
MON,0215548396,7E8,8,037F2E3100000000
MON,0215559647,7E0,8,052E1234F55C0000
MON,0215563729,7E8,8,036E123400000000
MON,0215574932,7E0,8,062E1234CD687600
MON,0215579011,7E8,8,036E123400000000
MON,0215589668,7E0,8,052E33334BEB0000
MON,0215593751,7E8,8,037F2E3100000000
MON,0215604198,7E0,8,072E123439CA809D
MON,0215608273,7E8,8,036E123400000000
MON,0215618872,7E0,8,042E123412000000
MON,0215622959,7E8,8,036E123400000000
MON,0215633661,7E0,8,062E1234C7B44400
MON,0215637740,7E8,8,036E123400000000
MON,0215648158,7E0,8,042E123453000000
MON,0215652245,7E8,8,036E123400000000
MON,0215663414,7E0,8,072E123414898FC8
MON,0215667487,7E8,8,036E123400000000
MON,0215678345,7E0,8,052E12340CC50000
MON,0215682430,7E8,8,036E123400000000
MON,0215693372,7E0,8,032E123400000000
MON,0215697460,7E8,8,037F2E1300000000
MON,0215708802,7E0,8,032E123400000000
MON,0215712893,7E8,8,037F2E1300000000
MON,0215723192,7E0,8,072E12345C9BF38D
MON,0215727267,7E8,8,036E123400000000
MON,0215737899,7E0,8,052E333351730000
MON,0215741982,7E8,8,037F2E3100000000
MON,0215752526,7E0,8,032E123400000000
MON,0215756615,7E8,8,037F2E1300000000
MON,0215767227,7E0,8,052E123422720000
MON,0215771312,7E8,8,036E123400000000
MON,0215781791,7E0,8,062E1001DD6E1C00
MON,0215785874,7E8,8,037F2E3100000000
MON,0215796728,7E0,8,052E1234F9700000
MON,0215800811,7E8,8,036E123400000000
MON,0215812114,7E0,8,042E12340A000000
MON,0215816206,7E8,8,036E123400000000
MON,0215826981,7E0,8,052E1234D06F0000
MON,0215831064,7E8,8,036E123400000000
MON,0215842505,7E0,8,062E12341236A300
MON,0215846582,7E8,8,036E123400000000
MON,0215857569,7E0,8,072E1234E7723CE0
MON,0215861641,7E8,8,036E123400000000
MON,0215872557,7E0,8,062E12342CC61300
MON,0215876634,7E8,8,036E123400000000
MON,0215887255,7E0,8,072E1234B1D98B52
MON,0215891330,7E8,8,036E123400000000
MON,0215901746,7E0,8,042E12342B000000
MON,0215905833,7E8,8,036E123400000000
MON,0215916761,7E0,8,062E2222813D4F00
MON,0215920839,7E8,8,037F2E3100000000
MON,0215932366,7E0,8,042E12341F000000
MON,0215936450,7E8,8,036E123400000000
MON,0215948016,7E0,8,062E1234FA8A1E00
MON,0215952095,7E8,8,036E123400000000
MON,0215963678,7E0,8,072E1234A8FE9590
MON,0215967753,7E8,8,036E123400000000
MON,0215979125,7E0,8,072E123400196F92
MON,0215983203,7E8,8,036E123400000000
MON,0215993996,7E0,8,042E1234CA000000
MON,0215998083,7E8,8,036E123400000000
MON,0216009356,7E0,8,042E1001DB000000
MON,0216013444,7E8,8,037F2E3100000000
MON,0216023938,7E0,8,062E123486334300
MON,0216028016,7E8,8,036E123400000000
MON,0216038499,7E0,8,052E1234EEEE0000
MON,0216042579,7E8,8,036E123400000000
MON,0216053142,7E0,8,052E123444E00000
MON,0216057225,7E8,8,036E123400000000
MON,0216067831,7E0,8,052E12349A320000
MON,0216071914,7E8,8,036E123400000000
MON,0216082689,7E0,8,052E12346F990000
MON,0216086772,7E8,8,036E123400000000
MON,0216099109,7E0,8,062E2222CBF98200
MON,0216103188,7E8,8,037F2E3100000000
MON,0216113879,7E0,8,042E1234F8000000
MON,0216117966,7E8,8,036E123400000000
MON,0216129700,7E0,8,032E123400000000
MON,0216133791,7E8,8,037F2E1300000000
MON,0216145163,7E0,8,052E123423B80000
MON,0216149246,7E8,8,036E123400000000
MON,0216160534,7E0,8,062E123441FEEC00
MON,0216164611,7E8,8,036E123400000000
MON,0216175212,7E0,8,042E123414000000
MON,0216179302,7E8,8,036E123400000000
MON,0216189746,7E0,8,032E123400000000
MON,0216193837,7E8,8,037F2E1300000000
MON,0216204387,7E0,8,052E1234249F0000
MON,0216208468,7E8,8,036E123400000000
MON,0216218974,7E0,8,062E123432B6DE00
MON,0216223053,7E8,8,036E123400000000
MON,0216233682,7E0,8,062E1234B3299B00
MON,0216237761,7E8,8,036E123400000000
MON,0216248553,7E0,8,062E1001FF17B300
MON,0216252634,7E8,8,037F2E3100000000
MON,0216263899,7E0,8,072E12341412A5C3
MON,0216267974,7E8,8,036E123400000000
MON,0216278513,7E0,8,052E2222CF8F0000
MON,0216282593,7E8,8,037F2E3100000000
MON,0216294843,7E0,8,052E1234D1E40000
MON,0216298926,7E8,8,036E123400000000
MON,0216309791,7E0,8,062E123435121100
MON,0216313869,7E8,8,036E123400000000
MON,0216324352,7E0,8,072E123488FD7C0F
MON,0216328428,7E8,8,036E123400000000
MON,0216339108,7E0,8,052E123406070000
MON,0216343200,7E8,8,036E123400000000
MON,0216353750,7E0,8,052E1234400F0000
MON,0216357838,7E8,8,036E123400000000
MON,0216368337,7E0,8,052E1234900C0000
MON,0216372421,7E8,8,036E123400000000
MON,0216383068,7E0,8,062E1234DF82CE00
MON,0216387147,7E8,8,036E123400000000
MON,0216398046,7E0,8,072E123413123369
MON,0216402121,7E8,8,036E123400000000
MON,0216413563,7E0,8,072E12343B485B6A
MON,0216417636,7E8,8,036E123400000000
MON,0216428810,7E0,8,072E1234A7B8B87F
MON,0216432885,7E8,8,036E123400000000
MON,0216443542,7E0,8,062E123472AD6B00
MON,0216447618,7E8,8,036E123400000000
MON,0216458169,7E0,8,042E123449000000
MON,0216462256,7E8,8,036E123400000000
MON,0216472793,7E0,8,052E123428670000
MON,0216476876,7E8,8,036E123400000000
MON,0216487386,7E0,8,052E12349F3D0000
MON,0216491467,7E8,8,036E123400000000
MON,0216502159,7E0,8,062E12340FAEDC00
MON,0216506242,7E8,8,036E123400000000
MON,0216516908,7E0,8,072EF18796819DC9
MON,0216520983,7E8,8,037F2E3100000000
MON,0216533038,7E0,8,052E222244140000
MON,0216537121,7E8,8,037F2E3100000000
MON,0216548284,7E0,8,062E1234ED49C800
MON,0216552363,7E8,8,036E123400000000
MON,0216563705,7E0,8,062E12341FF39500
MON,0216567783,7E8,8,036E123400000000
MON,0216578350,7E0,8,032E123400000000
MON,0216582439,7E8,8,037F2E1300000000
MON,0216592900,7E0,8,052EF18757F20000
MON,0216596983,7E8,8,037F2E3100000000
MON,0216607555,7E0,8,062E1234705B6E00
MON,0216611632,7E8,8,036E123400000000
MON,0216622134,7E0,8,052E22229B350000
MON,0216626217,7E8,8,037F2E3100000000
MON,0216636728,7E0,8,042E123411000000
MON,0216640815,7E8,8,036E123400000000
MON,0216651314,7E0,8,052EF1873E9D0000
MON,0216655395,7E8,8,037F2E3100000000
MON,0216666047,7E0,8,032E123400000000
MON,0216670138,7E8,8,037F2E1300000000
MON,0216680620,7E0,8,072E1234A7909A3A
MON,0216684693,7E8,8,036E123400000000
MON,0216695246,7E0,8,042E2222E2000000
MON,0216699333,7E8,8,037F2E3100000000
MON,0216710132,7E0,8,042E1001F3000000
MON,0216714223,7E8,8,037F2E3100000000
MON,0216726303,7E0,8,042E123453000000
MON,0216730388,7E8,8,036E123400000000
MON,0216741024,7E0,8,072E1234B6BABAC6
MON,0216745098,7E8,8,036E123400000000
MON,0216755778,7E0,8,052E100195820000
MON,0216759865,7E8,8,037F2E3100000000
MON,0216770685,7E0,8,042E1234FA000000
MON,0216774772,7E8,8,036E123400000000
MON,0216786031,7E0,8,072E333363E933EB
MON,0216790106,7E8,8,037F2E3100000000
MON,0216800741,7E0,8,032E123400000000
MON,0216804831,7E8,8,037F2E1300000000
MON,0216815697,7E0,8,062E100105E9E200
MON,0216819785,7E8,8,037F2E3100000000
MON,0216831201,7E0,8,032E123400000000
MON,0216835295,7E8,8,037F2E1300000000
MON,0216846906,7E0,8,072E1234AE7FDEB6
MON,0216850981,7E8,8,036E123400000000
MON,0216862406,7E0,8,062E1234205F5B00
MON,0216866483,7E8,8,036E123400000000
MON,0216877954,7E0,8,032E123400000000
MON,0216882044,7E8,8,037F2E1300000000
MON,0216892556,7E0,8,032E123400000000
MON,0216896644,7E8,8,037F2E1300000000
MON,0216907260,7E0,8,072E1234A09E4407
MON,0216911339,7E8,8,036E123400000000
MON,0216921783,7E0,8,032E123400000000
MON,0216925874,7E8,8,037F2E1300000000
MON,0216936577,7E0,8,072E1234CFE35457
MON,0216940649,7E8,8,036E123400000000
MON,0216952004,7E0,8,042E12344B000000
MON,0216956091,7E8,8,036E123400000000
MON,0216966737,7E0,8,052E123420B50000
MON,0216970819,7E8,8,036E123400000000
MON,0216981226,7E0,8,042E123430000000
MON,0216985316,7E8,8,036E123400000000
MON,0216996058,7E0,8,042E1234DD000000
MON,0217000145,7E8,8,036E123400000000
MON,0217010836,7E0,8,032E123400000000
MON,0217014926,7E8,8,037F2E1300000000
MON,0217026531,7E0,8,042E1234BF000000
MON,0217030616,7E8,8,036E123400000000
MON,0217041945,7E0,8,052E123413370000
MON,0217046027,7E8,8,036E123400000000
MON,0217056358,7E0,8,062E123439B93700
MON,0217060435,7E8,8,036E123400000000
MON,0217071025,7E0,8,052E123490170000
MON,0217075108,7E8,8,036E123400000000
MON,0217085607,7E0,8,052E123421760000
MON,0217089688,7E8,8,036E123400000000
MON,0217100207,7E0,8,072E1234E3452369
MON,0217104282,7E8,8,036E123400000000
MON,0217114920,7E0,8,062E1234B1BA6300
MON,0217118999,7E8,8,036E123400000000
MON,0217129993,7E0,8,042E123452000000
MON,0217134080,7E8,8,036E123400000000
MON,0217145260,7E0,8,042E123457000000
MON,0217149347,7E8,8,036E123400000000
MON,0217160514,7E0,8,052E1234E3D30000
MON,0217164595,7E8,8,036E123400000000
MON,0217175734,7E0,8,072E123483B61093
MON,0217179808,7E8,8,036E123400000000
MON,0217191352,7E0,8,042E1234AA000000
MON,0217195435,7E8,8,036E123400000000
MON,0217206653,7E0,8,032E123400000000
MON,0217210744,7E8,8,037F2E1300000000
MON,0217221395,7E0,8,072E1234017E2F4B
MON,0217225472,7E8,8,036E123400000000
MON,0217235894,7E0,8,042E12345C000000
MON,0217239981,7E8,8,036E123400000000
MON,0217250526,7E0,8,052E123445BA0000
MON,0217254607,7E8,8,036E123400000000
MON,0217265163,7E0,8,072E12343464D997
MON,0217269238,7E8,8,036E123400000000
MON,0217280237,7E0,8,042E33330A000000
MON,0217284328,7E8,8,037F2E3100000000
MON,0217295709,7E0,8,062E12343B414F00
MON,0217299787,7E8,8,036E123400000000
MON,0217311131,7E0,8,052E12346BD90000
MON,0217315214,7E8,8,036E123400000000
MON,0217325827,7E0,8,072E1234B986946D
MON,0217329901,7E8,8,036E123400000000
MON,0217340468,7E0,8,062E12340D1D9700
MON,0217344549,7E8,8,036E123400000000
MON,0217355016,7E0,8,062E222264DDA300
MON,0217359094,7E8,8,037F2E3100000000
MON,0217369627,7E0,8,052E100111650000
MON,0217373715,7E8,8,037F2E3100000000
MON,0217384223,7E0,8,042E33334B000000
MON,0217388313,7E8,8,037F2E3100000000
MON,0217399122,7E0,8,062E12341C886200
MON,0217403201,7E8,8,036E123400000000
MON,0217414435,7E0,8,042EF18777000000
MON,0217418520,7E8,8,037F2E3100000000
MON,0217429496,7E0,8,072E123410E1A816
MON,0217433568,7E8,8,036E123400000000
MON,0217444983,7E0,8,062E1234CC190100
MON,0217449066,7E8,8,036E123400000000
MON,0217460406,7E0,8,042E12342F000000
MON,0217464491,7E8,8,036E123400000000
MON,0217475014,7E0,8,052E1234C5020000
MON,0217479101,7E8,8,036E123400000000
MON,0217489584,7E0,8,072E33336DA444AF
MON,0217493657,7E8,8,037F2E3100000000
MON,0217504549,7E0,8,052E1234A7170000
MON,0217508630,7E8,8,036E123400000000
MON,0217520019,7E0,8,042E1234EC000000
MON,0217524105,7E8,8,036E123400000000
MON,0217534571,7E0,8,062EF1871AE63E00
MON,0217538648,7E8,8,037F2E3100000000
MON,0217549294,7E0,8,042E2222F2000000
MON,0217553378,7E8,8,037F2E3100000000
MON,0217563924,7E0,8,062EF187AD26CE00
MON,0217568003,7E8,8,037F2E3100000000
MON,0217578963,7E0,8,072E1234BA94AC54
MON,0217583038,7E8,8,036E123400000000
MON,0217594117,7E0,8,062E123452278000
MON,0217598196,7E8,8,036E123400000000
MON,0217608729,7E0,8,062E1234D5BF2D00
MON,0217612808,7E8,8,036E123400000000
MON,0217623420,7E0,8,052E3333752D0000
MON,0217627501,7E8,8,037F2E3100000000
MON,0217638024,7E0,8,052E1234AFB90000
MON,0217642107,7E8,8,036E123400000000
MON,0217653135,7E0,8,062E1234D1791200
MON,0217657214,7E8,8,036E123400000000
MON,0217668577,7E0,8,052E1234C7FB0000
MON,0217672657,7E8,8,036E123400000000
MON,0217683894,7E0,8,072E1234A493267F
MON,0217687969,7E8,8,036E123400000000
MON,0217698492,7E0,8,072E1234AC74CAA4
MON,0217702564,7E8,8,036E123400000000
MON,0217713262,7E0,8,042E100162000000
MON,0217717352,7E8,8,037F2E3100000000
MON,0217727819,7E0,8,032E123400000000
MON,0217731910,7E8,8,037F2E1300000000
MON,0217742404,7E0,8,052E1234A1040000
MON,0217746488,7E8,8,036E123400000000
MON,0217759876,7E0,8,032E123400000000
MON,0217763967,7E8,8,037F2E1300000000
MON,0217774675,7E0,8,072E12344559C774
MON,0217778750,7E8,8,036E123400000000
MON,0217789213,7E0,8,072E12349C3E0841
MON,0217793295,7E8,8,036E123400000000
MON,0217804009,7E0,8,072E1234EBEE077A
MON,0217808088,7E8,8,036E123400000000
MON,0217818532,7E0,8,052E123413DB0000
MON,0217822612,7E8,8,036E123400000000
MON,0217833265,7E0,8,042E1234CB000000
MON,0217837352,7E8,8,036E123400000000
MON,0217847999,7E0,8,052E1234E75B0000
MON,0217852081,7E8,8,036E123400000000
MON,0217862502,7E0,8,072EF1874781E3E1
MON,0217866575,7E8,8,037F2E3100000000
MON,0217877165,7E0,8,042E123481000000
MON,0217881252,7E8,8,036E123400000000
MON,0217891862,7E0,8,052E12345BF40000
MON,0217895945,7E8,8,036E123400000000
MON,0217906422,7E0,8,052E12341CC80000
MON,0217910502,7E8,8,036E123400000000
MON,0217921104,7E0,8,072E1234CF9ED523
MON,0217925179,7E8,8,036E123400000000
MON,0217935651,7E0,8,072E1234600043AE
MON,0217939729,7E8,8,036E123400000000
MON,0217950426,7E0,8,072E123497ADEDDE
MON,0217954498,7E8,8,036E123400000000
MON,0217965010,7E0,8,042E1234EF000000
MON,0217969097,7E8,8,036E123400000000
MON,0217979642,7E0,8,052E12346AB40000
MON,0217983724,7E8,8,036E123400000000
MON,0217995813,7E0,8,052E123478560000
MON,0217999896,7E8,8,036E123400000000
MON,0218011104,7E0,8,072EF187FD81ECF9
MON,0218015179,7E8,8,037F2E3100000000
MON,0218026525,7E0,8,062E12349E8EDC00
MON,0218030602,7E8,8,036E123400000000
MON,0218041119,7E0,8,042E1234FD000000
MON,0218045206,7E8,8,036E123400000000
MON,0218055678,7E0,8,072E12340C1DAB7B
MON,0218059757,7E8,8,036E123400000000
MON,0218070330,7E0,8,042E1234D5000000
MON,0218074415,7E8,8,036E123400000000
MON,0218084949,7E0,8,052E123419320000
MON,0218089032,7E8,8,036E123400000000
MON,0218099762,7E0,8,062E12347BF6FD00
MON,0218103841,7E8,8,036E123400000000
MON,0218114509,7E0,8,042E123414000000
MON,0218118594,7E8,8,036E123400000000
MON,0218130228,7E0,8,042E12343D000000
MON,0218134317,7E8,8,036E123400000000
MON,0218145856,7E0,8,062E1001E7826100
MON,0218149939,7E8,8,037F2E3100000000
MON,0218161147,7E0,8,042E123457000000
MON,0218165234,7E8,8,036E123400000000
MON,0218175732,7E0,8,062E12349CC23100
MON,0218179811,7E8,8,036E123400000000
MON,0218190743,7E0,8,032E123400000000
MON,0218194834,7E8,8,037F2E1300000000
MON,0218206053,7E0,8,052E123497610000
MON,0218210136,7E8,8,036E123400000000
MON,0218220562,7E0,8,072E1234AE7751B8
MON,0218224635,7E8,8,036E123400000000
MON,0218235320,7E0,8,052E1234B6B80000
MON,0218239400,7E8,8,036E123400000000
MON,0218250182,7E0,8,072E123431227E18
MON,0218254256,7E8,8,036E123400000000
MON,0218266023,7E0,8,062E1234DE897A00
MON,0218270102,7E8,8,036E123400000000
MON,0218281937,7E0,8,052E12349EFA0000
MON,0218286020,7E8,8,036E123400000000
MON,0218297200,7E0,8,042E1234B9000000
MON,0218301289,7E8,8,036E123400000000
MON,0218312557,7E0,8,062E1234A6FF6B00
MON,0218316634,7E8,8,036E123400000000
MON,0218327255,7E0,8,052EF18748040000
MON,0218331342,7E8,8,037F2E3100000000
MON,0218342773,7E0,8,072E12347EE94603
MON,0218346852,7E8,8,036E123400000000
MON,0218357582,7E0,8,042E1234E9000000
MON,0218361667,7E8,8,036E123400000000
MON,0218372994,7E0,8,062E1234E785FA00
MON,0218377073,7E8,8,036E123400000000
MON,0218387505,7E0,8,052E123440780000
MON,0218391586,7E8,8,036E123400000000
MON,0218402154,7E0,8,062E1234BC233C00
MON,0218406233,7E8,8,036E123400000000
MON,0218416883,7E0,8,052E1234ADAF0000
MON,0218420966,7E8,8,036E123400000000
MON,0218431415,7E0,8,042E1234EF000000
MON,0218435500,7E8,8,036E123400000000
MON,0218446107,7E0,8,072E1234D51402D8
MON,0218450186,7E8,8,036E123400000000
MON,0218460686,7E0,8,072E1234AF65E897
MON,0218464761,7E8,8,036E123400000000
MON,0218475424,7E0,8,052E123455020000
MON,0218479509,7E8,8,036E123400000000
MON,0218490021,7E0,8,052E12348C580000
MON,0218494103,7E8,8,036E123400000000
MON,0218504665,7E0,8,062E2222993B3200
MON,0218508744,7E8,8,037F2E3100000000
MON,0218519305,7E0,8,052E12347F000000
MON,0218523390,7E8,8,036E123400000000
MON,0218533856,7E0,8,062E123442755700
MON,0218537935,7E8,8,036E123400000000
MON,0218548627,7E0,8,042E123436000000
MON,0218552713,7E8,8,036E123400000000
MON,0218563199,7E0,8,052EF187156D0000
MON,0218567282,7E8,8,037F2E3100000000
MON,0218577881,7E0,8,072E1234D8A782BB
MON,0218581955,7E8,8,036E123400000000
MON,0218592410,7E0,8,042E12349A000000
MON,0218596494,7E8,8,036E123400000000
MON,0218607130,7E0,8,062E123468FD5C00
MON,0218611208,7E8,8,036E123400000000
MON,0218621709,7E0,8,052E12348D8F0000
MON,0218625791,7E8,8,036E123400000000
MON,0218636353,7E0,8,072E123443B7779E
MON,0218640426,7E8,8,036E123400000000
MON,0218651329,7E0,8,062E12340CF87C00
MON,0218655410,7E8,8,036E123400000000
MON,0218667128,7E0,8,052E123416F10000
MON,0218671210,7E8,8,036E123400000000
MON,0218682979,7E0,8,062E12345F3FD400
MON,0218687058,7E8,8,036E123400000000
MON,0218698261,7E0,8,042E123439000000
MON,0218702348,7E8,8,036E123400000000
MON,0218713695,7E0,8,052E1234B49A0000
MON,0218717778,7E8,8,036E123400000000
MON,0218729065,7E0,8,042E33336E000000
MON,0218733151,7E8,8,037F2E3100000000
MON,0218744033,7E0,8,062E1234BC7FDD00
MON,0218748112,7E8,8,036E123400000000
MON,0218759396,7E0,8,062E1234CC0C8500
MON,0218763477,7E8,8,036E123400000000
MON,0218773854,7E0,8,042E12345D000000
MON,0218777941,7E8,8,036E123400000000
MON,0218789304,7E0,8,072E12349076E296
MON,0218793376,7E8,8,036E123400000000
MON,0218804163,7E0,8,072E123442565B4F
MON,0218808238,7E8,8,036E123400000000
MON,0218821422,7E0,8,072E1234454541E0
MON,0218825494,7E8,8,036E123400000000
MON,0218836650,7E0,8,042E123445000000
MON,0218840737,7E8,8,036E123400000000
MON,0218852091,7E0,8,032E123400000000
MON,0218856182,7E8,8,037F2E1300000000
MON,0218867132,7E0,8,052E222299680000
MON,0218871215,7E8,8,037F2E3100000000
MON,0218883056,7E0,8,062E100144044200
MON,0218887143,7E8,8,037F2E3100000000
MON,0218898003,7E0,8,052E1001D6A50000
MON,0218902090,7E8,8,037F2E3100000000
MON,0218913017,7E0,8,032E123400000000
MON,0218917108,7E8,8,037F2E1300000000
MON,0218928081,7E0,8,052E1234BD8C0000
MON,0218932163,7E8,8,036E123400000000
MON,0218943346,7E0,8,052EF18702640000
MON,0218947431,7E8,8,037F2E3100000000
MON,0218958390,7E0,8,062E1234705CD100
MON,0218962467,7E8,8,036E123400000000
MON,0218973898,7E0,8,052E2222521E0000
MON,0218977981,7E8,8,037F2E3100000000
MON,0218988762,7E0,8,072E12346EC8A368
MON,0218992837,7E8,8,036E123400000000
MON,0219003421,7E0,8,052E1234D54A0000
MON,0219007501,7E8,8,036E123400000000
MON,0219018041,7E0,8,042E1234F2000000
MON,0219022128,7E8,8,036E123400000000
MON,0219032746,7E0,8,062E123499282700
MON,0219036825,7E8,8,036E123400000000
MON,0219047291,7E0,8,052E1234CAE70000
MON,0219051370,7E8,8,036E123400000000
MON,0219061843,7E0,8,032E123400000000
MON,0219065934,7E8,8,037F2E1300000000
MON,0219076844,7E0,8,042E123416000000
MON,0219080931,7E8,8,036E123400000000
MON,0219092305,7E0,8,042E333316000000
MON,0219096390,7E8,8,037F2E3100000000
MON,0219106896,7E0,8,062E1234354BE000
MON,0219110974,7E8,8,036E123400000000
MON,0219121868,7E0,8,062E12349E0E3500
MON,0219125951,7E8,8,036E123400000000
MON,0219137336,7E0,8,062E100167A08F00
MON,0219141417,7E8,8,037F2E3100000000
MON,0219152663,7E0,8,062E123459123C00
MON,0219156742,7E8,8,036E123400000000
MON,0219167629,7E0,8,062E1234E747C100
MON,0219171706,7E8,8,036E123400000000
MON,0219182954,7E0,8,032E123400000000
MON,0219187044,7E8,8,037F2E1300000000
MON,0219198130,7E0,8,072E1234871BB88A
MON,0219202204,7E8,8,036E123400000000
MON,0219213815,7E0,8,042E123464000000
MON,0219217901,7E8,8,036E123400000000
MON,0219229928,7E0,8,072E1234888808FC
MON,0219234007,7E8,8,036E123400000000
MON,0219244349,7E0,8,052E1001257F0000
MON,0219248434,7E8,8,037F2E3100000000
MON,0219259216,7E0,8,062E10015B1D3200
MON,0219263302,7E8,8,037F2E3100000000
MON,0219274050,7E0,8,042E1234A6000000
MON,0219278137,7E8,8,036E123400000000
MON,0219289193,7E0,8,042E12348A000000
MON,0219293280,7E8,8,036E123400000000
MON,0219304427,7E0,8,072E12349024D609
MON,0219308504,7E8,8,036E123400000000
MON,0219319716,7E0,8,052E1234423B0000
MON,0219323799,7E8,8,036E123400000000
MON,0219334183,7E0,8,072E123474E6733C
MON,0219338258,7E8,8,036E123400000000
MON,0219349099,7E0,8,072E12341474C765
MON,0219353174,7E8,8,036E123400000000
MON,0219364515,7E0,8,072E1234CBB6F985
MON,0219368587,7E8,8,036E123400000000
MON,0219380187,7E0,8,052E12346D210000
MON,0219384270,7E8,8,036E123400000000
MON,0219394998,7E0,8,062EF187AA654400
MON,0219399076,7E8,8,037F2E3100000000
MON,0219410687,7E0,8,032E123400000000
MON,0219414778,7E8,8,037F2E1300000000
MON,0219426025,7E0,8,062E12346DB3A200
MON,0219430104,7E8,8,036E123400000000
MON,0219441552,7E0,8,042E123439000000
MON,0219445636,7E8,8,036E123400000000
MON,0219456099,7E0,8,042E1234BC000000
MON,0219460186,7E8,8,036E123400000000
MON,0219470731,7E0,8,072E1234FD361111
MON,0219474806,7E8,8,036E123400000000
MON,0219485412,7E0,8,072E1234CBCE77DC
MON,0219489485,7E8,8,036E123400000000
MON,0219500092,7E0,8,062E12344E24F800
MON,0219504171,7E8,8,036E123400000000
MON,0219514856,7E0,8,062E123406DBE200
MON,0219518939,7E8,8,036E123400000000
MON,0219529619,7E0,8,072E3333884ED6C5
MON,0219533691,7E8,8,037F2E3100000000
MON,0219545063,7E0,8,062E123456086C00
MON,0219549146,7E8,8,036E123400000000
MON,0219559825,7E0,8,042E12346F000000
MON,0219563912,7E8,8,036E123400000000
MON,0219574299,7E0,8,052E1234EDC80000
MON,0219578380,7E8,8,036E123400000000
MON,0219588947,7E0,8,072E123418CE95B4
MON,0219593022,7E8,8,036E123400000000
MON,0219603528,7E0,8,072E123417857D48
MON,0219607600,7E8,8,036E123400000000
MON,0219618213,7E0,8,072E12341DD2CE39
MON,0219622291,7E8,8,036E123400000000
MON,0219632881,7E0,8,062E1234BE6A6200
MON,0219636960,7E8,8,036E123400000000
MON,0219647983,7E0,8,052E1234A7CC0000
MON,0219652066,7E8,8,036E123400000000
MON,0219663598,7E0,8,062E100140830C00
MON,0219667683,7E8,8,037F2E3100000000
MON,0219678802,7E0,8,052E22221CED0000
MON,0219682884,7E8,8,037F2E3100000000
MON,0219693603,7E0,8,052E12347C130000
MON,0219697684,7E8,8,036E123400000000
MON,0219709061,7E0,8,062E12341E93EE00
MON,0219713140,7E8,8,036E123400000000
MON,0219723718,7E0,8,072E12344675A40E
MON,0219727797,7E8,8,036E123400000000
MON,0219738238,7E0,8,042E123496000000
MON,0219742326,7E8,8,036E123400000000
MON,0219753214,7E0,8,072E1234B94771CD
MON,0219757292,7E8,8,036E123400000000
MON,0219768610,7E0,8,042E1234B3000000
MON,0219772695,7E8,8,036E123400000000
MON,0219783408,7E0,8,032E123400000000
MON,0219787497,7E8,8,037F2E1300000000
MON,0219798849,7E0,8,052E1001EA800000
MON,0219802936,7E8,8,037F2E3100000000
MON,0219813369,7E0,8,072EF1875D2FF5E8
MON,0219817441,7E8,8,037F2E3100000000
MON,0219828037,7E0,8,042E1001AF000000
MON,0219832129,7E8,8,037F2E3100000000
MON,0219842915,7E0,8,052E222212F90000
MON,0219846998,7E8,8,037F2E3100000000
MON,0219858547,7E0,8,042E123405000000
MON,0219862636,7E8,8,036E123400000000
MON,0219874109,7E0,8,052E1234DB0F0000
MON,0219878196,7E8,8,036E123400000000
MON,0219889520,7E0,8,072E1234CE14566F
MON,0219893592,7E8,8,036E123400000000
MON,0219904194,7E0,8,042E12347D000000
MON,0219908281,7E8,8,036E123400000000
MON,0219918925,7E0,8,062E12348CA30000
MON,0219923008,7E8,8,036E123400000000
MON,0219933412,7E0,8,062E1234BBA5A000
MON,0219937489,7E8,8,036E123400000000
MON,0219948106,7E0,8,062E1234B7E17E00
MON,0219952185,7E8,8,036E123400000000
MON,0219962791,7E0,8,042E1234F6000000
MON,0219966878,7E8,8,036E123400000000
MON,0219977378,7E0,8,042E123406000000
MON,0219981467,7E8,8,036E123400000000
MON,0219991922,7E0,8,052E12342FF20000
MON,0219996005,7E8,8,036E123400000000
MON,0220006927,7E0,8,042E1234B2000000
MON,0220011014,7E8,8,036E123400000000
MON,0220022233,7E0,8,052E1234488F0000
MON,0220026319,7E8,8,036E123400000000
MON,0220036870,7E0,8,062E123423216500
MON,0220040949,7E8,8,036E123400000000
MON,0220051533,7E0,8,072E1234A1F827D5
MON,0220055605,7E8,8,036E123400000000
MON,0220066162,7E0,8,072E1234EAE4D5D2
MON,0220070237,7E8,8,036E123400000000
MON,0220083341,7E0,8,042E123452000000
MON,0220087426,7E8,8,036E123400000000
MON,0220098258,7E0,8,062E12348B851700
MON,0220102337,7E8,8,036E123400000000
MON,0220113175,7E0,8,052E12340B830000
MON,0220117262,7E8,8,036E123400000000
MON,0220127625,7E0,8,072E123436C1141E
MON,0220131698,7E8,8,036E123400000000
MON,0220142305,7E0,8,072E1234667DA9FB
MON,0220146377,7E8,8,036E123400000000
MON,0220157198,7E0,8,062E1234B1487A00
MON,0220161277,7E8,8,036E123400000000
MON,0220173133,7E0,8,052E1234DFC70000
MON,0220177216,7E8,8,036E123400000000
MON,0220188104,7E0,8,052E1234290B0000
MON,0220192191,7E8,8,036E123400000000
MON,0220202713,7E0,8,072E3333D13B9B1D
MON,0220206788,7E8,8,037F2E3100000000
MON,0220217394,7E0,8,042E2222BA000000
MON,0220221479,7E8,8,037F2E3100000000
MON,0220232075,7E0,8,062E12347DEC3300
MON,0220236154,7E8,8,036E123400000000
MON,0220247064,7E0,8,042E12342D000000
MON,0220251151,7E8,8,036E123400000000
MON,0220262458,7E0,8,052E1234943C0000
MON,0220266539,7E8,8,036E123400000000
MON,0220277295,7E0,8,072E123444CFB5E1
MON,0220281367,7E8,8,036E123400000000
MON,0220293237,7E0,8,042E1234EB000000
MON,0220297325,7E8,8,036E123400000000
MON,0220308157,7E0,8,062E123450976500
MON,0220312236,7E8,8,036E123400000000
MON,0220323150,7E0,8,052E1234F5660000
MON,0220327232,7E8,8,036E123400000000
MON,0220338436,7E0,8,072E12347C326588
MON,0220342509,7E8,8,036E123400000000
MON,0220353094,7E0,8,042E12347F000000
MON,0220357180,7E8,8,036E123400000000
MON,0220367765,7E0,8,052E1234179C0000
MON,0220371847,7E8,8,036E123400000000
MON,0220382282,7E0,8,052E1234F2C70000
MON,0220386366,7E8,8,036E123400000000
MON,0220396967,7E0,8,052E333389A70000
MON,0220401050,7E8,8,037F2E3100000000
MON,0220411770,7E0,8,062E1234CECAE100
MON,0220415848,7E8,8,036E123400000000
MON,0220426629,7E0,8,042E12343E000000
MON,0220430716,7E8,8,036E123400000000
MON,0220441935,7E0,8,042E123437000000
MON,0220446022,7E8,8,036E123400000000
MON,0220456612,7E0,8,042E1234E7000000
MON,0220460697,7E8,8,036E123400000000
MON,0220471360,7E0,8,062E10014AE0B400
MON,0220475441,7E8,8,037F2E3100000000
MON,0220489647,7E0,8,052E1234A2E60000
MON,0220493730,7E8,8,036E123400000000
MON,0220504398,7E0,8,072E12341F493486
MON,0220508471,7E8,8,036E123400000000
MON,0220519022,7E0,8,062E1234D7DB4000
MON,0220523101,7E8,8,036E123400000000
MON,0220533617,7E0,8,062E1234B6B30D00
MON,0220537698,7E8,8,036E123400000000
MON,0220548251,7E0,8,052E123473F80000
MON,0220552335,7E8,8,036E123400000000
MON,0220563127,7E0,8,042E123400000000
MON,0220567218,7E8,8,036E123400000000
MON,0220578873,7E0,8,042E123414000000
MON,0220582960,7E8,8,036E123400000000
MON,0220594526,7E0,8,052E1234288A0000
MON,0220598607,7E8,8,036E123400000000
MON,0220609864,7E0,8,052E10018AA60000
MON,0220613951,7E8,8,037F2E3100000000
MON,0220624642,7E0,8,042E2222F2000000
MON,0220628728,7E8,8,037F2E3100000000
MON,0220640004,7E0,8,072E123435AF3932
MON,0220644079,7E8,8,036E123400000000
MON,0220656373,7E0,8,042E1234C0000000
MON,0220660457,7E8,8,036E123400000000
MON,0220671394,7E0,8,042E1234D8000000
MON,0220675478,7E8,8,036E123400000000
MON,0220686029,7E0,8,072E12343FC96F92
MON,0220690104,7E8,8,036E123400000000
MON,0220704235,7E0,8,052E1234369F0000
MON,0220708321,7E8,8,036E123400000000
MON,0220719046,7E0,8,042E222299000000
MON,0220723133,7E8,8,037F2E3100000000
MON,0220733717,7E0,8,042E12344E000000
MON,0220737804,7E8,8,036E123400000000
MON,0220748377,7E0,8,052E12344E9F0000
MON,0220752457,7E8,8,036E123400000000
MON,0220763037,7E0,8,072E12343988648D
MON,0220767112,7E8,8,036E123400000000
MON,0220777561,7E0,8,072E1234C42C1A8D
MON,0220781633,7E8,8,036E123400000000
MON,0220792158,7E0,8,052E12345EE00000
MON,0220796241,7E8,8,036E123400000000
MON,0220806727,7E0,8,042E12342B000000
MON,0220810814,7E8,8,036E123400000000
MON,0220821387,7E0,8,062E333302E7CC00
MON,0220825468,7E8,8,037F2E3100000000
MON,0220836159,7E0,8,042E100187000000
MON,0220840251,7E8,8,037F2E3100000000
MON,0220851052,7E0,8,052EF187A0D40000
MON,0220855134,7E8,8,037F2E3100000000
MON,0220866452,7E0,8,052E1234760D0000
MON,0220870537,7E8,8,036E123400000000
MON,0220881322,7E0,8,062E1234F1CB7100
MON,0220885398,7E8,8,036E123400000000
MON,0220896796,7E0,8,042E1234E5000000
MON,0220900883,7E8,8,036E123400000000
MON,0220911344,7E0,8,072E1234F485A913
MON,0220915416,7E8,8,036E123400000000
MON,0220926426,7E0,8,052EF187A6B60000
MON,0220930506,7E8,8,037F2E3100000000
MON,0220941645,7E0,8,072E1234EB90ECA7
MON,0220945720,7E8,8,036E123400000000
MON,0220956183,7E0,8,052E123426890000
MON,0220960266,7E8,8,036E123400000000
MON,0220970892,7E0,8,052E123495D30000
MON,0220974975,7E8,8,036E123400000000
MON,0220985513,7E0,8,052E1234DB0B0000
MON,0220989598,7E8,8,036E123400000000
MON,0221000099,7E0,8,042E123427000000
MON,0221004186,7E8,8,036E123400000000
MON,0221014776,7E0,8,052E123497F20000
MON,0221018859,7E8,8,036E123400000000
MON,0221029516,7E0,8,032E123400000000
MON,0221033605,7E8,8,037F2E1300000000
MON,0221044418,7E0,8,042E123411000000
MON,0221048502,7E8,8,036E123400000000
MON,0221059967,7E0,8,062E1234399AEC00
MON,0221064046,7E8,8,036E123400000000
MON,0221075266,7E0,8,072E12346936F615
MON,0221079342,7E8,8,036E123400000000
MON,0221090022,7E0,8,032E123400000000
MON,0221094113,7E8,8,037F2E1300000000
MON,0221104719,7E0,8,042E1234BD000000
MON,0221108806,7E8,8,036E123400000000
MON,0221119274,7E0,8,052E123483AF0000
MON,0221123358,7E8,8,036E123400000000
MON,0221133813,7E0,8,072E1234274BF6D2
MON,0221137888,7E8,8,036E123400000000
MON,0221148433,7E0,8,072E12348CAA8EBA
MON,0221152506,7E8,8,036E123400000000
MON,0221163130,7E0,8,042E1234E6000000
MON,0221167216,7E8,8,036E123400000000
MON,0221178037,7E0,8,072E1234822FFA45
MON,0221182112,7E8,8,036E123400000000
MON,0221193419,7E0,8,052E1234DB800000
MON,0221197500,7E8,8,036E123400000000
MON,0221208062,7E0,8,072E1234A67A9AA4
MON,0221212137,7E8,8,036E123400000000
MON,0221222693,7E0,8,072E1234C085F0E3
MON,0221226767,7E8,8,036E123400000000
MON,0221237391,7E0,8,062E10012D2C2E00
MON,0221241472,7E8,8,037F2E3100000000
MON,0221251956,7E0,8,042E100141000000
MON,0221256047,7E8,8,037F2E3100000000
MON,0221266609,7E0,8,032E123400000000
MON,0221270697,7E8,8,037F2E1300000000
MON,0221281273,7E0,8,042E12348E000000
MON,0221285359,7E8,8,036E123400000000
MON,0221295966,7E0,8,062E12345E273800
MON,0221300044,7E8,8,036E123400000000
MON,0221310505,7E0,8,072E1234F5AEA508
MON,0221314582,7E8,8,036E123400000000
MON,0221325321,7E0,8,072E2222B3545CF5
MON,0221329394,7E8,8,037F2E3100000000
MON,0221342591,7E0,8,062E1234A4F61800
MON,0221346668,7E8,8,036E123400000000
MON,0221357331,7E0,8,062E123447C5A200
MON,0221361406,7E8,8,036E123400000000
MON,0221371890,7E0,8,072E1234E4CCA523
MON,0221375965,7E8,8,036E123400000000
MON,0221386661,7E0,8,062E222282973800
MON,0221390740,7E8,8,037F2E3100000000
MON,0221401419,7E0,8,072E1234D7BC9F38
MON,0221405492,7E8,8,036E123400000000
MON,0221415947,7E0,8,072E12343B3A1F09
MON,0221420026,7E8,8,036E123400000000
MON,0221430633,7E0,8,062E12340CA86400
MON,0221434716,7E8,8,036E123400000000
MON,0221445542,7E0,8,042E1234DF000000
MON,0221449627,7E8,8,036E123400000000
MON,0221460801,7E0,8,072E123463037271
MON,0221464880,7E8,8,036E123400000000
MON,0221475408,7E0,8,062E10012E745100
MON,0221479488,7E8,8,037F2E3100000000
MON,0221490220,7E0,8,062E1234D7E9E400
MON,0221494301,7E8,8,036E123400000000
MON,0221504740,7E0,8,072E123487184405
MON,0221508819,7E8,8,036E123400000000
MON,0221519409,7E0,8,072E12343C39CCD8
MON,0221523481,7E8,8,036E123400000000
MON,0221534044,7E0,8,062E123445A3A500
MON,0221538122,7E8,8,036E123400000000
MON,0221548672,7E0,8,062E1234B02AB400
MON,0221552751,7E8,8,036E123400000000
MON,0221563729,7E0,8,072E1234B1060BF4
MON,0221567813,7E8,8,036E123400000000
MON,0221579094,7E0,8,042E123414000000
MON,0221583181,7E8,8,036E123400000000
MON,0221594791,7E0,8,042E1234BD000000
MON,0221598878,7E8,8,036E123400000000
MON,0221610149,7E0,8,062E1234F9804A00
MON,0221614227,7E8,8,036E123400000000
MON,0221625048,7E0,8,032E123400000000
MON,0221629138,7E8,8,037F2E1300000000
MON,0221640349,7E0,8,072E1234587DC508
MON,0221644426,7E8,8,036E123400000000
MON,0221655017,7E0,8,052E100129F00000
MON,0221659104,7E8,8,037F2E3100000000
MON,0221670032,7E0,8,072E1234D1598C05
MON,0221674111,7E8,8,036E123400000000
MON,0221685542,7E0,8,042E123405000000
MON,0221689630,7E8,8,036E123400000000
MON,0221700957,7E0,8,042E3333BA000000
MON,0221705044,7E8,8,037F2E3100000000
MON,0221715459,7E0,8,062E1234E3F2D900
MON,0221719534,7E8,8,036E123400000000
MON,0221730159,7E0,8,042E1234AA000000
MON,0221734245,7E8,8,036E123400000000
MON,0221744754,7E0,8,062E1234A1FEDA00
MON,0221748833,7E8,8,036E123400000000
MON,0221759474,7E0,8,072E12346A9D1856
MON,0221763546,7E8,8,036E123400000000
MON,0221775301,7E0,8,062EF187D762B600
MON,0221779378,7E8,8,037F2E3100000000
MON,0221790933,7E0,8,072E123401C0AF30
MON,0221795012,7E8,8,036E123400000000
MON,0221806994,7E0,8,052E12345EB50000
MON,0221811077,7E8,8,036E123400000000
MON,0221822201,7E0,8,032E123400000000
MON,0221826295,7E8,8,037F2E1300000000
MON,0221837906,7E0,8,042E33330C000000
MON,0221841997,7E8,8,037F2E3100000000
MON,0221853217,7E0,8,052E12348B0A0000
MON,0221857307,7E8,8,036E123400000000
MON,0221869675,7E0,8,052E12346ACD0000
MON,0221873758,7E8,8,036E123400000000
MON,0221884438,7E0,8,062E12345A8C1A00
MON,0221888514,7E8,8,036E123400000000
MON,0221898925,7E0,8,062E1234BA034D00
MON,0221903008,7E8,8,036E123400000000
MON,0221913654,7E0,8,062E12345B577200
MON,0221917733,7E8,8,036E123400000000
MON,0221928559,7E0,8,042E1234CD000000
MON,0221932644,7E8,8,036E123400000000
MON,0221944229,7E0,8,042E123411000000
MON,0221948318,7E8,8,036E123400000000
MON,0221959508,7E0,8,042E10016E000000
MON,0221963597,7E8,8,037F2E3100000000
MON,0221974381,7E0,8,072E123455729014
MON,0221978454,7E8,8,036E123400000000
MON,0221989795,7E0,8,042E123488000000
MON,0221993882,7E8,8,036E123400000000
MON,0222004506,7E0,8,072E123410C94F21
MON,0222008579,7E8,8,036E123400000000
MON,0222018983,7E0,8,062E1234ED83C700
MON,0222023062,7E8,8,036E123400000000
MON,0222033709,7E0,8,072E12343E35D3AA
MON,0222037783,7E8,8,036E123400000000
MON,0222048317,7E0,8,052E123488E10000
MON,0222052397,7E8,8,036E123400000000
MON,0222063100,7E0,8,052E12349D7F0000
MON,0222067183,7E8,8,036E123400000000
MON,0222077593,7E0,8,072E33336DC465FD
MON,0222081665,7E8,8,037F2E3100000000
MON,0222092553,7E0,8,062E123483F37F00
MON,0222096630,7E8,8,036E123400000000
MON,0222108069,7E0,8,052E12343B7D0000
MON,0222112152,7E8,8,036E123400000000
MON,0222123672,7E0,8,062E1234FE995D00
MON,0222127751,7E8,8,036E123400000000
MON,0222139497,7E0,8,042E123421000000
MON,0222143582,7E8,8,036E123400000000
MON,0222154687,7E0,8,052E1234CCAD0000
MON,0222158770,7E8,8,036E123400000000
MON,0222169574,7E0,8,072E123464398966
MON,0222173646,7E8,8,036E123400000000
MON,0222185007,7E0,8,062E1234CE9A8F00
MON,0222189085,7E8,8,036E123400000000
MON,0222199883,7E0,8,042E123489000000
MON,0222203970,7E8,8,036E123400000000
MON,0222215207,7E0,8,042E3333EF000000
MON,0222219296,7E8,8,037F2E3100000000
MON,0222229920,7E0,8,062E1234D0D63400
MON,0222233999,7E8,8,036E123400000000
MON,0222244639,7E0,8,052E1234D1E40000
MON,0222248722,7E8,8,036E123400000000
MON,0222259435,7E0,8,062E123457F29900
MON,0222263511,7E8,8,036E123400000000
MON,0222274802,7E0,8,062E1234901BDC00
MON,0222278881,7E8,8,036E123400000000
MON,0222289515,7E0,8,052E123484240000
MON,0222293596,7E8,8,036E123400000000
MON,0222304034,7E0,8,072E1234C6DE99E6
MON,0222308109,7E8,8,036E123400000000
MON,0222318643,7E0,8,042E1234FE000000
MON,0222322729,7E8,8,036E123400000000
MON,0222333266,7E0,8,042E123465000000
MON,0222337353,7E8,8,036E123400000000
MON,0222347988,7E0,8,062E1001DA6EC600
MON,0222352071,7E8,8,037F2E3100000000
MON,0222362577,7E0,8,062E1234EDE6EE00
MON,0222366653,7E8,8,036E123400000000
MON,0222377167,7E0,8,072E123494BC81CA
MON,0222381242,7E8,8,036E123400000000
MON,0222391931,7E0,8,052E12340CBD0000
MON,0222396018,7E8,8,036E123400000000
MON,0222406462,7E0,8,052E123454590000
MON,0222410542,7E8,8,036E123400000000
MON,0222421127,7E0,8,042E12341B000000
MON,0222425214,7E8,8,036E123400000000
MON,0222435967,7E0,8,052E33336F210000
MON,0222440050,7E8,8,037F2E3100000000
MON,0222451312,7E0,8,042E100175000000
MON,0222455400,7E8,8,037F2E3100000000
MON,0222466058,7E0,8,062E1234573AE700
MON,0222470137,7E8,8,036E123400000000
MON,0222480653,7E0,8,072E1234BA03B0C0
MON,0222484732,7E8,8,036E123400000000
MON,0222495384,7E0,8,062E1234DF75BC00
MON,0222499461,7E8,8,036E123400000000
MON,0222510231,7E0,8,062E10014B542400
MON,0222514317,7E8,8,037F2E3100000000
MON,0222525630,7E0,8,062E123491F73500
MON,0222529706,7E8,8,036E123400000000
MON,0222540392,7E0,8,052E12347C760000
MON,0222544473,7E8,8,036E123400000000
MON,0222556011,7E0,8,042E12346E000000
MON,0222560098,7E8,8,036E123400000000
MON,0222571517,7E0,8,042E1234FA000000
MON,0222575601,7E8,8,036E123400000000
MON,0222586130,7E0,8,042E33337D000000
MON,0222590216,7E8,8,037F2E3100000000
MON,0222600745,7E0,8,042E22226C000000
MON,0222604831,7E8,8,037F2E3100000000
MON,0222615382,7E0,8,052E12344D840000
MON,0222619463,7E8,8,036E123400000000
MON,0222629918,7E0,8,072E123439A70017
MON,0222633997,7E8,8,036E123400000000
MON,0222644564,7E0,8,042E123447000000
MON,0222648649,7E8,8,036E123400000000
MON,0222659224,7E0,8,072E1234C7EBBA02
MON,0222663306,7E8,8,036E123400000000
MON,0222674178,7E0,8,042E1234A6000000
MON,0222678265,7E8,8,036E123400000000
MON,0222689783,7E0,8,072E1234DEA62F8D
MON,0222693858,7E8,8,036E123400000000
MON,0222704976,7E0,8,062E1234E911E400
MON,0222709055,7E8,8,036E123400000000
MON,0222720190,7E0,8,062E123451FE4400
MON,0222724269,7E8,8,036E123400000000
MON,0222735382,7E0,8,052E1234DFEA0000
MON,0222739463,7E8,8,036E123400000000
MON,0222750973,7E0,8,062E333364417900
MON,0222755052,7E8,8,037F2E3100000000
MON,0222765631,7E0,8,032E123400000000
MON,0222769721,7E8,8,037F2E1300000000
MON,0222780257,7E0,8,072E123495218BEA
MON,0222784333,7E8,8,036E123400000000
MON,0222794969,7E0,8,042E123429000000
MON,0222799056,7E8,8,036E123400000000
MON,0222809612,7E0,8,062E12346D481600
MON,0222813689,7E8,8,036E123400000000
MON,0222824931,7E0,8,052E12347FA40000
MON,0222829014,7E8,8,036E123400000000
MON,0222840014,7E0,8,072E12341CCC1A99
MON,0222844089,7E8,8,036E123400000000
MON,0222855300,7E0,8,072E1234A12A68AC
MON,0222859372,7E8,8,036E123400000000
MON,0222870266,7E0,8,052E1234EA230000
MON,0222874350,7E8,8,036E123400000000
MON,0222885533,7E0,8,052E1234ECCC0000
MON,0222889614,7E8,8,036E123400000000
MON,0222900387,7E0,8,052E100173210000
MON,0222904472,7E8,8,037F2E3100000000
MON,0222914945,7E0,8,062E12343CDA1300
MON,0222919023,7E8,8,036E123400000000
MON,0222929534,7E0,8,052E123431950000
MON,0222933615,7E8,8,036E123400000000
MON,0222944262,7E0,8,042E12342D000000
MON,0222948349,7E8,8,036E123400000000
MON,0222958748,7E0,8,032E123400000000
MON,0222962839,7E8,8,037F2E1300000000
MON,0222973591,7E0,8,062E123439BC1E00
MON,0222977668,7E8,8,036E123400000000
MON,0222990316,7E0,8,052E12348D830000
MON,0222994396,7E8,8,036E123400000000
MON,0223007312,7E0,8,052E1001C4CE0000
MON,0223011397,7E8,8,037F2E3100000000
MON,0223023155,7E0,8,072E1234B3053DDC
MON,0223027234,7E8,8,036E123400000000
MON,0223038063,7E0,8,042E123497000000
MON,0223042150,7E8,8,036E123400000000
MON,0223052627,7E0,8,062E123440390E00
MON,0223056708,7E8,8,036E123400000000
MON,0223067691,7E0,8,072E12349301C336
MON,0223071770,7E8,8,036E123400000000
MON,0223083232,7E0,8,072E1234756BCF6C
MON,0223087309,7E8,8,036E123400000000
MON,0223098893,7E0,8,062E123465AB7600
MON,0223102971,7E8,8,036E123400000000
MON,0223114039,7E0,8,072E12342BA800C9
MON,0223118118,7E8,8,036E123400000000
MON,0223128635,7E0,8,062E2222A1B81A00
MON,0223132713,7E8,8,037F2E3100000000
MON,0223143216,7E0,8,052E1234B4E50000
MON,0223147301,7E8,8,036E123400000000
MON,0223158190,7E0,8,072E1234888813F3
MON,0223162265,7E8,8,036E123400000000
MON,0223173721,7E0,8,052E1234C5870000
MON,0223177804,7E8,8,036E123400000000
MON,0223188371,7E0,8,052E2222EB180000
MON,0223192452,7E8,8,037F2E3100000000
MON,0223202789,7E0,8,042E12343A000000
MON,0223206876,7E8,8,036E123400000000
MON,0223217573,7E0,8,072E1234B90E2A04
MON,0223221654,7E8,8,036E123400000000
MON,0223232134,7E0,8,062E1234496B2E00
MON,0223236212,7E8,8,036E123400000000
MON,0223246717,7E0,8,072E22229EAB0DFE
MON,0223250797,7E8,8,037F2E3100000000
MON,0223261533,7E0,8,052E12346E090000
MON,0223265617,7E8,8,036E123400000000
MON,0223275970,7E0,8,062E12345FB14800
MON,0223280049,7E8,8,036E123400000000
MON,0223290616,7E0,8,072E12348EEE57DD
MON,0223294689,7E8,8,036E123400000000
MON,0223305706,7E0,8,042E12349D000000
MON,0223309793,7E8,8,036E123400000000
MON,0223320883,7E0,8,062E1234ECCD4500
MON,0223324962,7E8,8,036E123400000000
MON,0223337380,7E0,8,072E12349B33F709
MON,0223341457,7E8,8,036E123400000000
MON,0223352680,7E0,8,042E1234E7000000
MON,0223356766,7E8,8,036E123400000000
MON,0223367733,7E0,8,072E1234BDEBE766
MON,0223371808,7E8,8,036E123400000000
MON,0223382673,7E0,8,072E1234BBF4ED29
MON,0223386748,7E8,8,036E123400000000
MON,0223398393,7E0,8,042E1001E5000000
MON,0223402482,7E8,8,037F2E3100000000
MON,0223413665,7E0,8,072E1234C8C6D91A
MON,0223417740,7E8,8,036E123400000000
MON,0223428414,7E0,8,062E123439451D00
MON,0223432490,7E8,8,036E123400000000
MON,0223442850,7E0,8,052E100198A80000
MON,0223446937,7E8,8,037F2E3100000000
MON,0223457589,7E0,8,032E123400000000
MON,0223461677,7E8,8,037F2E1300000000
MON,0223472253,7E0,8,052E1234E99A0000
MON,0223476337,7E8,8,036E123400000000
MON,0223486888,7E0,8,052E2222130F0000
MON,0223490975,7E8,8,037F2E3100000000
MON,0223501537,7E0,8,052E123412C10000
MON,0223505616,7E8,8,036E123400000000
MON,0223516122,7E0,8,072E123476AD9593
MON,0223520197,7E8,8,036E123400000000
MON,0223530725,7E0,8,042E1234FD000000
MON,0223534811,7E8,8,036E123400000000
MON,0223545497,7E0,8,052E1234B62E0000
MON,0223549578,7E8,8,036E123400000000
MON,0223559966,7E0,8,062E123438D00E00
MON,0223564049,7E8,8,036E123400000000
MON,0223574644,7E0,8,042E123413000000
MON,0223578731,7E8,8,036E123400000000
MON,0223589354,7E0,8,062E12349CF7C800
MON,0223593430,7E8,8,036E123400000000
MON,0223603925,7E0,8,052E12341C1C0000
MON,0223608008,7E8,8,036E123400000000
MON,0223618592,7E0,8,052E12342C2D0000
MON,0223622673,7E8,8,036E123400000000
MON,0223637903,7E0,8,052EF18720BE0000
MON,0223641986,7E8,8,037F2E3100000000
MON,0223652902,7E0,8,042E1234DE000000
MON,0223656988,7E8,8,036E123400000000
MON,0223667680,7E0,8,072E1234FF331C2E
MON,0223671754,7E8,8,036E123400000000
MON,0223682974,7E0,8,062E1234CF7ECE00
MON,0223687053,7E8,8,036E123400000000
MON,0223697581,7E0,8,062E1001AFF89900
MON,0223701662,7E8,8,037F2E3100000000
MON,0223712848,7E0,8,062EF187578FEE00
MON,0223716927,7E8,8,037F2E3100000000
MON,0223728040,7E0,8,052E123490280000
MON,0223732122,7E8,8,036E123400000000
MON,0223742926,7E0,8,072E123415F6690E
MON,0223747005,7E8,8,036E123400000000
MON,0223758345,7E0,8,042E123421000000
MON,0223762430,7E8,8,036E123400000000
MON,0223774007,7E0,8,062E1234E02E6000
MON,0223778086,7E8,8,036E123400000000
MON,0223789443,7E0,8,042E1234FF000000
MON,0223793528,7E8,8,036E123400000000
MON,0223804318,7E0,8,052E123467050000
MON,0223808402,7E8,8,036E123400000000
MON,0223819579,7E0,8,072E1234E582F03A
MON,0223823652,7E8,8,036E123400000000
MON,0223834239,7E0,8,072E1234377F5455
MON,0223838316,7E8,8,036E123400000000
MON,0223848889,7E0,8,052E1234332E0000
MON,0223852972,7E8,8,036E123400000000
MON,0223863613,7E0,8,042E1234CE000000
MON,0223867697,7E8,8,036E123400000000
MON,0223878250,7E0,8,062E1234D91EE200
MON,0223882330,7E8,8,036E123400000000
MON,0223893010,7E0,8,032E123400000000
MON,0223897101,7E8,8,037F2E1300000000
MON,0223908756,7E0,8,042E123411000000
MON,0223912843,7E8,8,036E123400000000
MON,0223924248,7E0,8,052EF187F3E20000
MON,0223928332,7E8,8,037F2E3100000000
MON,0223939696,7E0,8,042E12345E000000
MON,0223943783,7E8,8,036E123400000000
MON,0223954299,7E0,8,072E12344D516B93
MON,0223958372,7E8,8,036E123400000000
MON,0223968951,7E0,8,052E1234EE710000
MON,0223973033,7E8,8,036E123400000000
MON,0223983933,7E0,8,042E10012D000000
MON,0223988024,7E8,8,037F2E3100000000
MON,0223999336,7E0,8,062E123418D3E900
MON,0224003413,7E8,8,036E123400000000
MON,0224013795,7E0,8,042E12342A000000
MON,0224017882,7E8,8,036E123400000000
MON,0224028664,7E0,8,052E22228DAC0000
MON,0224032746,7E8,8,037F2E3100000000
MON,0224044638,7E0,8,042E123471000000
MON,0224048725,7E8,8,036E123400000000
MON,0224060493,7E0,8,032E123400000000
MON,0224064582,7E8,8,037F2E1300000000
MON,0224075361,7E0,8,042EF187C4000000
MON,0224079444,7E8,8,037F2E3100000000
MON,0224089939,7E0,8,072E12349B270EF5
MON,0224094018,7E8,8,036E123400000000
MON,0224104608,7E0,8,052E12349B010000
MON,0224108693,7E8,8,036E123400000000
MON,0224119246,7E0,8,042E1234FF000000
MON,0224123333,7E8,8,036E123400000000
MON,0224133907,7E0,8,062E1234B945F700
MON,0224137986,7E8,8,036E123400000000
MON,0224148468,7E0,8,072E1234C30577F5
MON,0224152545,7E8,8,036E123400000000
MON,0224163336,7E0,8,072E33332A53C0DA
MON,0224167408,7E8,8,037F2E3100000000
MON,0224178924,7E0,8,042E3333FA000000
MON,0224183011,7E8,8,037F2E3100000000
MON,0224193612,7E0,8,072E3333DB0667B1
MON,0224197689,7E8,8,037F2E3100000000
MON,0224209362,7E0,8,032E123400000000
MON,0224213450,7E8,8,037F2E1300000000
MON,0224224634,7E0,8,072E12346F24E7F9
MON,0224228706,7E8,8,036E123400000000
MON,0224239600,7E0,8,072E123489CBA81E
MON,0224243673,7E8,8,036E123400000000
MON,0224257249,7E0,8,062E3333A6243F00
MON,0224261329,7E8,8,037F2E3100000000
MON,0224272805,7E0,8,052E12342A370000
MON,0224276888,7E8,8,036E123400000000
MON,0224288073,7E0,8,062E123405C46100
MON,0224292157,7E8,8,036E123400000000
MON,0224302966,7E0,8,072EF187BF621BF4
MON,0224307040,7E8,8,037F2E3100000000
MON,0224318342,7E0,8,042E10010C000000
MON,0224322435,7E8,8,037F2E3100000000
MON,0224333310,7E0,8,062E12344F92FF00
MON,0224337387,7E8,8,036E123400000000
MON,0224348869,7E0,8,062E1001206C0100
MON,0224352956,7E8,8,037F2E3100000000
MON,0224364409,7E0,8,052E1234035E0000
MON,0224368494,7E8,8,036E123400000000
MON,0224379807,7E0,8,062E1234522BCC00
MON,0224383886,7E8,8,036E123400000000
MON,0224394498,7E0,8,052E100103EF0000
MON,0224398587,7E8,8,037F2E3100000000
MON,0224409279,7E0,8,042E123447000000
MON,0224413367,7E8,8,036E123400000000
MON,0224424737,7E0,8,062E33333D37D900
MON,0224428815,7E8,8,037F2E3100000000
MON,0224439962,7E0,8,042E123411000000
MON,0224444049,7E8,8,036E123400000000
MON,0224455049,7E0,8,042E1234F5000000
MON,0224459136,7E8,8,036E123400000000
MON,0224469748,7E0,8,042E1234E3000000
MON,0224473835,7E8,8,036E123400000000
MON,0224484340,7E0,8,032E123400000000
MON,0224488428,7E8,8,037F2E1300000000
MON,0224498940,7E0,8,052E12340F460000
MON,0224503027,7E8,8,036E123400000000
MON,0224513527,7E0,8,062E12345C738C00
MON,0224517604,7E8,8,036E123400000000
MON,0224528171,7E0,8,072E1234CFFDC819
MON,0224532246,7E8,8,036E123400000000
MON,0224542991,7E0,8,042E1234B1000000
MON,0224547078,7E8,8,036E123400000000
MON,0224558402,7E0,8,052E1234719D0000
MON,0224562482,7E8,8,036E123400000000
MON,0224572999,7E0,8,042E123473000000
MON,0224577086,7E8,8,036E123400000000
MON,0224587794,7E0,8,052E12349EB90000
MON,0224591877,7E8,8,036E123400000000
MON,0224602371,7E0,8,072E123484501867
MON,0224606443,7E8,8,036E123400000000
MON,0224616988,7E0,8,052E1234587D0000
MON,0224621071,7E8,8,036E123400000000
MON,0224631689,7E0,8,032E123400000000
MON,0224635779,7E8,8,037F2E1300000000
MON,0224646276,7E0,8,042E123424000000
MON,0224650363,7E8,8,036E123400000000
MON,0224661252,7E0,8,062E1234E3C81200
MON,0224665331,7E8,8,036E123400000000
MON,0224676779,7E0,8,072E1234CE6D21ED
MON,0224680854,7E8,8,036E123400000000
MON,0224692291,7E0,8,062E222210C52700
MON,0224696367,7E8,8,037F2E3100000000
MON,0224707014,7E0,8,042E1234C0000000
MON,0224711101,7E8,8,036E123400000000
MON,0224722340,7E0,8,042E123412000000
MON,0224726424,7E8,8,036E123400000000
MON,0224737026,7E0,8,052EF187A9DB0000
MON,0224741109,7E8,8,037F2E3100000000
MON,0224751688,7E0,8,042E123498000000
MON,0224755774,7E8,8,036E123400000000
MON,0224766364,7E0,8,062E12345D99F700
MON,0224770440,7E8,8,036E123400000000
MON,0224781177,7E0,8,042E123447000000
MON,0224785264,7E8,8,036E123400000000
MON,0224796512,7E0,8,052E2222AD9B0000
MON,0224800593,7E8,8,037F2E3100000000
MON,0224811229,7E0,8,042E1234C6000000
MON,0224815318,7E8,8,036E123400000000
MON,0224825880,7E0,8,072E123416BBB025
MON,0224829955,7E8,8,036E123400000000
MON,0224840477,7E0,8,072E123401C3857B
MON,0224844554,7E8,8,036E123400000000
MON,0224855997,7E0,8,072E123439EE3C5C
MON,0224860072,7E8,8,036E123400000000
MON,0224870656,7E0,8,052E1234B6A90000
MON,0224874738,7E8,8,036E123400000000
MON,0224885328,7E0,8,062EF187A824FE00
MON,0224889405,7E8,8,037F2E3100000000
MON,0224900063,7E0,8,072E123497B2C9CE
MON,0224904138,7E8,8,036E123400000000
MON,0224914553,7E0,8,062E1234E4405300
MON,0224918629,7E8,8,036E123400000000
MON,0224929199,7E0,8,052E1234874F0000
MON,0224933282,7E8,8,036E123400000000
MON,0224943943,7E0,8,072E1234021FE1EA
MON,0224948022,7E8,8,036E123400000000
MON,0224958691,7E0,8,062E123447784400
MON,0224962770,7E8,8,036E123400000000
MON,0224973171,7E0,8,062E1234E50D7900
MON,0224977254,7E8,8,036E123400000000
MON,0224988022,7E0,8,052E1234E51E0000
MON,0224992105,7E8,8,036E123400000000
MON,0225003856,7E0,8,062E123489BA6000
MON,0225007934,7E8,8,036E123400000000
MON,0225019255,7E0,8,062E123485CC2700
MON,0225023334,7E8,8,036E123400000000
MON,0225034636,7E0,8,062E12346C91D900
MON,0225038715,7E8,8,036E123400000000
MON,0225049274,7E0,8,062E1234395E3300
MON,0225053353,7E8,8,036E123400000000
MON,0225063966,7E0,8,072E12347E6CED61
MON,0225068040,7E8,8,036E123400000000
MON,0225078501,7E0,8,062E123419809F00
MON,0225082578,7E8,8,036E123400000000
MON,0225093219,7E0,8,032E123400000000
MON,0225097312,7E8,8,037F2E1300000000
MON,0225107982,7E0,8,032E123400000000
MON,0225112073,7E8,8,037F2E1300000000
MON,0225122702,7E0,8,042E1234C3000000
MON,0225126789,7E8,8,036E123400000000
MON,0225138273,7E0,8,062E1234CA46AB00
MON,0225142353,7E8,8,036E123400000000
MON,0225152893,7E0,8,052E123428730000
MON,0225156975,7E8,8,036E123400000000
MON,0225167498,7E0,8,052E1234DF130000
MON,0225171578,7E8,8,036E123400000000
MON,0225182134,7E0,8,042E12345C000000
MON,0225186220,7E8,8,036E123400000000
MON,0225196866,7E0,8,052E10011E800000
MON,0225200953,7E8,8,037F2E3100000000
MON,0225212384,7E0,8,052E22220B290000
MON,0225216469,7E8,8,037F2E3100000000
MON,0225227003,7E0,8,072E1234E3D46CA8
MON,0225231078,7E8,8,036E123400000000
MON,0225241741,7E0,8,072E1234A5BE28F4
MON,0225245815,7E8,8,036E123400000000
MON,0225257181,7E0,8,052E1234BA180000
MON,0225261264,7E8,8,036E123400000000
MON,0225272805,7E0,8,072E123494474420
MON,0225276880,7E8,8,036E123400000000
MON,0225287639,7E0,8,062E123404332500
MON,0225291722,7E8,8,036E123400000000
MON,0225303031,7E0,8,052E12347E090000
MON,0225307118,7E8,8,036E123400000000
MON,0225317770,7E0,8,042E123450000000
MON,0225321856,7E8,8,036E123400000000
MON,0225332373,7E0,8,062E1234C75B1E00
MON,0225336449,7E8,8,036E123400000000
MON,0225347051,7E0,8,072E123434AA0433
MON,0225351130,7E8,8,036E123400000000
MON,0225361619,7E0,8,062EF187C3C3C100
MON,0225365695,7E8,8,037F2E3100000000
MON,0225376544,7E0,8,072E12344B4A7F7A
MON,0225380616,7E8,8,036E123400000000
MON,0225392031,7E0,8,072E12344EE4D205
MON,0225396110,7E8,8,036E123400000000
MON,0225407715,7E0,8,042EF187F6000000
MON,0225411802,7E8,8,037F2E3100000000
MON,0225423106,7E0,8,062E1234BE46D600
MON,0225427185,7E8,8,036E123400000000
MON,0225437909,7E0,8,042E1234B2000000
MON,0225441996,7E8,8,036E123400000000
MON,0225453298,7E0,8,042E1234F9000000
MON,0225457383,7E8,8,036E123400000000
MON,0225468420,7E0,8,042E2222BD000000
MON,0225472505,7E8,8,037F2E3100000000
MON,0225485216,7E0,8,052E222246890000
MON,0225489301,7E8,8,037F2E3100000000
MON,0225500423,7E0,8,042E123440000000
MON,0225504508,7E8,8,036E123400000000
MON,0225516181,7E0,8,032E123400000000
MON,0225520272,7E8,8,037F2E1300000000
MON,0225531380,7E0,8,042E1234DB000000
MON,0225535464,7E8,8,036E123400000000
MON,0225546066,7E0,8,062E1234C0A1D300
MON,0225550145,7E8,8,036E123400000000
MON,0225560729,7E0,8,052E1234E90D0000
MON,0225564816,7E8,8,036E123400000000
MON,0225575428,7E0,8,052E12348C360000
MON,0225579509,7E8,8,036E123400000000
MON,0225590116,7E0,8,052E1234B40D0000
MON,0225594203,7E8,8,036E123400000000
MON,0225605701,7E0,8,052EF187A6E70000
MON,0225609784,7E8,8,037F2E3100000000
MON,0225620213,7E0,8,042E1234EE000000
MON,0225624303,7E8,8,036E123400000000
MON,0225635056,7E0,8,032E123400000000
MON,0225639147,7E8,8,037F2E1300000000
MON,0225650471,7E0,8,042EF18787000000
MON,0225654555,7E8,8,037F2E3100000000
MON,0225665084,7E0,8,042E1234FB000000
MON,0225669171,7E8,8,036E123400000000
MON,0225680030,7E0,8,072E123402A03692
MON,0225684109,7E8,8,036E123400000000
MON,0225695338,7E0,8,052E10015C220000
MON,0225699423,7E8,8,037F2E3100000000
MON,0225709991,7E0,8,052E12344DCF0000
MON,0225714074,7E8,8,036E123400000000
MON,0225724922,7E0,8,072E1234ABF98F2C
MON,0225728997,7E8,8,036E123400000000
MON,0225740383,7E0,8,062E12341DB02F00
MON,0225744460,7E8,8,036E123400000000
MON,0225755306,7E0,8,072E1234E19FB9D4
MON,0225759379,7E8,8,036E123400000000
MON,0225770562,7E0,8,072EF187275AB024
MON,0225774635,7E8,8,037F2E3100000000
MON,0225785177,7E0,8,072E12349CAEC7E6
MON,0225789252,7E8,8,036E123400000000
MON,0225799868,7E0,8,072E12344835AFAB
MON,0225803942,7E8,8,036E123400000000
MON,0225814324,7E0,8,072E1234E1E077EF
MON,0225818396,7E8,8,036E123400000000
MON,0225829293,7E0,8,062E1234A6BB8300
MON,0225833370,7E8,8,036E123400000000
MON,0225844745,7E0,8,062E12345F683000
MON,0225848824,7E8,8,036E123400000000
MON,0225859276,7E0,8,072E1234083B63BF
MON,0225863356,7E8,8,036E123400000000
MON,0225874025,7E0,8,062E12343624EE00
MON,0225878104,7E8,8,036E123400000000
MON,0225888553,7E0,8,042E100127000000
MON,0225892642,7E8,8,037F2E3100000000
MON,0225903293,7E0,8,042E10010A000000
MON,0225907387,7E8,8,037F2E3100000000
MON,0225918368,7E0,8,042E12344B000000
MON,0225922453,7E8,8,036E123400000000
MON,0225933518,7E0,8,042E10019A000000
MON,0225937607,7E8,8,037F2E3100000000
MON,0225948203,7E0,8,042E123428000000
MON,0225952292,7E8,8,036E123400000000
MON,0225962742,7E0,8,052E12348E600000
MON,0225966825,7E8,8,036E123400000000
MON,0225977460,7E0,8,062E1234F226C300
MON,0225981537,7E8,8,036E123400000000
MON,0225992071,7E0,8,062E1234C9C62600
MON,0225996150,7E8,8,036E123400000000
MON,0226006639,7E0,8,042E10016A000000
MON,0226010730,7E8,8,037F2E3100000000
MON,0226021283,7E0,8,072E123406356C4D
MON,0226025363,7E8,8,036E123400000000
MON,0226035897,7E0,8,042E12346D000000
MON,0226039984,7E8,8,036E123400000000
MON,0226050529,7E0,8,032E123400000000
MON,0226054616,7E8,8,037F2E1300000000
MON,0226068632,7E0,8,062E1234FD235600
MON,0226072708,7E8,8,036E123400000000
MON,0226083669,7E0,8,062E123405E16500
MON,0226087752,7E8,8,036E123400000000
MON,0226098730,7E0,8,072E1234DFFE6E04
MON,0226102810,7E8,8,036E123400000000
MON,0226113990,7E0,8,072E1234E45034D2
MON,0226118065,7E8,8,036E123400000000
MON,0226128604,7E0,8,062E12345B95B400
MON,0226132681,7E8,8,036E123400000000
MON,0226143406,7E0,8,052E1234CF850000
MON,0226147485,7E8,8,036E123400000000
MON,0226158109,7E0,8,072E1234251CABA4
MON,0226162183,7E8,8,036E123400000000
MON,0226173529,7E0,8,072E1234986CFE82
MON,0226177602,7E8,8,036E123400000000
MON,0226188164,7E0,8,072E1234E7B3DBEE
MON,0226192239,7E8,8,036E123400000000
MON,0226202793,7E0,8,042E1234FA000000
MON,0226206880,7E8,8,036E123400000000
MON,0226217498,7E0,8,052E12341FC30000
MON,0226221578,7E8,8,036E123400000000
MON,0226231982,7E0,8,032E123400000000
MON,0226236072,7E8,8,037F2E1300000000
MON,0226246724,7E0,8,052E1234DAB70000
MON,0226250807,7E8,8,036E123400000000
MON,0226261458,7E0,8,042E12345D000000
MON,0226265542,7E8,8,036E123400000000
MON,0226276245,7E0,8,072E123487D9007C
MON,0226280325,7E8,8,036E123400000000
MON,0226291914,7E0,8,032E123400000000
MON,0226296004,7E8,8,037F2E1300000000
MON,0226307258,7E0,8,062E123485F01100
MON,0226311337,7E8,8,036E123400000000
MON,0226321776,7E0,8,072E1234315BDA2F
MON,0226325851,7E8,8,036E123400000000
MON,0226336722,7E0,8,072E1234E5E213DA
MON,0226340796,7E8,8,036E123400000000
MON,0226352362,7E0,8,072E12349D4BD3EA
MON,0226356435,7E8,8,036E123400000000
MON,0226367787,7E0,8,062E1234FE7E9A00
MON,0226371866,7E8,8,036E123400000000
MON,0226382523,7E0,8,062E1234F9A78000
MON,0226386600,7E8,8,036E123400000000
MON,0226397094,7E0,8,062E1234BFB9B700
MON,0226401173,7E8,8,036E123400000000
MON,0226411605,7E0,8,072E12348E87EB35
MON,0226415678,7E8,8,036E123400000000
MON,0226426301,7E0,8,072E1234323EA1B4
MON,0226430374,7E8,8,036E123400000000
MON,0226441206,7E0,8,062E12343BC63600
MON,0226445285,7E8,8,036E123400000000
MON,0226456911,7E0,8,052E123413B80000
MON,0226460994,7E8,8,036E123400000000
MON,0226472112,7E0,8,072E12342987F539
MON,0226476187,7E8,8,036E123400000000
MON,0226486697,7E0,8,062E1234E2AD7B00
MON,0226490776,7E8,8,036E123400000000
MON,0226501372,7E0,8,072E1234F61FF040
MON,0226505444,7E8,8,036E123400000000
MON,0226516080,7E0,8,072E1234BE8F0052
MON,0226520158,7E8,8,036E123400000000
MON,0226530697,7E0,8,042E12344F000000
MON,0226534784,7E8,8,036E123400000000
MON,0226545346,7E0,8,062E22226F2DCB00
MON,0226549423,7E8,8,037F2E3100000000
MON,0226560182,7E0,8,052E12348E770000
MON,0226564265,7E8,8,036E123400000000
MON,0226575806,7E0,8,052E1234BC600000
MON,0226579888,7E8,8,036E123400000000
MON,0226591142,7E0,8,052E1001422B0000
MON,0226595229,7E8,8,037F2E3100000000
MON,0226605813,7E0,8,042E12340E000000
MON,0226609904,7E8,8,036E123400000000
MON,0226620471,7E0,8,032E123400000000
MON,0226624560,7E8,8,037F2E1300000000
MON,0226635201,7E0,8,062E12340F070300
MON,0226639296,7E8,8,036E123400000000
MON,0226649695,7E0,8,042E1234AE000000
MON,0226653782,7E8,8,036E123400000000
MON,0226664361,7E0,8,052E123412B80000
MON,0226668441,7E8,8,036E123400000000
MON,0226678947,7E0,8,052E1234B3B00000
MON,0226683030,7E8,8,036E123400000000
MON,0226693659,7E0,8,052E100129E10000
MON,0226697746,7E8,8,037F2E3100000000
MON,0226708319,7E0,8,072E333304EBC9D2
MON,0226712396,7E8,8,037F2E3100000000
MON,0226722958,7E0,8,062E12348FC8F400
MON,0226727037,7E8,8,036E123400000000
MON,0226737554,7E0,8,042E100162000000
MON,0226741643,7E8,8,037F2E3100000000
MON,0226752257,7E0,8,072E12348E1764F5
MON,0226756333,7E8,8,036E123400000000
MON,0226766963,7E0,8,052E123401090000
MON,0226771055,7E8,8,036E123400000000
MON,0226784052,7E0,8,062E12340E59D100
MON,0226788135,7E8,8,036E123400000000
MON,0226799096,7E0,8,052E12342AC60000
MON,0226803179,7E8,8,036E123400000000
MON,0226813769,7E0,8,062E100179DC0C00
MON,0226817857,7E8,8,037F2E3100000000
MON,0226828368,7E0,8,052E3333DB7A0000
MON,0226832448,7E8,8,037F2E3100000000
MON,0226843190,7E0,8,062E123426E65400
MON,0226847269,7E8,8,036E123400000000
MON,0226857609,7E0,8,052E123446070000
MON,0226861694,7E8,8,036E123400000000
MON,0226872236,7E0,8,062E12341ECD9000
MON,0226876317,7E8,8,036E123400000000
MON,0226886857,7E0,8,062E123411419200
MON,0226890936,7E8,8,036E123400000000
MON,0226901543,7E0,8,062E10010CD7A500
MON,0226905628,7E8,8,037F2E3100000000
MON,0226916989,7E0,8,072E1234341D886F
MON,0226921064,7E8,8,036E123400000000
MON,0226934378,7E0,8,052E1234FD300000
MON,0226938459,7E8,8,036E123400000000
MON,0226949274,7E0,8,062E123406549700
MON,0226953358,7E8,8,036E123400000000
MON,0226964766,7E0,8,062E123444575900
MON,0226968845,7E8,8,036E123400000000
MON,0226980273,7E0,8,052E123497B90000
MON,0226984356,7E8,8,036E123400000000
MON,0226995211,7E0,8,062E123463B51000
MON,0226999292,7E8,8,036E123400000000
MON,0227009804,7E0,8,042E222233000000
MON,0227013891,7E8,8,037F2E3100000000
MON,0227024768,7E0,8,042E12341D000000
MON,0227028855,7E8,8,036E123400000000
MON,0227040041,7E0,8,062E12342D9E9800
MON,0227044120,7E8,8,036E123400000000
MON,0227054794,7E0,8,072E123490EB5EE0
MON,0227058869,7E8,8,036E123400000000
MON,0227069363,7E0,8,052EF187F9800000
MON,0227073443,7E8,8,037F2E3100000000
MON,0227084593,7E0,8,072E1234756C3678
MON,0227088665,7E8,8,036E123400000000
MON,0227099683,7E0,8,042E1234E4000000
MON,0227103770,7E8,8,036E123400000000
MON,0227114309,7E0,8,032E123400000000
MON,0227118398,7E8,8,037F2E1300000000
MON,0227128960,7E0,8,042E123419000000
MON,0227133047,7E8,8,036E123400000000
MON,0227144114,7E0,8,042E1234B3000000
MON,0227148201,7E8,8,036E123400000000
MON,0227159089,7E0,8,032E123400000000
MON,0227163180,7E8,8,037F2E1300000000
MON,0227173995,7E0,8,042E12348C000000
MON,0227178082,7E8,8,036E123400000000
MON,0227188475,7E0,8,052E12341D690000
MON,0227192555,7E8,8,036E123400000000
MON,0227203044,7E0,8,072E123480D20925
MON,0227207124,7E8,8,036E123400000000
MON,0227219564,7E0,8,032E123400000000
MON,0227223653,7E8,8,037F2E1300000000
MON,0227234332,7E0,8,062E1234A943F400
MON,0227238409,7E8,8,036E123400000000
MON,0227248842,7E0,8,072E1234E6964AFA
MON,0227252917,7E8,8,036E123400000000
MON,0227263552,7E0,8,042E123487000000
MON,0227267636,7E8,8,036E123400000000
MON,0227278389,7E0,8,072E1234B105EDAD
MON,0227282466,7E8,8,036E123400000000
MON,0227293006,7E0,8,072E1234B5A8938B
MON,0227297080,7E8,8,036E123400000000
MON,0227307867,7E0,8,052E1234D8970000
MON,0227311949,7E8,8,036E123400000000
MON,0227323096,7E0,8,062E1234C5DA2000
MON,0227327175,7E8,8,036E123400000000
MON,0227337742,7E0,8,042E100150000000
MON,0227341833,7E8,8,037F2E3100000000
MON,0227352350,7E0,8,072E1234D35D09D8
MON,0227356427,7E8,8,036E123400000000
MON,0227366961,7E0,8,042E1001C8000000
MON,0227371052,7E8,8,037F2E3100000000
MON,0227381664,7E0,8,042E123417000000
MON,0227385751,7E8,8,036E123400000000
MON,0227396431,7E0,8,042E123428000000
MON,0227400516,7E8,8,036E123400000000
MON,0227411362,7E0,8,072E1234259341B6
MON,0227415435,7E8,8,036E123400000000
MON,0227426540,7E0,8,062E333313B74A00
MON,0227430617,7E8,8,037F2E3100000000
MON,0227441184,7E0,8,042E123453000000
MON,0227445271,7E8,8,036E123400000000
MON,0227455836,7E0,8,042E1234D0000000
MON,0227459922,7E8,8,036E123400000000
MON,0227470427,7E0,8,072E12343D5ED5F4
MON,0227474500,7E8,8,036E123400000000
MON,0227485481,7E0,8,042E222203000000
MON,0227489570,7E8,8,037F2E3100000000
MON,0227501052,7E0,8,052E100142C60000
MON,0227505139,7E8,8,037F2E3100000000
MON,0227517658,7E0,8,052E12348FDC0000
MON,0227521741,7E8,8,036E123400000000
MON,0227532938,7E0,8,052E1234AE2A0000
MON,0227537021,7E8,8,036E123400000000
MON,0227547582,7E0,8,052E123439AF0000
MON,0227551662,7E8,8,036E123400000000
MON,0227563175,7E0,8,052E12347C530000
MON,0227567257,7E8,8,036E123400000000
MON,0227577715,7E0,8,052E123404E00000
MON,0227581802,7E8,8,036E123400000000
MON,0227592313,7E0,8,042E123452000000
MON,0227596397,7E8,8,036E123400000000
MON,0227607235,7E0,8,042E222259000000
MON,0227611322,7E8,8,037F2E3100000000
MON,0227622132,7E0,8,052E1234F1810000
MON,0227626215,7E8,8,036E123400000000
MON,0227637291,7E0,8,052E123494B90000
MON,0227641370,7E8,8,036E123400000000
MON,0227653038,7E0,8,062E1234BE148000
MON,0227657117,7E8,8,036E123400000000
MON,0227667594,7E0,8,052E123491ED0000
MON,0227671674,7E8,8,036E123400000000
MON,0227682177,7E0,8,042E12343D000000
MON,0227686264,7E8,8,036E123400000000
MON,0227696897,7E0,8,072E1234A1E7B74E
MON,0227700971,7E8,8,036E123400000000
MON,0227711639,7E0,8,072E1234C14AF1CA
MON,0227715714,7E8,8,036E123400000000
MON,0227726177,7E0,8,062E1234B79C4300
MON,0227730256,7E8,8,036E123400000000
MON,0227741052,7E0,8,042E1234D9000000
MON,0227745138,7E8,8,036E123400000000
MON,0227756389,7E0,8,062E12348CCFE200
MON,0227760465,7E8,8,036E123400000000
MON,0227770954,7E0,8,052E123405C00000
MON,0227775041,7E8,8,036E123400000000
MON,0227785676,7E0,8,062E123498D59A00
MON,0227789755,7E8,8,036E123400000000
MON,0227800311,7E0,8,042E22222E000000
MON,0227804395,7E8,8,037F2E3100000000
MON,0227814986,7E0,8,072E12341F599EBB
MON,0227819061,7E8,8,036E123400000000
MON,0227829572,7E0,8,032E123400000000
MON,0227833660,7E8,8,037F2E1300000000
MON,0227844203,7E0,8,032E123400000000
MON,0227848296,7E8,8,037F2E1300000000
MON,0227858796,7E0,8,032E123400000000
MON,0227862887,7E8,8,037F2E1300000000
MON,0227873719,7E0,8,052E10010E470000
MON,0227877810,7E8,8,037F2E3100000000
MON,0227889562,7E0,8,042E123499000000
MON,0227893646,7E8,8,036E123400000000
MON,0227904821,7E0,8,042E123465000000
MON,0227908908,7E8,8,036E123400000000
MON,0227919396,7E0,8,052E123407E80000
MON,0227923481,7E8,8,036E123400000000
MON,0227934021,7E0,8,042E1001BE000000
MON,0227938112,7E8,8,037F2E3100000000
MON,0227948612,7E0,8,072E12345322732D
MON,0227952685,7E8,8,036E123400000000
MON,0227963314,7E0,8,042E1234C8000000
MON,0227967398,7E8,8,036E123400000000
MON,0227977899,7E0,8,032E123400000000
MON,0227981990,7E8,8,037F2E1300000000
MON,0227992523,7E0,8,072E1234322C52B8
MON,0227996596,7E8,8,036E123400000000
MON,0228007265,7E0,8,062E123433830200
MON,0228011348,7E8,8,036E123400000000
MON,0228022079,7E0,8,062E1234689BAD00
MON,0228026158,7E8,8,036E123400000000
MON,0228037471,7E0,8,042E1234CC000000
MON,0228041555,7E8,8,036E123400000000
MON,0228052101,7E0,8,072E12342DEDE054
MON,0228056175,7E8,8,036E123400000000
MON,0228066647,7E0,8,072E123475531B7A
MON,0228070722,7E8,8,036E123400000000
MON,0228081300,7E0,8,072E1234A148BE39
MON,0228085372,7E8,8,036E123400000000
MON,0228096064,7E0,8,052E1234EB4D0000
MON,0228100146,7E8,8,036E123400000000
MON,0228110494,7E0,8,062E12342847F900
MON,0228114571,7E8,8,036E123400000000
MON,0228125305,7E0,8,072EF187CE8C7F03
MON,0228129382,7E8,8,037F2E3100000000
MON,0228139888,7E0,8,042E1234D1000000
MON,0228143974,7E8,8,036E123400000000
MON,0228154418,7E0,8,072E1234E1D2C9A9
MON,0228158489,7E8,8,036E123400000000
MON,0228171020,7E0,8,052E123477290000
MON,0228175103,7E8,8,036E123400000000
MON,0228185704,7E0,8,062E12343B4F1E00
MON,0228189783,7E8,8,036E123400000000
MON,0228200581,7E0,8,072E1234069FF8D6
MON,0228204658,7E8,8,036E123400000000
MON,0228215962,7E0,8,072E1234F3C05467
MON,0228220036,7E8,8,036E123400000000
MON,0228230694,7E0,8,072E12342AAC6EF5
MON,0228234769,7E8,8,036E123400000000
MON,0228245415,7E0,8,052E1001A36C0000
MON,0228249500,7E8,8,037F2E3100000000
MON,0228259882,7E0,8,042E33336D000000
MON,0228263969,7E8,8,037F2E3100000000
MON,0228274537,7E0,8,072E12341D4A6ACF
MON,0228278609,7E8,8,036E123400000000
MON,0228289394,7E0,8,052E1234F8A50000
MON,0228293474,7E8,8,036E123400000000
MON,0228304759,7E0,8,052E100149A10000
MON,0228308846,7E8,8,037F2E3100000000
MON,0228319504,7E0,8,052E12342CFD0000
MON,0228323584,7E8,8,036E123400000000
MON,0228334386,7E0,8,042E1234F3000000
MON,0228338470,7E8,8,036E123400000000
MON,0228349677,7E0,8,042E1234B4000000
MON,0228353763,7E8,8,036E123400000000
MON,0228364308,7E0,8,072E12343097B424
MON,0228368380,7E8,8,036E123400000000
MON,0228378982,7E0,8,052E3333D7590000
MON,0228383065,7E8,8,037F2E3100000000
MON,0228393615,7E0,8,052E1234A6A90000
MON,0228397695,7E8,8,036E123400000000
MON,0228408249,7E0,8,032E123400000000
MON,0228412340,7E8,8,037F2E1300000000
MON,0228423189,7E0,8,042E1234EC000000
MON,0228427276,7E8,8,036E123400000000
MON,0228438513,7E0,8,062E1234D35A5700
MON,0228442590,7E8,8,036E123400000000
MON,0228453447,7E0,8,072E123459A31997
MON,0228457520,7E8,8,036E123400000000
MON,0228468805,7E0,8,042E1234C4000000
MON,0228472892,7E8,8,036E123400000000
MON,0228483386,7E0,8,042E1234C0000000
MON,0228487470,7E8,8,036E123400000000
MON,0228497993,7E0,8,042E12343B000000
MON,0228502080,7E8,8,036E123400000000
MON,0228512782,7E0,8,042E123474000000
MON,0228516869,7E8,8,036E123400000000
MON,0228527374,7E0,8,062E12344CB09F00
MON,0228531451,7E8,8,036E123400000000
MON,0228542075,7E0,8,032E123400000000
MON,0228546166,7E8,8,037F2E1300000000
MON,0228556834,7E0,8,042E1234C6000000
MON,0228560921,7E8,8,036E123400000000
MON,0228572231,7E0,8,032E123400000000
MON,0228576323,7E8,8,037F2E1300000000
MON,0228586824,7E0,8,072E1234D2C29580
MON,0228590898,7E8,8,036E123400000000
MON,0228603704,7E0,8,062E123485F64600
MON,0228607783,7E8,8,036E123400000000
MON,0228619008,7E0,8,072E1234519117A0
MON,0228623083,7E8,8,036E123400000000
MON,0228633909,7E0,8,072E123454B24A41
MON,0228637983,7E8,8,036E123400000000
MON,0228649220,7E0,8,062E12343F514C00
MON,0228653301,7E8,8,036E123400000000
MON,0228663886,7E0,8,052E1234866F0000
MON,0228667969,7E8,8,036E123400000000
MON,0228678739,7E0,8,062E12348F275C00
MON,0228682818,7E8,8,036E123400000000
MON,0228693180,7E0,8,072E123476AB22F1
MON,0228697255,7E8,8,036E123400000000
MON,0228707927,7E0,8,052E12342A100000
MON,0228712010,7E8,8,036E123400000000
MON,0228722752,7E0,8,042E10012C000000
MON,0228726843,7E8,8,037F2E3100000000
MON,0228738561,7E0,8,072E12349ED5758C
MON,0228742633,7E8,8,036E123400000000
MON,0228753999,7E0,8,072E1234E8E1100E
MON,0228758079,7E8,8,036E123400000000
MON,0228769380,7E0,8,062E12342CD51B00
MON,0228773455,7E8,8,036E123400000000
MON,0228784018,7E0,8,042E12340A000000
MON,0228788109,7E8,8,036E123400000000
MON,0228798715,7E0,8,072E12346D255FCD
MON,0228802790,7E8,8,036E123400000000
MON,0228813186,7E0,8,052E123428F10000
MON,0228817269,7E8,8,036E123400000000
MON,0228827872,7E0,8,042E12345C000000
MON,0228831959,7E8,8,036E123400000000
MON,0228842526,7E0,8,062E1234AB5B2100
MON,0228846603,7E8,8,036E123400000000
MON,0228857013,7E0,8,052EF187276A0000
MON,0228861096,7E8,8,037F2E3100000000
MON,0228871742,7E0,8,062E12343C834F00
MON,0228875821,7E8,8,036E123400000000
MON,0228886467,7E0,8,052E12340D8E0000
MON,0228890552,7E8,8,036E123400000000
MON,0228901126,7E0,8,072E1234C4766BA4
MON,0228905201,7E8,8,036E123400000000
MON,0228915701,7E0,8,072E33335EDA18A7
MON,0228919775,7E8,8,037F2E3100000000
MON,0228930477,7E0,8,062E1234E7B84100
MON,0228934554,7E8,8,036E123400000000
MON,0228945122,7E0,8,062E1234294AA800
MON,0228949201,7E8,8,036E123400000000
MON,0228959779,7E0,8,052E123438650000
MON,0228963862,7E8,8,036E123400000000
MON,0228974294,7E0,8,072E1234CAE2F1C8
MON,0228978366,7E8,8,036E123400000000
MON,0228988715,7E0,8,052E123460170000
MON,0228992798,7E8,8,036E123400000000
MON,0229003314,7E0,8,062E12340B5CB700
MON,0229007395,7E8,8,036E123400000000
MON,0229018076,7E0,8,052E12345A370000
MON,0229022158,7E8,8,036E123400000000
MON,0229032849,7E0,8,032E123400000000
MON,0229036940,7E8,8,037F2E1300000000
MON,0229047484,7E0,8,052E12340FCD0000
MON,0229051569,7E8,8,036E123400000000
MON,0229063023,7E0,8,042E123451000000
MON,0229067110,7E8,8,036E123400000000
MON,0229077869,7E0,8,062E12348AE2AF00
MON,0229081947,7E8,8,036E123400000000
